2775 MHz, 58
[1;36mName                                              Arg0    Arg1    Arg2    Arg3    Arg4    Arg5    Arg6    Arg7    Iter        Avg(ms)     Std(ms)     chk         GFLOPS      GB/s        Time (µs) / matrixnnz/item    nnz/row     [0m
[1m(BM_SPMM_Grid<std::complex<float>, batchlas::Backend::CUDA>)[0m2048    3       1       128     0       0       1       1       100         0.029612    3.0421e-05  4963.1      212.46      495.76      0.23135     6144        3           
[1m(BM_SPMM_Grid<std::complex<float>, batchlas::Backend::CUDA>)[0m2048    3       2       128     0       0       1       1       100         0.053545    5.5758e-05  10111.      235.00      352.50      0.41832     6144        3           
[1m(BM_SPMM_Grid<std::complex<float>, batchlas::Backend::CUDA>)[0m2048    3       4       128     0       0       1       1       100         0.10203     0.00018716  19918.      246.65      267.21      0.79712     6144        3           
[1m(BM_SPMM_Grid<std::complex<float>, batchlas::Backend::CUDA>)[0m2048    3       8       128     0       0       1       1       100         0.20267     0.00037593  39482.      248.34      217.30      1.5834      6144        3           
[1m(BM_SPMM_Grid<std::complex<float>, batchlas::Backend::CUDA>)[0m2048    3       12      128     0       0       1       1       100         0.30856     0.00057574  59431.      244.68      197.10      2.4106      6144        3           
[1m(BM_SPMM_Grid<std::complex<float>, batchlas::Backend::CUDA>)[0m2048    3       25      128     0       0       1       1       100         0.72462     0.00086126  1.2340e+05  217.06      159.18      5.6611      6144        3           
[1m(BM_SPMM_Grid<std::complex<float>, batchlas::Backend::CUDA>)[0m2048    6       1       128     0       0       1       1       100         0.063126    5.7335e-05  9716.3      199.33      382.06      0.49317     12288       6           
[1m(BM_SPMM_Grid<std::complex<float>, batchlas::Backend::CUDA>)[0m2048    6       2       128     0       0       1       1       100         0.11567     0.00038794  19741.      217.56      244.76      0.90370     12288       6           
[1m(BM_SPMM_Grid<std::complex<float>, batchlas::Backend::CUDA>)[0m2048    6       4       128     0       0       1       1       100         0.22125     0.00052954  39162.      227.48      165.88      1.7285      12288       6           
[1m(BM_SPMM_Grid<std::complex<float>, batchlas::Backend::CUDA>)[0m2048    6       8       128     0       0       1       1       100         0.42953     0.00065507  77965.      234.36      124.50      3.3557      12288       6           
[1m(BM_SPMM_Grid<std::complex<float>, batchlas::Backend::CUDA>)[0m2048    6       12      128     0       0       1       1       100         0.64918     0.00069489  1.1727e+05  232.59      108.22      5.0717      12288       6           
[1m(BM_SPMM_Grid<std::complex<float>, batchlas::Backend::CUDA>)[0m2048    6       25      128     0       0       1       1       100         1.4502      0.0046899   2.4383e+05  216.92      86.044      11.330      12288       6           
[1m(BM_SPMM_Grid<std::complex<float>, batchlas::Backend::CUDA>)[0m2048    8       1       128     0       0       1       1       100         0.087389    0.00025840  12936.      191.98      347.97      0.68273     16384       8           
[1m(BM_SPMM_Grid<std::complex<float>, batchlas::Backend::CUDA>)[0m2048    8       2       128     0       0       1       1       100         0.15906     0.00046534  26241.      210.96      217.55      1.2426      16384       8           
[1m(BM_SPMM_Grid<std::complex<float>, batchlas::Backend::CUDA>)[0m2048    8       4       128     0       0       1       1       100         0.30652     0.00063681  52038.      218.94      140.26      2.3947      16384       8           
[1m(BM_SPMM_Grid<std::complex<float>, batchlas::Backend::CUDA>)[0m2048    8       8       128     0       0       1       1       100         0.57373     0.0016891   1.0345e+05  233.94      104.18      4.4823      16384       8           
[1m(BM_SPMM_Grid<std::complex<float>, batchlas::Backend::CUDA>)[0m2048    8       12      128     0       0       1       1       100         0.85883     0.0019953   1.5550e+05  234.42      89.128      6.7096      16384       8           
[1m(BM_SPMM_Grid<std::complex<float>, batchlas::Backend::CUDA>)[0m2048    8       25      128     0       0       1       1       100         1.8576      0.0079911   3.2353e+05  225.80      70.562      14.512      16384       8           
[1m(BM_SPMM_Grid<std::complex<float>, batchlas::Backend::CUDA>)[0m2048    12      1       128     0       0       1       1       100         0.14849     0.0016645   19303.      169.47      289.52      1.1601      24576       12          
[1m(BM_SPMM_Grid<std::complex<float>, batchlas::Backend::CUDA>)[0m2048    12      2       128     0       0       1       1       100         0.25841     0.0022477   38932.      194.78      182.60      2.0188      24576       12          
[1m(BM_SPMM_Grid<std::complex<float>, batchlas::Backend::CUDA>)[0m2048    12      4       128     0       0       1       1       100         0.47610     0.0026415   77186.      211.43      116.73      3.7195      24576       12          
[1m(BM_SPMM_Grid<std::complex<float>, batchlas::Backend::CUDA>)[0m2048    12      8       128     0       0       1       1       100         0.88963     0.0045412   1.5393e+05  226.30      81.328      6.9503      24576       12          
[1m(BM_SPMM_Grid<std::complex<float>, batchlas::Backend::CUDA>)[0m2048    12      12      128     0       0       1       1       100         1.3462      0.0078772   2.3152e+05  224.33      66.208      10.517      24576       12          
[1m(BM_SPMM_Grid<std::complex<float>, batchlas::Backend::CUDA>)[0m2048    12      25      128     0       0       1       1       100         2.7608      0.016735    4.8180e+05  227.88      52.033      21.569      24576       12          
[1m(BM_SPMM_Grid<std::complex<float>, batchlas::Backend::CUDA>)[0m2048    16      1       128     0       0       1       1       100         0.21844     0.00058052  25507.      153.61      254.42      1.7066      32768       16          
[1m(BM_SPMM_Grid<std::complex<float>, batchlas::Backend::CUDA>)[0m2048    16      2       128     0       0       1       1       100         0.36671     0.00090348  51459.      183.00      162.99      2.8649      32768       16          
[1m(BM_SPMM_Grid<std::complex<float>, batchlas::Backend::CUDA>)[0m2048    16      4       128     0       0       1       1       100         0.65329     0.0014456   1.0208e+05  205.45      104.33      5.1039      32768       16          
[1m(BM_SPMM_Grid<std::complex<float>, batchlas::Backend::CUDA>)[0m2048    16      8       128     0       0       1       1       100         1.2516      0.0073269   2.0361e+05  214.48      67.862      9.7780      32768       16          
[1m(BM_SPMM_Grid<std::complex<float>, batchlas::Backend::CUDA>)[0m2048    16      12      128     0       0       1       1       100         1.8714      0.0096102   3.0628e+05  215.16      54.351      14.620      32768       16          
[1m(BM_SPMM_Grid<std::complex<float>, batchlas::Backend::CUDA>)[0m2048    16      25      128     0       0       1       1       100         3.6787      0.0066380   6.3728e+05  228.03      42.471      28.740      32768       16          
2775 MHz, 56
