2775 MHz, 58
[1;36mName                                              Arg0    Arg1    Arg2    Arg3    Arg4    Arg5    Arg6    Arg7    Iter        Avg(ms)     Std(ms)     chk         GFLOPS      GB/s        Time (µs) / matrixnnz/item    nnz/row     [0m
[1m(BM_SPMM_Grid<std::complex<double>, batchlas::Backend::CUDA>)[0m1024    3       1       512     0       0       1       0       100         0.075597    5.2433e-05  2501.8      166.45      665.82      0.14765     3072        3           
[1m(BM_SPMM_Grid<std::complex<double>, batchlas::Backend::CUDA>)[0m1024    3       2       512     0       0       1       0       100         0.080749    4.8778e-05  4985.5      311.66      831.11      0.15771     3072        3           
[1m(BM_SPMM_Grid<std::complex<double>, batchlas::Backend::CUDA>)[0m1024    3       4       512     0       0       1       0       100         0.15147     0.00031328  9973.2      332.29      664.59      0.29584     3072        3           
[1m(BM_SPMM_Grid<std::complex<double>, batchlas::Backend::CUDA>)[0m1024    3       8       512     0       0       1       0       100         0.26657     0.0012816   19873.      377.63      629.39      0.52064     3072        3           
[1m(BM_SPMM_Grid<std::complex<double>, batchlas::Backend::CUDA>)[0m1024    3       12      512     0       0       1       0       100         0.38686     0.00034627  29814.      390.31      607.15      0.75558     3072        3           
[1m(BM_SPMM_Grid<std::complex<double>, batchlas::Backend::CUDA>)[0m1024    3       25      512     0       0       1       0       100         0.85535     0.00041496  61852.      367.77      529.59      1.6706      3072        3           
[1m(BM_SPMM_Grid<std::complex<double>, batchlas::Backend::CUDA>)[0m1024    6       1       512     0       0       1       0       100         0.12112     0.00021439  4887.6      207.78      675.31      0.23655     6144        6           
[1m(BM_SPMM_Grid<std::complex<double>, batchlas::Backend::CUDA>)[0m1024    6       2       512     0       0       1       0       100         0.14895     0.00026995  9761.0      337.90      661.74      0.29093     6144        6           
[1m(BM_SPMM_Grid<std::complex<double>, batchlas::Backend::CUDA>)[0m1024    6       4       512     0       0       1       0       100         0.25390     0.00063927  19641.      396.47      520.37      0.49590     6144        6           
[1m(BM_SPMM_Grid<std::complex<double>, batchlas::Backend::CUDA>)[0m1024    6       8       512     0       0       1       0       100         0.41808     0.00049769  38905.      481.55      476.54      0.81656     6144        6           
[1m(BM_SPMM_Grid<std::complex<double>, batchlas::Backend::CUDA>)[0m1024    6       12      512     0       0       1       0       100         0.60170     0.0010897   58388.      501.90      442.65      1.1752      6144        6           
[1m(BM_SPMM_Grid<std::complex<double>, batchlas::Backend::CUDA>)[0m1024    6       25      512     0       0       1       0       100         1.3384      0.0018807   1.2115e+05  470.07      361.96      2.6141      6144        6           
[1m(BM_SPMM_Grid<std::complex<double>, batchlas::Backend::CUDA>)[0m1024    8       1       512     0       0       1       0       100         0.17314     0.00045450  6451.2      193.80      593.52      0.33816     8192        8           
[1m(BM_SPMM_Grid<std::complex<double>, batchlas::Backend::CUDA>)[0m1024    8       2       512     0       0       1       0       100         0.19648     0.00059714  12868.      341.55      608.40      0.38375     8192        8           
[1m(BM_SPMM_Grid<std::complex<double>, batchlas::Backend::CUDA>)[0m1024    8       4       512     0       0       1       0       100         0.33184     0.00093091  26001.      404.47      461.35      0.64812     8192        8           
[1m(BM_SPMM_Grid<std::complex<double>, batchlas::Backend::CUDA>)[0m1024    8       8       512     0       0       1       0       100         0.57251     0.0012149   51482.      468.87      384.63      1.1182      8192        8           
[1m(BM_SPMM_Grid<std::complex<double>, batchlas::Backend::CUDA>)[0m1024    8       12      512     0       0       1       0       100         0.83027     0.0018704   77230.      484.96      346.04      1.6216      8192        8           
[1m(BM_SPMM_Grid<std::complex<double>, batchlas::Backend::CUDA>)[0m1024    8       25      512     0       0       1       0       100         1.6747      0.0016494   1.6035e+05  500.91      301.80      3.2708      8192        8           
[1m(BM_SPMM_Grid<std::complex<double>, batchlas::Backend::CUDA>)[0m1024    12      1       512     0       0       1       0       100         0.29619     0.00081773  9653.9      169.93      488.55      0.57850     12288       12          
[1m(BM_SPMM_Grid<std::complex<double>, batchlas::Backend::CUDA>)[0m1024    12      2       512     0       0       1       0       100         0.32395     0.00075263  19228.      310.74      498.49      0.63271     12288       12          
[1m(BM_SPMM_Grid<std::complex<double>, batchlas::Backend::CUDA>)[0m1024    12      4       512     0       0       1       0       100         0.48471     0.0017356   38811.      415.35      402.38      0.94670     12288       12          
[1m(BM_SPMM_Grid<std::complex<double>, batchlas::Backend::CUDA>)[0m1024    12      8       512     0       0       1       0       100         0.83523     0.0017900   76690.      482.09      313.86      1.6313      12288       12          
[1m(BM_SPMM_Grid<std::complex<double>, batchlas::Backend::CUDA>)[0m1024    12      12      512     0       0       1       0       100         1.2335      0.0060348   1.1521e+05  489.64      266.92      2.4092      12288       12          
[1m(BM_SPMM_Grid<std::complex<double>, batchlas::Backend::CUDA>)[0m1024    12      25      512     0       0       1       0       100         2.3167      0.055211    2.3951e+05  543.15      236.27      4.5248      12288       12          
[1m(BM_SPMM_Grid<std::complex<double>, batchlas::Backend::CUDA>)[0m1024    16      1       512     0       0       1       0       100         0.45220     0.00086848  12665.      148.41      412.76      0.88320     16384       16          
[1m(BM_SPMM_Grid<std::complex<double>, batchlas::Backend::CUDA>)[0m1024    16      2       512     0       0       1       0       100         0.48270     0.0016425   25335.      278.05      421.43      0.94278     16384       16          
[1m(BM_SPMM_Grid<std::complex<double>, batchlas::Backend::CUDA>)[0m1024    16      4       512     0       0       1       0       100         0.63204     0.0031000   51255.      424.71      374.94      1.2345      16384       16          
[1m(BM_SPMM_Grid<std::complex<double>, batchlas::Backend::CUDA>)[0m1024    16      8       512     0       0       1       0       100         1.0895      0.0081356   1.0142e+05  492.75      279.10      2.1280      16384       16          
[1m(BM_SPMM_Grid<std::complex<double>, batchlas::Backend::CUDA>)[0m1024    16      12      512     0       0       1       0       100         1.6001      0.016558    1.5242e+05  503.28      231.98      3.1252      16384       16          
[1m(BM_SPMM_Grid<std::complex<double>, batchlas::Backend::CUDA>)[0m1024    16      25      512     0       0       1       0       100         3.2554      0.056328    3.1682e+05  515.36      181.02      6.3583      16384       16          
2760 MHz, 67
