2775 MHz, 55
[1;36mName                                              Arg0    Arg1    Arg2    Arg3    Arg4    Arg5    Arg6    Arg7    Iter        Avg(ms)     Std(ms)     chk         GFLOPS      GB/s        Time (µs) / matrixnnz/item    nnz/row     [0m
[1m(BM_SPMM_Grid<std::complex<double>, batchlas::Backend::CUDA>)[0m1024    3       1       512     0       0       1       1       100         0.066532    8.2362e-05  2521.9      189.13      756.54      0.12994     3072        3           
[1m(BM_SPMM_Grid<std::complex<double>, batchlas::Backend::CUDA>)[0m1024    3       2       512     0       0       1       1       100         0.12118     0.00025587  4971.2      207.67      553.79      0.23669     3072        3           
[1m(BM_SPMM_Grid<std::complex<double>, batchlas::Backend::CUDA>)[0m1024    3       4       512     0       0       1       1       100         0.28322     0.00040605  9997.3      177.71      355.43      0.55317     3072        3           
[1m(BM_SPMM_Grid<std::complex<double>, batchlas::Backend::CUDA>)[0m1024    3       8       512     0       0       1       1       100         0.72716     0.0013070   19846.      138.43      230.73      1.4202      3072        3           
[1m(BM_SPMM_Grid<std::complex<double>, batchlas::Backend::CUDA>)[0m1024    3       12      512     0       0       1       1       100         1.1472      0.0053266   29807.      131.62      204.74      2.2406      3072        3           
[1m(BM_SPMM_Grid<std::complex<double>, batchlas::Backend::CUDA>)[0m1024    3       25      512     0       0       1       1       100         2.5799      0.010936    61992.      121.93      175.58      5.0388      3072        3           
[1m(BM_SPMM_Grid<std::complex<double>, batchlas::Backend::CUDA>)[0m1024    6       1       512     0       0       1       1       100         0.14113     0.00031842  4875.6      178.32      579.55      0.27564     6144        6           
[1m(BM_SPMM_Grid<std::complex<double>, batchlas::Backend::CUDA>)[0m1024    6       2       512     0       0       1       1       100         0.26605     0.00041459  9659.8      189.18      370.49      0.51963     6144        6           
[1m(BM_SPMM_Grid<std::complex<double>, batchlas::Backend::CUDA>)[0m1024    6       4       512     0       0       1       1       100         0.54076     0.00072021  19555.      186.15      244.33      1.0562      6144        6           
[1m(BM_SPMM_Grid<std::complex<double>, batchlas::Backend::CUDA>)[0m1024    6       8       512     0       0       1       1       100         1.2226      0.010304    38832.      164.68      162.96      2.3878      6144        6           
[1m(BM_SPMM_Grid<std::complex<double>, batchlas::Backend::CUDA>)[0m1024    6       12      512     0       0       1       1       100         1.8664      0.0086015   58403.      161.80      142.70      3.6453      6144        6           
[1m(BM_SPMM_Grid<std::complex<double>, batchlas::Backend::CUDA>)[0m1024    6       25      512     0       0       1       1       93          4.3201      0.017382    1.2144e+05  145.63      112.14      8.4376      6144        6           
[1m(BM_SPMM_Grid<std::complex<double>, batchlas::Backend::CUDA>)[0m1024    8       1       512     0       0       1       1       100         0.22581     0.00042924  6455.9      148.59      455.08      0.44104     8192        8           
[1m(BM_SPMM_Grid<std::complex<double>, batchlas::Backend::CUDA>)[0m1024    8       2       512     0       0       1       1       100         0.36905     0.00052857  12841.      181.84      323.91      0.72081     8192        8           
[1m(BM_SPMM_Grid<std::complex<double>, batchlas::Backend::CUDA>)[0m1024    8       4       512     0       0       1       1       100         0.71870     0.00080005  25900.      186.75      213.01      1.4037      8192        8           
[1m(BM_SPMM_Grid<std::complex<double>, batchlas::Backend::CUDA>)[0m1024    8       8       512     0       0       1       1       100         1.5366      0.0060369   51462.      174.70      143.31      3.0011      8192        8           
[1m(BM_SPMM_Grid<std::complex<double>, batchlas::Backend::CUDA>)[0m1024    8       12      512     0       0       1       1       100         2.3379      0.0064720   77375.      172.23      122.89      4.5663      8192        8           
[1m(BM_SPMM_Grid<std::complex<double>, batchlas::Backend::CUDA>)[0m1024    8       25      512     0       0       1       1       77          5.2269      0.012768    1.6076e+05  160.49      96.695      10.209      8192        8           
[1m(BM_SPMM_Grid<std::complex<double>, batchlas::Backend::CUDA>)[0m1024    12      1       512     0       0       1       1       100         0.37223     0.0016921   9662.0      135.22      388.76      0.72700     12288       12          
[1m(BM_SPMM_Grid<std::complex<double>, batchlas::Backend::CUDA>)[0m1024    12      2       512     0       0       1       1       100         0.58630     0.0019574   19172.      171.69      275.43      1.1451      12288       12          
[1m(BM_SPMM_Grid<std::complex<double>, batchlas::Backend::CUDA>)[0m1024    12      4       512     0       0       1       1       100         1.0771      0.0038159   38680.      186.92      181.08      2.1036      12288       12          
[1m(BM_SPMM_Grid<std::complex<double>, batchlas::Backend::CUDA>)[0m1024    12      8       512     0       0       1       1       100         2.1428      0.011588    76860.      187.91      122.34      4.1851      12288       12          
[1m(BM_SPMM_Grid<std::complex<double>, batchlas::Backend::CUDA>)[0m1024    12      12      512     0       0       1       1       100         3.2476      0.011058    1.1558e+05  185.98      101.38      6.3430      12288       12          
[1m(BM_SPMM_Grid<std::complex<double>, batchlas::Backend::CUDA>)[0m1024    12      25      512     0       0       1       1       55          7.3677      0.019408    2.4008e+05  170.78      74.292      14.390      12288       12          
[1m(BM_SPMM_Grid<std::complex<double>, batchlas::Backend::CUDA>)[0m1024    16      1       512     0       0       1       1       100         0.53849     0.0010089   12782.      124.62      346.61      1.0517      16384       16          
[1m(BM_SPMM_Grid<std::complex<double>, batchlas::Backend::CUDA>)[0m1024    16      2       512     0       0       1       1       100         0.80621     0.0010587   25400.      166.48      252.32      1.5746      16384       16          
[1m(BM_SPMM_Grid<std::complex<double>, batchlas::Backend::CUDA>)[0m1024    16      4       512     0       0       1       1       100         1.3979      0.0045582   51229.      192.02      169.52      2.7303      16384       16          
[1m(BM_SPMM_Grid<std::complex<double>, batchlas::Backend::CUDA>)[0m1024    16      8       512     0       0       1       1       100         2.7228      0.0082676   1.0191e+05  197.18      111.68      5.3179      16384       16          
[1m(BM_SPMM_Grid<std::complex<double>, batchlas::Backend::CUDA>)[0m1024    16      12      512     0       0       1       1       96          4.1910      0.0096743   1.5324e+05  192.15      88.570      8.1856      16384       16          
[1m(BM_SPMM_Grid<std::complex<double>, batchlas::Backend::CUDA>)[0m1024    16      25      512     0       0       1       1       43          9.3821      0.022430    3.1786e+05  178.82      62.811      18.324      16384       16          
2775 MHz, 58
