2775 MHz, 56
[1;36mName                                              Arg0    Arg1    Arg2    Arg3    Arg4    Arg5    Arg6    Arg7    Iter        Avg(ms)     Std(ms)     chk         GFLOPS      GB/s        Time (µs) / matrixnnz/item    nnz/row     [0m
[1m(BM_SPMM_Grid<std::complex<double>, batchlas::Backend::CUDA>)[0m1024    16      12      128     0       0       0       0       100         0.80410     0.0044402   25892.      250.37      115.41      6.2821      16384       16          
[1m(BM_SPMM_Grid<std::complex<double>, batchlas::Backend::CUDA>)[0m1024    16      12      128     1       0       0       0       100         0.80170     0.00017672  25986.      251.12      115.75      6.2633      16384       16          
[1m(BM_SPMM_Grid<std::complex<double>, batchlas::Backend::CUDA>)[0m1024    16      12      512     0       0       0       0       100         3.2283      0.00070540  25892.      249.45      114.98      6.3053      16384       16          
[1m(BM_SPMM_Grid<std::complex<double>, batchlas::Backend::CUDA>)[0m1024    16      12      512     1       0       0       0       100         3.2268      0.019975    25986.      249.57      115.04      6.3024      16384       16          
[1m(BM_SPMM_Grid<std::complex<double>, batchlas::Backend::CUDA>)[0m1024    16      25      128     0       0       0       0       100         1.6239      0.0086061   54102.      258.29      90.723      12.687      16384       16          
[1m(BM_SPMM_Grid<std::complex<double>, batchlas::Backend::CUDA>)[0m1024    16      25      128     1       0       0       0       100         1.6284      0.0066107   54792.      257.57      90.470      12.722      16384       16          
[1m(BM_SPMM_Grid<std::complex<double>, batchlas::Backend::CUDA>)[0m1024    16      25      512     0       0       0       0       61          6.6006      0.013355    54102.      254.18      89.280      12.892      16384       16          
[1m(BM_SPMM_Grid<std::complex<double>, batchlas::Backend::CUDA>)[0m1024    16      25      512     1       0       0       0       61          6.5623      0.028087    54792.      255.66      89.801      12.817      16384       16          
[1m(BM_SPMM_Grid<std::complex<double>, batchlas::Backend::CUDA>)[0m1024    16      50      128     0       0       0       0       100         3.2332      0.017184    1.0784e+05  259.45      77.997      25.260      16384       16          
[1m(BM_SPMM_Grid<std::complex<double>, batchlas::Backend::CUDA>)[0m1024    16      50      128     1       0       0       0       100         3.2315      0.00089429  1.0924e+05  259.59      78.040      25.246      16384       16          
[1m(BM_SPMM_Grid<std::complex<double>, batchlas::Backend::CUDA>)[0m1024    16      50      512     0       0       0       0       32          12.895      0.034389    1.0784e+05  260.22      78.227      25.185      16384       16          
[1m(BM_SPMM_Grid<std::complex<double>, batchlas::Backend::CUDA>)[0m1024    16      50      512     1       0       0       0       32          12.898      0.040224    1.0924e+05  260.15      78.207      25.192      16384       16          
[1m(BM_SPMM_Grid<std::complex<double>, batchlas::Backend::CUDA>)[0m2048    16      12      128     0       0       0       0       100         1.6027      0.00054366  52093.      251.23      115.80      12.521      32768       16          
[1m(BM_SPMM_Grid<std::complex<double>, batchlas::Backend::CUDA>)[0m2048    16      12      128     1       0       0       0       100         1.6002      0.00045977  52154.      251.63      115.99      12.501      32768       16          
[1m(BM_SPMM_Grid<std::complex<double>, batchlas::Backend::CUDA>)[0m2048    16      12      512     0       0       0       0       62          6.4605      0.014197    52093.      249.30      114.91      12.618      32768       16          
[1m(BM_SPMM_Grid<std::complex<double>, batchlas::Backend::CUDA>)[0m2048    16      12      512     1       0       0       0       63          6.4489      0.00081366  52154.      249.75      115.12      12.595      32768       16          
[1m(BM_SPMM_Grid<std::complex<double>, batchlas::Backend::CUDA>)[0m2048    16      25      128     0       0       0       0       100         3.2753      0.00096517  1.0822e+05  256.11      89.961      25.589      32768       16          
[1m(BM_SPMM_Grid<std::complex<double>, batchlas::Backend::CUDA>)[0m2048    16      25      128     1       0       0       0       100         3.2719      0.00078749  1.0896e+05  256.38      90.054      25.562      32768       16          
[1m(BM_SPMM_Grid<std::complex<double>, batchlas::Backend::CUDA>)[0m2048    16      25      512     0       0       0       0       31          13.091      0.0032422   1.0822e+05  256.31      90.029      25.569      32768       16          
[1m(BM_SPMM_Grid<std::complex<double>, batchlas::Backend::CUDA>)[0m2048    16      25      512     1       0       0       0       31          13.089      0.036350    1.0896e+05  256.35      90.044      25.565      32768       16          
[1m(BM_SPMM_Grid<std::complex<double>, batchlas::Backend::CUDA>)[0m2048    16      50      128     0       0       0       0       63          6.4320      0.00054361  2.1696e+05  260.84      78.415      50.250      32768       16          
[1m(BM_SPMM_Grid<std::complex<double>, batchlas::Backend::CUDA>)[0m2048    16      50      128     1       0       0       0       63          6.4288      0.00058758  2.1880e+05  260.97      78.454      50.225      32768       16          
[1m(BM_SPMM_Grid<std::complex<double>, batchlas::Backend::CUDA>)[0m2048    16      50      512     0       0       0       0       20          25.719      0.0014612   2.1696e+05  260.93      78.441      50.233      32768       16          
[1m(BM_SPMM_Grid<std::complex<double>, batchlas::Backend::CUDA>)[0m2048    16      50      512     1       0       0       0       20          25.658      0.0061375   2.1880e+05  261.55      78.629      50.114      32768       16          
[1m(BM_SPMM_Grid<std::complex<double>, batchlas::Backend::CUDA>)[0m4096    16      12      128     0       0       0       0       100         3.2329      0.017773    1.0400e+05  249.10      114.82      25.257      65536       16          
[1m(BM_SPMM_Grid<std::complex<double>, batchlas::Backend::CUDA>)[0m4096    16      12      128     1       0       0       0       100         3.2751      0.0014539   1.0458e+05  245.89      113.34      25.586      65536       16          
[1m(BM_SPMM_Grid<std::complex<double>, batchlas::Backend::CUDA>)[0m4096    16      12      512     0       0       0       0       31          13.086      0.033948    1.0400e+05  246.16      113.47      25.558      65536       16          
[1m(BM_SPMM_Grid<std::complex<double>, batchlas::Backend::CUDA>)[0m4096    16      12      512     1       0       0       0       32          12.880      0.017826    1.0458e+05  250.10      115.28      25.156      65536       16          
[1m(BM_SPMM_Grid<std::complex<double>, batchlas::Backend::CUDA>)[0m4096    16      25      128     0       0       0       0       61          6.5926      0.0075700   2.1673e+05  254.49      89.388      51.505      65536       16          
[1m(BM_SPMM_Grid<std::complex<double>, batchlas::Backend::CUDA>)[0m4096    16      25      128     1       0       0       0       62          6.5345      0.010534    2.1811e+05  256.75      90.182      51.051      65536       16          
[1m(BM_SPMM_Grid<std::complex<double>, batchlas::Backend::CUDA>)[0m4096    16      25      512     0       0       0       0       20          26.133      0.010531    2.1673e+05  256.79      90.199      51.042      65536       16          
[1m(BM_SPMM_Grid<std::complex<double>, batchlas::Backend::CUDA>)[0m4096    16      25      512     1       0       0       0       20          26.170      0.092554    2.1811e+05  256.43      90.072      51.114      65536       16          
[1m(BM_SPMM_Grid<std::complex<double>, batchlas::Backend::CUDA>)[0m4096    16      50      128     0       0       0       0       32          12.892      0.010882    4.3414e+05  260.28      78.247      100.72      65536       16          
[1m(BM_SPMM_Grid<std::complex<double>, batchlas::Backend::CUDA>)[0m4096    16      50      128     1       0       0       0       32          12.824      0.00076592  4.3677e+05  261.65      78.660      100.19      65536       16          
[1m(BM_SPMM_Grid<std::complex<double>, batchlas::Backend::CUDA>)[0m4096    16      50      512     0       0       0       0       20          51.418      0.099126    4.3414e+05  261.03      78.473      100.43      65536       16          
[1m(BM_SPMM_Grid<std::complex<double>, batchlas::Backend::CUDA>)[0m4096    16      50      512     1       0       0       0       20          51.274      0.0059885   4.3677e+05  261.77      78.693      100.14      65536       16          
2775 MHz, 55
