2685 MHz, 72
[1;36mName                                              Arg0    Arg1    Arg2    Arg3    Arg4    Arg5    Arg6    Arg7    Iter        Avg(ms)     Std(ms)     chk         GFLOPS      GB/s        Time (µs) / matrixnnz/item    nnz/row     [0m
[1m(BM_SPMM_Grid<double, batchlas::Backend::CUDA>)   [0m1024    3       1       512     0       0       1       1       100         0.16518     0.00025017  1134.1      19.044      177.76      0.32262     3072        3           
[1m(BM_SPMM_Grid<double, batchlas::Backend::CUDA>)   [0m1024    3       2       512     0       0       1       1       100         0.16675     0.00015334  2210.6      37.730      226.39      0.32568     3072        3           
[1m(BM_SPMM_Grid<double, batchlas::Backend::CUDA>)   [0m1024    3       4       512     0       0       1       1       100         0.17313     0.00024999  4394.9      72.679      314.96      0.33814     3072        3           
[1m(BM_SPMM_Grid<double, batchlas::Backend::CUDA>)   [0m1024    3       8       512     0       0       1       1       100         0.24527     0.0013074   8677.2      102.61      359.13      0.47904     3072        3           
[1m(BM_SPMM_Grid<double, batchlas::Backend::CUDA>)   [0m1024    3       12      512     0       0       1       1       100         0.44633     0.010800    13024.      84.576      272.53      0.87174     3072        3           
[1m(BM_SPMM_Grid<double, batchlas::Backend::CUDA>)   [0m1024    3       25      512     0       0       1       1       100         1.0574      0.0018282   26970.      74.375      218.17      2.0652      3072        3           
[1m(BM_SPMM_Grid<double, batchlas::Backend::CUDA>)   [0m1024    6       1       512     0       0       1       1       100         0.20146     0.00019136  1921.5      31.230      239.44      0.39347     6144        6           
[1m(BM_SPMM_Grid<double, batchlas::Backend::CUDA>)   [0m1024    6       2       512     0       0       1       1       100         0.20330     0.00018477  3775.3      61.893      278.53      0.39707     6144        6           
[1m(BM_SPMM_Grid<double, batchlas::Backend::CUDA>)   [0m1024    6       4       512     0       0       1       1       100         0.29140     0.0020826   7616.2      86.362      251.90      0.56914     6144        6           
[1m(BM_SPMM_Grid<double, batchlas::Backend::CUDA>)   [0m1024    6       8       512     0       0       1       1       100         0.48935     0.00061979  15100.      102.85      218.57      0.95576     6144        6           
[1m(BM_SPMM_Grid<double, batchlas::Backend::CUDA>)   [0m1024    6       12      512     0       0       1       1       100         0.77337     0.00063061  22678.      97.622      181.69      1.5105      6144        6           
[1m(BM_SPMM_Grid<double, batchlas::Backend::CUDA>)   [0m1024    6       25      512     0       0       1       1       100         1.6574      0.0021268   46974.      94.901      150.58      3.2371      6144        6           
[1m(BM_SPMM_Grid<double, batchlas::Backend::CUDA>)   [0m1024    8       1       512     0       0       1       1       100         0.22212     0.00015169  2451.3      37.767      273.82      0.43382     8192        8           
[1m(BM_SPMM_Grid<double, batchlas::Backend::CUDA>)   [0m1024    8       2       512     0       0       1       1       100         0.25406     0.00020973  4830.6      66.038      272.41      0.49620     8192        8           
[1m(BM_SPMM_Grid<double, batchlas::Backend::CUDA>)   [0m1024    8       4       512     0       0       1       1       100         0.37777     0.00038079  9744.1      88.823      227.62      0.73782     8192        8           
[1m(BM_SPMM_Grid<double, batchlas::Backend::CUDA>)   [0m1024    8       8       512     0       0       1       1       100         0.69254     0.018071    19326.      96.902      172.61      1.3526      8192        8           
[1m(BM_SPMM_Grid<double, batchlas::Backend::CUDA>)   [0m1024    8       12      512     0       0       1       1       100         1.0051      0.0019672   28999.      100.15      152.32      1.9630      8192        8           
[1m(BM_SPMM_Grid<double, batchlas::Backend::CUDA>)   [0m1024    8       25      512     0       0       1       1       100         2.1246      0.025892    60059.      98.708      123.39      4.1496      8192        8           
[1m(BM_SPMM_Grid<double, batchlas::Backend::CUDA>)   [0m1024    12      1       512     0       0       1       1       100         0.25669     0.00024005  3521.2      49.020      334.98      0.50135     12288       12          
[1m(BM_SPMM_Grid<double, batchlas::Backend::CUDA>)   [0m1024    12      2       512     0       0       1       1       100         0.35510     0.0010564   6912.3      70.871      265.77      0.69355     12288       12          
[1m(BM_SPMM_Grid<double, batchlas::Backend::CUDA>)   [0m1024    12      4       512     0       0       1       1       100         0.54490     0.00026174  13926.      92.369      203.99      1.0643      12288       12          
[1m(BM_SPMM_Grid<double, batchlas::Backend::CUDA>)   [0m1024    12      8       512     0       0       1       1       100         0.99111     0.0025416   27601.      101.57      146.00      1.9358      12288       12          
[1m(BM_SPMM_Grid<double, batchlas::Backend::CUDA>)   [0m1024    12      12      512     0       0       1       1       100         1.4057      0.0010870   41478.      107.41      126.81      2.7456      12288       12          
[1m(BM_SPMM_Grid<double, batchlas::Backend::CUDA>)   [0m1024    12      25      512     0       0       1       1       100         3.0055      0.0022793   85844.      104.67      95.595      5.8701      12288       12          
[1m(BM_SPMM_Grid<double, batchlas::Backend::CUDA>)   [0m1024    16      1       512     0       0       1       1       100         0.31600     0.00025006  4553.1      53.093      351.75      0.61718     16384       16          
[1m(BM_SPMM_Grid<double, batchlas::Backend::CUDA>)   [0m1024    16      2       512     0       0       1       1       100         0.45067     0.00029508  8975.8      74.455      265.25      0.88021     16384       16          
[1m(BM_SPMM_Grid<double, batchlas::Backend::CUDA>)   [0m1024    16      4       512     0       0       1       1       100         0.70354     0.00021534  18039.      95.387      193.76      1.3741      16384       16          
[1m(BM_SPMM_Grid<double, batchlas::Backend::CUDA>)   [0m1024    16      8       512     0       0       1       1       100         1.3759      0.017418    35801.      97.552      123.47      2.6872      16384       16          
[1m(BM_SPMM_Grid<double, batchlas::Backend::CUDA>)   [0m1024    16      12      512     0       0       1       1       100         1.8792      0.033378    53883.      107.13      108.25      3.6703      16384       16          
[1m(BM_SPMM_Grid<double, batchlas::Backend::CUDA>)   [0m1024    16      25      512     0       0       1       1       100         3.9686      0.0018585   1.1127e+05  105.69      78.737      7.7513      16384       16          
2760 MHz, 63
