2760 MHz, 67
[1;36mName                                              Arg0    Arg1    Arg2    Arg3    Arg4    Arg5    Arg6    Arg7    Iter        Avg(ms)     Std(ms)     chk         GFLOPS      GB/s        Time (µs) / matrixnnz/item    nnz/row     [0m
[1m(BM_SPMM_Grid<std::complex<double>, batchlas::Backend::CUDA>)[0m1024    16      12      128     0       0       0       0       100         0.24145     0.00070398  25892.      833.82      384.34      1.8863      16384       16          
[1m(BM_SPMM_Grid<std::complex<double>, batchlas::Backend::CUDA>)[0m1024    16      12      128     1       0       0       0       100         0.48994     0.00052184  25986.      410.92      189.41      3.8277      16384       16          
[1m(BM_SPMM_Grid<std::complex<double>, batchlas::Backend::CUDA>)[0m1024    16      12      512     0       0       0       0       100         0.89872     0.0022425   25892.      896.05      413.03      1.7553      16384       16          
[1m(BM_SPMM_Grid<std::complex<double>, batchlas::Backend::CUDA>)[0m1024    16      12      512     1       0       0       0       100         1.8719      0.011923    25986.      430.21      198.30      3.6560      16384       16          
[1m(BM_SPMM_Grid<std::complex<double>, batchlas::Backend::CUDA>)[0m1024    16      25      128     0       0       0       0       100         0.52345     0.00019479  54102.      801.28      281.45      4.0894      16384       16          
[1m(BM_SPMM_Grid<std::complex<double>, batchlas::Backend::CUDA>)[0m1024    16      25      128     1       0       0       0       100         1.0947      0.0025781   54792.      383.16      134.58      8.5521      16384       16          
[1m(BM_SPMM_Grid<std::complex<double>, batchlas::Backend::CUDA>)[0m1024    16      25      512     0       0       0       0       100         2.0602      0.0015169   54102.      814.35      286.04      4.0238      16384       16          
[1m(BM_SPMM_Grid<std::complex<double>, batchlas::Backend::CUDA>)[0m1024    16      25      512     1       0       0       0       93          4.3064      0.0038662   54792.      389.59      136.84      8.4109      16384       16          
[1m(BM_SPMM_Grid<std::complex<double>, batchlas::Backend::CUDA>)[0m1024    16      50      128     0       0       0       0       100         0.96253     0.00048697  1.0784e+05  871.52      262.00      7.5197      16384       16          
[1m(BM_SPMM_Grid<std::complex<double>, batchlas::Backend::CUDA>)[0m1024    16      50      128     1       0       0       0       100         2.0692      0.0041899   1.0924e+05  405.40      121.87      16.166      16384       16          
[1m(BM_SPMM_Grid<std::complex<double>, batchlas::Backend::CUDA>)[0m1024    16      50      512     0       0       0       0       100         3.8126      0.013081    1.0784e+05  880.09      264.58      7.4465      16384       16          
[1m(BM_SPMM_Grid<std::complex<double>, batchlas::Backend::CUDA>)[0m1024    16      50      512     1       0       0       0       49          8.2133      0.0050203   1.0924e+05  408.54      122.82      16.042      16384       16          
[1m(BM_SPMM_Grid<std::complex<double>, batchlas::Backend::CUDA>)[0m2048    16      12      128     0       0       0       0       100         0.46457     0.00062129  52093.      866.72      399.51      3.6294      32768       16          
[1m(BM_SPMM_Grid<std::complex<double>, batchlas::Backend::CUDA>)[0m2048    16      12      128     1       0       0       0       100         0.97073     0.00083142  52154.      414.79      191.19      7.5838      32768       16          
[1m(BM_SPMM_Grid<std::complex<double>, batchlas::Backend::CUDA>)[0m2048    16      12      512     0       0       0       0       100         1.7858      0.0037273   52093.      901.88      415.71      3.4880      32768       16          
[1m(BM_SPMM_Grid<std::complex<double>, batchlas::Backend::CUDA>)[0m2048    16      12      512     1       0       0       0       100         3.7111      0.020406    52154.      433.99      200.04      7.2483      32768       16          
[1m(BM_SPMM_Grid<std::complex<double>, batchlas::Backend::CUDA>)[0m2048    16      25      128     0       0       0       0       100         1.0407      0.00069309  1.0822e+05  806.02      283.12      8.1308      32768       16          
[1m(BM_SPMM_Grid<std::complex<double>, batchlas::Backend::CUDA>)[0m2048    16      25      128     1       0       0       0       100         2.1892      0.0035233   1.0896e+05  383.19      134.59      17.103      32768       16          
[1m(BM_SPMM_Grid<std::complex<double>, batchlas::Backend::CUDA>)[0m2048    16      25      512     0       0       0       0       98          4.1114      0.022050    1.0822e+05  816.14      286.67      8.0300      32768       16          
[1m(BM_SPMM_Grid<std::complex<double>, batchlas::Backend::CUDA>)[0m2048    16      25      512     1       0       0       0       47          8.6660      0.0050054   1.0896e+05  387.20      136.00      16.926      32768       16          
[1m(BM_SPMM_Grid<std::complex<double>, batchlas::Backend::CUDA>)[0m2048    16      50      128     0       0       0       0       100         1.9195      0.0013364   2.1696e+05  874.05      262.76      14.996      32768       16          
[1m(BM_SPMM_Grid<std::complex<double>, batchlas::Backend::CUDA>)[0m2048    16      50      128     1       0       0       0       97          4.1323      0.0041524   2.1880e+05  406.00      122.05      32.284      32768       16          
[1m(BM_SPMM_Grid<std::complex<double>, batchlas::Backend::CUDA>)[0m2048    16      50      512     0       0       0       0       53          7.6145      0.0012812   2.1696e+05  881.33      264.95      14.872      32768       16          
[1m(BM_SPMM_Grid<std::complex<double>, batchlas::Backend::CUDA>)[0m2048    16      50      512     1       0       0       0       25          16.482      0.0060851   2.1880e+05  407.17      122.40      32.191      32768       16          
[1m(BM_SPMM_Grid<std::complex<double>, batchlas::Backend::CUDA>)[0m4096    16      12      128     0       0       0       0       100         0.89853     0.00045142  1.0400e+05  896.25      413.12      7.0198      65536       16          
[1m(BM_SPMM_Grid<std::complex<double>, batchlas::Backend::CUDA>)[0m4096    16      12      128     1       0       0       0       100         1.8940      0.010477    1.0458e+05  425.19      195.99      14.797      65536       16          
[1m(BM_SPMM_Grid<std::complex<double>, batchlas::Backend::CUDA>)[0m4096    16      12      512     0       0       0       0       100         3.5276      0.0062715   1.0400e+05  913.16      420.91      6.8898      65536       16          
[1m(BM_SPMM_Grid<std::complex<double>, batchlas::Backend::CUDA>)[0m4096    16      12      512     1       0       0       0       55          7.3075      0.032650    1.0458e+05  440.81      203.19      14.272      65536       16          
[1m(BM_SPMM_Grid<std::complex<double>, batchlas::Backend::CUDA>)[0m4096    16      25      128     0       0       0       0       100         2.0603      0.0029798   2.1673e+05  814.30      286.02      16.096      65536       16          
[1m(BM_SPMM_Grid<std::complex<double>, batchlas::Backend::CUDA>)[0m4096    16      25      128     1       0       0       0       92          4.3480      0.0035914   2.1811e+05  385.86      135.53      33.969      65536       16          
[1m(BM_SPMM_Grid<std::complex<double>, batchlas::Backend::CUDA>)[0m4096    16      25      512     0       0       0       0       49          8.1830      0.011797    2.1673e+05  820.10      288.06      15.983      65536       16          
[1m(BM_SPMM_Grid<std::complex<double>, batchlas::Backend::CUDA>)[0m4096    16      25      512     1       0       0       0       24          17.327      0.043188    2.1811e+05  387.31      136.04      33.842      65536       16          
[1m(BM_SPMM_Grid<std::complex<double>, batchlas::Backend::CUDA>)[0m4096    16      50      128     0       0       0       0       100         3.8111      0.0029669   4.3414e+05  880.44      264.68      29.774      65536       16          
[1m(BM_SPMM_Grid<std::complex<double>, batchlas::Backend::CUDA>)[0m4096    16      50      128     1       0       0       0       49          8.2771      0.012915    4.3677e+05  405.39      121.87      64.665      65536       16          
[1m(BM_SPMM_Grid<std::complex<double>, batchlas::Backend::CUDA>)[0m4096    16      50      512     0       0       0       0       27          15.181      0.0018635   4.3414e+05  884.13      265.79      29.650      65536       16          
[1m(BM_SPMM_Grid<std::complex<double>, batchlas::Backend::CUDA>)[0m4096    16      50      512     1       0       0       0       20          33.050      0.0085550   4.3677e+05  406.11      122.09      64.550      65536       16          
2760 MHz, 67
