2760 MHz, 68
[1;36mName                                              Arg0    Arg1    Arg2    Arg3    Arg4    Arg5    Arg6    Arg7    Iter        Avg(ms)     Std(ms)     chk         GFLOPS      GB/s        Time (µs) / matrixnnz/item    nnz/row     [0m
[1m(BM_SPMM_Grid<double, batchlas::Backend::CUDA>)   [0m1024    16      12      128     0       0       0       0       100         0.090176    6.2647e-05  11906.      558.15      563.97      0.70450     16384       16          
[1m(BM_SPMM_Grid<double, batchlas::Backend::CUDA>)   [0m1024    16      12      128     1       0       0       0       100         0.12273     0.0011364   11707.      410.09      414.37      0.95886     16384       16          
[1m(BM_SPMM_Grid<double, batchlas::Backend::CUDA>)   [0m1024    16      12      512     0       0       0       0       100         0.35457     0.0027004   11906.      567.81      573.73      0.69251     16384       16          
[1m(BM_SPMM_Grid<double, batchlas::Backend::CUDA>)   [0m1024    16      12      512     1       0       0       0       100         0.44870     0.0013281   11707.      448.69      453.37      0.87636     16384       16          
[1m(BM_SPMM_Grid<double, batchlas::Backend::CUDA>)   [0m1024    16      25      128     0       0       0       0       100         0.16481     0.0012128   24701.      636.24      474.00      1.2876      16384       16          
[1m(BM_SPMM_Grid<double, batchlas::Backend::CUDA>)   [0m1024    16      25      128     1       0       0       0       100         0.37636     0.0017111   24615.      278.61      207.57      2.9403      16384       16          
[1m(BM_SPMM_Grid<double, batchlas::Backend::CUDA>)   [0m1024    16      25      512     0       0       0       0       100         0.63276     0.0044109   24701.      662.86      493.84      1.2359      16384       16          
[1m(BM_SPMM_Grid<double, batchlas::Backend::CUDA>)   [0m1024    16      25      512     1       0       0       0       100         1.4529      0.0053071   24615.      288.69      215.07      2.8377      16384       16          
[1m(BM_SPMM_Grid<double, batchlas::Backend::CUDA>)   [0m1024    16      50      128     0       0       0       0       100         0.30697     0.0012942   49070.      683.18      425.28      2.3982      16384       16          
[1m(BM_SPMM_Grid<double, batchlas::Backend::CUDA>)   [0m1024    16      50      128     1       0       0       0       100         0.69675     0.0016274   49483.      300.99      187.37      5.4433      16384       16          
[1m(BM_SPMM_Grid<double, batchlas::Backend::CUDA>)   [0m1024    16      50      512     0       0       0       0       100         1.1661      0.0051891   49070.      719.35      447.80      2.2776      16384       16          
[1m(BM_SPMM_Grid<double, batchlas::Backend::CUDA>)   [0m1024    16      50      512     1       0       0       0       100         2.6723      0.0085967   49483.      313.91      195.41      5.2193      16384       16          
[1m(BM_SPMM_Grid<double, batchlas::Backend::CUDA>)   [0m2048    16      12      128     0       0       0       0       100         0.19715     0.00083626  23615.      510.59      515.91      1.5402      32768       16          
[1m(BM_SPMM_Grid<double, batchlas::Backend::CUDA>)   [0m2048    16      12      128     1       0       0       0       100         0.25015     0.0021760   23546.      402.42      406.61      1.9543      32768       16          
[1m(BM_SPMM_Grid<double, batchlas::Backend::CUDA>)   [0m2048    16      12      512     0       0       0       0       100         0.65734     0.0055481   23615.      612.55      618.93      1.2839      32768       16          
[1m(BM_SPMM_Grid<double, batchlas::Backend::CUDA>)   [0m2048    16      12      512     1       0       0       0       100         0.88056     0.0017870   23546.      457.27      462.03      1.7198      32768       16          
[1m(BM_SPMM_Grid<double, batchlas::Backend::CUDA>)   [0m2048    16      25      128     0       0       0       0       100         0.32933     0.00070107  49005.      636.80      474.41      2.5729      32768       16          
[1m(BM_SPMM_Grid<double, batchlas::Backend::CUDA>)   [0m2048    16      25      128     1       0       0       0       100         0.75166     0.0017007   48901.      279.00      207.86      5.8724      32768       16          
[1m(BM_SPMM_Grid<double, batchlas::Backend::CUDA>)   [0m2048    16      25      512     0       0       0       0       100         1.2649      0.0056196   49005.      663.17      494.07      2.4705      32768       16          
[1m(BM_SPMM_Grid<double, batchlas::Backend::CUDA>)   [0m2048    16      25      512     1       0       0       0       100         2.9112      0.0051077   48901.      288.14      214.67      5.6860      32768       16          
[1m(BM_SPMM_Grid<double, batchlas::Backend::CUDA>)   [0m2048    16      50      128     0       0       0       0       100         0.59969     0.0042224   98011.      699.41      435.38      4.6851      32768       16          
[1m(BM_SPMM_Grid<double, batchlas::Backend::CUDA>)   [0m2048    16      50      128     1       0       0       0       100         1.3753      0.0080719   98451.      304.96      189.84      10.745      32768       16          
[1m(BM_SPMM_Grid<double, batchlas::Backend::CUDA>)   [0m2048    16      50      512     0       0       0       0       100         2.3326      0.016847    98011.      719.24      447.73      4.5559      32768       16          
[1m(BM_SPMM_Grid<double, batchlas::Backend::CUDA>)   [0m2048    16      50      512     1       0       0       0       75          5.3473      0.0082558   98451.      313.75      195.31      10.444      32768       16          
[1m(BM_SPMM_Grid<double, batchlas::Backend::CUDA>)   [0m4096    16      12      128     0       0       0       0       100         0.34399     0.0019236   47049.      585.27      591.36      2.6874      65536       16          
[1m(BM_SPMM_Grid<double, batchlas::Backend::CUDA>)   [0m4096    16      12      128     1       0       0       0       100         0.45721     0.0012617   47285.      440.34      444.93      3.5719      65536       16          
[1m(BM_SPMM_Grid<double, batchlas::Backend::CUDA>)   [0m4096    16      12      512     0       0       0       0       100         1.2668      0.0065894   47049.      635.69      642.32      2.4742      65536       16          
[1m(BM_SPMM_Grid<double, batchlas::Backend::CUDA>)   [0m4096    16      12      512     1       0       0       0       100         1.7391      0.012116    47285.      463.06      467.88      3.3967      65536       16          
[1m(BM_SPMM_Grid<double, batchlas::Backend::CUDA>)   [0m4096    16      25      128     0       0       0       0       100         0.64061     0.0040889   97978.      654.73      487.78      5.0048      65536       16          
[1m(BM_SPMM_Grid<double, batchlas::Backend::CUDA>)   [0m4096    16      25      128     1       0       0       0       100         1.4794      0.0047148   98379.      283.51      211.21      11.558      65536       16          
[1m(BM_SPMM_Grid<double, batchlas::Backend::CUDA>)   [0m4096    16      25      512     0       0       0       0       100         2.4960      0.011444    97978.      672.16      500.76      4.8750      65536       16          
[1m(BM_SPMM_Grid<double, batchlas::Backend::CUDA>)   [0m4096    16      25      512     1       0       0       0       69          5.8174      0.0077902   98379.      288.40      214.86      11.362      65536       16          
[1m(BM_SPMM_Grid<double, batchlas::Backend::CUDA>)   [0m4096    16      50      128     0       0       0       0       100         1.1803      0.0056521   1.9626e+05  710.70      442.41      9.2213      65536       16          
[1m(BM_SPMM_Grid<double, batchlas::Backend::CUDA>)   [0m4096    16      50      128     1       0       0       0       100         2.7199      0.0091440   1.9655e+05  308.41      191.99      21.250      65536       16          
[1m(BM_SPMM_Grid<double, batchlas::Backend::CUDA>)   [0m4096    16      50      512     0       0       0       0       87          4.6320      0.018943    1.9626e+05  724.41      450.94      9.0469      65536       16          
[1m(BM_SPMM_Grid<double, batchlas::Backend::CUDA>)   [0m4096    16      50      512     1       0       0       0       38          10.710      0.010052    1.9655e+05  313.30      195.03      20.918      65536       16          
2760 MHz, 68
