2775 MHz, 60
[1;36mName                                              Arg0    Arg1    Arg2    Arg3    Arg4    Arg5    Arg6    Arg7    Iter        Avg(ms)     Std(ms)     chk         GFLOPS      GB/s        Time (µs) / matrixnnz/item    nnz/row     [0m
[1m(BM_SPMM_Grid<double, batchlas::Backend::CUDA>)   [0m1024    3       1       512     0       0       1       1       100         0.032114    2.9145e-05  1134.1      97.955      914.31      0.062723    3072        3           
[1m(BM_SPMM_Grid<double, batchlas::Backend::CUDA>)   [0m1024    3       2       512     0       0       1       1       100         0.058444    4.5291e-05  2210.6      107.65      645.94      0.11415     3072        3           
[1m(BM_SPMM_Grid<double, batchlas::Backend::CUDA>)   [0m1024    3       4       512     0       0       1       1       100         0.11012     0.00028973  4394.9      114.27      495.18      0.21508     3072        3           
[1m(BM_SPMM_Grid<double, batchlas::Backend::CUDA>)   [0m1024    3       8       512     0       0       1       1       100         0.24435     0.00042539  8677.2      102.99      360.47      0.47725     3072        3           
[1m(BM_SPMM_Grid<double, batchlas::Backend::CUDA>)   [0m1024    3       12      512     0       0       1       1       100         0.48033     0.0012324   13024.      78.589      253.24      0.93814     3072        3           
[1m(BM_SPMM_Grid<double, batchlas::Backend::CUDA>)   [0m1024    3       25      512     0       0       1       1       100         1.1667      0.0036114   26970.      67.408      197.73      2.2786      3072        3           
[1m(BM_SPMM_Grid<double, batchlas::Backend::CUDA>)   [0m1024    6       1       512     0       0       1       1       100         0.068855    0.00028591  1921.5      91.372      700.55      0.13448     6144        6           
[1m(BM_SPMM_Grid<double, batchlas::Backend::CUDA>)   [0m1024    6       2       512     0       0       1       1       100         0.12246     0.00033264  3775.3      102.75      462.38      0.23919     6144        6           
[1m(BM_SPMM_Grid<double, batchlas::Backend::CUDA>)   [0m1024    6       4       512     0       0       1       1       100         0.23202     0.00036317  7616.2      108.46      316.36      0.45317     6144        6           
[1m(BM_SPMM_Grid<double, batchlas::Backend::CUDA>)   [0m1024    6       8       512     0       0       1       1       100         0.50598     0.00071193  15100.      99.474      211.39      0.98824     6144        6           
[1m(BM_SPMM_Grid<double, batchlas::Backend::CUDA>)   [0m1024    6       12      512     0       0       1       1       100         0.87946     0.0010440   22678.      85.845      159.77      1.7177      6144        6           
[1m(BM_SPMM_Grid<double, batchlas::Backend::CUDA>)   [0m1024    6       25      512     0       0       1       1       100         1.9780      0.0065797   46974.      79.517      126.17      3.8633      6144        6           
[1m(BM_SPMM_Grid<double, batchlas::Backend::CUDA>)   [0m1024    8       1       512     0       0       1       1       100         0.099663    0.00026411  2451.3      84.170      610.25      0.19465     8192        8           
[1m(BM_SPMM_Grid<double, batchlas::Backend::CUDA>)   [0m1024    8       2       512     0       0       1       1       100         0.17213     0.00038935  4830.6      97.469      402.07      0.33619     8192        8           
[1m(BM_SPMM_Grid<double, batchlas::Backend::CUDA>)   [0m1024    8       4       512     0       0       1       1       100         0.32834     0.0012760   9744.1      102.19      261.88      0.64130     8192        8           
[1m(BM_SPMM_Grid<double, batchlas::Backend::CUDA>)   [0m1024    8       8       512     0       0       1       1       100         0.67994     0.0017413   19326.      98.698      175.81      1.3280      8192        8           
[1m(BM_SPMM_Grid<double, batchlas::Backend::CUDA>)   [0m1024    8       12      512     0       0       1       1       100         1.1175      0.0045023   28999.      90.082      137.00      2.1825      8192        8           
[1m(BM_SPMM_Grid<double, batchlas::Backend::CUDA>)   [0m1024    8       25      512     0       0       1       1       100         2.4324      0.011621    60059.      86.219      107.77      4.7507      8192        8           
[1m(BM_SPMM_Grid<double, batchlas::Backend::CUDA>)   [0m1024    12      1       512     0       0       1       1       100         0.19647     0.00045879  3521.2      64.043      437.64      0.38374     12288       12          
[1m(BM_SPMM_Grid<double, batchlas::Backend::CUDA>)   [0m1024    12      2       512     0       0       1       1       100         0.30851     0.00064094  6912.3      81.572      305.90      0.60256     12288       12          
[1m(BM_SPMM_Grid<double, batchlas::Backend::CUDA>)   [0m1024    12      4       512     0       0       1       1       100         0.53126     0.00087280  13926.      94.740      209.22      1.0376      12288       12          
[1m(BM_SPMM_Grid<double, batchlas::Backend::CUDA>)   [0m1024    12      8       512     0       0       1       1       100         1.0421      0.0050865   27601.      96.597      138.86      2.0353      12288       12          
[1m(BM_SPMM_Grid<double, batchlas::Backend::CUDA>)   [0m1024    12      12      512     0       0       1       1       100         1.7026      0.0057698   41478.      88.683      104.70      3.3255      12288       12          
[1m(BM_SPMM_Grid<double, batchlas::Backend::CUDA>)   [0m1024    12      25      512     0       0       1       1       100         3.3837      0.014917    85844.      92.968      84.912      6.6087      12288       12          
[1m(BM_SPMM_Grid<double, batchlas::Backend::CUDA>)   [0m1024    16      1       512     0       0       1       1       100         0.29370     0.00055041  4553.1      57.123      378.45      0.57364     16384       16          
[1m(BM_SPMM_Grid<double, batchlas::Backend::CUDA>)   [0m1024    16      2       512     0       0       1       1       100         0.43265     0.00097151  8975.8      77.555      276.29      0.84503     16384       16          
[1m(BM_SPMM_Grid<double, batchlas::Backend::CUDA>)   [0m1024    16      4       512     0       0       1       1       100         0.73084     0.0012604   18039.      91.824      186.52      1.4274      16384       16          
[1m(BM_SPMM_Grid<double, batchlas::Backend::CUDA>)   [0m1024    16      8       512     0       0       1       1       100         1.4425      0.0067841   35801.      93.045      117.76      2.8174      16384       16          
[1m(BM_SPMM_Grid<double, batchlas::Backend::CUDA>)   [0m1024    16      12      512     0       0       1       1       100         2.3051      0.0087359   53883.      87.340      88.251      4.5021      16384       16          
[1m(BM_SPMM_Grid<double, batchlas::Backend::CUDA>)   [0m1024    16      25      512     0       0       1       1       92          4.3922      0.018966    1.1127e+05  95.494      71.143      8.5786      16384       16          
2775 MHz, 58
