2775 MHz, 57
[1;36mName                                              Arg0    Arg1    Arg2    Arg3    Arg4    Arg5    Arg6    Arg7    Iter        Avg(ms)     Std(ms)     chk         GFLOPS      GB/s        Time (µs) / matrixnnz/item    nnz/row     [0m
[1m(BM_SPMM_Grid<double, batchlas::Backend::CUDA>)   [0m1024    3       1       512     0       0       1       0       100         0.16460     0.00013553  1134.1      19.112      178.39      0.32148     3072        3           
[1m(BM_SPMM_Grid<double, batchlas::Backend::CUDA>)   [0m1024    3       2       512     0       0       1       0       100         0.16648     0.00021935  2210.6      37.791      226.76      0.32516     3072        3           
[1m(BM_SPMM_Grid<double, batchlas::Backend::CUDA>)   [0m1024    3       4       512     0       0       1       0       100         0.17291     0.00013370  4394.9      72.770      315.35      0.33772     3072        3           
[1m(BM_SPMM_Grid<double, batchlas::Backend::CUDA>)   [0m1024    3       8       512     0       0       1       0       100         0.25146     0.00015790  8677.2      100.08      350.28      0.49114     3072        3           
[1m(BM_SPMM_Grid<double, batchlas::Backend::CUDA>)   [0m1024    3       12      512     0       0       1       0       100         0.34609     0.00023773  13024.      109.07      351.46      0.67597     3072        3           
[1m(BM_SPMM_Grid<double, batchlas::Backend::CUDA>)   [0m1024    3       25      512     0       0       1       0       100         0.69581     0.00030103  26970.      113.02      331.54      1.3590      3072        3           
[1m(BM_SPMM_Grid<double, batchlas::Backend::CUDA>)   [0m1024    6       1       512     0       0       1       0       100         0.20048     0.00019875  1921.5      31.381      240.60      0.39157     6144        6           
[1m(BM_SPMM_Grid<double, batchlas::Backend::CUDA>)   [0m1024    6       2       512     0       0       1       0       100         0.20246     0.00027808  3775.3      62.150      279.68      0.39543     6144        6           
[1m(BM_SPMM_Grid<double, batchlas::Backend::CUDA>)   [0m1024    6       4       512     0       0       1       0       100         0.27470     0.00028784  7616.2      91.613      267.21      0.53652     6144        6           
[1m(BM_SPMM_Grid<double, batchlas::Backend::CUDA>)   [0m1024    6       8       512     0       0       1       0       100         0.44729     0.00030089  15100.      112.53      239.12      0.87362     6144        6           
[1m(BM_SPMM_Grid<double, batchlas::Backend::CUDA>)   [0m1024    6       12      512     0       0       1       0       100         0.62484     0.00028453  22678.      120.83      224.88      1.2204      6144        6           
[1m(BM_SPMM_Grid<double, batchlas::Backend::CUDA>)   [0m1024    6       25      512     0       0       1       0       100         1.2403      0.00073477  46974.      126.82      201.22      2.4224      6144        6           
[1m(BM_SPMM_Grid<double, batchlas::Backend::CUDA>)   [0m1024    8       1       512     0       0       1       0       100         0.22166     0.00023139  2451.3      37.844      274.38      0.43294     8192        8           
[1m(BM_SPMM_Grid<double, batchlas::Backend::CUDA>)   [0m1024    8       2       512     0       0       1       0       100         0.22548     0.00030048  4830.6      74.406      306.93      0.44039     8192        8           
[1m(BM_SPMM_Grid<double, batchlas::Backend::CUDA>)   [0m1024    8       4       512     0       0       1       0       100         0.34726     0.0011764   9744.1      96.626      247.61      0.67824     8192        8           
[1m(BM_SPMM_Grid<double, batchlas::Backend::CUDA>)   [0m1024    8       8       512     0       0       1       0       100         0.57449     0.00023722  19326.      116.81      208.08      1.1221      8192        8           
[1m(BM_SPMM_Grid<double, batchlas::Backend::CUDA>)   [0m1024    8       12      512     0       0       1       0       100         0.80689     0.0010456   28999.      124.75      189.73      1.5760      8192        8           
[1m(BM_SPMM_Grid<double, batchlas::Backend::CUDA>)   [0m1024    8       25      512     0       0       1       0       100         1.6082      0.0010544   60059.      130.41      163.01      3.1410      8192        8           
[1m(BM_SPMM_Grid<double, batchlas::Backend::CUDA>)   [0m1024    12      1       512     0       0       1       0       100         0.25588     0.00024312  3521.2      49.174      336.03      0.49977     12288       12          
[1m(BM_SPMM_Grid<double, batchlas::Backend::CUDA>)   [0m1024    12      2       512     0       0       1       0       100         0.30750     0.00045592  6912.3      81.840      306.91      0.60059     12288       12          
[1m(BM_SPMM_Grid<double, batchlas::Backend::CUDA>)   [0m1024    12      4       512     0       0       1       0       100         0.51259     0.024777    13926.      98.190      216.84      1.0012      12288       12          
[1m(BM_SPMM_Grid<double, batchlas::Backend::CUDA>)   [0m1024    12      8       512     0       0       1       0       100         0.82067     0.00015108  27601.      122.66      176.33      1.6029      12288       12          
[1m(BM_SPMM_Grid<double, batchlas::Backend::CUDA>)   [0m1024    12      12      512     0       0       1       0       100         1.1683      0.00062318  41478.      129.24      152.58      2.2819      12288       12          
[1m(BM_SPMM_Grid<double, batchlas::Backend::CUDA>)   [0m1024    12      25      512     0       0       1       0       100         2.3294      0.011301    85844.      135.05      123.34      4.5496      12288       12          
[1m(BM_SPMM_Grid<double, batchlas::Backend::CUDA>)   [0m1024    16      1       512     0       0       1       0       100         0.30096     0.00032850  4553.1      55.746      369.32      0.58781     16384       16          
[1m(BM_SPMM_Grid<double, batchlas::Backend::CUDA>)   [0m1024    16      2       512     0       0       1       0       100         0.37577     0.00024099  8975.8      89.296      318.12      0.73392     16384       16          
[1m(BM_SPMM_Grid<double, batchlas::Backend::CUDA>)   [0m1024    16      4       512     0       0       1       0       100         0.60068     0.00054466  18039.      111.72      226.94      1.1732      16384       16          
[1m(BM_SPMM_Grid<double, batchlas::Backend::CUDA>)   [0m1024    16      8       512     0       0       1       0       100         1.0331      0.00065978  35801.      129.92      164.43      2.0178      16384       16          
[1m(BM_SPMM_Grid<double, batchlas::Backend::CUDA>)   [0m1024    16      12      512     0       0       1       0       100         1.5234      0.0060136   53883.      132.16      133.53      2.9754      16384       16          
[1m(BM_SPMM_Grid<double, batchlas::Backend::CUDA>)   [0m1024    16      25      512     0       0       1       0       100         2.9945      0.0066726   1.1127e+05  140.06      104.35      5.8487      16384       16          
2775 MHz, 58
