2775 MHz, 58
[1;36mName                                              Arg0    Arg1    Arg2    Arg3    Arg4    Arg5    Arg6    Arg7    Iter        Avg(ms)     Std(ms)     chk         GFLOPS      GB/s        Time (µs) / matrixnnz/item    nnz/row     [0m
[1m(BM_SPMM_Grid<double, batchlas::Backend::CUDA>)   [0m1024    16      12      128     0       0       0       0       100         0.32984     0.00024573  11906.      152.59      154.19      2.5769      16384       16          
[1m(BM_SPMM_Grid<double, batchlas::Backend::CUDA>)   [0m1024    16      12      128     1       0       0       0       100         0.31407     0.00010193  11707.      160.25      161.93      2.4537      16384       16          
[1m(BM_SPMM_Grid<double, batchlas::Backend::CUDA>)   [0m1024    16      12      512     0       0       0       0       100         1.2348      0.00080245  11906.      163.04      164.74      2.4117      16384       16          
[1m(BM_SPMM_Grid<double, batchlas::Backend::CUDA>)   [0m1024    16      12      512     1       0       0       0       100         1.2357      0.00052427  11707.      162.93      164.63      2.4134      16384       16          
[1m(BM_SPMM_Grid<double, batchlas::Backend::CUDA>)   [0m1024    16      25      128     0       0       0       0       100         0.60804     0.00010961  24701.      172.45      128.48      4.7503      16384       16          
[1m(BM_SPMM_Grid<double, batchlas::Backend::CUDA>)   [0m1024    16      25      128     1       0       0       0       100         0.60839     0.00010167  24615.      172.35      128.40      4.7530      16384       16          
[1m(BM_SPMM_Grid<double, batchlas::Backend::CUDA>)   [0m1024    16      25      512     0       0       0       0       100         2.4572      0.00066015  24701.      170.70      127.17      4.7992      16384       16          
[1m(BM_SPMM_Grid<double, batchlas::Backend::CUDA>)   [0m1024    16      25      512     1       0       0       0       100         2.4664      0.018900    24615.      170.05      126.69      4.8173      16384       16          
[1m(BM_SPMM_Grid<double, batchlas::Backend::CUDA>)   [0m1024    16      50      128     0       0       0       0       100         1.1853      0.00083061  49070.      176.93      110.14      9.2604      16384       16          
[1m(BM_SPMM_Grid<double, batchlas::Backend::CUDA>)   [0m1024    16      50      128     1       0       0       0       100         1.1862      0.00083854  49483.      176.80      110.06      9.2670      16384       16          
[1m(BM_SPMM_Grid<double, batchlas::Backend::CUDA>)   [0m1024    16      50      512     0       0       0       0       84          4.7916      0.025164    49070.      175.07      108.98      9.3585      16384       16          
[1m(BM_SPMM_Grid<double, batchlas::Backend::CUDA>)   [0m1024    16      50      512     1       0       0       0       84          4.7937      0.0022449   49483.      174.99      108.93      9.3627      16384       16          
[1m(BM_SPMM_Grid<double, batchlas::Backend::CUDA>)   [0m2048    16      12      128     0       0       0       0       100         0.62187     0.0092183   23615.      161.87      163.56      4.8583      32768       16          
[1m(BM_SPMM_Grid<double, batchlas::Backend::CUDA>)   [0m2048    16      12      128     1       0       0       0       100         0.61849     0.00011808  23546.      162.76      164.45      4.8320      32768       16          
[1m(BM_SPMM_Grid<double, batchlas::Backend::CUDA>)   [0m2048    16      12      512     0       0       0       0       100         2.4961      0.0010484   23615.      161.31      163.00      4.8751      32768       16          
[1m(BM_SPMM_Grid<double, batchlas::Backend::CUDA>)   [0m2048    16      12      512     1       0       0       0       100         2.6022      0.015617    23546.      154.73      156.35      5.0825      32768       16          
[1m(BM_SPMM_Grid<double, batchlas::Backend::CUDA>)   [0m2048    16      25      128     0       0       0       0       100         1.2202      0.0042137   49005.      171.87      128.05      9.5326      32768       16          
[1m(BM_SPMM_Grid<double, batchlas::Backend::CUDA>)   [0m2048    16      25      128     1       0       0       0       100         1.2500      0.00098569  48901.      167.78      124.99      9.7653      32768       16          
[1m(BM_SPMM_Grid<double, batchlas::Backend::CUDA>)   [0m2048    16      25      512     0       0       0       0       80          5.0226      0.018216    49005.      167.02      124.43      9.8098      32768       16          
[1m(BM_SPMM_Grid<double, batchlas::Backend::CUDA>)   [0m2048    16      25      512     1       0       0       0       80          5.0288      0.0070514   48901.      166.81      124.27      9.8219      32768       16          
[1m(BM_SPMM_Grid<double, batchlas::Backend::CUDA>)   [0m2048    16      50      128     0       0       0       0       100         2.4094      0.017415    98011.      174.08      108.37      18.823      32768       16          
[1m(BM_SPMM_Grid<double, batchlas::Backend::CUDA>)   [0m2048    16      50      128     1       0       0       0       100         2.3971      0.00082675  98451.      174.98      108.92      18.727      32768       16          
[1m(BM_SPMM_Grid<double, batchlas::Backend::CUDA>)   [0m2048    16      50      512     0       0       0       0       42          9.5753      0.0011205   98011.      175.21      109.07      18.702      32768       16          
[1m(BM_SPMM_Grid<double, batchlas::Backend::CUDA>)   [0m2048    16      50      512     1       0       0       0       42          9.6948      0.020076    98451.      173.05      107.73      18.935      32768       16          
[1m(BM_SPMM_Grid<double, batchlas::Backend::CUDA>)   [0m4096    16      12      128     0       0       0       0       100         1.2388      0.00050365  47049.      162.52      164.21      9.6779      65536       16          
[1m(BM_SPMM_Grid<double, batchlas::Backend::CUDA>)   [0m4096    16      12      128     1       0       0       0       100         1.2399      0.00083492  47285.      162.37      164.06      9.6868      65536       16          
[1m(BM_SPMM_Grid<double, batchlas::Backend::CUDA>)   [0m4096    16      12      512     0       0       0       0       81          4.9982      0.017172    47049.      161.12      162.80      9.7621      65536       16          
[1m(BM_SPMM_Grid<double, batchlas::Backend::CUDA>)   [0m4096    16      12      512     1       0       0       0       77          5.1967      0.0028428   47285.      154.97      156.58      10.150      65536       16          
[1m(BM_SPMM_Grid<double, batchlas::Backend::CUDA>)   [0m4096    16      25      128     0       0       0       0       100         2.4749      0.034436    97978.      169.48      126.26      19.335      65536       16          
[1m(BM_SPMM_Grid<double, batchlas::Backend::CUDA>)   [0m4096    16      25      128     1       0       0       0       100         2.4726      0.024561    98379.      169.63      126.38      19.317      65536       16          
[1m(BM_SPMM_Grid<double, batchlas::Backend::CUDA>)   [0m4096    16      25      512     0       0       0       0       41          9.9237      0.099660    97978.      169.06      125.95      19.382      65536       16          
[1m(BM_SPMM_Grid<double, batchlas::Backend::CUDA>)   [0m4096    16      25      512     1       0       0       0       41          9.8366      0.0012406   98379.      170.56      127.07      19.212      65536       16          
[1m(BM_SPMM_Grid<double, batchlas::Backend::CUDA>)   [0m4096    16      50      128     0       0       0       0       84          4.7863      0.00066789  1.9626e+05  175.26      109.10      37.393      65536       16          
[1m(BM_SPMM_Grid<double, batchlas::Backend::CUDA>)   [0m4096    16      50      128     1       0       0       0       84          4.7921      0.00073265  1.9655e+05  175.05      108.97      37.438      65536       16          
[1m(BM_SPMM_Grid<double, batchlas::Backend::CUDA>)   [0m4096    16      50      512     0       0       0       0       21          19.132      0.0010072   1.9626e+05  175.39      109.18      37.366      65536       16          
[1m(BM_SPMM_Grid<double, batchlas::Backend::CUDA>)   [0m4096    16      50      512     1       0       0       0       21          19.157      0.0068774   1.9655e+05  175.16      109.04      37.416      65536       16          
2775 MHz, 60
