2775 MHz, 57
[1;36mName                                              Arg0    Arg1    Arg2    Arg3    Arg4    Arg5    Arg6    Arg7    Iter        Avg(ms)     Std(ms)     chk         GFLOPS      GB/s        Time (µs) / matrixnnz/item    nnz/row     [0m
[1m(BM_SPMM_Grid<float, batchlas::Backend::CUDA>)    [0m2048    3       1       128     0       0       1       1       100         0.016977    2.4334e-05  2184.2      92.648      555.92      0.13263     6144        3           
[1m(BM_SPMM_Grid<float, batchlas::Backend::CUDA>)    [0m2048    3       2       128     0       0       1       1       100         0.028973    4.2583e-05  4415.0      108.57      398.12      0.22636     6144        3           
[1m(BM_SPMM_Grid<float, batchlas::Backend::CUDA>)    [0m2048    3       4       128     0       0       1       1       100         0.050397    4.5830e-05  8708.1      124.84      312.10      0.39373     6144        3           
[1m(BM_SPMM_Grid<float, batchlas::Backend::CUDA>)    [0m2048    3       8       128     0       0       1       1       100         0.10153     0.00027830  17237.      123.93      237.54      0.79320     6144        3           
[1m(BM_SPMM_Grid<float, batchlas::Backend::CUDA>)    [0m2048    3       12      128     0       0       1       1       100         0.16410     0.00028090  25776.      115.01      198.08      1.2821      6144        3           
[1m(BM_SPMM_Grid<float, batchlas::Backend::CUDA>)    [0m2048    3       25      128     0       0       1       1       100         0.31354     0.0012952   53575.      125.41      190.63      2.4495      6144        3           
[1m(BM_SPMM_Grid<float, batchlas::Backend::CUDA>)    [0m2048    6       1       128     0       0       1       1       100         0.034258    5.1866e-05  3800.0      91.825      459.14      0.26764     12288       6           
[1m(BM_SPMM_Grid<float, batchlas::Backend::CUDA>)    [0m2048    6       2       128     0       0       1       1       100         0.060414    7.4820e-05  7646.0      104.14      295.07      0.47199     12288       6           
[1m(BM_SPMM_Grid<float, batchlas::Backend::CUDA>)    [0m2048    6       4       128     0       0       1       1       100         0.11567     0.00045490  15264.      108.78      190.37      0.90368     12288       6           
[1m(BM_SPMM_Grid<float, batchlas::Backend::CUDA>)    [0m2048    6       8       128     0       0       1       1       100         0.22572     0.00052192  30180.      111.49      134.72      1.7634      12288       6           
[1m(BM_SPMM_Grid<float, batchlas::Backend::CUDA>)    [0m2048    6       12      128     0       0       1       1       100         0.35578     0.00069817  45196.      106.10      109.05      2.7795      12288       6           
[1m(BM_SPMM_Grid<float, batchlas::Backend::CUDA>)    [0m2048    6       25      128     0       0       1       1       100         0.66883     0.0014112   93999.      117.58      98.771      5.2252      12288       6           
[1m(BM_SPMM_Grid<float, batchlas::Backend::CUDA>)    [0m2048    8       1       128     0       0       1       1       100         0.047809    8.5013e-05  4904.7      87.731      416.73      0.37351     16384       8           
[1m(BM_SPMM_Grid<float, batchlas::Backend::CUDA>)    [0m2048    8       2       128     0       0       1       1       100         0.083781    0.00010444  9836.0      100.13      262.84      0.65454     16384       8           
[1m(BM_SPMM_Grid<float, batchlas::Backend::CUDA>)    [0m2048    8       4       128     0       0       1       1       100         0.15671     0.00060244  19577.      107.06      167.28      1.2243      16384       8           
[1m(BM_SPMM_Grid<float, batchlas::Backend::CUDA>)    [0m2048    8       8       128     0       0       1       1       100         0.30844     0.0010844   38707.      108.79      112.19      2.4097      16384       8           
[1m(BM_SPMM_Grid<float, batchlas::Backend::CUDA>)    [0m2048    8       12      128     0       0       1       1       100         0.48209     0.00063194  58001.      104.40      89.180      3.7663      16384       8           
[1m(BM_SPMM_Grid<float, batchlas::Backend::CUDA>)    [0m2048    8       25      128     0       0       1       1       100         0.89574     0.00088197  1.2049e+05  117.06      78.433      6.9980      16384       8           
[1m(BM_SPMM_Grid<float, batchlas::Backend::CUDA>)    [0m2048    12      1       128     0       0       1       1       100         0.081947    9.9243e-05  6993.3      76.775      345.49      0.64021     24576       12          
[1m(BM_SPMM_Grid<float, batchlas::Backend::CUDA>)    [0m2048    12      2       128     0       0       1       1       100         0.13427     0.00055890  14069.      93.711      226.47      1.0490      24576       12          
[1m(BM_SPMM_Grid<float, batchlas::Backend::CUDA>)    [0m2048    12      4       128     0       0       1       1       100         0.24701     0.00075856  27903.      101.88      140.09      1.9298      24576       12          
[1m(BM_SPMM_Grid<float, batchlas::Backend::CUDA>)    [0m2048    12      8       128     0       0       1       1       100         0.48881     0.0014868   55379.      102.97      87.952      3.8188      24576       12          
[1m(BM_SPMM_Grid<float, batchlas::Backend::CUDA>)    [0m2048    12      12      128     0       0       1       1       100         0.76459     0.0010252   82961.      98.743      67.201      5.9733      24576       12          
[1m(BM_SPMM_Grid<float, batchlas::Backend::CUDA>)    [0m2048    12      25      128     0       0       1       1       100         1.4199      0.0044700   1.7226e+05  110.77      55.386      11.093      24576       12          
[1m(BM_SPMM_Grid<float, batchlas::Backend::CUDA>)    [0m2048    16      1       128     0       0       1       1       100         0.12363     0.00046040  9037.6      67.855      296.87      0.96583     32768       16          
[1m(BM_SPMM_Grid<float, batchlas::Backend::CUDA>)    [0m2048    16      2       128     0       0       1       1       100         0.19873     0.00062199  18192.      84.421      195.23      1.5526      32768       16          
[1m(BM_SPMM_Grid<float, batchlas::Backend::CUDA>)    [0m2048    16      4       128     0       0       1       1       100         0.34576     0.00092353  36075.      97.045      124.34      2.7013      32768       16          
[1m(BM_SPMM_Grid<float, batchlas::Backend::CUDA>)    [0m2048    16      8       128     0       0       1       1       100         0.68837     0.0027933   71726.      97.490      74.641      5.3779      32768       16          
[1m(BM_SPMM_Grid<float, batchlas::Backend::CUDA>)    [0m2048    16      12      128     0       0       1       1       100         1.0678      0.010973    1.0758e+05  94.276      55.977      8.3418      32768       16          
[1m(BM_SPMM_Grid<float, batchlas::Backend::CUDA>)    [0m2048    16      25      128     0       0       1       1       100         2.0088      0.010052    2.2318e+05  104.40      43.325      15.694      32768       16          
2775 MHz, 55
