2775 MHz, 59
[1;36mName                                              Arg0    Arg1    Arg2    Arg3    Arg4    Arg5    Arg6    Arg7    Iter        Avg(ms)     Std(ms)     chk         GFLOPS      GB/s        Time (µs) / matrixnnz/item    nnz/row     [0m
[1m(BM_SPMM_Grid<std::complex<float>, batchlas::Backend::CUDA>)[0m2048    3       1       128     0       0       1       1       100         0.087135    0.00014187  4963.1      72.203      168.48      0.68074     6144        3           
[1m(BM_SPMM_Grid<std::complex<float>, batchlas::Backend::CUDA>)[0m2048    3       2       128     0       0       1       1       100         0.088861    7.2421e-05  10111.      141.60      212.41      0.69423     6144        3           
[1m(BM_SPMM_Grid<std::complex<float>, batchlas::Backend::CUDA>)[0m2048    3       4       128     0       0       1       1       100         0.11933     0.00013368  19918.      210.89      228.47      0.93226     6144        3           
[1m(BM_SPMM_Grid<std::complex<float>, batchlas::Backend::CUDA>)[0m2048    3       8       128     0       0       1       1       100         0.19991     0.00015572  39482.      251.77      220.30      1.5618      6144        3           
[1m(BM_SPMM_Grid<std::complex<float>, batchlas::Backend::CUDA>)[0m2048    3       12      128     0       0       1       1       100         0.28349     0.0027333   59431.      266.31      214.53      2.2148      6144        3           
[1m(BM_SPMM_Grid<std::complex<float>, batchlas::Backend::CUDA>)[0m2048    3       25      128     0       0       1       1       100         0.61601     0.00090598  1.2340e+05  255.33      187.24      4.8126      6144        3           
[1m(BM_SPMM_Grid<std::complex<float>, batchlas::Backend::CUDA>)[0m2048    6       1       128     0       0       1       1       100         0.10535     0.00010941  9716.3      119.44      228.94      0.82303     12288       6           
[1m(BM_SPMM_Grid<std::complex<float>, batchlas::Backend::CUDA>)[0m2048    6       2       128     0       0       1       1       100         0.14456     0.00013545  19741.      174.09      195.85      1.1294      12288       6           
[1m(BM_SPMM_Grid<std::complex<float>, batchlas::Backend::CUDA>)[0m2048    6       4       128     0       0       1       1       100         0.22972     0.00089011  39162.      219.10      159.76      1.7947      12288       6           
[1m(BM_SPMM_Grid<std::complex<float>, batchlas::Backend::CUDA>)[0m2048    6       8       128     0       0       1       1       100         0.40912     0.00043909  77965.      246.05      130.71      3.1963      12288       6           
[1m(BM_SPMM_Grid<std::complex<float>, batchlas::Backend::CUDA>)[0m2048    6       12      128     0       0       1       1       100         0.59062     0.00077198  1.1727e+05  255.66      118.95      4.6142      12288       6           
[1m(BM_SPMM_Grid<std::complex<float>, batchlas::Backend::CUDA>)[0m2048    6       25      128     0       0       1       1       100         1.2329      0.0011717   2.4383e+05  255.14      101.21      9.6324      12288       6           
[1m(BM_SPMM_Grid<std::complex<float>, batchlas::Backend::CUDA>)[0m2048    8       1       128     0       0       1       1       100         0.12381     0.00015133  12936.      135.51      245.61      0.96728     16384       8           
[1m(BM_SPMM_Grid<std::complex<float>, batchlas::Backend::CUDA>)[0m2048    8       2       128     0       0       1       1       100         0.18851     0.00090232  26241.      178.00      183.56      1.4728      16384       8           
[1m(BM_SPMM_Grid<std::complex<float>, batchlas::Backend::CUDA>)[0m2048    8       4       128     0       0       1       1       100         0.30440     0.0023174   52038.      220.46      141.23      2.3781      16384       8           
[1m(BM_SPMM_Grid<std::complex<float>, batchlas::Backend::CUDA>)[0m2048    8       8       128     0       0       1       1       100         0.55079     0.00021418  1.0345e+05  243.68      108.52      4.3030      16384       8           
[1m(BM_SPMM_Grid<std::complex<float>, batchlas::Backend::CUDA>)[0m2048    8       12      128     0       0       1       1       100         0.79691     0.00027788  1.5550e+05  252.63      96.055      6.2258      16384       8           
[1m(BM_SPMM_Grid<std::complex<float>, batchlas::Backend::CUDA>)[0m2048    8       25      128     0       0       1       1       100         1.6511      0.0012186   3.2353e+05  254.03      79.385      12.899      16384       8           
[1m(BM_SPMM_Grid<std::complex<float>, batchlas::Backend::CUDA>)[0m2048    12      1       128     0       0       1       1       100         0.17457     0.00049565  19303.      144.16      246.28      1.3638      24576       12          
[1m(BM_SPMM_Grid<std::complex<float>, batchlas::Backend::CUDA>)[0m2048    12      2       128     0       0       1       1       100         0.27445     0.00027012  38932.      183.39      171.93      2.1441      24576       12          
[1m(BM_SPMM_Grid<std::complex<float>, batchlas::Backend::CUDA>)[0m2048    12      4       128     0       0       1       1       100         0.45319     0.0011844   77186.      222.12      122.63      3.5406      24576       12          
[1m(BM_SPMM_Grid<std::complex<float>, batchlas::Backend::CUDA>)[0m2048    12      8       128     0       0       1       1       100         0.83823     0.00038710  1.5393e+05  240.18      86.316      6.5486      24576       12          
[1m(BM_SPMM_Grid<std::complex<float>, batchlas::Backend::CUDA>)[0m2048    12      12      128     0       0       1       1       100         1.2230      0.0046157   2.3152e+05  246.92      72.877      9.5548      24576       12          
[1m(BM_SPMM_Grid<std::complex<float>, batchlas::Backend::CUDA>)[0m2048    12      25      128     0       0       1       1       100         2.5069      0.0015606   4.8180e+05  250.96      57.303      19.585      24576       12          
[1m(BM_SPMM_Grid<std::complex<float>, batchlas::Backend::CUDA>)[0m2048    16      1       128     0       0       1       1       100         0.22469     0.00025185  25507.      149.33      247.34      1.7554      32768       16          
[1m(BM_SPMM_Grid<std::complex<float>, batchlas::Backend::CUDA>)[0m2048    16      2       128     0       0       1       1       100         0.35787     0.00020567  51459.      187.52      167.01      2.7959      32768       16          
[1m(BM_SPMM_Grid<std::complex<float>, batchlas::Backend::CUDA>)[0m2048    16      4       128     0       0       1       1       100         0.59448     0.00020441  1.0208e+05  225.77      114.65      4.6444      32768       16          
[1m(BM_SPMM_Grid<std::complex<float>, batchlas::Backend::CUDA>)[0m2048    16      8       128     0       0       1       1       100         1.1054      0.00070421  2.0361e+05  242.85      76.839      8.6356      32768       16          
[1m(BM_SPMM_Grid<std::complex<float>, batchlas::Backend::CUDA>)[0m2048    16      12      128     0       0       1       1       100         1.6111      0.00074259  3.0628e+05  249.93      63.133      12.587      32768       16          
[1m(BM_SPMM_Grid<std::complex<float>, batchlas::Backend::CUDA>)[0m2048    16      25      128     0       0       1       1       100         3.3116      0.014778    6.3728e+05  253.31      47.179      25.872      32768       16          
2775 MHz, 58
