2775 MHz, 53
[1;36mName                                              Arg0    Arg1    Arg2    Arg3    Arg4    Arg5    Arg6    Arg7    Iter        Avg(ms)     Std(ms)     chk         GFLOPS      GB/s        Time (µs) / matrixnnz/item    nnz/row     [0m
[1m(BM_SPMM_Grid<std::complex<double>, batchlas::Backend::CUDA>)[0m2048    3       1       128     0       0       1       1       100         0.035471    3.5985e-05  4963.1      177.37      709.49      0.27712     6144        3           
[1m(BM_SPMM_Grid<std::complex<double>, batchlas::Backend::CUDA>)[0m2048    3       2       128     0       0       1       1       100         0.060543    4.1913e-05  10111.      207.83      554.23      0.47299     6144        3           
[1m(BM_SPMM_Grid<std::complex<double>, batchlas::Backend::CUDA>)[0m2048    3       4       128     0       0       1       1       100         0.11375     0.00028892  19918.      221.23      442.47      0.88870     6144        3           
[1m(BM_SPMM_Grid<std::complex<double>, batchlas::Backend::CUDA>)[0m2048    3       8       128     0       0       1       1       100         0.25883     0.0012570   39482.      194.46      324.09      2.0221      6144        3           
[1m(BM_SPMM_Grid<std::complex<double>, batchlas::Backend::CUDA>)[0m2048    3       12      128     0       0       1       1       100         0.50340     0.0031899   59431.      149.97      233.29      3.9328      6144        3           
[1m(BM_SPMM_Grid<std::complex<double>, batchlas::Backend::CUDA>)[0m2048    3       25      128     0       0       1       1       100         1.3844      0.014540    1.2340e+05  113.61      163.60      10.816      6144        3           
[1m(BM_SPMM_Grid<std::complex<double>, batchlas::Backend::CUDA>)[0m2048    6       1       128     0       0       1       1       100         0.067572    5.0886e-05  9716.3      186.22      605.21      0.52791     12288       6           
[1m(BM_SPMM_Grid<std::complex<double>, batchlas::Backend::CUDA>)[0m2048    6       2       128     0       0       1       1       100         0.11706     0.00038850  19741.      214.98      421.01      0.91452     12288       6           
[1m(BM_SPMM_Grid<std::complex<double>, batchlas::Backend::CUDA>)[0m2048    6       4       128     0       0       1       1       100         0.21889     0.00038393  39162.      229.94      301.80      1.7101      12288       6           
[1m(BM_SPMM_Grid<std::complex<double>, batchlas::Backend::CUDA>)[0m2048    6       8       128     0       0       1       1       100         0.51438     0.0026635   77965.      195.70      193.66      4.0186      12288       6           
[1m(BM_SPMM_Grid<std::complex<double>, batchlas::Backend::CUDA>)[0m2048    6       12      128     0       0       1       1       100         0.87811     0.0033352   1.1727e+05  171.95      151.66      6.8602      12288       6           
[1m(BM_SPMM_Grid<std::complex<double>, batchlas::Backend::CUDA>)[0m2048    6       25      128     0       0       1       1       100         2.4708      0.018152    2.4383e+05  127.31      98.032      19.304      12288       6           
[1m(BM_SPMM_Grid<std::complex<double>, batchlas::Backend::CUDA>)[0m2048    8       1       128     0       0       1       1       100         0.093604    0.00020291  12936.      179.24      548.91      0.73128     16384       8           
[1m(BM_SPMM_Grid<std::complex<double>, batchlas::Backend::CUDA>)[0m2048    8       2       128     0       0       1       1       100         0.15730     0.00044477  26241.      213.32      379.98      1.2289      16384       8           
[1m(BM_SPMM_Grid<std::complex<double>, batchlas::Backend::CUDA>)[0m2048    8       4       128     0       0       1       1       100         0.29330     0.00048789  52038.      228.80      260.98      2.2914      16384       8           
[1m(BM_SPMM_Grid<std::complex<double>, batchlas::Backend::CUDA>)[0m2048    8       8       128     0       0       1       1       100         0.67639     0.0022711   1.0345e+05  198.43      162.78      5.2843      16384       8           
[1m(BM_SPMM_Grid<std::complex<double>, batchlas::Backend::CUDA>)[0m2048    8       12      128     0       0       1       1       100         1.1332      0.0048285   1.5550e+05  177.67      126.77      8.8528      16384       8           
[1m(BM_SPMM_Grid<std::complex<double>, batchlas::Backend::CUDA>)[0m2048    8       25      128     0       0       1       1       100         2.7242      0.012675    3.2353e+05  153.97      92.765      21.283      16384       8           
[1m(BM_SPMM_Grid<std::complex<double>, batchlas::Backend::CUDA>)[0m2048    12      1       128     0       0       1       1       100         0.15015     0.00029254  19303.      167.60      481.86      1.1731      24576       12          
[1m(BM_SPMM_Grid<std::complex<double>, batchlas::Backend::CUDA>)[0m2048    12      2       128     0       0       1       1       100         0.25128     0.00053171  38932.      200.30      321.32      1.9631      24576       12          
[1m(BM_SPMM_Grid<std::complex<double>, batchlas::Backend::CUDA>)[0m2048    12      4       128     0       0       1       1       100         0.48936     0.00055725  77186.      205.70      199.28      3.8231      24576       12          
[1m(BM_SPMM_Grid<std::complex<double>, batchlas::Backend::CUDA>)[0m2048    12      8       128     0       0       1       1       100         1.0346      0.022000    1.5393e+05  194.60      126.69      8.0827      24576       12          
[1m(BM_SPMM_Grid<std::complex<double>, batchlas::Backend::CUDA>)[0m2048    12      12      128     0       0       1       1       100         1.6260      0.016671    2.3152e+05  185.72      101.24      12.703      24576       12          
[1m(BM_SPMM_Grid<std::complex<double>, batchlas::Backend::CUDA>)[0m2048    12      25      128     0       0       1       1       100         3.8948      0.046982    4.8180e+05  161.54      70.268      30.428      24576       12          
[1m(BM_SPMM_Grid<std::complex<double>, batchlas::Backend::CUDA>)[0m2048    16      1       128     0       0       1       1       100         0.23485     0.0015140   25507.      142.88      397.38      1.8348      32768       16          
[1m(BM_SPMM_Grid<std::complex<double>, batchlas::Backend::CUDA>)[0m2048    16      2       128     0       0       1       1       100         0.37499     0.0021085   51459.      178.96      271.24      2.9296      32768       16          
[1m(BM_SPMM_Grid<std::complex<double>, batchlas::Backend::CUDA>)[0m2048    16      4       128     0       0       1       1       100         0.67404     0.0015563   1.0208e+05  199.12      175.79      5.2659      32768       16          
[1m(BM_SPMM_Grid<std::complex<double>, batchlas::Backend::CUDA>)[0m2048    16      8       128     0       0       1       1       100         1.3647      0.017111    2.0361e+05  196.70      111.41      10.662      32768       16          
[1m(BM_SPMM_Grid<std::complex<double>, batchlas::Backend::CUDA>)[0m2048    16      12      128     0       0       1       1       100         2.0786      0.021713    3.0628e+05  193.71      89.290      16.239      32768       16          
[1m(BM_SPMM_Grid<std::complex<double>, batchlas::Backend::CUDA>)[0m2048    16      25      128     0       0       1       1       81          4.9709      0.059352    6.3728e+05  168.75      59.275      38.835      32768       16          
2775 MHz, 58
