2775 MHz, 56
[1;36mName                                              Arg0    Arg1    Arg2    Arg3    Arg4    Arg5    Arg6    Arg7    Iter        Avg(ms)     Std(ms)     chk         GFLOPS      GB/s        Time (µs) / matrixnnz/item    nnz/row     [0m
[1m(BM_SPMM_Grid<float, batchlas::Backend::CUDA>)    [0m2048    3       1       128     0       0       1       1       100         0.085903    0.00020096  2184.2      18.310      109.86      0.67112     6144        3           
[1m(BM_SPMM_Grid<float, batchlas::Backend::CUDA>)    [0m2048    3       2       128     0       0       1       1       100         0.086205    0.00016932  4415.0      36.491      133.81      0.67348     6144        3           
[1m(BM_SPMM_Grid<float, batchlas::Backend::CUDA>)    [0m2048    3       4       128     0       0       1       1       100         0.088475    5.1718e-05  8708.1      71.110      177.78      0.69121     6144        3           
[1m(BM_SPMM_Grid<float, batchlas::Backend::CUDA>)    [0m2048    3       8       128     0       0       1       1       100         0.11932     0.00012348  17237.      105.46      202.13      0.93216     6144        3           
[1m(BM_SPMM_Grid<float, batchlas::Backend::CUDA>)    [0m2048    3       12      128     0       0       1       1       100         0.16278     0.0010771   25776.      115.95      199.70      1.2717      6144        3           
[1m(BM_SPMM_Grid<float, batchlas::Backend::CUDA>)    [0m2048    3       25      128     0       0       1       1       100         0.31203     0.0064758   53575.      126.02      191.55      2.4377      6144        3           
[1m(BM_SPMM_Grid<float, batchlas::Backend::CUDA>)    [0m2048    6       1       128     0       0       1       1       100         0.10390     0.00020744  3800.0      30.277      151.39      0.81170     12288       6           
[1m(BM_SPMM_Grid<float, batchlas::Backend::CUDA>)    [0m2048    6       2       128     0       0       1       1       100         0.10472     0.00014150  7646.0      60.076      170.22      0.81816     12288       6           
[1m(BM_SPMM_Grid<float, batchlas::Backend::CUDA>)    [0m2048    6       4       128     0       0       1       1       100         0.14606     0.00012072  15264.      86.150      150.77      1.1411      12288       6           
[1m(BM_SPMM_Grid<float, batchlas::Backend::CUDA>)    [0m2048    6       8       128     0       0       1       1       100         0.24438     0.0023088   30180.      102.98      124.43      1.9093      12288       6           
[1m(BM_SPMM_Grid<float, batchlas::Backend::CUDA>)    [0m2048    6       12      128     0       0       1       1       100         0.34015     0.00016779  45196.      110.98      114.06      2.6574      12288       6           
[1m(BM_SPMM_Grid<float, batchlas::Backend::CUDA>)    [0m2048    6       25      128     0       0       1       1       100         0.69217     0.00063432  93999.      113.62      95.439      5.4076      12288       6           
[1m(BM_SPMM_Grid<float, batchlas::Backend::CUDA>)    [0m2048    8       1       128     0       0       1       1       100         0.11514     0.00012824  4904.7      36.428      173.04      0.89953     16384       8           
[1m(BM_SPMM_Grid<float, batchlas::Backend::CUDA>)    [0m2048    8       2       128     0       0       1       1       100         0.12988     0.00013378  9836.0      64.586      169.54      1.0147      16384       8           
[1m(BM_SPMM_Grid<float, batchlas::Backend::CUDA>)    [0m2048    8       4       128     0       0       1       1       100         0.19005     0.0017368   19577.      88.279      137.94      1.4847      16384       8           
[1m(BM_SPMM_Grid<float, batchlas::Backend::CUDA>)    [0m2048    8       8       128     0       0       1       1       100         0.35132     0.0020838   38707.      95.510      98.496      2.7447      16384       8           
[1m(BM_SPMM_Grid<float, batchlas::Backend::CUDA>)    [0m2048    8       12      128     0       0       1       1       100         0.48070     0.00058492  58001.      104.70      89.436      3.7555      16384       8           
[1m(BM_SPMM_Grid<float, batchlas::Backend::CUDA>)    [0m2048    8       25      128     0       0       1       1       100         0.90673     0.0028751   1.2049e+05  115.64      77.482      7.0838      16384       8           
[1m(BM_SPMM_Grid<float, batchlas::Backend::CUDA>)    [0m2048    12      1       128     0       0       1       1       100         0.13612     0.00017528  6993.3      46.220      208.00      1.0634      24576       12          
[1m(BM_SPMM_Grid<float, batchlas::Backend::CUDA>)    [0m2048    12      2       128     0       0       1       1       100         0.19387     0.0014947   14069.      64.903      156.85      1.5146      24576       12          
[1m(BM_SPMM_Grid<float, batchlas::Backend::CUDA>)    [0m2048    12      4       128     0       0       1       1       100         0.27725     0.0014932   27903.      90.771      124.81      2.1660      24576       12          
[1m(BM_SPMM_Grid<float, batchlas::Backend::CUDA>)    [0m2048    12      8       128     0       0       1       1       100         0.51397     0.0024518   55379.      97.927      83.647      4.0154      24576       12          
[1m(BM_SPMM_Grid<float, batchlas::Backend::CUDA>)    [0m2048    12      12      128     0       0       1       1       100         0.69161     0.00022990  82961.      109.16      74.291      5.4032      24576       12          
[1m(BM_SPMM_Grid<float, batchlas::Backend::CUDA>)    [0m2048    12      25      128     0       0       1       1       100         1.3944      0.00077586  1.7226e+05  112.80      56.400      10.894      24576       12          
[1m(BM_SPMM_Grid<float, batchlas::Backend::CUDA>)    [0m2048    16      1       128     0       0       1       1       100         0.17699     0.00018021  9037.6      47.396      207.36      1.3827      32768       16          
[1m(BM_SPMM_Grid<float, batchlas::Backend::CUDA>)    [0m2048    16      2       128     0       0       1       1       100         0.24593     0.00028916  18192.      68.221      157.76      1.9213      32768       16          
[1m(BM_SPMM_Grid<float, batchlas::Backend::CUDA>)    [0m2048    16      4       128     0       0       1       1       100         0.36124     0.00016189  36075.      92.886      119.01      2.8222      32768       16          
[1m(BM_SPMM_Grid<float, batchlas::Backend::CUDA>)    [0m2048    16      8       128     0       0       1       1       100         0.63701     0.0023657   71726.      105.35      80.659      4.9767      32768       16          
[1m(BM_SPMM_Grid<float, batchlas::Backend::CUDA>)    [0m2048    16      12      128     0       0       1       1       100         0.92246     0.011608    1.0758e+05  109.13      64.794      7.2067      32768       16          
[1m(BM_SPMM_Grid<float, batchlas::Backend::CUDA>)    [0m2048    16      25      128     0       0       1       1       100         1.8740      0.0034989   2.2318e+05  111.91      46.443      14.640      32768       16          
2775 MHz, 58
