2760 MHz, 59
[1;36mName                                              Arg0    Arg1    Arg2    Arg3    Arg4    Arg5    Arg6    Arg7    Iter        Avg(ms)     Std(ms)     chk         GFLOPS      GB/s        Time (µs) / matrixnnz/item    nnz/row     [0m
[1m(BM_SPMM_Grid<std::complex<double>, batchlas::Backend::CUDA>)[0m2048    3       1       128     0       0       1       1       100         0.090978    3.8514e-05  4963.1      69.154      276.62      0.71076     6144        3           
[1m(BM_SPMM_Grid<std::complex<double>, batchlas::Backend::CUDA>)[0m2048    3       2       128     0       0       1       1       100         0.095578    4.7412e-05  10111.      131.65      351.07      0.74671     6144        3           
[1m(BM_SPMM_Grid<std::complex<double>, batchlas::Backend::CUDA>)[0m2048    3       4       128     0       0       1       1       100         0.14430     0.00026385  19918.      174.40      348.81      1.1273      6144        3           
[1m(BM_SPMM_Grid<std::complex<double>, batchlas::Backend::CUDA>)[0m2048    3       8       128     0       0       1       1       100         0.22731     0.00026583  39482.      221.42      369.04      1.7759      6144        3           
[1m(BM_SPMM_Grid<std::complex<double>, batchlas::Backend::CUDA>)[0m2048    3       12      128     0       0       1       1       100         0.40484     0.00039375  59431.      186.49      290.09      3.1628      6144        3           
[1m(BM_SPMM_Grid<std::complex<double>, batchlas::Backend::CUDA>)[0m2048    3       25      128     0       0       1       1       100         1.0210      0.0016512   1.2340e+05  154.04      221.82      7.9769      6144        3           
[1m(BM_SPMM_Grid<std::complex<double>, batchlas::Backend::CUDA>)[0m2048    6       1       128     0       0       1       1       100         0.12032     0.00016256  9716.3      104.58      339.89      0.94000     12288       6           
[1m(BM_SPMM_Grid<std::complex<double>, batchlas::Backend::CUDA>)[0m2048    6       2       128     0       0       1       1       100         0.15882     0.00034264  19741.      158.46      310.32      1.2408      12288       6           
[1m(BM_SPMM_Grid<std::complex<double>, batchlas::Backend::CUDA>)[0m2048    6       4       128     0       0       1       1       100         0.25986     0.00048112  39162.      193.69      254.22      2.0301      12288       6           
[1m(BM_SPMM_Grid<std::complex<double>, batchlas::Backend::CUDA>)[0m2048    6       8       128     0       0       1       1       100         0.42248     0.00024377  77965.      238.26      235.78      3.3007      12288       6           
[1m(BM_SPMM_Grid<std::complex<double>, batchlas::Backend::CUDA>)[0m2048    6       12      128     0       0       1       1       100         0.68416     0.00034116  1.1727e+05  220.70      194.65      5.3450      12288       6           
[1m(BM_SPMM_Grid<std::complex<double>, batchlas::Backend::CUDA>)[0m2048    6       25      128     0       0       1       1       100         1.5849      0.0015200   2.4383e+05  198.49      152.84      12.382      12288       6           
[1m(BM_SPMM_Grid<std::complex<double>, batchlas::Backend::CUDA>)[0m2048    8       1       128     0       0       1       1       100         0.14910     0.00018503  12936.      112.52      344.61      1.1648      16384       8           
[1m(BM_SPMM_Grid<std::complex<double>, batchlas::Backend::CUDA>)[0m2048    8       2       128     0       0       1       1       100         0.19974     0.00021520  26241.      167.99      299.23      1.5605      16384       8           
[1m(BM_SPMM_Grid<std::complex<double>, batchlas::Backend::CUDA>)[0m2048    8       4       128     0       0       1       1       100         0.33630     0.0012218   52038.      199.55      227.62      2.6273      16384       8           
[1m(BM_SPMM_Grid<std::complex<double>, batchlas::Backend::CUDA>)[0m2048    8       8       128     0       0       1       1       100         0.55209     0.00026515  1.0345e+05  243.11      199.43      4.3132      16384       8           
[1m(BM_SPMM_Grid<std::complex<double>, batchlas::Backend::CUDA>)[0m2048    8       12      128     0       0       1       1       100         0.87434     0.00035855  1.5550e+05  230.26      164.30      6.8307      16384       8           
[1m(BM_SPMM_Grid<std::complex<double>, batchlas::Backend::CUDA>)[0m2048    8       25      128     0       0       1       1       100         1.9654      0.0018531   3.2353e+05  213.40      128.58      15.355      16384       8           
[1m(BM_SPMM_Grid<std::complex<double>, batchlas::Backend::CUDA>)[0m2048    12      1       128     0       0       1       1       100         0.20237     0.00023516  19303.      124.35      357.52      1.5810      24576       12          
[1m(BM_SPMM_Grid<std::complex<double>, batchlas::Backend::CUDA>)[0m2048    12      2       128     0       0       1       1       100         0.27821     0.00028618  38932.      180.91      290.21      2.1735      24576       12          
[1m(BM_SPMM_Grid<std::complex<double>, batchlas::Backend::CUDA>)[0m2048    12      4       128     0       0       1       1       100         0.48271     0.00072873  77186.      208.54      202.02      3.7712      24576       12          
[1m(BM_SPMM_Grid<std::complex<double>, batchlas::Backend::CUDA>)[0m2048    12      8       128     0       0       1       1       100         0.81198     0.00030805  1.5393e+05  247.95      161.42      6.3436      24576       12          
[1m(BM_SPMM_Grid<std::complex<double>, batchlas::Backend::CUDA>)[0m2048    12      12      128     0       0       1       1       100         1.2617      0.0012308   2.3152e+05  239.35      130.48      9.8571      24576       12          
[1m(BM_SPMM_Grid<std::complex<double>, batchlas::Backend::CUDA>)[0m2048    12      25      128     0       0       1       1       100         2.7313      0.0016804   4.8180e+05  230.34      100.20      21.338      24576       12          
[1m(BM_SPMM_Grid<std::complex<double>, batchlas::Backend::CUDA>)[0m2048    16      1       128     0       0       1       1       100         0.26205     0.00028792  25507.      128.05      356.13      2.0473      32768       16          
[1m(BM_SPMM_Grid<std::complex<double>, batchlas::Backend::CUDA>)[0m2048    16      2       128     0       0       1       1       100         0.38283     0.0012437   51459.      175.29      265.68      2.9909      32768       16          
[1m(BM_SPMM_Grid<std::complex<double>, batchlas::Backend::CUDA>)[0m2048    16      4       128     0       0       1       1       100         0.62567     0.00088537  1.0208e+05  214.52      189.38      4.8880      32768       16          
[1m(BM_SPMM_Grid<std::complex<double>, batchlas::Backend::CUDA>)[0m2048    16      8       128     0       0       1       1       100         1.0895      0.0016005   2.0361e+05  246.38      139.55      8.5117      32768       16          
[1m(BM_SPMM_Grid<std::complex<double>, batchlas::Backend::CUDA>)[0m2048    16      12      128     0       0       1       1       100         1.6583      0.0015259   3.0628e+05  242.81      111.92      12.956      32768       16          
[1m(BM_SPMM_Grid<std::complex<double>, batchlas::Backend::CUDA>)[0m2048    16      25      128     0       0       1       1       100         3.5135      0.012856    6.3728e+05  238.75      83.862      27.449      32768       16          
2760 MHz, 62
