210 MHz, 45
[1;36mName                                              Arg0    Arg1    Arg2    Arg3    Arg4    Arg5    Arg6    Arg7    Iter        Avg(ms)     Std(ms)     chk         GFLOPS      GB/s        Time (µs) / matrixnnz/item    nnz/row     [0m
[1m(BM_SPMM_Grid<float, batchlas::Backend::CUDA>)    [0m1024    3       1       512     0       0       1       1       100         0.16235     0.00015006  1134.1      19.376      116.27      0.31709     3072        3           
[1m(BM_SPMM_Grid<float, batchlas::Backend::CUDA>)    [0m1024    3       2       512     0       0       1       1       100         0.16274     0.00028743  2210.6      38.660      141.77      0.31785     3072        3           
[1m(BM_SPMM_Grid<float, batchlas::Backend::CUDA>)    [0m1024    3       4       512     0       0       1       1       100         0.16603     0.00017562  4394.9      75.786      189.48      0.32428     3072        3           
[1m(BM_SPMM_Grid<float, batchlas::Backend::CUDA>)    [0m1024    3       8       512     0       0       1       1       100         0.25135     0.00028638  8677.2      100.12      191.91      0.49093     3072        3           
[1m(BM_SPMM_Grid<float, batchlas::Backend::CUDA>)    [0m1024    3       12      512     0       0       1       1       100         0.35079     0.0016784   13024.      107.61      185.34      0.68513     3072        3           
[1m(BM_SPMM_Grid<float, batchlas::Backend::CUDA>)    [0m1024    3       25      512     0       0       1       1       100         0.65478     0.011032    26970.      120.11      182.57      1.2789      3072        3           
[1m(BM_SPMM_Grid<float, batchlas::Backend::CUDA>)    [0m1024    6       1       512     0       0       1       1       100         0.19836     0.00034006  1921.5      31.718      158.60      0.38741     6144        6           
[1m(BM_SPMM_Grid<float, batchlas::Backend::CUDA>)    [0m1024    6       2       512     0       0       1       1       100         0.20006     0.00015256  3775.3      62.897      178.22      0.39074     6144        6           
[1m(BM_SPMM_Grid<float, batchlas::Backend::CUDA>)    [0m1024    6       4       512     0       0       1       1       100         0.29806     0.0054525   7616.2      84.431      147.76      0.58216     6144        6           
[1m(BM_SPMM_Grid<float, batchlas::Backend::CUDA>)    [0m1024    6       8       512     0       0       1       1       100         0.49104     0.0015474   15100.      102.50      123.86      0.95905     6144        6           
[1m(BM_SPMM_Grid<float, batchlas::Backend::CUDA>)    [0m1024    6       12      512     0       0       1       1       100         0.69973     0.00061398  22678.      107.90      110.90      1.3667      6144        6           
[1m(BM_SPMM_Grid<float, batchlas::Backend::CUDA>)    [0m1024    6       25      512     0       0       1       1       100         1.4247      0.033296    46974.      110.40      92.734      2.7827      6144        6           
[1m(BM_SPMM_Grid<float, batchlas::Backend::CUDA>)    [0m1024    8       1       512     0       0       1       1       100         0.22020     0.0011098   2451.3      38.096      180.96      0.43008     8192        8           
[1m(BM_SPMM_Grid<float, batchlas::Backend::CUDA>)    [0m1024    8       2       512     0       0       1       1       100         0.25296     0.0015638   4830.6      66.323      174.11      0.49407     8192        8           
[1m(BM_SPMM_Grid<float, batchlas::Backend::CUDA>)    [0m1024    8       4       512     0       0       1       1       100         0.38061     0.0011881   9744.1      88.160      137.75      0.74338     8192        8           
[1m(BM_SPMM_Grid<float, batchlas::Backend::CUDA>)    [0m1024    8       8       512     0       0       1       1       100         0.66696     0.00051594  19326.      100.62      103.77      1.3027      8192        8           
[1m(BM_SPMM_Grid<float, batchlas::Backend::CUDA>)    [0m1024    8       12      512     0       0       1       1       100         0.98197     0.022532    28999.      102.51      87.564      1.9179      8192        8           
[1m(BM_SPMM_Grid<float, batchlas::Backend::CUDA>)    [0m1024    8       25      512     0       0       1       1       100         1.9334      0.0015034   60059.      108.47      72.677      3.7761      8192        8           
[1m(BM_SPMM_Grid<float, batchlas::Backend::CUDA>)    [0m1024    12      1       512     0       0       1       1       100         0.26698     0.00025017  3521.2      47.131      212.10      0.52144     12288       12          
[1m(BM_SPMM_Grid<float, batchlas::Backend::CUDA>)    [0m1024    12      2       512     0       0       1       1       100         0.36895     0.00030252  6912.3      68.209      164.84      0.72061     12288       12          
[1m(BM_SPMM_Grid<float, batchlas::Backend::CUDA>)    [0m1024    12      4       512     0       0       1       1       100         0.56219     0.00024901  13926.      89.528      123.10      1.0980      12288       12          
[1m(BM_SPMM_Grid<float, batchlas::Backend::CUDA>)    [0m1024    12      8       512     0       0       1       1       100         1.0272      0.015478    27601.      97.999      83.709      2.0062      12288       12          
[1m(BM_SPMM_Grid<float, batchlas::Backend::CUDA>)    [0m1024    12      12      512     0       0       1       1       100         1.4568      0.012135    41478.      103.65      70.540      2.8453      12288       12          
[1m(BM_SPMM_Grid<float, batchlas::Backend::CUDA>)    [0m1024    12      25      512     0       0       1       1       100         2.9657      0.022058    85844.      106.07      53.037      5.7923      12288       12          
[1m(BM_SPMM_Grid<float, batchlas::Backend::CUDA>)    [0m1024    16      1       512     0       0       1       1       100         0.34501     0.00027101  4553.1      48.628      212.75      0.67385     16384       16          
[1m(BM_SPMM_Grid<float, batchlas::Backend::CUDA>)    [0m1024    16      2       512     0       0       1       1       100         0.48844     0.0017430   8975.8      68.698      158.87      0.95398     16384       16          
[1m(BM_SPMM_Grid<float, batchlas::Backend::CUDA>)    [0m1024    16      4       512     0       0       1       1       100         0.77309     0.024010    18039.      86.806      111.22      1.5099      16384       16          
[1m(BM_SPMM_Grid<float, batchlas::Backend::CUDA>)    [0m1024    16      8       512     0       0       1       1       100         1.4315      0.0055297   35801.      93.759      71.785      2.7959      16384       16          
[1m(BM_SPMM_Grid<float, batchlas::Backend::CUDA>)    [0m1024    16      12      512     0       0       1       1       100         1.9727      0.014101    53883.      102.05      60.596      3.8530      16384       16          
[1m(BM_SPMM_Grid<float, batchlas::Backend::CUDA>)    [0m1024    16      25      512     0       0       1       1       100         4.0366      0.0029437   1.1127e+05  103.91      43.122      7.8839      16384       16          
2775 MHz, 56
