2760 MHz, 68
[1;36mName                                              Arg0    Arg1    Arg2    Arg3    Arg4    Arg5    Arg6    Arg7    Iter        Avg(ms)     Std(ms)     chk         GFLOPS      GB/s        Time (µs) / matrixnnz/item    nnz/row     [0m
[1m(BM_SPMM_Grid<std::complex<double>, batchlas::Backend::CUDA>)[0m1024    3       1       512     0       0       1       1       100         0.17081     0.00035025  2521.9      73.666      294.68      0.33361     3072        3           
[1m(BM_SPMM_Grid<std::complex<double>, batchlas::Backend::CUDA>)[0m1024    3       2       512     0       0       1       1       100         0.17751     0.00029530  4971.2      141.77      378.07      0.34670     3072        3           
[1m(BM_SPMM_Grid<std::complex<double>, batchlas::Backend::CUDA>)[0m1024    3       4       512     0       0       1       1       100         0.29273     0.013093    9997.3      171.94      343.88      0.57174     3072        3           
[1m(BM_SPMM_Grid<std::complex<double>, batchlas::Backend::CUDA>)[0m1024    3       8       512     0       0       1       1       100         0.65024     0.0047877   19846.      154.81      258.02      1.2700      3072        3           
[1m(BM_SPMM_Grid<std::complex<double>, batchlas::Backend::CUDA>)[0m1024    3       12      512     0       0       1       1       100         1.0379      0.014984    29807.      145.49      226.31      2.0271      3072        3           
[1m(BM_SPMM_Grid<std::complex<double>, batchlas::Backend::CUDA>)[0m1024    3       25      512     0       0       1       1       100         2.0007      0.017541    61992.      157.23      226.41      3.9076      3072        3           
[1m(BM_SPMM_Grid<std::complex<double>, batchlas::Backend::CUDA>)[0m1024    6       1       512     0       0       1       1       100         0.23381     0.00042195  4875.6      107.63      349.81      0.45667     6144        6           
[1m(BM_SPMM_Grid<std::complex<double>, batchlas::Backend::CUDA>)[0m1024    6       2       512     0       0       1       1       100         0.31259     0.0010057   9659.8      161.02      315.33      0.61053     6144        6           
[1m(BM_SPMM_Grid<std::complex<double>, batchlas::Backend::CUDA>)[0m1024    6       4       512     0       0       1       1       100         0.51472     0.0010166   19555.      195.57      256.69      1.0053      6144        6           
[1m(BM_SPMM_Grid<std::complex<double>, batchlas::Backend::CUDA>)[0m1024    6       8       512     0       0       1       1       100         1.0307      0.0015756   38832.      195.33      193.30      2.0130      6144        6           
[1m(BM_SPMM_Grid<std::complex<double>, batchlas::Backend::CUDA>)[0m1024    6       12      512     0       0       1       1       100         1.5625      0.0016978   58403.      193.27      170.46      3.0518      6144        6           
[1m(BM_SPMM_Grid<std::complex<double>, batchlas::Backend::CUDA>)[0m1024    6       25      512     0       0       1       1       100         3.1749      0.0048474   1.2144e+05  198.16      152.59      6.2010      6144        6           
[1m(BM_SPMM_Grid<std::complex<double>, batchlas::Backend::CUDA>)[0m1024    8       1       512     0       0       1       1       100         0.29586     0.00035448  6455.9      113.41      347.33      0.57786     8192        8           
[1m(BM_SPMM_Grid<std::complex<double>, batchlas::Backend::CUDA>)[0m1024    8       2       512     0       0       1       1       100         0.40385     0.00028320  12841.      166.17      296.00      0.78876     8192        8           
[1m(BM_SPMM_Grid<std::complex<double>, batchlas::Backend::CUDA>)[0m1024    8       4       512     0       0       1       1       100         0.66846     0.0011309   25900.      200.79      229.02      1.3056      8192        8           
[1m(BM_SPMM_Grid<std::complex<double>, batchlas::Backend::CUDA>)[0m1024    8       8       512     0       0       1       1       100         1.2979      0.0015664   51462.      206.82      169.66      2.5349      8192        8           
[1m(BM_SPMM_Grid<std::complex<double>, batchlas::Backend::CUDA>)[0m1024    8       12      512     0       0       1       1       100         1.9490      0.025624    77375.      206.60      147.42      3.8066      8192        8           
[1m(BM_SPMM_Grid<std::complex<double>, batchlas::Backend::CUDA>)[0m1024    8       25      512     0       0       1       1       100         3.9320      0.0021112   1.6076e+05  213.34      128.54      7.6798      8192        8           
[1m(BM_SPMM_Grid<std::complex<double>, batchlas::Backend::CUDA>)[0m1024    12      1       512     0       0       1       1       100         0.40787     0.0012621   9662.0      123.40      354.78      0.79663     12288       12          
[1m(BM_SPMM_Grid<std::complex<double>, batchlas::Backend::CUDA>)[0m1024    12      2       512     0       0       1       1       100         0.58451     0.0015666   19172.      172.22      276.27      1.1416      12288       12          
[1m(BM_SPMM_Grid<std::complex<double>, batchlas::Backend::CUDA>)[0m1024    12      4       512     0       0       1       1       100         1.0154      0.025482    38680.      198.27      192.08      1.9832      12288       12          
[1m(BM_SPMM_Grid<std::complex<double>, batchlas::Backend::CUDA>)[0m1024    12      8       512     0       0       1       1       100         1.8697      0.0047953   76860.      215.36      140.21      3.6518      12288       12          
[1m(BM_SPMM_Grid<std::complex<double>, batchlas::Backend::CUDA>)[0m1024    12      12      512     0       0       1       1       100         2.7437      0.0020190   1.1558e+05  220.13      120.00      5.3589      12288       12          
[1m(BM_SPMM_Grid<std::complex<double>, batchlas::Backend::CUDA>)[0m1024    12      25      512     0       0       1       1       72          5.5701      0.0024511   2.4008e+05  225.90      98.267      10.879      12288       12          
[1m(BM_SPMM_Grid<std::complex<double>, batchlas::Backend::CUDA>)[0m1024    16      1       512     0       0       1       1       100         0.51630     0.00042647  12782.      129.98      361.51      1.0084      16384       16          
[1m(BM_SPMM_Grid<std::complex<double>, batchlas::Backend::CUDA>)[0m1024    16      2       512     0       0       1       1       100         0.74786     0.00056882  25400.      179.47      272.01      1.4607      16384       16          
[1m(BM_SPMM_Grid<std::complex<double>, batchlas::Backend::CUDA>)[0m1024    16      4       512     0       0       1       1       100         1.2569      0.0046842   51229.      213.57      188.55      2.4548      16384       16          
[1m(BM_SPMM_Grid<std::complex<double>, batchlas::Backend::CUDA>)[0m1024    16      8       512     0       0       1       1       100         2.3392      0.0014006   1.0191e+05  229.51      130.00      4.5687      16384       16          
[1m(BM_SPMM_Grid<std::complex<double>, batchlas::Backend::CUDA>)[0m1024    16      12      512     0       0       1       1       100         3.4743      0.025179    1.5324e+05  231.79      106.84      6.7858      16384       16          
[1m(BM_SPMM_Grid<std::complex<double>, batchlas::Backend::CUDA>)[0m1024    16      25      512     0       0       1       1       56          7.1802      0.0022538   3.1786e+05  233.66      82.073      14.024      16384       16          
2760 MHz, 59
