2760 MHz, 62
[1;36mName                                              Arg0    Arg1    Arg2    Arg3    Arg4    Arg5    Arg6    Arg7    Iter        Avg(ms)     Std(ms)     chk         GFLOPS      GB/s        Time (µs) / matrixnnz/item    nnz/row     [0m
[1m(BM_SPMM_Grid<std::complex<float>, batchlas::Backend::CUDA>)[0m1024    16      12      128     0       0       0       0       100         0.089696    0.00011983  25892.      2244.5      566.99      0.70075     16384       16          
[1m(BM_SPMM_Grid<std::complex<float>, batchlas::Backend::CUDA>)[0m1024    16      12      128     1       0       0       0       100         0.13741     0.00069648  25986.      1465.1      370.10      1.0735      16384       16          
[1m(BM_SPMM_Grid<std::complex<float>, batchlas::Backend::CUDA>)[0m1024    16      12      512     0       0       0       0       100         0.30333     0.00095390  25892.      2654.9      670.65      0.59243     16384       16          
[1m(BM_SPMM_Grid<std::complex<float>, batchlas::Backend::CUDA>)[0m1024    16      12      512     1       0       0       0       100         0.42148     0.0012970   25986.      1910.7      482.65      0.82320     16384       16          
[1m(BM_SPMM_Grid<std::complex<float>, batchlas::Backend::CUDA>)[0m1024    16      25      128     0       0       0       0       100         0.15865     0.00076102  54102.      2643.7      492.39      1.2395      16384       16          
[1m(BM_SPMM_Grid<std::complex<float>, batchlas::Backend::CUDA>)[0m1024    16      25      128     1       0       0       0       100         0.42709     0.0026856   54792.      982.07      182.91      3.3366      16384       16          
[1m(BM_SPMM_Grid<std::complex<float>, batchlas::Backend::CUDA>)[0m1024    16      25      512     0       0       0       0       100         0.55361     0.0074336   54102.      3030.5      564.44      1.0813      16384       16          
[1m(BM_SPMM_Grid<std::complex<float>, batchlas::Backend::CUDA>)[0m1024    16      25      512     1       0       0       0       100         1.5370      0.013634    54792.      1091.6      203.31      3.0019      16384       16          
[1m(BM_SPMM_Grid<std::complex<float>, batchlas::Backend::CUDA>)[0m1024    16      50      128     0       0       0       0       100         0.28444     0.0013858   1.0784e+05  2949.2      458.97      2.2222      16384       16          
[1m(BM_SPMM_Grid<std::complex<float>, batchlas::Backend::CUDA>)[0m1024    16      50      128     1       0       0       0       100         0.80595     0.0044277   1.0924e+05  1040.8      161.98      6.2965      16384       16          
[1m(BM_SPMM_Grid<std::complex<float>, batchlas::Backend::CUDA>)[0m1024    16      50      512     0       0       0       0       100         1.0115      0.014339    1.0784e+05  3317.4      516.27      1.9755      16384       16          
[1m(BM_SPMM_Grid<std::complex<float>, batchlas::Backend::CUDA>)[0m1024    16      50      512     1       0       0       0       100         2.8897      0.033253    1.0924e+05  1161.2      180.71      5.6439      16384       16          
[1m(BM_SPMM_Grid<std::complex<float>, batchlas::Backend::CUDA>)[0m2048    16      12      128     0       0       0       0       100         0.17138     0.00080549  52093.      2349.4      593.48      1.3389      32768       16          
[1m(BM_SPMM_Grid<std::complex<float>, batchlas::Backend::CUDA>)[0m2048    16      12      128     1       0       0       0       100         0.24633     0.0012118   52154.      1634.6      412.92      1.9244      32768       16          
[1m(BM_SPMM_Grid<std::complex<float>, batchlas::Backend::CUDA>)[0m2048    16      12      512     0       0       0       0       100         0.56801     0.0062450   52093.      2835.6      716.28      1.1094      32768       16          
[1m(BM_SPMM_Grid<std::complex<float>, batchlas::Backend::CUDA>)[0m2048    16      12      512     1       0       0       0       100         0.79674     0.0020565   52154.      2021.5      510.64      1.5561      32768       16          
[1m(BM_SPMM_Grid<std::complex<float>, batchlas::Backend::CUDA>)[0m2048    16      25      128     0       0       0       0       100         0.30074     0.00094607  1.0822e+05  2789.3      519.52      2.3495      32768       16          
[1m(BM_SPMM_Grid<std::complex<float>, batchlas::Backend::CUDA>)[0m2048    16      25      128     1       0       0       0       100         0.80171     0.0018338   1.0896e+05  1046.3      194.88      6.2634      32768       16          
[1m(BM_SPMM_Grid<std::complex<float>, batchlas::Backend::CUDA>)[0m2048    16      25      512     0       0       0       0       100         1.0750      0.0032650   1.0822e+05  3121.4      581.37      2.0996      32768       16          
[1m(BM_SPMM_Grid<std::complex<float>, batchlas::Backend::CUDA>)[0m2048    16      25      512     1       0       0       0       100         3.0257      0.027687    1.0896e+05  1109.0      206.55      5.9096      32768       16          
[1m(BM_SPMM_Grid<std::complex<float>, batchlas::Backend::CUDA>)[0m2048    16      50      128     0       0       0       0       100         0.53030     0.0068595   2.1696e+05  3163.7      492.36      4.1430      32768       16          
[1m(BM_SPMM_Grid<std::complex<float>, batchlas::Backend::CUDA>)[0m2048    16      50      128     1       0       0       0       100         1.5597      0.030907    2.1880e+05  1075.6      167.40      12.185      32768       16          
[1m(BM_SPMM_Grid<std::complex<float>, batchlas::Backend::CUDA>)[0m2048    16      50      512     0       0       0       0       100         1.9639      0.0051683   2.1696e+05  3417.1      531.79      3.8357      32768       16          
[1m(BM_SPMM_Grid<std::complex<float>, batchlas::Backend::CUDA>)[0m2048    16      50      512     1       0       0       0       70          5.7548      0.035326    2.1880e+05  1166.1      181.48      11.240      32768       16          
[1m(BM_SPMM_Grid<std::complex<float>, batchlas::Backend::CUDA>)[0m4096    16      12      128     0       0       0       0       100         0.30589     0.00078107  1.0400e+05  2632.7      665.03      2.3898      65536       16          
[1m(BM_SPMM_Grid<std::complex<float>, batchlas::Backend::CUDA>)[0m4096    16      12      128     1       0       0       0       100         0.43489     0.0014949   1.0458e+05  1851.8      467.76      3.3976      65536       16          
[1m(BM_SPMM_Grid<std::complex<float>, batchlas::Backend::CUDA>)[0m4096    16      12      512     0       0       0       0       100         1.1092      0.0036631   1.0400e+05  2904.1      733.58      2.1664      65536       16          
[1m(BM_SPMM_Grid<std::complex<float>, batchlas::Backend::CUDA>)[0m4096    16      12      512     1       0       0       0       100         1.5379      0.0061495   1.0458e+05  2094.6      529.09      3.0037      65536       16          
[1m(BM_SPMM_Grid<std::complex<float>, batchlas::Backend::CUDA>)[0m4096    16      25      128     0       0       0       0       100         0.56801     0.0083792   2.1673e+05  2953.7      550.12      4.4376      65536       16          
[1m(BM_SPMM_Grid<std::complex<float>, batchlas::Backend::CUDA>)[0m4096    16      25      128     1       0       0       0       100         1.5671      0.016050    2.1811e+05  1070.6      199.40      12.243      65536       16          
[1m(BM_SPMM_Grid<std::complex<float>, batchlas::Backend::CUDA>)[0m4096    16      25      512     0       0       0       0       100         2.1481      0.0040040   2.1673e+05  3124.1      581.86      4.1955      65536       16          
[1m(BM_SPMM_Grid<std::complex<float>, batchlas::Backend::CUDA>)[0m4096    16      25      512     1       0       0       0       67          6.0358      0.062653    2.1811e+05  1111.8      207.08      11.789      65536       16          
[1m(BM_SPMM_Grid<std::complex<float>, batchlas::Backend::CUDA>)[0m4096    16      50      128     0       0       0       0       100         1.0314      0.0053715   4.3414e+05  3253.4      506.30      8.0577      65536       16          
[1m(BM_SPMM_Grid<std::complex<float>, batchlas::Backend::CUDA>)[0m4096    16      50      128     1       0       0       0       100         3.0160      0.028898    4.3677e+05  1112.6      173.14      23.562      65536       16          
[1m(BM_SPMM_Grid<std::complex<float>, batchlas::Backend::CUDA>)[0m4096    16      50      512     0       0       0       0       100         3.9518      0.0091435   4.3414e+05  3396.4      528.56      7.7183      65536       16          
[1m(BM_SPMM_Grid<std::complex<float>, batchlas::Backend::CUDA>)[0m4096    16      50      512     1       0       0       0       35          11.712      0.087380    4.3677e+05  1146.0      178.34      22.875      65536       16          
2760 MHz, 68
