2760 MHz, 58
[1;36mName                                              Arg0    Arg1    Arg2    Arg3    Arg4    Arg5    Arg6    Arg7    Iter        Avg(ms)     Std(ms)     chk         GFLOPS      GB/s        Time (µs) / matrixnnz/item    nnz/row     [0m
[1m(BM_SPMM_Grid<std::complex<double>, batchlas::Backend::CUDA>)[0m1024    3       1       512     0       0       1       0       100         0.17135     0.00012215  2501.8      73.433      293.75      0.33467     3072        3           
[1m(BM_SPMM_Grid<std::complex<double>, batchlas::Backend::CUDA>)[0m1024    3       2       512     0       0       1       0       100         0.18406     0.00018100  4985.5      136.73      364.62      0.35949     3072        3           
[1m(BM_SPMM_Grid<std::complex<double>, batchlas::Backend::CUDA>)[0m1024    3       4       512     0       0       1       0       100         0.30050     0.00016005  9973.2      167.49      334.99      0.58692     3072        3           
[1m(BM_SPMM_Grid<std::complex<double>, batchlas::Backend::CUDA>)[0m1024    3       8       512     0       0       1       0       100         0.53614     0.0011185   19873.      187.76      312.93      1.0471      3072        3           
[1m(BM_SPMM_Grid<std::complex<double>, batchlas::Backend::CUDA>)[0m1024    3       12      512     0       0       1       0       100         0.76477     0.00026645  29814.      197.44      307.13      1.4937      3072        3           
[1m(BM_SPMM_Grid<std::complex<double>, batchlas::Backend::CUDA>)[0m1024    3       25      512     0       0       1       0       100         1.5276      0.0013571   61852.      205.92      296.53      2.9837      3072        3           
[1m(BM_SPMM_Grid<std::complex<double>, batchlas::Backend::CUDA>)[0m1024    6       1       512     0       0       1       0       100         0.24489     0.00022917  4887.6      102.76      333.99      0.47830     6144        6           
[1m(BM_SPMM_Grid<std::complex<double>, batchlas::Backend::CUDA>)[0m1024    6       2       512     0       0       1       0       100         0.31710     0.00019071  9761.0      158.73      310.84      0.61933     6144        6           
[1m(BM_SPMM_Grid<std::complex<double>, batchlas::Backend::CUDA>)[0m1024    6       4       512     0       0       1       0       100         0.54514     0.00016761  19641.      184.66      242.36      1.0647      6144        6           
[1m(BM_SPMM_Grid<std::complex<double>, batchlas::Backend::CUDA>)[0m1024    6       8       512     0       0       1       0       100         0.97361     0.015185    38905.      206.78      204.63      1.9016      6144        6           
[1m(BM_SPMM_Grid<std::complex<double>, batchlas::Backend::CUDA>)[0m1024    6       12      512     0       0       1       0       100         1.4344      0.0012575   58388.      210.53      185.68      2.8016      6144        6           
[1m(BM_SPMM_Grid<std::complex<double>, batchlas::Backend::CUDA>)[0m1024    6       25      512     0       0       1       0       100         2.8227      0.031267    1.2115e+05  222.89      171.62      5.5131      6144        6           
[1m(BM_SPMM_Grid<std::complex<double>, batchlas::Backend::CUDA>)[0m1024    8       1       512     0       0       1       0       100         0.30535     0.00023019  6451.2      109.89      336.54      0.59639     8192        8           
[1m(BM_SPMM_Grid<std::complex<double>, batchlas::Backend::CUDA>)[0m1024    8       2       512     0       0       1       0       100         0.40170     0.00019816  12868.      167.06      297.59      0.78457     8192        8           
[1m(BM_SPMM_Grid<std::complex<double>, batchlas::Backend::CUDA>)[0m1024    8       4       512     0       0       1       0       100         0.70636     0.00013099  26001.      190.01      216.74      1.3796      8192        8           
[1m(BM_SPMM_Grid<std::complex<double>, batchlas::Backend::CUDA>)[0m1024    8       8       512     0       0       1       0       100         1.2636      0.00075921  51482.      212.43      174.26      2.4680      8192        8           
[1m(BM_SPMM_Grid<std::complex<double>, batchlas::Backend::CUDA>)[0m1024    8       12      512     0       0       1       0       100         1.8140      0.00052341  77230.      221.97      158.39      3.5429      8192        8           
[1m(BM_SPMM_Grid<std::complex<double>, batchlas::Backend::CUDA>)[0m1024    8       25      512     0       0       1       0       100         3.6499      0.0010675   1.6035e+05  229.83      138.47      7.1288      8192        8           
[1m(BM_SPMM_Grid<std::complex<double>, batchlas::Backend::CUDA>)[0m1024    12      1       512     0       0       1       0       100         0.42069     0.00019494  9653.9      119.64      343.98      0.82165     12288       12          
[1m(BM_SPMM_Grid<std::complex<double>, batchlas::Backend::CUDA>)[0m1024    12      2       512     0       0       1       0       100         0.56487     0.00023241  19228.      178.21      285.88      1.1033      12288       12          
[1m(BM_SPMM_Grid<std::complex<double>, batchlas::Backend::CUDA>)[0m1024    12      4       512     0       0       1       0       100         1.0254      0.00062924  38811.      196.33      190.20      2.0028      12288       12          
[1m(BM_SPMM_Grid<std::complex<double>, batchlas::Backend::CUDA>)[0m1024    12      8       512     0       0       1       0       100         1.8428      0.00072616  76690.      218.50      142.25      3.5993      12288       12          
[1m(BM_SPMM_Grid<std::complex<double>, batchlas::Backend::CUDA>)[0m1024    12      12      512     0       0       1       0       100         2.6461      0.00072274  1.1521e+05  228.26      124.43      5.1681      12288       12          
[1m(BM_SPMM_Grid<std::complex<double>, batchlas::Backend::CUDA>)[0m1024    12      25      512     0       0       1       0       75          5.3450      0.0010789   2.3951e+05  235.42      102.41      10.439      12288       12          
[1m(BM_SPMM_Grid<std::complex<double>, batchlas::Backend::CUDA>)[0m1024    16      1       512     0       0       1       0       100         0.52586     0.00026357  12665.      127.62      354.94      1.0271      16384       16          
[1m(BM_SPMM_Grid<std::complex<double>, batchlas::Backend::CUDA>)[0m1024    16      2       512     0       0       1       0       100         0.71650     0.00021484  25335.      187.32      283.91      1.3994      16384       16          
[1m(BM_SPMM_Grid<std::complex<double>, batchlas::Backend::CUDA>)[0m1024    16      4       512     0       0       1       0       100         1.3177      0.00066063  51255.      203.72      179.84      2.5736      16384       16          
[1m(BM_SPMM_Grid<std::complex<double>, batchlas::Backend::CUDA>)[0m1024    16      8       512     0       0       1       0       100         2.3809      0.00087563  1.0142e+05  225.49      127.72      4.6503      16384       16          
[1m(BM_SPMM_Grid<std::complex<double>, batchlas::Backend::CUDA>)[0m1024    16      12      512     0       0       1       0       100         3.4310      0.00091223  1.5242e+05  234.71      108.19      6.7012      16384       16          
[1m(BM_SPMM_Grid<std::complex<double>, batchlas::Backend::CUDA>)[0m1024    16      25      512     0       0       1       0       58          6.9549      0.00085711  3.1682e+05  241.23      84.732      13.584      16384       16          
2775 MHz, 59
