2775 MHz, 58
[1;36mName                                              Arg0    Arg1    Arg2    Arg3    Arg4    Arg5    Arg6    Arg7    Iter        Avg(ms)     Std(ms)     chk         GFLOPS      GB/s        Time (µs) / matrixnnz/item    nnz/row     [0m
[1m(BM_SPMM_Grid<double, batchlas::Backend::CUDA>)   [0m2048    3       1       128     0       0       1       1       100         0.017793    2.5038e-05  2184.2      88.397      825.07      0.13901     6144        3           
[1m(BM_SPMM_Grid<double, batchlas::Backend::CUDA>)   [0m2048    3       2       128     0       0       1       1       100         0.030564    3.2575e-05  4415.0      102.92      617.55      0.23878     6144        3           
[1m(BM_SPMM_Grid<double, batchlas::Backend::CUDA>)   [0m2048    3       4       128     0       0       1       1       100         0.056513    5.4826e-05  8708.1      111.33      482.43      0.44151     6144        3           
[1m(BM_SPMM_Grid<double, batchlas::Backend::CUDA>)   [0m2048    3       8       128     0       0       1       1       100         0.10904     0.00026358  17237.      115.39      403.88      0.85191     6144        3           
[1m(BM_SPMM_Grid<double, batchlas::Backend::CUDA>)   [0m2048    3       12      128     0       0       1       1       100         0.16511     0.00047768  25776.      114.31      368.34      1.2899      6144        3           
[1m(BM_SPMM_Grid<double, batchlas::Backend::CUDA>)   [0m2048    3       25      128     0       0       1       1       100         0.51219     0.0010967   53575.      76.771      225.20      4.0015      6144        3           
[1m(BM_SPMM_Grid<double, batchlas::Backend::CUDA>)   [0m2048    6       1       128     0       0       1       1       100         0.036034    4.1559e-05  3800.0      87.298      669.30      0.28152     12288       6           
[1m(BM_SPMM_Grid<double, batchlas::Backend::CUDA>)   [0m2048    6       2       128     0       0       1       1       100         0.064399    6.5900e-05  7646.0      97.694      439.63      0.50312     12288       6           
[1m(BM_SPMM_Grid<double, batchlas::Backend::CUDA>)   [0m2048    6       4       128     0       0       1       1       100         0.11715     0.00033503  15264.      107.41      313.28      0.91523     12288       6           
[1m(BM_SPMM_Grid<double, batchlas::Backend::CUDA>)   [0m2048    6       8       128     0       0       1       1       100         0.22552     0.00031183  30180.      111.59      237.13      1.7619      12288       6           
[1m(BM_SPMM_Grid<double, batchlas::Backend::CUDA>)   [0m2048    6       12      128     0       0       1       1       100         0.34167     0.00057751  45196.      110.48      205.62      2.6693      12288       6           
[1m(BM_SPMM_Grid<double, batchlas::Backend::CUDA>)   [0m2048    6       25      128     0       0       1       1       100         0.91622     0.0011099   93999.      85.834      136.19      7.1580      12288       6           
[1m(BM_SPMM_Grid<double, batchlas::Backend::CUDA>)   [0m2048    8       1       128     0       0       1       1       100         0.053227    7.1225e-05  4904.7      78.800      571.31      0.41584     16384       8           
[1m(BM_SPMM_Grid<double, batchlas::Backend::CUDA>)   [0m2048    8       2       128     0       0       1       1       100         0.091049    0.00012158  9836.0      92.133      380.05      0.71132     16384       8           
[1m(BM_SPMM_Grid<double, batchlas::Backend::CUDA>)   [0m2048    8       4       128     0       0       1       1       100         0.16000     0.00036374  19577.      104.86      268.70      1.2500      16384       8           
[1m(BM_SPMM_Grid<double, batchlas::Backend::CUDA>)   [0m2048    8       8       128     0       0       1       1       100         0.31369     0.00044590  38707.      106.97      190.54      2.4507      16384       8           
[1m(BM_SPMM_Grid<double, batchlas::Backend::CUDA>)   [0m2048    8       12      128     0       0       1       1       100         0.46803     0.00065053  58001.      107.54      163.55      3.6565      16384       8           
[1m(BM_SPMM_Grid<double, batchlas::Backend::CUDA>)   [0m2048    8       25      128     0       0       1       1       100         1.1763      0.0048291   1.2049e+05  89.143      111.43      9.1898      16384       8           
[1m(BM_SPMM_Grid<double, batchlas::Backend::CUDA>)   [0m2048    12      1       128     0       0       1       1       100         0.093943    0.00012951  6993.3      66.971      457.64      0.73393     24576       12          
[1m(BM_SPMM_Grid<double, batchlas::Backend::CUDA>)   [0m2048    12      2       128     0       0       1       1       100         0.14969     0.00050175  14069.      84.062      315.24      1.1694      24576       12          
[1m(BM_SPMM_Grid<double, batchlas::Backend::CUDA>)   [0m2048    12      4       128     0       0       1       1       100         0.25533     0.00053827  27903.      98.561      217.66      1.9948      24576       12          
[1m(BM_SPMM_Grid<double, batchlas::Backend::CUDA>)   [0m2048    12      8       128     0       0       1       1       100         0.49050     0.00065098  55379.      102.61      147.51      3.8320      24576       12          
[1m(BM_SPMM_Grid<double, batchlas::Backend::CUDA>)   [0m2048    12      12      128     0       0       1       1       100         0.75680     0.00072753  82961.      99.759      117.77      5.9125      24576       12          
[1m(BM_SPMM_Grid<double, batchlas::Backend::CUDA>)   [0m2048    12      25      128     0       0       1       1       100         1.7151      0.0059534   1.7226e+05  91.707      83.759      13.399      24576       12          
[1m(BM_SPMM_Grid<double, batchlas::Backend::CUDA>)   [0m2048    16      1       128     0       0       1       1       100         0.13966     0.00046021  9037.6      60.066      397.94      1.0911      32768       16          
[1m(BM_SPMM_Grid<double, batchlas::Backend::CUDA>)   [0m2048    16      2       128     0       0       1       1       100         0.21697     0.00069986  18192.      77.325      275.47      1.6951      32768       16          
[1m(BM_SPMM_Grid<double, batchlas::Backend::CUDA>)   [0m2048    16      4       128     0       0       1       1       100         0.36690     0.00080743  36075.      91.453      185.77      2.8664      32768       16          
[1m(BM_SPMM_Grid<double, batchlas::Backend::CUDA>)   [0m2048    16      8       128     0       0       1       1       100         0.69828     0.0011399   71726.      96.106      121.63      5.4553      32768       16          
[1m(BM_SPMM_Grid<double, batchlas::Backend::CUDA>)   [0m2048    16      12      128     0       0       1       1       100         1.0585      0.012240    1.0758e+05  95.097      96.088      8.2698      32768       16          
[1m(BM_SPMM_Grid<double, batchlas::Backend::CUDA>)   [0m2048    16      25      128     0       0       1       1       100         2.2177      0.0058771   2.2318e+05  94.565      70.451      17.326      32768       16          
2775 MHz, 58
