2775 MHz, 57
[1;36mName                                              Arg0    Arg1    Arg2    Arg3    Arg4    Arg5    Arg6    Arg7    Iter        Avg(ms)     Std(ms)     chk         GFLOPS      GB/s        Time (µs) / matrixnnz/item    nnz/row     [0m
[1m(BM_SPMM_Grid<std::complex<double>, batchlas::Backend::CUDA>)[0m1024    3       1       8       0       0       0       0       100         0.016898    2.1574e-05  949.62      11.635      46.543      2.1122      3072        3           
[1m(BM_SPMM_Grid<std::complex<double>, batchlas::Backend::CUDA>)[0m1024    3       1       8       0       0       1       0       100         0.017104    2.8311e-05  2501.8      11.495      45.982      2.1380      3072        3           
[1m(BM_SPMM_Grid<std::complex<double>, batchlas::Backend::CUDA>)[0m1024    3       1       32      0       0       0       0       100         0.025466    2.5233e-05  949.62      30.882      123.53      0.79580     3072        3           
[1m(BM_SPMM_Grid<std::complex<double>, batchlas::Backend::CUDA>)[0m1024    3       1       32      0       0       1       0       100         0.029659    0.00089520  2501.8      26.516      106.07      0.92685     3072        3           
[1m(BM_SPMM_Grid<std::complex<double>, batchlas::Backend::CUDA>)[0m1024    3       1       64      0       0       0       0       100         0.040381    7.1845e-05  949.62      38.950      155.81      0.63096     3072        3           
[1m(BM_SPMM_Grid<std::complex<double>, batchlas::Backend::CUDA>)[0m1024    3       1       64      0       0       1       0       100         0.040508    0.00014284  2501.8      38.828      155.32      0.63294     3072        3           
[1m(BM_SPMM_Grid<std::complex<double>, batchlas::Backend::CUDA>)[0m1024    3       1       128     0       0       0       0       100         0.055762    0.0010162   949.62      56.413      225.66      0.43564     3072        3           
[1m(BM_SPMM_Grid<std::complex<double>, batchlas::Backend::CUDA>)[0m1024    3       1       128     0       0       1       0       100         0.052530    3.1747e-05  2501.8      59.885      239.55      0.41039     3072        3           
[1m(BM_SPMM_Grid<std::complex<double>, batchlas::Backend::CUDA>)[0m1024    3       1       256     0       0       0       0       100         0.091872    0.00012048  949.62      68.481      273.93      0.35888     3072        3           
[1m(BM_SPMM_Grid<std::complex<double>, batchlas::Backend::CUDA>)[0m1024    3       1       256     0       0       1       0       100         0.091859    3.4275e-05  2501.8      68.490      273.97      0.35883     3072        3           
[1m(BM_SPMM_Grid<std::complex<double>, batchlas::Backend::CUDA>)[0m1024    3       1       512     0       0       0       0       100         0.17194     0.00013824  949.62      73.181      292.73      0.33583     3072        3           
[1m(BM_SPMM_Grid<std::complex<double>, batchlas::Backend::CUDA>)[0m1024    3       1       512     0       0       1       0       100         0.17182     0.00011807  2501.8      73.235      292.95      0.33558     3072        3           
[1m(BM_SPMM_Grid<std::complex<double>, batchlas::Backend::CUDA>)[0m1024    3       1       1024    0       0       0       0       100         0.33257     0.00022272  949.62      75.671      302.70      0.32477     3072        3           
[1m(BM_SPMM_Grid<std::complex<double>, batchlas::Backend::CUDA>)[0m1024    3       1       1024    0       0       1       0       100         0.33258     0.0022153   2501.8      75.670      302.69      0.32478     3072        3           
[1m(BM_SPMM_Grid<std::complex<double>, batchlas::Backend::CUDA>)[0m1024    3       2       8       0       0       0       0       100         0.017789    3.0903e-05  1907.9      22.105      58.948      2.2236      3072        3           
[1m(BM_SPMM_Grid<std::complex<double>, batchlas::Backend::CUDA>)[0m1024    3       2       8       0       0       1       0       100         0.017891    2.6472e-05  4985.5      21.979      58.611      2.2364      3072        3           
[1m(BM_SPMM_Grid<std::complex<double>, batchlas::Backend::CUDA>)[0m1024    3       2       32      0       0       0       0       100         0.028024    3.4417e-05  1907.9      56.126      149.67      0.87575     3072        3           
[1m(BM_SPMM_Grid<std::complex<double>, batchlas::Backend::CUDA>)[0m1024    3       2       32      0       0       1       0       100         0.031479    0.0016288   4985.5      49.965      133.24      0.98372     3072        3           
[1m(BM_SPMM_Grid<std::complex<double>, batchlas::Backend::CUDA>)[0m1024    3       2       64      0       0       0       0       100         0.038461    0.0022319   1907.9      81.789      218.11      0.60096     3072        3           
[1m(BM_SPMM_Grid<std::complex<double>, batchlas::Backend::CUDA>)[0m1024    3       2       64      0       0       1       0       100         0.037815    4.0769e-05  4985.5      83.188      221.84      0.59086     3072        3           
[1m(BM_SPMM_Grid<std::complex<double>, batchlas::Backend::CUDA>)[0m1024    3       2       128     0       0       0       0       100         0.057214    0.00023229  1907.9      109.96      293.24      0.44699     3072        3           
[1m(BM_SPMM_Grid<std::complex<double>, batchlas::Backend::CUDA>)[0m1024    3       2       128     0       0       1       0       100         0.057656    0.00023762  4985.5      109.12      291.00      0.45044     3072        3           
[1m(BM_SPMM_Grid<std::complex<double>, batchlas::Backend::CUDA>)[0m1024    3       2       256     0       0       0       0       100         0.099043    0.00021763  1907.9      127.05      338.80      0.38689     3072        3           
[1m(BM_SPMM_Grid<std::complex<double>, batchlas::Backend::CUDA>)[0m1024    3       2       256     0       0       1       0       100         0.099182    0.00011689  4985.5      126.87      338.32      0.38743     3072        3           
[1m(BM_SPMM_Grid<std::complex<double>, batchlas::Backend::CUDA>)[0m1024    3       2       512     0       0       0       0       100         0.18420     0.00020593  1907.9      136.62      364.34      0.35976     3072        3           
[1m(BM_SPMM_Grid<std::complex<double>, batchlas::Backend::CUDA>)[0m1024    3       2       512     0       0       1       0       100         0.18512     0.0021007   4985.5      135.94      362.52      0.36156     3072        3           
[1m(BM_SPMM_Grid<std::complex<double>, batchlas::Backend::CUDA>)[0m1024    3       2       1024    0       0       0       0       100         0.35583     0.00057935  1907.9      141.45      377.21      0.34749     3072        3           
[1m(BM_SPMM_Grid<std::complex<double>, batchlas::Backend::CUDA>)[0m1024    3       2       1024    0       0       1       0       100         0.35740     0.00058727  4985.5      140.83      375.55      0.34903     3072        3           
2775 MHz, 55
