2760 MHz, 59
[1;36mName                                              Arg0    Arg1    Arg2    Arg3    Arg4    Arg5    Arg6    Arg7    Iter        Avg(ms)     Std(ms)     chk         GFLOPS      GB/s        Time (µs) / matrixnnz/item    nnz/row     [0m
[1m(BM_SPMM_Grid<std::complex<float>, batchlas::Backend::CUDA>)[0m1024    3       1       8       0       0       0       0       100         0.0030119   5.4355e-05  949.62      65.276      152.32      0.37649     3072        3           
[1m(BM_SPMM_Grid<std::complex<float>, batchlas::Backend::CUDA>)[0m1024    3       1       8       0       0       1       0       100         0.0029390   2.6152e-05  2501.8      66.896      156.10      0.36738     3072        3           
[1m(BM_SPMM_Grid<std::complex<float>, batchlas::Backend::CUDA>)[0m1024    3       1       32      0       0       0       0       100         0.0029268   5.1331e-05  949.62      268.70      627.01      0.091462    3072        3           
[1m(BM_SPMM_Grid<std::complex<float>, batchlas::Backend::CUDA>)[0m1024    3       1       32      0       0       1       0       100         0.0033417   2.0689e-06  2501.8      235.34      549.16      0.10443     3072        3           
[1m(BM_SPMM_Grid<std::complex<float>, batchlas::Backend::CUDA>)[0m1024    3       1       64      0       0       0       0       100         0.0029406   3.7165e-05  949.62      534.89      1248.2      0.045946    3072        3           
[1m(BM_SPMM_Grid<std::complex<float>, batchlas::Backend::CUDA>)[0m1024    3       1       64      0       0       1       0       100         0.0037214   1.8533e-06  2501.8      422.65      986.25      0.058147    3072        3           
[1m(BM_SPMM_Grid<std::complex<float>, batchlas::Backend::CUDA>)[0m1024    3       1       128     0       0       0       0       100         0.0034219   2.3739e-05  949.62      919.29      2145.2      0.026734    3072        3           
[1m(BM_SPMM_Grid<std::complex<float>, batchlas::Backend::CUDA>)[0m1024    3       1       128     0       0       1       0       100         0.0049032   2.2152e-06  2501.8      641.56      1497.1      0.038306    3072        3           
[1m(BM_SPMM_Grid<std::complex<float>, batchlas::Backend::CUDA>)[0m1024    3       1       256     0       0       0       0       100         0.0048368   3.0205e-06  949.62      1300.7      3035.3      0.018894    3072        3           
[1m(BM_SPMM_Grid<std::complex<float>, batchlas::Backend::CUDA>)[0m1024    3       1       256     0       0       1       0       100         0.0076119   3.4872e-06  2501.8      826.53      1928.7      0.029734    3072        3           
[1m(BM_SPMM_Grid<std::complex<float>, batchlas::Backend::CUDA>)[0m1024    3       1       512     0       0       0       0       100         0.0075509   8.0844e-05  949.62      1666.4      3888.6      0.014748    3072        3           
[1m(BM_SPMM_Grid<std::complex<float>, batchlas::Backend::CUDA>)[0m1024    3       1       512     0       0       1       0       100         0.013134    1.5265e-05  2501.8      958.03      2235.6      0.025653    3072        3           
[1m(BM_SPMM_Grid<std::complex<float>, batchlas::Backend::CUDA>)[0m1024    3       1       1024    0       0       0       0       100         0.013319    4.3847e-05  949.62      1889.5      4409.1      0.013007    3072        3           
[1m(BM_SPMM_Grid<std::complex<float>, batchlas::Backend::CUDA>)[0m1024    3       1       1024    0       0       1       0       100         0.024315    0.00015045  2501.8      1035.0      2415.1      0.023745    3072        3           
[1m(BM_SPMM_Grid<std::complex<float>, batchlas::Backend::CUDA>)[0m1024    3       2       8       0       0       0       0       100         0.0031364   0.00047721  1907.9      125.37      188.07      0.39205     3072        3           
[1m(BM_SPMM_Grid<std::complex<float>, batchlas::Backend::CUDA>)[0m1024    3       2       8       0       0       1       0       100         0.0029708   9.4956e-06  4985.5      132.36      198.55      0.37135     3072        3           
[1m(BM_SPMM_Grid<std::complex<float>, batchlas::Backend::CUDA>)[0m1024    3       2       32      0       0       0       0       100         0.0029455   0.00014032  1907.9      534.00      801.04      0.092045    3072        3           
[1m(BM_SPMM_Grid<std::complex<float>, batchlas::Backend::CUDA>)[0m1024    3       2       32      0       0       1       0       100         0.0038043   2.1614e-06  4985.5      413.45      620.21      0.11888     3072        3           
[1m(BM_SPMM_Grid<std::complex<float>, batchlas::Backend::CUDA>)[0m1024    3       2       64      0       0       0       0       100         0.0029765   2.4677e-05  1907.9      1056.9      1585.4      0.046508    3072        3           
[1m(BM_SPMM_Grid<std::complex<float>, batchlas::Backend::CUDA>)[0m1024    3       2       64      0       0       1       0       100         0.0046980   1.7332e-06  4985.5      669.58      1004.4      0.073407    3072        3           
[1m(BM_SPMM_Grid<std::complex<float>, batchlas::Backend::CUDA>)[0m1024    3       2       128     0       0       0       0       100         0.0038180   0.00012462  1907.9      1647.8      2471.9      0.029828    3072        3           
[1m(BM_SPMM_Grid<std::complex<float>, batchlas::Backend::CUDA>)[0m1024    3       2       128     0       0       1       0       100         0.0063754   2.8087e-06  4985.5      986.83      1480.3      0.049808    3072        3           
[1m(BM_SPMM_Grid<std::complex<float>, batchlas::Backend::CUDA>)[0m1024    3       2       256     0       0       0       0       100         0.0055177   6.1813e-05  1907.9      2280.5      3420.9      0.021554    3072        3           
[1m(BM_SPMM_Grid<std::complex<float>, batchlas::Backend::CUDA>)[0m1024    3       2       256     0       0       1       0       100         0.010223    1.9125e-05  4985.5      1230.8      1846.3      0.039935    3072        3           
[1m(BM_SPMM_Grid<std::complex<float>, batchlas::Backend::CUDA>)[0m1024    3       2       512     0       0       0       0       100         0.0088756   0.00011230  1907.9      2835.4      4253.3      0.017335    3072        3           
[1m(BM_SPMM_Grid<std::complex<float>, batchlas::Backend::CUDA>)[0m1024    3       2       512     0       0       1       0       100         0.019481    2.3884e-05  4985.5      1291.8      1937.8      0.038049    3072        3           
[1m(BM_SPMM_Grid<std::complex<float>, batchlas::Backend::CUDA>)[0m1024    3       2       1024    0       0       0       0       100         0.024025    9.3671e-05  1907.9      2095.0      3142.7      0.023462    3072        3           
[1m(BM_SPMM_Grid<std::complex<float>, batchlas::Backend::CUDA>)[0m1024    3       2       1024    0       0       1       0       100         0.038878    0.00022297  4985.5      1294.6      1942.0      0.037967    3072        3           
2760 MHz, 62
