2775 MHz, 58
[1;36mName                                              Arg0    Arg1    Arg2    Arg3    Arg4    Arg5    Arg6    Arg7    Iter        Avg(ms)     Std(ms)     chk         GFLOPS      GB/s        Time (µs) / matrixnnz/item    nnz/row     [0m
[1m(BM_SPMM_Grid<double, batchlas::Backend::CUDA>)   [0m1024    3       1       8       0       0       0       0       100         0.016373    8.1816e-05  440.70      3.0020      28.021      2.0466      3072        3           
[1m(BM_SPMM_Grid<double, batchlas::Backend::CUDA>)   [0m1024    3       1       8       0       0       1       0       100         0.016502    0.00081443  1134.1      2.9786      27.802      2.0627      3072        3           
[1m(BM_SPMM_Grid<double, batchlas::Backend::CUDA>)   [0m1024    3       1       32      0       0       0       0       100         0.023309    0.0014782   440.70      8.4348      78.730      0.72841     3072        3           
[1m(BM_SPMM_Grid<double, batchlas::Backend::CUDA>)   [0m1024    3       1       32      0       0       1       0       100         0.021825    5.2816e-05  1134.1      9.0084      84.084      0.68203     3072        3           
[1m(BM_SPMM_Grid<double, batchlas::Backend::CUDA>)   [0m1024    3       1       64      0       0       0       0       100         0.032645    0.0024013   440.70      12.045      112.43      0.51008     3072        3           
[1m(BM_SPMM_Grid<double, batchlas::Backend::CUDA>)   [0m1024    3       1       64      0       0       1       0       100         0.031265    0.00043053  1134.1      12.577      117.39      0.48852     3072        3           
[1m(BM_SPMM_Grid<double, batchlas::Backend::CUDA>)   [0m1024    3       1       128     0       0       0       0       100         0.049510    0.00021601  440.70      15.884      148.26      0.38680     3072        3           
[1m(BM_SPMM_Grid<double, batchlas::Backend::CUDA>)   [0m1024    3       1       128     0       0       1       0       100         0.050099    4.6878e-05  1134.1      15.698      146.52      0.39139     3072        3           
[1m(BM_SPMM_Grid<double, batchlas::Backend::CUDA>)   [0m1024    3       1       256     0       0       0       0       100         0.087585    4.9308e-05  440.70      17.958      167.62      0.34213     3072        3           
[1m(BM_SPMM_Grid<double, batchlas::Backend::CUDA>)   [0m1024    3       1       256     0       0       1       0       100         0.087596    3.5078e-05  1134.1      17.956      167.60      0.34217     3072        3           
[1m(BM_SPMM_Grid<double, batchlas::Backend::CUDA>)   [0m1024    3       1       512     0       0       0       0       100         0.16514     0.00013414  440.70      19.049      177.81      0.32253     3072        3           
[1m(BM_SPMM_Grid<double, batchlas::Backend::CUDA>)   [0m1024    3       1       512     0       0       1       0       100         0.16486     0.00012859  1134.1      19.081      178.11      0.32199     3072        3           
[1m(BM_SPMM_Grid<double, batchlas::Backend::CUDA>)   [0m1024    3       1       1024    0       0       0       0       100         0.32092     0.00017430  440.70      19.605      182.99      0.31340     3072        3           
[1m(BM_SPMM_Grid<double, batchlas::Backend::CUDA>)   [0m1024    3       1       1024    0       0       1       0       100         0.32045     0.00017001  1134.1      19.633      183.25      0.31294     3072        3           
[1m(BM_SPMM_Grid<double, batchlas::Backend::CUDA>)   [0m1024    3       2       8       0       0       0       0       100         0.016736    2.7837e-05  874.68      5.8737      35.244      2.0921      3072        3           
[1m(BM_SPMM_Grid<double, batchlas::Backend::CUDA>)   [0m1024    3       2       8       0       0       1       0       100         0.016870    2.4076e-05  2210.6      5.8272      34.965      2.1087      3072        3           
[1m(BM_SPMM_Grid<double, batchlas::Backend::CUDA>)   [0m1024    3       2       32      0       0       0       0       100         0.022812    3.1472e-05  874.68      17.237      103.43      0.71289     3072        3           
[1m(BM_SPMM_Grid<double, batchlas::Backend::CUDA>)   [0m1024    3       2       32      0       0       1       0       100         0.023154    2.6491e-05  2210.6      16.983      101.90      0.72355     3072        3           
[1m(BM_SPMM_Grid<double, batchlas::Backend::CUDA>)   [0m1024    3       2       64      0       0       0       0       100         0.032700    3.6760e-05  874.68      24.050      144.31      0.51094     3072        3           
[1m(BM_SPMM_Grid<double, batchlas::Backend::CUDA>)   [0m1024    3       2       64      0       0       1       0       100         0.032811    3.4382e-05  2210.6      23.968      143.82      0.51267     3072        3           
[1m(BM_SPMM_Grid<double, batchlas::Backend::CUDA>)   [0m1024    3       2       128     0       0       0       0       100         0.051095    3.8420e-05  874.68      30.783      184.71      0.39918     3072        3           
[1m(BM_SPMM_Grid<double, batchlas::Backend::CUDA>)   [0m1024    3       2       128     0       0       1       0       100         0.051233    4.0425e-05  2210.6      30.700      184.21      0.40026     3072        3           
[1m(BM_SPMM_Grid<double, batchlas::Backend::CUDA>)   [0m1024    3       2       256     0       0       0       0       100         0.089389    4.4973e-05  874.68      35.191      211.16      0.34918     3072        3           
[1m(BM_SPMM_Grid<double, batchlas::Backend::CUDA>)   [0m1024    3       2       256     0       0       1       0       100         0.089511    0.00016517  2210.6      35.143      210.87      0.34965     3072        3           
[1m(BM_SPMM_Grid<double, batchlas::Backend::CUDA>)   [0m1024    3       2       512     0       0       0       0       100         0.16708     0.00015047  874.68      37.656      225.95      0.32632     3072        3           
[1m(BM_SPMM_Grid<double, batchlas::Backend::CUDA>)   [0m1024    3       2       512     0       0       1       0       100         0.16690     0.00015472  2210.6      37.696      226.19      0.32598     3072        3           
[1m(BM_SPMM_Grid<double, batchlas::Backend::CUDA>)   [0m1024    3       2       1024    0       0       0       0       100         0.32311     0.00099669  874.68      38.943      233.67      0.31554     3072        3           
[1m(BM_SPMM_Grid<double, batchlas::Backend::CUDA>)   [0m1024    3       2       1024    0       0       1       0       100         0.32269     0.00019390  2210.6      38.994      233.98      0.31513     3072        3           
2775 MHz, 53
