2775 MHz, 56
[1;36mName                                              Arg0    Arg1    Arg2    Arg3    Arg4    Arg5    Arg6    Arg7    Iter        Avg(ms)     Std(ms)     chk         GFLOPS      GB/s        Time (µs) / matrixnnz/item    nnz/row     [0m
[1m(BM_SPMM_Grid<std::complex<double>, batchlas::Backend::CUDA>)[0m1024    3       1       8       0       0       0       0       100         0.0037762   9.1959e-05  949.62      52.065      208.27      0.47202     3072        3           
[1m(BM_SPMM_Grid<std::complex<double>, batchlas::Backend::CUDA>)[0m1024    3       1       8       0       0       1       0       100         0.0048757   2.4680e-06  2501.8      40.324      161.30      0.60946     3072        3           
[1m(BM_SPMM_Grid<std::complex<double>, batchlas::Backend::CUDA>)[0m1024    3       1       32      0       0       0       0       100         0.0042082   9.3198e-05  949.62      186.88      747.55      0.13151     3072        3           
[1m(BM_SPMM_Grid<std::complex<double>, batchlas::Backend::CUDA>)[0m1024    3       1       32      0       0       1       0       100         0.0074795   1.8110e-06  2501.8      105.14      420.59      0.23374     3072        3           
[1m(BM_SPMM_Grid<std::complex<double>, batchlas::Backend::CUDA>)[0m1024    3       1       64      0       0       0       0       100         0.0065666   1.4516e-06  949.62      239.52      958.14      0.10260     3072        3           
[1m(BM_SPMM_Grid<std::complex<double>, batchlas::Backend::CUDA>)[0m1024    3       1       64      0       0       1       0       100         0.011866    6.0882e-05  2501.8      132.55      530.22      0.18541     3072        3           
[1m(BM_SPMM_Grid<std::complex<double>, batchlas::Backend::CUDA>)[0m1024    3       1       128     0       0       0       0       100         0.011075    6.2342e-06  949.62      284.03      1136.2      0.086525    3072        3           
[1m(BM_SPMM_Grid<std::complex<double>, batchlas::Backend::CUDA>)[0m1024    3       1       128     0       0       1       0       100         0.020714    9.1287e-06  2501.8      151.86      607.48      0.16183     3072        3           
[1m(BM_SPMM_Grid<std::complex<double>, batchlas::Backend::CUDA>)[0m1024    3       1       256     0       0       0       0       100         0.019389    1.2232e-05  949.62      324.48      1298.0      0.075739    3072        3           
[1m(BM_SPMM_Grid<std::complex<double>, batchlas::Backend::CUDA>)[0m1024    3       1       256     0       0       1       0       100         0.041546    4.2890e-05  2501.8      151.43      605.75      0.16229     3072        3           
[1m(BM_SPMM_Grid<std::complex<double>, batchlas::Backend::CUDA>)[0m1024    3       1       512     0       0       0       0       100         0.035771    1.2207e-05  949.62      351.76      1407.1      0.069866    3072        3           
[1m(BM_SPMM_Grid<std::complex<double>, batchlas::Backend::CUDA>)[0m1024    3       1       512     0       0       1       0       100         0.075624    0.00022110  2501.8      166.39      665.58      0.14770     3072        3           
[1m(BM_SPMM_Grid<std::complex<double>, batchlas::Backend::CUDA>)[0m1024    3       1       1024    0       0       0       0       100         0.11626     0.00018165  949.62      216.46      865.86      0.11354     3072        3           
[1m(BM_SPMM_Grid<std::complex<double>, batchlas::Backend::CUDA>)[0m1024    3       1       1024    0       0       1       0       100         0.14936     0.00095507  2501.8      168.49      674.00      0.14586     3072        3           
[1m(BM_SPMM_Grid<std::complex<double>, batchlas::Backend::CUDA>)[0m1024    3       2       8       0       0       0       0       100         0.0029485   5.5454e-05  1907.9      133.36      355.64      0.36856     3072        3           
[1m(BM_SPMM_Grid<std::complex<double>, batchlas::Backend::CUDA>)[0m1024    3       2       8       0       0       1       0       100         0.0050746   3.8019e-05  4985.5      77.487      206.64      0.63433     3072        3           
[1m(BM_SPMM_Grid<std::complex<double>, batchlas::Backend::CUDA>)[0m1024    3       2       32      0       0       0       0       100         0.0047055   9.8760e-07  1907.9      334.26      891.40      0.14705     3072        3           
[1m(BM_SPMM_Grid<std::complex<double>, batchlas::Backend::CUDA>)[0m1024    3       2       32      0       0       1       0       100         0.0080195   9.1349e-06  4985.5      196.13      523.03      0.25061     3072        3           
[1m(BM_SPMM_Grid<std::complex<double>, batchlas::Backend::CUDA>)[0m1024    3       2       64      0       0       0       0       100         0.0074416   9.2647e-07  1907.9      422.72      1127.3      0.11627     3072        3           
[1m(BM_SPMM_Grid<std::complex<double>, batchlas::Backend::CUDA>)[0m1024    3       2       64      0       0       1       0       100         0.012441    7.1119e-06  4985.5      252.85      674.28      0.19439     3072        3           
[1m(BM_SPMM_Grid<std::complex<double>, batchlas::Backend::CUDA>)[0m1024    3       2       128     0       0       0       0       100         0.012827    7.0192e-06  1907.9      490.50      1308.0      0.10021     3072        3           
[1m(BM_SPMM_Grid<std::complex<double>, batchlas::Backend::CUDA>)[0m1024    3       2       128     0       0       1       0       100         0.021876    1.0285e-05  4985.5      287.60      766.96      0.17090     3072        3           
[1m(BM_SPMM_Grid<std::complex<double>, batchlas::Backend::CUDA>)[0m1024    3       2       256     0       0       0       0       100         0.022862    1.1112e-05  1907.9      550.38      1467.7      0.089306    3072        3           
[1m(BM_SPMM_Grid<std::complex<double>, batchlas::Backend::CUDA>)[0m1024    3       2       256     0       0       1       0       100         0.044156    0.00013550  4985.5      284.97      759.93      0.17248     3072        3           
[1m(BM_SPMM_Grid<std::complex<double>, batchlas::Backend::CUDA>)[0m1024    3       2       512     0       0       0       0       100         0.042338    1.4540e-05  1907.9      594.40      1585.1      0.082692    3072        3           
[1m(BM_SPMM_Grid<std::complex<double>, batchlas::Backend::CUDA>)[0m1024    3       2       512     0       0       1       0       100         0.080806    5.7959e-05  4985.5      311.44      830.52      0.15782     3072        3           
[1m(BM_SPMM_Grid<std::complex<double>, batchlas::Backend::CUDA>)[0m1024    3       2       1024    0       0       0       0       100         0.15274     0.00019178  1907.9      329.53      878.78      0.14916     3072        3           
[1m(BM_SPMM_Grid<std::complex<double>, batchlas::Backend::CUDA>)[0m1024    3       2       1024    0       0       1       0       100         0.17163     0.00025403  4985.5      293.26      782.05      0.16760     3072        3           
2775 MHz, 62
