2775 MHz, 60
[1;36mName                                              Arg0    Arg1    Arg2    Arg3    Arg4    Arg5    Arg6    Arg7    Iter        Avg(ms)     Std(ms)     chk         GFLOPS      GB/s        Time (µs) / matrixnnz/item    nnz/row     [0m
[1m(BM_SPMM_Grid<float, batchlas::Backend::CUDA>)    [0m1024    3       1       8       0       0       0       1       100         0.019420    0.00071277  458.72      2.5310      15.187      2.4275      3072        3           
[1m(BM_SPMM_Grid<float, batchlas::Backend::CUDA>)    [0m1024    3       1       8       0       0       1       1       100         0.019511    3.9777e-05  1134.1      2.5192      15.117      2.4389      3072        3           
[1m(BM_SPMM_Grid<float, batchlas::Backend::CUDA>)    [0m1024    3       1       32      0       0       0       1       100         0.025907    0.00060346  458.72      7.5891      45.540      0.80958     3072        3           
[1m(BM_SPMM_Grid<float, batchlas::Backend::CUDA>)    [0m1024    3       1       32      0       0       1       1       100         0.021709    3.3365e-05  1134.1      9.0565      54.345      0.67840     3072        3           
[1m(BM_SPMM_Grid<float, batchlas::Backend::CUDA>)    [0m1024    3       1       64      0       0       0       1       100         0.030015    4.0983e-05  458.72      13.101      78.613      0.46898     3072        3           
[1m(BM_SPMM_Grid<float, batchlas::Backend::CUDA>)    [0m1024    3       1       64      0       0       1       1       100         0.030049    2.1237e-05  1134.1      13.086      78.523      0.46952     3072        3           
[1m(BM_SPMM_Grid<float, batchlas::Backend::CUDA>)    [0m1024    3       1       128     0       0       0       1       100         0.052064    8.7927e-05  458.72      15.105      90.641      0.40675     3072        3           
[1m(BM_SPMM_Grid<float, batchlas::Backend::CUDA>)    [0m1024    3       1       128     0       0       1       1       100         0.087805    0.00019738  1134.1      8.9565      53.745      0.68598     3072        3           
[1m(BM_SPMM_Grid<float, batchlas::Backend::CUDA>)    [0m1024    3       1       256     0       0       0       1       100         0.086148    3.1230e-05  458.72      18.258      109.56      0.33651     3072        3           
[1m(BM_SPMM_Grid<float, batchlas::Backend::CUDA>)    [0m1024    3       1       256     0       0       1       1       100         0.086125    3.5673e-05  1134.1      18.263      109.59      0.33643     3072        3           
[1m(BM_SPMM_Grid<float, batchlas::Backend::CUDA>)    [0m1024    3       1       512     0       0       0       1       100         0.16304     0.0011550   458.72      19.295      115.78      0.31843     3072        3           
[1m(BM_SPMM_Grid<float, batchlas::Backend::CUDA>)    [0m1024    3       1       512     0       0       1       1       100         0.16280     0.00015480  1134.1      19.323      115.95      0.31797     3072        3           
[1m(BM_SPMM_Grid<float, batchlas::Backend::CUDA>)    [0m1024    3       1       1024    0       0       0       1       100         0.31681     0.00021253  458.72      19.859      119.17      0.30938     3072        3           
[1m(BM_SPMM_Grid<float, batchlas::Backend::CUDA>)    [0m1024    3       1       1024    0       0       1       1       100         0.31634     0.00021376  1134.1      19.889      119.34      0.30892     3072        3           
[1m(BM_SPMM_Grid<float, batchlas::Backend::CUDA>)    [0m1024    3       2       8       0       0       0       1       100         0.016556    2.5668e-05  885.78      5.9377      21.773      2.0695      3072        3           
[1m(BM_SPMM_Grid<float, batchlas::Backend::CUDA>)    [0m1024    3       2       8       0       0       1       1       100         0.016618    2.5855e-05  2210.6      5.9156      21.692      2.0772      3072        3           
[1m(BM_SPMM_Grid<float, batchlas::Backend::CUDA>)    [0m1024    3       2       32      0       0       0       1       100         0.021629    2.5786e-05  885.78      18.180      66.667      0.67590     3072        3           
[1m(BM_SPMM_Grid<float, batchlas::Backend::CUDA>)    [0m1024    3       2       32      0       0       1       1       100         0.021903    3.0720e-05  2210.6      17.952      65.831      0.68448     3072        3           
[1m(BM_SPMM_Grid<float, batchlas::Backend::CUDA>)    [0m1024    3       2       64      0       0       0       1       100         0.030143    0.00044363  885.78      26.090      95.672      0.47098     3072        3           
[1m(BM_SPMM_Grid<float, batchlas::Backend::CUDA>)    [0m1024    3       2       64      0       0       1       1       100         0.034776    0.0029979   2210.6      22.614      82.927      0.54337     3072        3           
[1m(BM_SPMM_Grid<float, batchlas::Backend::CUDA>)    [0m1024    3       2       128     0       0       0       1       100         0.050815    0.00016940  885.78      30.953      113.50      0.39699     3072        3           
[1m(BM_SPMM_Grid<float, batchlas::Backend::CUDA>)    [0m1024    3       2       128     0       0       1       1       100         0.049651    4.5972e-05  2210.6      31.678      116.16      0.38790     3072        3           
[1m(BM_SPMM_Grid<float, batchlas::Backend::CUDA>)    [0m1024    3       2       256     0       0       0       1       100         0.086507    3.4985e-05  885.78      36.364      133.35      0.33792     3072        3           
[1m(BM_SPMM_Grid<float, batchlas::Backend::CUDA>)    [0m1024    3       2       256     0       0       1       1       100         0.086612    9.8781e-05  2210.6      36.320      133.18      0.33833     3072        3           
[1m(BM_SPMM_Grid<float, batchlas::Backend::CUDA>)    [0m1024    3       2       512     0       0       0       1       100         0.16306     0.00017589  885.78      38.583      141.48      0.31848     3072        3           
[1m(BM_SPMM_Grid<float, batchlas::Backend::CUDA>)    [0m1024    3       2       512     0       0       1       1       100         0.16335     0.00098780  2210.6      38.516      141.24      0.31904     3072        3           
[1m(BM_SPMM_Grid<float, batchlas::Backend::CUDA>)    [0m1024    3       2       1024    0       0       0       1       100         0.31726     0.0011288   885.78      39.661      145.44      0.30983     3072        3           
[1m(BM_SPMM_Grid<float, batchlas::Backend::CUDA>)    [0m1024    3       2       1024    0       0       1       1       100         0.31662     0.00017747  2210.6      39.741      145.73      0.30920     3072        3           
2775 MHz, 52
