2760 MHz, 67
[1;36mName                                              Arg0    Arg1    Arg2    Arg3    Arg4    Arg5    Arg6    Arg7    Iter        Avg(ms)     Std(ms)     chk         GFLOPS      GB/s        Time (µs) / matrixnnz/item    nnz/row     [0m
[1m(BM_SPMM_Grid<float, batchlas::Backend::CUDA>)    [0m1024    3       1       8       0       0       0       1       100         0.0053238   0.00011950  458.72      9.2326      55.402      0.66547     3072        3           
[1m(BM_SPMM_Grid<float, batchlas::Backend::CUDA>)    [0m1024    3       1       8       0       0       1       1       100         0.0070272   0.00048736  1134.1      6.9945      41.972      0.87840     3072        3           
[1m(BM_SPMM_Grid<float, batchlas::Backend::CUDA>)    [0m1024    3       1       32      0       0       0       1       100         0.0070253   0.00027890  458.72      27.986      167.93      0.21954     3072        3           
[1m(BM_SPMM_Grid<float, batchlas::Backend::CUDA>)    [0m1024    3       1       32      0       0       1       1       100         0.0056701   0.00048961  1134.1      34.675      208.07      0.17719     3072        3           
[1m(BM_SPMM_Grid<float, batchlas::Backend::CUDA>)    [0m1024    3       1       64      0       0       0       1       100         0.0054225   0.00041874  458.72      72.515      435.14      0.084727    3072        3           
[1m(BM_SPMM_Grid<float, batchlas::Backend::CUDA>)    [0m1024    3       1       64      0       0       1       1       100         0.0070953   0.00047407  1134.1      55.419      332.55      0.11086     3072        3           
[1m(BM_SPMM_Grid<float, batchlas::Backend::CUDA>)    [0m1024    3       1       128     0       0       0       1       100         0.0054145   0.00050688  458.72      145.24      871.56      0.042301    3072        3           
[1m(BM_SPMM_Grid<float, batchlas::Backend::CUDA>)    [0m1024    3       1       128     0       0       1       1       100         0.0099437   0.00015200  1134.1      79.088      474.58      0.077685    3072        3           
[1m(BM_SPMM_Grid<float, batchlas::Backend::CUDA>)    [0m1024    3       1       256     0       0       0       1       100         0.0069917   0.00044534  458.72      224.96      1349.9      0.027311    3072        3           
[1m(BM_SPMM_Grid<float, batchlas::Backend::CUDA>)    [0m1024    3       1       256     0       0       1       1       100         0.017227    8.0561e-05  1134.1      91.301      547.86      0.067294    3072        3           
[1m(BM_SPMM_Grid<float, batchlas::Backend::CUDA>)    [0m1024    3       1       512     0       0       0       1       100         0.010527    0.0013558   458.72      298.81      1793.1      0.020561    3072        3           
[1m(BM_SPMM_Grid<float, batchlas::Backend::CUDA>)    [0m1024    3       1       512     0       0       1       1       100         0.029343    6.8008e-05  1134.1      107.20      643.30      0.057311    3072        3           
[1m(BM_SPMM_Grid<float, batchlas::Backend::CUDA>)    [0m1024    3       1       1024    0       0       0       1       100         0.016916    9.5562e-06  458.72      371.93      2231.8      0.016519    3072        3           
[1m(BM_SPMM_Grid<float, batchlas::Backend::CUDA>)    [0m1024    3       1       1024    0       0       1       1       100         0.054227    3.5536e-05  1134.1      116.02      696.20      0.052956    3072        3           
[1m(BM_SPMM_Grid<float, batchlas::Backend::CUDA>)    [0m1024    3       2       8       0       0       0       1       100         0.0053518   0.00011301  885.78      18.368      67.356      0.66898     3072        3           
[1m(BM_SPMM_Grid<float, batchlas::Backend::CUDA>)    [0m1024    3       2       8       0       0       1       1       100         0.0066255   0.0011328   2210.6      14.837      54.408      0.82819     3072        3           
[1m(BM_SPMM_Grid<float, batchlas::Backend::CUDA>)    [0m1024    3       2       32      0       0       0       1       100         0.0069614   0.00055666  885.78      56.485      207.13      0.21754     3072        3           
[1m(BM_SPMM_Grid<float, batchlas::Backend::CUDA>)    [0m1024    3       2       32      0       0       1       1       100         0.0067324   2.5459e-05  2210.6      58.407      214.18      0.21039     3072        3           
[1m(BM_SPMM_Grid<float, batchlas::Backend::CUDA>)    [0m1024    3       2       64      0       0       0       1       100         0.0053299   0.00018453  885.78      147.55      541.07      0.083280    3072        3           
[1m(BM_SPMM_Grid<float, batchlas::Backend::CUDA>)    [0m1024    3       2       64      0       0       1       1       100         0.0095739   0.00012160  2210.6      82.143      301.22      0.14959     3072        3           
[1m(BM_SPMM_Grid<float, batchlas::Backend::CUDA>)    [0m1024    3       2       128     0       0       0       1       100         0.0065140   1.2552e-05  885.78      241.46      885.43      0.050890    3072        3           
[1m(BM_SPMM_Grid<float, batchlas::Backend::CUDA>)    [0m1024    3       2       128     0       0       1       1       100         0.016360    1.1564e-05  2210.6      96.140      352.54      0.12781     3072        3           
[1m(BM_SPMM_Grid<float, batchlas::Backend::CUDA>)    [0m1024    3       2       256     0       0       0       1       100         0.0095977   3.2773e-06  885.78      327.76      1201.9      0.037491    3072        3           
[1m(BM_SPMM_Grid<float, batchlas::Backend::CUDA>)    [0m1024    3       2       256     0       0       1       1       100         0.028671    4.5434e-05  2210.6      109.72      402.33      0.11200     3072        3           
[1m(BM_SPMM_Grid<float, batchlas::Backend::CUDA>)    [0m1024    3       2       512     0       0       0       1       100         0.015593    1.3527e-05  885.78      403.48      1479.5      0.030455    3072        3           
[1m(BM_SPMM_Grid<float, batchlas::Backend::CUDA>)    [0m1024    3       2       512     0       0       1       1       100         0.052807    3.8119e-05  2210.6      119.14      436.89      0.10314     3072        3           
[1m(BM_SPMM_Grid<float, batchlas::Backend::CUDA>)    [0m1024    3       2       1024    0       0       0       1       100         0.027617    1.3865e-05  885.78      455.62      1670.8      0.026970    3072        3           
[1m(BM_SPMM_Grid<float, batchlas::Backend::CUDA>)    [0m1024    3       2       1024    0       0       1       1       100         0.10086     0.00014306  2210.6      124.76      457.48      0.098496    3072        3           
2760 MHz, 59
