2760 MHz, 68
[1;36mName                                              Arg0    Arg1    Arg2    Arg3    Arg4    Arg5    Arg6    Arg7    Iter        Avg(ms)     Std(ms)     chk         GFLOPS      GB/s        Time (µs) / matrixnnz/item    nnz/row     [0m
[1m(BM_SPMM_Grid<std::complex<float>, batchlas::Backend::CUDA>)[0m1024    3       1       8       0       0       0       1       100         0.0053462   9.1623e-05  940.25      36.775      85.814      0.66828     3072        3           
[1m(BM_SPMM_Grid<std::complex<float>, batchlas::Backend::CUDA>)[0m1024    3       1       8       0       0       1       1       100         0.0051894   0.00012036  2521.9      37.886      88.407      0.64868     3072        3           
[1m(BM_SPMM_Grid<std::complex<float>, batchlas::Backend::CUDA>)[0m1024    3       1       32      0       0       0       1       100         0.0054044   8.8533e-05  940.25      145.52      339.56      0.16889     3072        3           
[1m(BM_SPMM_Grid<std::complex<float>, batchlas::Backend::CUDA>)[0m1024    3       1       32      0       0       1       1       100         0.0073913   1.2362e-05  2521.9      106.40      248.28      0.23098     3072        3           
[1m(BM_SPMM_Grid<std::complex<float>, batchlas::Backend::CUDA>)[0m1024    3       1       64      0       0       0       1       100         0.0055368   3.2341e-05  940.25      284.07      662.89      0.086513    3072        3           
[1m(BM_SPMM_Grid<std::complex<float>, batchlas::Backend::CUDA>)[0m1024    3       1       64      0       0       1       1       100         0.010846    8.4038e-06  2521.9      145.02      338.41      0.16946     3072        3           
[1m(BM_SPMM_Grid<std::complex<float>, batchlas::Backend::CUDA>)[0m1024    3       1       128     0       0       0       1       100         0.0076034   4.4271e-06  940.25      413.73      965.43      0.059401    3072        3           
[1m(BM_SPMM_Grid<std::complex<float>, batchlas::Backend::CUDA>)[0m1024    3       1       128     0       0       1       1       100         0.017276    2.0348e-05  2521.9      182.09      424.91      0.13497     3072        3           
[1m(BM_SPMM_Grid<std::complex<float>, batchlas::Backend::CUDA>)[0m1024    3       1       256     0       0       0       1       100         0.012183    1.8137e-05  940.25      516.43      1205.1      0.047588    3072        3           
[1m(BM_SPMM_Grid<std::complex<float>, batchlas::Backend::CUDA>)[0m1024    3       1       256     0       0       1       1       100         0.030973    0.00027939  2521.9      203.12      473.99      0.12099     3072        3           
[1m(BM_SPMM_Grid<std::complex<float>, batchlas::Backend::CUDA>)[0m1024    3       1       512     0       0       0       1       100         0.021120    0.00022872  940.25      595.80      1390.3      0.041249    3072        3           
[1m(BM_SPMM_Grid<std::complex<float>, batchlas::Backend::CUDA>)[0m1024    3       1       512     0       0       1       1       100         0.056550    0.00019117  2521.9      222.51      519.22      0.11045     3072        3           
[1m(BM_SPMM_Grid<std::complex<float>, batchlas::Backend::CUDA>)[0m1024    3       1       1024    0       0       0       1       100         0.037990    4.1093e-05  940.25      662.43      1545.8      0.037100    3072        3           
[1m(BM_SPMM_Grid<std::complex<float>, batchlas::Backend::CUDA>)[0m1024    3       1       1024    0       0       1       1       100         0.10756     0.00013682  2521.9      233.97      545.97      0.10504     3072        3           
[1m(BM_SPMM_Grid<std::complex<float>, batchlas::Backend::CUDA>)[0m1024    3       2       8       0       0       0       1       100         0.0056180   0.00065086  1874.1      69.992      104.99      0.70225     3072        3           
[1m(BM_SPMM_Grid<std::complex<float>, batchlas::Backend::CUDA>)[0m1024    3       2       8       0       0       1       1       100         0.0059937   2.0310e-06  4971.2      65.605      98.412      0.74921     3072        3           
[1m(BM_SPMM_Grid<std::complex<float>, batchlas::Backend::CUDA>)[0m1024    3       2       32      0       0       0       1       100         0.0053941   3.7871e-05  1874.1      291.59      437.41      0.16857     3072        3           
[1m(BM_SPMM_Grid<std::complex<float>, batchlas::Backend::CUDA>)[0m1024    3       2       32      0       0       1       1       100         0.010405    8.0744e-06  4971.2      151.17      226.77      0.32515     3072        3           
[1m(BM_SPMM_Grid<std::complex<float>, batchlas::Backend::CUDA>)[0m1024    3       2       64      0       0       0       1       100         0.0073697   2.8813e-06  1874.1      426.84      640.30      0.11515     3072        3           
[1m(BM_SPMM_Grid<std::complex<float>, batchlas::Backend::CUDA>)[0m1024    3       2       64      0       0       1       1       100         0.016722    1.5025e-05  4971.2      188.12      282.19      0.26128     3072        3           
[1m(BM_SPMM_Grid<std::complex<float>, batchlas::Backend::CUDA>)[0m1024    3       2       128     0       0       0       1       100         0.011632    1.0576e-05  1874.1      540.87      811.35      0.090876    3072        3           
[1m(BM_SPMM_Grid<std::complex<float>, batchlas::Backend::CUDA>)[0m1024    3       2       128     0       0       1       1       100         0.029383    1.9105e-05  4971.2      214.12      321.20      0.22955     3072        3           
[1m(BM_SPMM_Grid<std::complex<float>, batchlas::Backend::CUDA>)[0m1024    3       2       256     0       0       0       1       100         0.020058    0.00011775  1874.1      627.31      941.02      0.078353    3072        3           
[1m(BM_SPMM_Grid<std::complex<float>, batchlas::Backend::CUDA>)[0m1024    3       2       256     0       0       1       1       100         0.055325    5.2742e-05  4971.2      227.44      341.17      0.21611     3072        3           
[1m(BM_SPMM_Grid<std::complex<float>, batchlas::Backend::CUDA>)[0m1024    3       2       512     0       0       0       1       100         0.036168    2.6258e-05  1874.1      695.81      1043.8      0.070640    3072        3           
[1m(BM_SPMM_Grid<std::complex<float>, batchlas::Backend::CUDA>)[0m1024    3       2       512     0       0       1       1       100         0.10474     0.00014460  4971.2      240.27      360.42      0.20457     3072        3           
[1m(BM_SPMM_Grid<std::complex<float>, batchlas::Backend::CUDA>)[0m1024    3       2       1024    0       0       0       1       100         0.069585    0.00011676  1874.1      723.31      1085.0      0.067954    3072        3           
[1m(BM_SPMM_Grid<std::complex<float>, batchlas::Backend::CUDA>)[0m1024    3       2       1024    0       0       1       1       100         0.20496     0.00019531  4971.2      245.57      368.37      0.20016     3072        3           
2760 MHz, 59
