2775 MHz, 58
[1;36mName                                              Arg0    Arg1    Arg2    Arg3    Arg4    Arg5    Arg6    Arg7    Iter        Avg(ms)     Std(ms)     chk         GFLOPS      GB/s        Time (µs) / matrixnnz/item    nnz/row     [0m
[1m(BM_SPMM_Grid<std::complex<double>, batchlas::Backend::CUDA>)[0m1024    3       1       8       0       0       0       1       100         0.017404    2.6616e-05  940.25      11.297      45.189      2.1755      3072        3           
[1m(BM_SPMM_Grid<std::complex<double>, batchlas::Backend::CUDA>)[0m1024    3       1       8       0       0       1       1       100         0.017635    0.0011513   2521.9      11.149      44.598      2.2043      3072        3           
[1m(BM_SPMM_Grid<std::complex<double>, batchlas::Backend::CUDA>)[0m1024    3       1       32      0       0       0       1       100         0.029708    4.5128e-05  940.25      26.472      105.89      0.92838     3072        3           
[1m(BM_SPMM_Grid<std::complex<double>, batchlas::Backend::CUDA>)[0m1024    3       1       32      0       0       1       1       100         0.025179    2.6986e-05  2521.9      31.233      124.94      0.78685     3072        3           
[1m(BM_SPMM_Grid<std::complex<double>, batchlas::Backend::CUDA>)[0m1024    3       1       64      0       0       0       1       100         0.033185    0.00049432  940.25      47.397      189.60      0.51851     3072        3           
[1m(BM_SPMM_Grid<std::complex<double>, batchlas::Backend::CUDA>)[0m1024    3       1       64      0       0       1       1       100         0.039984    7.8848e-05  2521.9      39.338      157.36      0.62475     3072        3           
[1m(BM_SPMM_Grid<std::complex<double>, batchlas::Backend::CUDA>)[0m1024    3       1       128     0       0       0       1       100         0.054491    7.8729e-05  940.25      57.730      230.93      0.42571     3072        3           
[1m(BM_SPMM_Grid<std::complex<double>, batchlas::Backend::CUDA>)[0m1024    3       1       128     0       0       1       1       100         0.051891    3.5506e-05  2521.9      60.622      242.50      0.40540     3072        3           
[1m(BM_SPMM_Grid<std::complex<double>, batchlas::Backend::CUDA>)[0m1024    3       1       256     0       0       0       1       100         0.091222    0.00011443  940.25      68.969      275.89      0.35634     3072        3           
[1m(BM_SPMM_Grid<std::complex<double>, batchlas::Backend::CUDA>)[0m1024    3       1       256     0       0       1       1       100         0.091234    0.00020476  2521.9      68.959      275.85      0.35638     3072        3           
[1m(BM_SPMM_Grid<std::complex<double>, batchlas::Backend::CUDA>)[0m1024    3       1       512     0       0       0       1       100         0.17146     0.0010790   940.25      73.388      293.57      0.33488     3072        3           
[1m(BM_SPMM_Grid<std::complex<double>, batchlas::Backend::CUDA>)[0m1024    3       1       512     0       0       1       1       100         0.17126     0.0015526   2521.9      73.473      293.91      0.33449     3072        3           
[1m(BM_SPMM_Grid<std::complex<double>, batchlas::Backend::CUDA>)[0m1024    3       1       1024    0       0       0       1       100         0.33209     0.00023946  940.25      75.780      303.13      0.32431     3072        3           
[1m(BM_SPMM_Grid<std::complex<double>, batchlas::Backend::CUDA>)[0m1024    3       1       1024    0       0       1       1       100         0.33179     0.0016675   2521.9      75.850      303.41      0.32401     3072        3           
[1m(BM_SPMM_Grid<std::complex<double>, batchlas::Backend::CUDA>)[0m1024    3       2       8       0       0       0       1       100         0.018327    2.4866e-05  1874.1      21.456      57.216      2.2909      3072        3           
[1m(BM_SPMM_Grid<std::complex<double>, batchlas::Backend::CUDA>)[0m1024    3       2       8       0       0       1       1       100         0.018239    3.5085e-05  4971.2      21.559      57.491      2.2799      3072        3           
[1m(BM_SPMM_Grid<std::complex<double>, batchlas::Backend::CUDA>)[0m1024    3       2       32      0       0       0       1       100         0.027609    0.00027825  1874.1      56.970      151.93      0.86277     3072        3           
[1m(BM_SPMM_Grid<std::complex<double>, batchlas::Backend::CUDA>)[0m1024    3       2       32      0       0       1       1       100         0.027687    0.00019575  4971.2      56.809      151.50      0.86521     3072        3           
[1m(BM_SPMM_Grid<std::complex<double>, batchlas::Backend::CUDA>)[0m1024    3       2       64      0       0       0       1       100         0.036176    3.5434e-05  1874.1      86.956      231.89      0.56525     3072        3           
[1m(BM_SPMM_Grid<std::complex<double>, batchlas::Backend::CUDA>)[0m1024    3       2       64      0       0       1       1       100         0.036568    5.4146e-05  4971.2      86.023      229.40      0.57138     3072        3           
[1m(BM_SPMM_Grid<std::complex<double>, batchlas::Backend::CUDA>)[0m1024    3       2       128     0       0       0       1       100         0.055142    5.7316e-05  1874.1      114.10      304.27      0.43079     3072        3           
[1m(BM_SPMM_Grid<std::complex<double>, batchlas::Backend::CUDA>)[0m1024    3       2       128     0       0       1       1       100         0.056004    0.00017052  4971.2      112.34      299.58      0.43753     3072        3           
[1m(BM_SPMM_Grid<std::complex<double>, batchlas::Backend::CUDA>)[0m1024    3       2       256     0       0       0       1       100         0.094231    4.1016e-05  1874.1      133.53      356.10      0.36809     3072        3           
[1m(BM_SPMM_Grid<std::complex<double>, batchlas::Backend::CUDA>)[0m1024    3       2       256     0       0       1       1       100         0.095496    5.0672e-05  4971.2      131.76      351.38      0.37303     3072        3           
[1m(BM_SPMM_Grid<std::complex<double>, batchlas::Backend::CUDA>)[0m1024    3       2       512     0       0       0       1       100         0.17446     0.00019355  1874.1      144.25      384.67      0.34075     3072        3           
[1m(BM_SPMM_Grid<std::complex<double>, batchlas::Backend::CUDA>)[0m1024    3       2       512     0       0       1       1       100         0.17686     0.00026455  4971.2      142.29      379.45      0.34544     3072        3           
[1m(BM_SPMM_Grid<std::complex<double>, batchlas::Backend::CUDA>)[0m1024    3       2       1024    0       0       0       1       100         0.33775     0.00081275  1874.1      149.02      397.40      0.32983     3072        3           
[1m(BM_SPMM_Grid<std::complex<double>, batchlas::Backend::CUDA>)[0m1024    3       2       1024    0       0       1       1       100         0.34184     0.00030208  4971.2      147.24      392.65      0.33382     3072        3           
2775 MHz, 59
