2775 MHz, 57
[1;36mName                                              Arg0    Arg1    Arg2    Arg3    Arg4    Arg5    Arg6    Arg7    Iter        Avg(ms)     Std(ms)     chk         GFLOPS      GB/s        Time (µs) / matrixnnz/item    nnz/row     [0m
[1m(BM_SPMM_Grid<std::complex<float>, batchlas::Backend::CUDA>)[0m1024    3       1       8       0       0       0       0       100         0.016458    0.0020069   949.62      11.946      27.875      2.0573      3072        3           
[1m(BM_SPMM_Grid<std::complex<float>, batchlas::Backend::CUDA>)[0m1024    3       1       8       0       0       1       0       100         0.016026    2.6370e-05  2501.8      12.268      28.628      2.0032      3072        3           
[1m(BM_SPMM_Grid<std::complex<float>, batchlas::Backend::CUDA>)[0m1024    3       1       32      0       0       0       0       100         0.021219    2.3067e-05  949.62      37.063      86.487      0.66308     3072        3           
[1m(BM_SPMM_Grid<std::complex<float>, batchlas::Backend::CUDA>)[0m1024    3       1       32      0       0       1       0       100         0.021349    2.8621e-05  2501.8      36.837      85.960      0.66715     3072        3           
[1m(BM_SPMM_Grid<std::complex<float>, batchlas::Backend::CUDA>)[0m1024    3       1       64      0       0       0       0       100         0.029850    2.5959e-05  949.62      52.692      122.96      0.46641     3072        3           
[1m(BM_SPMM_Grid<std::complex<float>, batchlas::Backend::CUDA>)[0m1024    3       1       64      0       0       1       0       100         0.030074    4.2967e-05  2501.8      52.300      122.04      0.46990     3072        3           
[1m(BM_SPMM_Grid<std::complex<float>, batchlas::Backend::CUDA>)[0m1024    3       1       128     0       0       0       0       100         0.048510    7.6865e-05  949.62      64.847      151.32      0.37898     3072        3           
[1m(BM_SPMM_Grid<std::complex<float>, batchlas::Backend::CUDA>)[0m1024    3       1       128     0       0       1       0       100         0.049055    6.0965e-05  2501.8      64.126      149.64      0.38324     3072        3           
[1m(BM_SPMM_Grid<std::complex<float>, batchlas::Backend::CUDA>)[0m1024    3       1       256     0       0       0       0       100         0.086393    0.00011257  949.62      72.823      169.93      0.33747     3072        3           
[1m(BM_SPMM_Grid<std::complex<float>, batchlas::Backend::CUDA>)[0m1024    3       1       256     0       0       1       0       100         0.086559    9.4929e-05  2501.8      72.684      169.61      0.33812     3072        3           
[1m(BM_SPMM_Grid<std::complex<float>, batchlas::Backend::CUDA>)[0m1024    3       1       512     0       0       0       0       100         0.16405     0.00012250  949.62      76.704      178.99      0.32040     3072        3           
[1m(BM_SPMM_Grid<std::complex<float>, batchlas::Backend::CUDA>)[0m1024    3       1       512     0       0       1       0       100         0.16371     0.00013152  2501.8      76.861      179.35      0.31975     3072        3           
[1m(BM_SPMM_Grid<std::complex<float>, batchlas::Backend::CUDA>)[0m1024    3       1       1024    0       0       0       0       100         0.31954     0.00021627  949.62      78.757      183.78      0.31205     3072        3           
[1m(BM_SPMM_Grid<std::complex<float>, batchlas::Backend::CUDA>)[0m1024    3       1       1024    0       0       1       0       100         0.31924     0.00065605  2501.8      78.830      183.95      0.31176     3072        3           
[1m(BM_SPMM_Grid<std::complex<float>, batchlas::Backend::CUDA>)[0m1024    3       2       8       0       0       0       0       100         0.018268    0.0011033   1907.9      21.525      32.289      2.2835      3072        3           
[1m(BM_SPMM_Grid<std::complex<float>, batchlas::Backend::CUDA>)[0m1024    3       2       8       0       0       1       0       100         0.019316    0.00027737  4985.5      20.357      30.537      2.4145      3072        3           
[1m(BM_SPMM_Grid<std::complex<float>, batchlas::Backend::CUDA>)[0m1024    3       2       32      0       0       0       0       100         0.025619    6.2655e-05  1907.9      61.394      92.096      0.80060     3072        3           
[1m(BM_SPMM_Grid<std::complex<float>, batchlas::Backend::CUDA>)[0m1024    3       2       32      0       0       1       0       100         0.025859    4.5598e-05  4985.5      60.824      91.241      0.80810     3072        3           
[1m(BM_SPMM_Grid<std::complex<float>, batchlas::Backend::CUDA>)[0m1024    3       2       64      0       0       0       0       100         0.037160    0.0016184   1907.9      84.653      126.99      0.58063     3072        3           
[1m(BM_SPMM_Grid<std::complex<float>, batchlas::Backend::CUDA>)[0m1024    3       2       64      0       0       1       0       100         0.030331    2.5654e-05  4985.5      103.71      155.58      0.47392     3072        3           
[1m(BM_SPMM_Grid<std::complex<float>, batchlas::Backend::CUDA>)[0m1024    3       2       128     0       0       0       0       100         0.048585    0.00023492  1907.9      129.49      194.25      0.37957     3072        3           
[1m(BM_SPMM_Grid<std::complex<float>, batchlas::Backend::CUDA>)[0m1024    3       2       128     0       0       1       0       100         0.048759    0.00020876  4985.5      129.03      193.56      0.38093     3072        3           
[1m(BM_SPMM_Grid<std::complex<float>, batchlas::Backend::CUDA>)[0m1024    3       2       256     0       0       0       0       100         0.086856    0.00018020  1907.9      144.87      217.32      0.33928     3072        3           
[1m(BM_SPMM_Grid<std::complex<float>, batchlas::Backend::CUDA>)[0m1024    3       2       256     0       0       1       0       100         0.086825    4.8990e-05  4985.5      144.92      217.40      0.33916     3072        3           
[1m(BM_SPMM_Grid<std::complex<float>, batchlas::Backend::CUDA>)[0m1024    3       2       512     0       0       0       0       100         0.16427     0.00015228  1907.9      153.20      229.81      0.32084     3072        3           
[1m(BM_SPMM_Grid<std::complex<float>, batchlas::Backend::CUDA>)[0m1024    3       2       512     0       0       1       0       100         0.16415     0.00013050  4985.5      153.31      229.98      0.32061     3072        3           
[1m(BM_SPMM_Grid<std::complex<float>, batchlas::Backend::CUDA>)[0m1024    3       2       1024    0       0       0       0       100         0.32045     0.0013063   1907.9      157.07      235.61      0.31294     3072        3           
[1m(BM_SPMM_Grid<std::complex<float>, batchlas::Backend::CUDA>)[0m1024    3       2       1024    0       0       1       0       100         0.31981     0.0010895   4985.5      157.38      236.08      0.31232     3072        3           
2775 MHz, 51
