2760 MHz, 58
[1;36mName                                              Arg0    Arg1    Arg2    Arg3    Arg4    Arg5    Arg6    Arg7    Iter        Avg(ms)     Std(ms)     chk         GFLOPS      GB/s        Time (µs) / matrixnnz/item    nnz/row     [0m
[1m(BM_SPMM_Grid<float, batchlas::Backend::CUDA>)    [0m1024    16      12      8       0       0       1       0       100         0.018988    5.8504e-06  53883.      165.67      98.369      2.3735      16384       16          
[1m(BM_SPMM_Grid<float, batchlas::Backend::CUDA>)    [0m1024    16      12      32      0       0       1       0       100         0.026067    1.6260e-05  53883.      482.71      286.61      0.81461     16384       16          
[1m(BM_SPMM_Grid<float, batchlas::Backend::CUDA>)    [0m1024    16      12      128     0       0       1       0       100         0.039553    5.5455e-05  53883.      1272.5      755.56      0.30901     16384       16          
[1m(BM_SPMM_Grid<float, batchlas::Backend::CUDA>)    [0m1024    16      12      512     0       0       1       0       100         0.25042     0.00030316  53883.      803.94      477.35      0.48911     16384       16          
[1m(BM_SPMM_Grid<float, batchlas::Backend::CUDA>)    [0m1024    16      25      8       0       0       1       0       100         0.021759    1.6613e-05  1.1127e+05  301.18      124.99      2.7199      16384       16          
[1m(BM_SPMM_Grid<float, batchlas::Backend::CUDA>)    [0m1024    16      25      32      0       0       1       0       100         0.043320    2.5492e-05  1.1127e+05  605.14      251.14      1.3537      16384       16          
[1m(BM_SPMM_Grid<float, batchlas::Backend::CUDA>)    [0m1024    16      25      128     0       0       1       0       100         0.085151    9.2478e-05  1.1127e+05  1231.4      511.05      0.66524     16384       16          
[1m(BM_SPMM_Grid<float, batchlas::Backend::CUDA>)    [0m1024    16      25      512     0       0       1       0       100         0.41419     0.00047978  1.1127e+05  1012.7      420.26      0.80896     16384       16          
[1m(BM_SPMM_Grid<float, batchlas::Backend::CUDA>)    [0m1024    16      50      8       0       0       1       0       100         0.028455    2.0428e-05  2.2244e+05  460.63      153.16      3.5569      16384       16          
[1m(BM_SPMM_Grid<float, batchlas::Backend::CUDA>)    [0m1024    16      50      32      0       0       1       0       100         0.044697    7.1990e-05  2.2244e+05  1173.0      390.02      1.3968      16384       16          
[1m(BM_SPMM_Grid<float, batchlas::Backend::CUDA>)    [0m1024    16      50      128     0       0       1       0       100         0.16646     0.00032729  2.2244e+05  1259.9      418.92      1.3004      16384       16          
[1m(BM_SPMM_Grid<float, batchlas::Backend::CUDA>)    [0m1024    16      50      512     0       0       1       0       100         0.74541     0.0035222   2.2244e+05  1125.4      374.19      1.4559      16384       16          
[1m(BM_SPMM_Grid<float, batchlas::Backend::CUDA>)    [0m2048    16      12      8       0       0       1       0       100         0.028110    1.7455e-05  1.0758e+05  223.82      132.89      3.5137      32768       16          
[1m(BM_SPMM_Grid<float, batchlas::Backend::CUDA>)    [0m2048    16      12      32      0       0       1       0       100         0.074685    2.2852e-05  1.0758e+05  336.96      200.07      2.3339      32768       16          
[1m(BM_SPMM_Grid<float, batchlas::Backend::CUDA>)    [0m2048    16      12      128     0       0       1       0       100         0.15012     0.0010403   1.0758e+05  670.57      398.16      1.1728      32768       16          
[1m(BM_SPMM_Grid<float, batchlas::Backend::CUDA>)    [0m2048    16      12      512     0       0       1       0       100         0.66293     0.0023338   1.0758e+05  607.38      360.64      1.2948      32768       16          
[1m(BM_SPMM_Grid<float, batchlas::Backend::CUDA>)    [0m2048    16      25      8       0       0       1       0       100         0.043879    0.00015975  2.2318e+05  298.71      123.97      5.4848      32768       16          
[1m(BM_SPMM_Grid<float, batchlas::Backend::CUDA>)    [0m2048    16      25      32      0       0       1       0       100         0.080093    0.00019429  2.2318e+05  654.60      271.66      2.5029      32768       16          
[1m(BM_SPMM_Grid<float, batchlas::Backend::CUDA>)    [0m2048    16      25      128     0       0       1       0       100         0.34145     0.00093326  2.2318e+05  614.19      254.89      2.6676      32768       16          
[1m(BM_SPMM_Grid<float, batchlas::Backend::CUDA>)    [0m2048    16      25      512     0       0       1       0       100         1.3598      0.0048226   2.2318e+05  616.90      256.02      2.6559      32768       16          
[1m(BM_SPMM_Grid<float, batchlas::Backend::CUDA>)    [0m2048    16      50      8       0       0       1       0       100         0.079797    4.2480e-05  4.4688e+05  328.51      109.23      9.9747      32768       16          
[1m(BM_SPMM_Grid<float, batchlas::Backend::CUDA>)    [0m2048    16      50      32      0       0       1       0       100         0.17812     0.0013791   4.4688e+05  588.68      195.74      5.5664      32768       16          
[1m(BM_SPMM_Grid<float, batchlas::Backend::CUDA>)    [0m2048    16      50      128     0       0       1       0       100         0.73289     0.0012942   4.4688e+05  572.30      190.29      5.7257      32768       16          
[1m(BM_SPMM_Grid<float, batchlas::Backend::CUDA>)    [0m2048    16      50      512     0       0       1       0       100         2.9611      0.019040    4.4688e+05  566.58      188.39      5.7835      32768       16          
[1m(BM_SPMM_Grid<float, batchlas::Backend::CUDA>)    [0m4096    16      12      8       0       0       1       0       100         0.065159    0.00020197  2.1262e+05  193.11      114.66      8.1449      65536       16          
[1m(BM_SPMM_Grid<float, batchlas::Backend::CUDA>)    [0m4096    16      12      32      0       0       1       0       100         0.15753     0.00046237  2.1262e+05  319.51      189.71      4.9228      65536       16          
[1m(BM_SPMM_Grid<float, batchlas::Backend::CUDA>)    [0m4096    16      12      128     0       0       1       0       100         0.68509     0.00099305  2.1262e+05  293.87      174.48      5.3523      65536       16          
[1m(BM_SPMM_Grid<float, batchlas::Backend::CUDA>)    [0m4096    16      12      512     0       0       1       0       100         2.7711      0.012363    2.1262e+05  290.61      172.55      5.4123      65536       16          
[1m(BM_SPMM_Grid<float, batchlas::Backend::CUDA>)    [0m4096    16      25      8       0       0       1       0       100         0.12346     0.00010724  4.4286e+05  212.33      88.115      15.433      65536       16          
[1m(BM_SPMM_Grid<float, batchlas::Backend::CUDA>)    [0m4096    16      25      32      0       0       1       0       100         0.34960     0.0010695   4.4286e+05  299.93      124.47      10.925      65536       16          
[1m(BM_SPMM_Grid<float, batchlas::Backend::CUDA>)    [0m4096    16      25      128     0       0       1       0       100         1.4656      0.0050905   4.4286e+05  286.18      118.76      11.450      65536       16          
[1m(BM_SPMM_Grid<float, batchlas::Backend::CUDA>)    [0m4096    16      25      512     0       0       1       0       69          5.8683      0.012216    4.4286e+05  285.90      118.65      11.461      65536       16          
[1m(BM_SPMM_Grid<float, batchlas::Backend::CUDA>)    [0m4096    16      50      8       0       0       1       0       100         0.17338     0.00086146  8.8738e+05  302.40      100.55      21.672      65536       16          
[1m(BM_SPMM_Grid<float, batchlas::Backend::CUDA>)    [0m4096    16      50      32      0       0       1       0       100         0.74400     0.0015823   8.8738e+05  281.88      93.724      23.250      65536       16          
[1m(BM_SPMM_Grid<float, batchlas::Backend::CUDA>)    [0m4096    16      50      128     0       0       1       0       100         3.0478      0.0062593   8.8738e+05  275.23      91.515      23.811      65536       16          
[1m(BM_SPMM_Grid<float, batchlas::Backend::CUDA>)    [0m4096    16      50      512     0       0       1       0       33          12.187      0.015483    8.8738e+05  275.32      91.545      23.803      65536       16          
2760 MHz, 62
