2775 MHz, 55
[1;36mName                                              Arg0    Arg1    Arg2    Arg3    Arg4    Arg5    Arg6    Arg7    Iter        Avg(ms)     Std(ms)     chk         GFLOPS      GB/s        Time (µs) / matrixnnz/item    nnz/row     [0m
[1m(BM_SPMM_Grid<double, batchlas::Backend::CUDA>)   [0m1024    16      12      8       0       0       1       1       100         0.049774    0.00019116  53883.      63.201      63.860      6.2217      16384       16          
[1m(BM_SPMM_Grid<double, batchlas::Backend::CUDA>)   [0m1024    16      12      32      0       0       1       1       100         0.14193     0.00029957  53883.      88.655      89.579      4.4354      16384       16          
[1m(BM_SPMM_Grid<double, batchlas::Backend::CUDA>)   [0m1024    16      12      128     0       0       1       1       100         0.48746     0.0013312   53883.      103.25      104.33      3.8083      16384       16          
[1m(BM_SPMM_Grid<double, batchlas::Backend::CUDA>)   [0m1024    16      12      512     0       0       1       1       100         1.8533      0.0015444   53883.      108.63      109.76      3.6198      16384       16          
[1m(BM_SPMM_Grid<double, batchlas::Backend::CUDA>)   [0m1024    16      25      8       0       0       1       1       100         0.077808    0.00021002  1.1127e+05  84.228      62.750      9.7260      16384       16          
[1m(BM_SPMM_Grid<double, batchlas::Backend::CUDA>)   [0m1024    16      25      32      0       0       1       1       100         0.25710     0.00042902  1.1127e+05  101.96      75.963      8.0343      16384       16          
[1m(BM_SPMM_Grid<double, batchlas::Backend::CUDA>)   [0m1024    16      25      128     0       0       1       1       100         0.97621     0.00029582  1.1127e+05  107.41      80.023      7.6266      16384       16          
[1m(BM_SPMM_Grid<double, batchlas::Backend::CUDA>)   [0m1024    16      25      512     0       0       1       1       100         3.9543      0.0016948   1.1127e+05  106.07      79.022      7.7233      16384       16          
[1m(BM_SPMM_Grid<double, batchlas::Backend::CUDA>)   [0m1024    16      50      8       0       0       1       1       100         0.13850     0.0010251   2.2244e+05  94.637      58.912      17.312      16384       16          
[1m(BM_SPMM_Grid<double, batchlas::Backend::CUDA>)   [0m1024    16      50      32      0       0       1       1       100         0.48782     0.00034671  2.2244e+05  107.48      66.904      15.244      16384       16          
[1m(BM_SPMM_Grid<double, batchlas::Backend::CUDA>)   [0m1024    16      50      128     0       0       1       1       100         1.9231      0.0013414   2.2244e+05  109.05      67.886      15.024      16384       16          
[1m(BM_SPMM_Grid<double, batchlas::Backend::CUDA>)   [0m1024    16      50      512     0       0       1       1       52          7.7589      0.0029005   2.2244e+05  108.12      67.303      15.154      16384       16          
[1m(BM_SPMM_Grid<double, batchlas::Backend::CUDA>)   [0m2048    16      12      8       0       0       1       1       100         0.068711    5.1716e-05  1.0758e+05  91.564      92.518      8.5889      32768       16          
[1m(BM_SPMM_Grid<double, batchlas::Backend::CUDA>)   [0m2048    16      12      32      0       0       1       1       100         0.22564     0.00025483  1.0758e+05  111.53      112.69      7.0512      32768       16          
[1m(BM_SPMM_Grid<double, batchlas::Backend::CUDA>)   [0m2048    16      12      128     0       0       1       1       100         0.85283     0.00019919  1.0758e+05  118.03      119.26      6.6627      32768       16          
[1m(BM_SPMM_Grid<double, batchlas::Backend::CUDA>)   [0m2048    16      12      512     0       0       1       1       100         3.5607      0.0022795   1.0758e+05  113.08      114.26      6.9545      32768       16          
[1m(BM_SPMM_Grid<double, batchlas::Backend::CUDA>)   [0m2048    16      25      8       0       0       1       1       100         0.12413     0.00016314  2.2318e+05  105.59      78.666      15.516      32768       16          
[1m(BM_SPMM_Grid<double, batchlas::Backend::CUDA>)   [0m2048    16      25      32      0       0       1       1       100         0.43979     0.00019438  2.2318e+05  119.21      88.814      13.743      32768       16          
[1m(BM_SPMM_Grid<double, batchlas::Backend::CUDA>)   [0m2048    16      25      128     0       0       1       1       100         1.7554      0.0027426   2.2318e+05  119.47      89.007      13.714      32768       16          
[1m(BM_SPMM_Grid<double, batchlas::Backend::CUDA>)   [0m2048    16      25      512     0       0       1       1       56          7.1711      0.0019694   2.2318e+05  116.98      87.149      14.006      32768       16          
[1m(BM_SPMM_Grid<double, batchlas::Backend::CUDA>)   [0m2048    16      50      8       0       0       1       1       100         0.22577     0.00016276  4.4688e+05  116.11      72.278      28.222      32768       16          
[1m(BM_SPMM_Grid<double, batchlas::Backend::CUDA>)   [0m2048    16      50      32      0       0       1       1       100         0.85024     0.00018114  4.4688e+05  123.33      76.771      26.570      32768       16          
[1m(BM_SPMM_Grid<double, batchlas::Backend::CUDA>)   [0m2048    16      50      128     0       0       1       1       100         3.5243      0.0013967   4.4688e+05  119.01      74.085      27.533      32768       16          
[1m(BM_SPMM_Grid<double, batchlas::Backend::CUDA>)   [0m2048    16      50      512     0       0       1       1       29          14.058      0.0022211   4.4688e+05  119.34      74.289      27.458      32768       16          
[1m(BM_SPMM_Grid<double, batchlas::Backend::CUDA>)   [0m4096    16      12      8       0       0       1       1       100         0.11776     0.00017748  2.1262e+05  106.85      107.96      14.720      65536       16          
[1m(BM_SPMM_Grid<double, batchlas::Backend::CUDA>)   [0m4096    16      12      32      0       0       1       1       100         0.42650     0.0037071   2.1262e+05  118.01      119.24      13.328      65536       16          
[1m(BM_SPMM_Grid<double, batchlas::Backend::CUDA>)   [0m4096    16      12      128     0       0       1       1       100         1.7388      0.016789    2.1262e+05  115.78      116.99      13.584      65536       16          
[1m(BM_SPMM_Grid<double, batchlas::Backend::CUDA>)   [0m4096    16      12      512     0       0       1       1       57          7.0982      0.0041009   2.1262e+05  113.45      114.63      13.864      65536       16          
[1m(BM_SPMM_Grid<double, batchlas::Backend::CUDA>)   [0m4096    16      25      8       0       0       1       1       100         0.21576     0.00021901  4.4286e+05  121.50      90.517      26.970      65536       16          
[1m(BM_SPMM_Grid<double, batchlas::Backend::CUDA>)   [0m4096    16      25      32      0       0       1       1       100         0.80666     0.0026246   4.4286e+05  129.99      96.843      25.208      65536       16          
[1m(BM_SPMM_Grid<double, batchlas::Backend::CUDA>)   [0m4096    16      25      128     0       0       1       1       100         3.6048      0.0063203   4.4286e+05  116.35      86.683      28.163      65536       16          
[1m(BM_SPMM_Grid<double, batchlas::Backend::CUDA>)   [0m4096    16      25      512     0       0       1       1       29          14.150      0.0042436   4.4286e+05  118.56      88.331      27.637      65536       16          
[1m(BM_SPMM_Grid<double, batchlas::Backend::CUDA>)   [0m4096    16      50      8       0       0       1       1       100         0.40518     0.00023508  8.8738e+05  129.39      80.548      50.648      65536       16          
[1m(BM_SPMM_Grid<double, batchlas::Backend::CUDA>)   [0m4096    16      50      32      0       0       1       1       100         1.6565      0.0023083   8.8738e+05  126.60      78.810      51.765      65536       16          
[1m(BM_SPMM_Grid<double, batchlas::Backend::CUDA>)   [0m4096    16      50      128     0       0       1       1       58          7.0055      0.020265    8.8738e+05  119.74      74.540      54.731      65536       16          
[1m(BM_SPMM_Grid<double, batchlas::Backend::CUDA>)   [0m4096    16      50      512     0       0       1       1       20          27.867      0.10545     8.8738e+05  120.41      74.956      54.427      65536       16          
2775 MHz, 64
