2775 MHz, 56
[1;36mName                                              Arg0    Arg1    Arg2    Arg3    Arg4    Arg5    Arg6    Arg7    Iter        Avg(ms)     Std(ms)     chk         GFLOPS      GB/s        Time (µs) / matrixnnz/item    nnz/row     [0m
[1m(BM_SPMM_Grid<double, batchlas::Backend::CUDA>)   [0m1024    16      12      8       0       0       1       1       100         0.041983    3.7567e-05  53883.      74.929      75.711      5.2478      16384       16          
[1m(BM_SPMM_Grid<double, batchlas::Backend::CUDA>)   [0m1024    16      12      32      0       0       1       1       100         0.14456     0.00017006  53883.      87.042      87.949      4.5176      16384       16          
[1m(BM_SPMM_Grid<double, batchlas::Backend::CUDA>)   [0m1024    16      12      128     0       0       1       1       100         0.51480     0.00025391  53883.      97.769      98.788      4.0219      16384       16          
[1m(BM_SPMM_Grid<double, batchlas::Backend::CUDA>)   [0m1024    16      12      512     0       0       1       1       100         2.2679      0.0096773   53883.      88.774      89.700      4.4294      16384       16          
[1m(BM_SPMM_Grid<double, batchlas::Backend::CUDA>)   [0m1024    16      25      8       0       0       1       1       100         0.083545    7.4956e-05  1.1127e+05  78.444      58.441      10.443      16384       16          
[1m(BM_SPMM_Grid<double, batchlas::Backend::CUDA>)   [0m1024    16      25      32      0       0       1       1       100         0.25180     0.00016173  1.1127e+05  104.11      77.560      7.8688      16384       16          
[1m(BM_SPMM_Grid<double, batchlas::Backend::CUDA>)   [0m1024    16      25      128     0       0       1       1       100         1.0481      0.0014081   1.1127e+05  100.04      74.533      8.1885      16384       16          
[1m(BM_SPMM_Grid<double, batchlas::Backend::CUDA>)   [0m1024    16      25      512     0       0       1       1       92          4.3841      0.019961    1.1127e+05  95.671      71.275      8.5627      16384       16          
[1m(BM_SPMM_Grid<double, batchlas::Backend::CUDA>)   [0m1024    16      50      8       0       0       1       1       100         0.14059     0.00032110  2.2244e+05  93.229      58.035      17.574      16384       16          
[1m(BM_SPMM_Grid<double, batchlas::Backend::CUDA>)   [0m1024    16      50      32      0       0       1       1       100         0.46642     0.00034647  2.2244e+05  112.41      69.973      14.576      16384       16          
[1m(BM_SPMM_Grid<double, batchlas::Backend::CUDA>)   [0m1024    16      50      128     0       0       1       1       100         2.3004      0.0026778   2.2244e+05  91.163      56.749      17.972      16384       16          
[1m(BM_SPMM_Grid<double, batchlas::Backend::CUDA>)   [0m1024    16      50      512     0       0       1       1       36          11.377      0.051746    2.2244e+05  73.732      45.898      22.221      16384       16          
[1m(BM_SPMM_Grid<double, batchlas::Backend::CUDA>)   [0m2048    16      12      8       0       0       1       1       100         0.070526    3.9627e-05  1.0758e+05  89.208      90.137      8.8157      32768       16          
[1m(BM_SPMM_Grid<double, batchlas::Backend::CUDA>)   [0m2048    16      12      32      0       0       1       1       100         0.26418     0.00038040  1.0758e+05  95.259      96.252      8.2557      32768       16          
[1m(BM_SPMM_Grid<double, batchlas::Backend::CUDA>)   [0m2048    16      12      128     0       0       1       1       100         1.0759      0.0066245   1.0758e+05  93.562      94.537      8.4055      32768       16          
[1m(BM_SPMM_Grid<double, batchlas::Backend::CUDA>)   [0m2048    16      12      512     0       0       1       1       95          4.2396      0.0076510   1.0758e+05  94.973      95.963      8.2806      32768       16          
[1m(BM_SPMM_Grid<double, batchlas::Backend::CUDA>)   [0m2048    16      25      8       0       0       1       1       100         0.12984     0.00027332  2.2318e+05  100.95      75.205      16.230      32768       16          
[1m(BM_SPMM_Grid<double, batchlas::Backend::CUDA>)   [0m2048    16      25      32      0       0       1       1       100         0.48804     0.00021487  2.2318e+05  107.43      80.034      15.251      32768       16          
[1m(BM_SPMM_Grid<double, batchlas::Backend::CUDA>)   [0m2048    16      25      128     0       0       1       1       100         2.2271      0.0064617   2.2318e+05  94.167      70.154      17.399      32768       16          
[1m(BM_SPMM_Grid<double, batchlas::Backend::CUDA>)   [0m2048    16      25      512     0       0       1       1       47          8.6769      0.013500    2.2318e+05  96.678      72.025      16.947      32768       16          
[1m(BM_SPMM_Grid<double, batchlas::Backend::CUDA>)   [0m2048    16      50      8       0       0       1       1       100         0.24181     0.00033132  4.4688e+05  108.41      67.486      30.226      32768       16          
[1m(BM_SPMM_Grid<double, batchlas::Backend::CUDA>)   [0m2048    16      50      32      0       0       1       1       100         0.94918     0.00034305  4.4688e+05  110.47      68.769      29.662      32768       16          
[1m(BM_SPMM_Grid<double, batchlas::Backend::CUDA>)   [0m2048    16      50      128     0       0       1       1       67          5.9837      0.016807    4.4688e+05  70.095      43.634      46.748      32768       16          
[1m(BM_SPMM_Grid<double, batchlas::Backend::CUDA>)   [0m2048    16      50      512     0       0       1       1       20          21.572      0.080578    4.4688e+05  77.774      48.414      42.133      32768       16          
[1m(BM_SPMM_Grid<double, batchlas::Backend::CUDA>)   [0m4096    16      12      8       0       0       1       1       100         0.11148     9.2014e-05  2.1262e+05  112.87      114.05      13.935      65536       16          
[1m(BM_SPMM_Grid<double, batchlas::Backend::CUDA>)   [0m4096    16      12      32      0       0       1       1       100         0.47060     0.00018046  2.1262e+05  106.95      108.07      14.706      65536       16          
[1m(BM_SPMM_Grid<double, batchlas::Backend::CUDA>)   [0m4096    16      12      128     0       0       1       1       100         2.1254      0.0080307   2.1262e+05  94.722      95.709      16.605      65536       16          
[1m(BM_SPMM_Grid<double, batchlas::Backend::CUDA>)   [0m4096    16      12      512     0       0       1       1       48          8.4214      0.0073256   2.1262e+05  95.626      96.623      16.448      65536       16          
[1m(BM_SPMM_Grid<double, batchlas::Backend::CUDA>)   [0m4096    16      25      8       0       0       1       1       100         0.22371     0.00023980  4.4286e+05  117.18      87.298      27.964      65536       16          
[1m(BM_SPMM_Grid<double, batchlas::Backend::CUDA>)   [0m4096    16      25      32      0       0       1       1       100         0.95372     0.0035979   4.4286e+05  109.95      81.910      29.804      65536       16          
[1m(BM_SPMM_Grid<double, batchlas::Backend::CUDA>)   [0m4096    16      25      128     0       0       1       1       89          4.5250      0.020046    4.4286e+05  92.691      69.055      35.352      65536       16          
[1m(BM_SPMM_Grid<double, batchlas::Backend::CUDA>)   [0m4096    16      25      512     0       0       1       1       23          17.906      0.019419    4.4286e+05  93.694      69.802      34.973      65536       16          
[1m(BM_SPMM_Grid<double, batchlas::Backend::CUDA>)   [0m4096    16      50      8       0       0       1       1       100         0.43090     0.00030851  8.8738e+05  121.67      75.742      53.862      65536       16          
[1m(BM_SPMM_Grid<double, batchlas::Backend::CUDA>)   [0m4096    16      50      32      0       0       1       1       100         2.3529      0.0025620   8.8738e+05  89.129      55.483      73.530      65536       16          
[1m(BM_SPMM_Grid<double, batchlas::Backend::CUDA>)   [0m4096    16      50      128     0       0       1       1       31          12.992      0.063606    8.8738e+05  64.569      40.195      101.50      65536       16          
[1m(BM_SPMM_Grid<double, batchlas::Backend::CUDA>)   [0m4096    16      50      512     0       0       1       1       20          48.659      0.26345     8.8738e+05  68.959      42.927      95.036      65536       16          
2775 MHz, 56
