2775 MHz, 59
[1;36mName                                              Arg0    Arg1    Arg2    Arg3    Arg4    Arg5    Arg6    Arg7    Iter        Avg(ms)     Std(ms)     chk         GFLOPS      GB/s        Time (µs) / matrixnnz/item    nnz/row     [0m
[1m(BM_SPMM_Grid<std::complex<double>, batchlas::Backend::CUDA>)[0m1024    16      12      8       0       0       1       1       100         0.072604    0.00016821  1.5324e+05  173.31      79.885      9.0755      16384       16          
[1m(BM_SPMM_Grid<std::complex<double>, batchlas::Backend::CUDA>)[0m1024    16      12      32      0       0       1       1       100         0.22418     0.00024543  1.5324e+05  224.52      103.49      7.0056      16384       16          
[1m(BM_SPMM_Grid<std::complex<double>, batchlas::Backend::CUDA>)[0m1024    16      12      128     0       0       1       1       100         0.82474     0.0010538   1.5324e+05  244.11      112.52      6.4433      16384       16          
[1m(BM_SPMM_Grid<std::complex<double>, batchlas::Backend::CUDA>)[0m1024    16      12      512     0       0       1       1       100         3.4366      0.018220    1.5324e+05  234.33      108.01      6.7122      16384       16          
[1m(BM_SPMM_Grid<std::complex<double>, batchlas::Backend::CUDA>)[0m1024    16      25      8       0       0       1       1       100         0.12856     0.00033466  3.1786e+05  203.91      71.625      16.069      16384       16          
[1m(BM_SPMM_Grid<std::complex<double>, batchlas::Backend::CUDA>)[0m1024    16      25      32      0       0       1       1       100         0.44628     0.0010314   3.1786e+05  234.96      82.530      13.946      16384       16          
[1m(BM_SPMM_Grid<std::complex<double>, batchlas::Backend::CUDA>)[0m1024    16      25      128     0       0       1       1       100         1.7570      0.0012167   3.1786e+05  238.71      83.848      13.727      16384       16          
[1m(BM_SPMM_Grid<std::complex<double>, batchlas::Backend::CUDA>)[0m1024    16      25      512     0       0       1       1       56          7.1648      0.0020601   3.1786e+05  234.16      82.249      13.994      16384       16          
[1m(BM_SPMM_Grid<std::complex<double>, batchlas::Backend::CUDA>)[0m1024    16      50      8       0       0       1       1       100         0.23247     0.00025476  6.3499e+05  225.53      67.800      29.059      16384       16          
[1m(BM_SPMM_Grid<std::complex<double>, batchlas::Backend::CUDA>)[0m1024    16      50      32      0       0       1       1       100         0.86135     0.00041147  6.3499e+05  243.47      73.194      26.917      16384       16          
[1m(BM_SPMM_Grid<std::complex<double>, batchlas::Backend::CUDA>)[0m1024    16      50      128     0       0       1       1       100         3.5542      0.0019162   6.3499e+05  236.02      70.953      27.767      16384       16          
[1m(BM_SPMM_Grid<std::complex<double>, batchlas::Backend::CUDA>)[0m1024    16      50      512     0       0       1       1       29          14.177      0.034925    6.3499e+05  236.69      71.155      27.689      16384       16          
[1m(BM_SPMM_Grid<std::complex<double>, batchlas::Backend::CUDA>)[0m2048    16      12      8       0       0       1       1       100         0.11797     0.00020003  3.0628e+05  213.33      98.333      14.746      32768       16          
[1m(BM_SPMM_Grid<std::complex<double>, batchlas::Backend::CUDA>)[0m2048    16      12      32      0       0       1       1       100         0.39983     0.00022420  3.0628e+05  251.77      116.05      12.495      32768       16          
[1m(BM_SPMM_Grid<std::complex<double>, batchlas::Backend::CUDA>)[0m2048    16      12      128     0       0       1       1       100         1.6330      0.0013055   3.0628e+05  246.57      113.66      12.758      32768       16          
[1m(BM_SPMM_Grid<std::complex<double>, batchlas::Backend::CUDA>)[0m2048    16      12      512     0       0       1       1       59          6.8630      0.0052853   3.0628e+05  234.68      108.17      13.404      32768       16          
[1m(BM_SPMM_Grid<std::complex<double>, batchlas::Backend::CUDA>)[0m2048    16      25      8       0       0       1       1       100         0.21712     0.00022318  6.3728e+05  241.48      84.819      27.140      32768       16          
[1m(BM_SPMM_Grid<std::complex<double>, batchlas::Backend::CUDA>)[0m2048    16      25      32      0       0       1       1       100         0.79776     0.0023489   6.3728e+05  262.88      92.337      24.930      32768       16          
[1m(BM_SPMM_Grid<std::complex<double>, batchlas::Backend::CUDA>)[0m2048    16      25      128     0       0       1       1       100         3.4935      0.0019449   6.3728e+05  240.12      84.343      27.293      32768       16          
[1m(BM_SPMM_Grid<std::complex<double>, batchlas::Backend::CUDA>)[0m2048    16      25      512     0       0       1       1       29          13.942      0.0036967   6.3728e+05  240.67      84.536      27.230      32768       16          
[1m(BM_SPMM_Grid<std::complex<double>, batchlas::Backend::CUDA>)[0m2048    16      50      8       0       0       1       1       100         0.40703     0.00020828  1.2748e+06  257.62      77.447      50.878      32768       16          
[1m(BM_SPMM_Grid<std::complex<double>, batchlas::Backend::CUDA>)[0m2048    16      50      32      0       0       1       1       100         1.6497      0.0011744   1.2748e+06  254.25      76.435      51.552      32768       16          
[1m(BM_SPMM_Grid<std::complex<double>, batchlas::Backend::CUDA>)[0m2048    16      50      128     0       0       1       1       58          6.9061      0.0025326   1.2748e+06  242.93      73.032      53.954      32768       16          
[1m(BM_SPMM_Grid<std::complex<double>, batchlas::Backend::CUDA>)[0m2048    16      50      512     0       0       1       1       20          27.575      0.0038953   1.2748e+06  243.37      73.163      53.857      32768       16          
[1m(BM_SPMM_Grid<std::complex<double>, batchlas::Backend::CUDA>)[0m4096    16      12      8       0       0       1       1       100         0.21247     0.0017757   6.0670e+05  236.89      109.19      26.559      65536       16          
[1m(BM_SPMM_Grid<std::complex<double>, batchlas::Backend::CUDA>)[0m4096    16      12      32      0       0       1       1       100         0.78773     0.0067589   6.0670e+05  255.58      117.81      24.616      65536       16          
[1m(BM_SPMM_Grid<std::complex<double>, batchlas::Backend::CUDA>)[0m4096    16      12      128     0       0       1       1       100         3.4619      0.027775    6.0670e+05  232.62      107.22      27.046      65536       16          
[1m(BM_SPMM_Grid<std::complex<double>, batchlas::Backend::CUDA>)[0m4096    16      12      512     0       0       1       1       30          13.712      0.0076182   6.0670e+05  234.92      108.28      26.781      65536       16          
[1m(BM_SPMM_Grid<std::complex<double>, batchlas::Backend::CUDA>)[0m4096    16      25      8       0       0       1       1       100         0.41029     0.0023684   1.2646e+06  255.57      89.770      51.286      65536       16          
[1m(BM_SPMM_Grid<std::complex<double>, batchlas::Backend::CUDA>)[0m4096    16      25      32      0       0       1       1       100         1.6841      0.014711    1.2646e+06  249.05      87.477      52.630      65536       16          
[1m(BM_SPMM_Grid<std::complex<double>, batchlas::Backend::CUDA>)[0m4096    16      25      128     0       0       1       1       58          7.0120      0.012114    1.2646e+06  239.26      84.041      54.782      65536       16          
[1m(BM_SPMM_Grid<std::complex<double>, batchlas::Backend::CUDA>)[0m4096    16      25      512     0       0       1       1       20          28.193      0.051423    1.2646e+06  238.03      83.609      55.065      65536       16          
[1m(BM_SPMM_Grid<std::complex<double>, batchlas::Backend::CUDA>)[0m4096    16      50      8       0       0       1       1       100         0.79208     0.0028611   2.5320e+06  264.76      79.595      99.011      65536       16          
[1m(BM_SPMM_Grid<std::complex<double>, batchlas::Backend::CUDA>)[0m4096    16      50      32      0       0       1       1       100         3.4813      0.0090416   2.5320e+06  240.96      72.440      108.79      65536       16          
[1m(BM_SPMM_Grid<std::complex<double>, batchlas::Backend::CUDA>)[0m4096    16      50      128     0       0       1       1       29          13.860      0.0031615   2.5320e+06  242.10      72.782      108.28      65536       16          
[1m(BM_SPMM_Grid<std::complex<double>, batchlas::Backend::CUDA>)[0m4096    16      50      512     0       0       1       1       20          55.383      0.0084385   2.5320e+06  242.34      72.854      108.17      65536       16          
2775 MHz, 63
