2775 MHz, 52
[1;36mName                                              Arg0    Arg1    Arg2    Arg3    Arg4    Arg5    Arg6    Arg7    Iter        Avg(ms)     Std(ms)     chk         GFLOPS      GB/s        Time (µs) / matrixnnz/item    nnz/row     [0m
[1m(BM_SPMM_Grid<float, batchlas::Backend::CUDA>)    [0m1024    16      12      8       0       0       1       1       100         0.046882    0.00035415  53883.      67.099      39.841      5.8602      16384       16          
[1m(BM_SPMM_Grid<float, batchlas::Backend::CUDA>)    [0m1024    16      12      32      0       0       1       1       100         0.13668     0.0013376   53883.      92.060      54.662      4.2713      16384       16          
[1m(BM_SPMM_Grid<float, batchlas::Backend::CUDA>)    [0m1024    16      12      128     0       0       1       1       100         0.50241     0.00065982  53883.      100.18      59.483      3.9251      16384       16          
[1m(BM_SPMM_Grid<float, batchlas::Backend::CUDA>)    [0m1024    16      12      512     0       0       1       1       100         2.0065      0.021522    53883.      100.34      59.577      3.9189      16384       16          
[1m(BM_SPMM_Grid<float, batchlas::Backend::CUDA>)    [0m1024    16      25      8       0       0       1       1       100         0.077575    4.4748e-05  1.1127e+05  84.481      35.060      9.6968      16384       16          
[1m(BM_SPMM_Grid<float, batchlas::Backend::CUDA>)    [0m1024    16      25      32      0       0       1       1       100         0.26892     0.00027842  1.1127e+05  97.479      40.454      8.4038      16384       16          
[1m(BM_SPMM_Grid<float, batchlas::Backend::CUDA>)    [0m1024    16      25      128     0       0       1       1       100         1.0154      0.0016416   1.1127e+05  103.27      42.856      7.9328      16384       16          
[1m(BM_SPMM_Grid<float, batchlas::Backend::CUDA>)    [0m1024    16      25      512     0       0       1       1       100         4.0381      0.0026989   1.1127e+05  103.87      43.105      7.8870      16384       16          
[1m(BM_SPMM_Grid<float, batchlas::Backend::CUDA>)    [0m1024    16      50      8       0       0       1       1       100         0.13972     0.00021441  2.2244e+05  93.810      31.192      17.465      16384       16          
[1m(BM_SPMM_Grid<float, batchlas::Backend::CUDA>)    [0m1024    16      50      32      0       0       1       1       100         0.50882     0.0011601   2.2244e+05  103.04      34.261      15.901      16384       16          
[1m(BM_SPMM_Grid<float, batchlas::Backend::CUDA>)    [0m1024    16      50      128     0       0       1       1       100         1.9948      0.0019216   2.2244e+05  105.13      34.956      15.585      16384       16          
[1m(BM_SPMM_Grid<float, batchlas::Backend::CUDA>)    [0m1024    16      50      512     0       0       1       1       50          8.0203      0.0040203   2.2244e+05  104.59      34.777      15.665      16384       16          
[1m(BM_SPMM_Grid<float, batchlas::Backend::CUDA>)    [0m2048    16      12      8       0       0       1       1       100         0.070716    3.6594e-05  1.0758e+05  88.968      52.825      8.8394      32768       16          
[1m(BM_SPMM_Grid<float, batchlas::Backend::CUDA>)    [0m2048    16      12      32      0       0       1       1       100         0.24108     0.00015141  1.0758e+05  104.39      61.982      7.5336      32768       16          
[1m(BM_SPMM_Grid<float, batchlas::Backend::CUDA>)    [0m2048    16      12      128     0       0       1       1       100         0.91437     0.00041270  1.0758e+05  110.09      65.367      7.1435      32768       16          
[1m(BM_SPMM_Grid<float, batchlas::Backend::CUDA>)    [0m2048    16      12      512     0       0       1       1       100         3.6387      0.0015299   1.0758e+05  110.66      65.705      7.1068      32768       16          
[1m(BM_SPMM_Grid<float, batchlas::Backend::CUDA>)    [0m2048    16      25      8       0       0       1       1       100         0.13144     0.00018120  2.2318e+05  99.719      41.384      16.430      32768       16          
[1m(BM_SPMM_Grid<float, batchlas::Backend::CUDA>)    [0m2048    16      25      32      0       0       1       1       100         0.47320     0.0023690   2.2318e+05  110.80      45.981      14.787      32768       16          
[1m(BM_SPMM_Grid<float, batchlas::Backend::CUDA>)    [0m2048    16      25      128     0       0       1       1       100         1.8479      0.0013632   2.2318e+05  113.49      47.098      14.437      32768       16          
[1m(BM_SPMM_Grid<float, batchlas::Backend::CUDA>)    [0m2048    16      25      512     0       0       1       1       54          7.4451      0.0018339   2.2318e+05  112.67      46.759      14.541      32768       16          
[1m(BM_SPMM_Grid<float, batchlas::Backend::CUDA>)    [0m2048    16      50      8       0       0       1       1       100         0.24743     0.00035924  4.4688e+05  105.95      35.228      30.928      32768       16          
[1m(BM_SPMM_Grid<float, batchlas::Backend::CUDA>)    [0m2048    16      50      32      0       0       1       1       100         0.92002     0.0035890   4.4688e+05  113.97      37.896      28.751      32768       16          
[1m(BM_SPMM_Grid<float, batchlas::Backend::CUDA>)    [0m2048    16      50      128     0       0       1       1       100         3.6424      0.0013753   4.4688e+05  115.15      38.288      28.456      32768       16          
[1m(BM_SPMM_Grid<float, batchlas::Backend::CUDA>)    [0m2048    16      50      512     0       0       1       1       28          14.637      0.017910    4.4688e+05  114.62      38.113      28.587      32768       16          
[1m(BM_SPMM_Grid<float, batchlas::Backend::CUDA>)    [0m4096    16      12      8       0       0       1       1       100         0.11956     0.00013410  2.1262e+05  105.25      62.490      14.945      65536       16          
[1m(BM_SPMM_Grid<float, batchlas::Backend::CUDA>)    [0m4096    16      12      32      0       0       1       1       100         0.43553     0.0023293   2.1262e+05  115.56      68.616      13.610      65536       16          
[1m(BM_SPMM_Grid<float, batchlas::Backend::CUDA>)    [0m4096    16      12      128     0       0       1       1       100         1.7039      0.0016602   2.1262e+05  118.15      70.155      13.312      65536       16          
[1m(BM_SPMM_Grid<float, batchlas::Backend::CUDA>)    [0m4096    16      12      512     0       0       1       1       57          7.0838      0.0035753   2.1262e+05  113.68      67.499      13.836      65536       16          
[1m(BM_SPMM_Grid<float, batchlas::Backend::CUDA>)    [0m4096    16      25      8       0       0       1       1       100         0.23407     0.00015821  4.4286e+05  111.99      46.477      29.259      65536       16          
[1m(BM_SPMM_Grid<float, batchlas::Backend::CUDA>)    [0m4096    16      25      32      0       0       1       1       100         0.87382     0.0014962   4.4286e+05  120.00      49.800      27.307      65536       16          
[1m(BM_SPMM_Grid<float, batchlas::Backend::CUDA>)    [0m4096    16      25      128     0       0       1       1       100         3.4291      0.013550    4.4286e+05  122.32      50.762      26.789      65536       16          
[1m(BM_SPMM_Grid<float, batchlas::Backend::CUDA>)    [0m4096    16      25      512     0       0       1       1       29          14.011      0.014996    4.4286e+05  119.75      49.694      27.365      65536       16          
[1m(BM_SPMM_Grid<float, batchlas::Backend::CUDA>)    [0m4096    16      50      8       0       0       1       1       100         0.42982     0.00019688  8.8738e+05  121.98      40.558      53.727      65536       16          
[1m(BM_SPMM_Grid<float, batchlas::Backend::CUDA>)    [0m4096    16      50      32      0       0       1       1       100         1.6920      0.0012245   8.8738e+05  123.94      41.211      52.876      65536       16          
[1m(BM_SPMM_Grid<float, batchlas::Backend::CUDA>)    [0m4096    16      50      128     0       0       1       1       59          6.8352      0.0014757   8.8738e+05  122.73      40.807      53.400      65536       16          
[1m(BM_SPMM_Grid<float, batchlas::Backend::CUDA>)    [0m4096    16      50      512     0       0       1       1       20          27.100      0.0028987   8.8738e+05  123.82      41.170      52.929      65536       16          
2775 MHz, 57
