2775 MHz, 59
[1;36mName                                              Arg0    Arg1    Arg2    Arg3    Arg4    Arg5    Arg6    Arg7    Iter        Avg(ms)     Std(ms)     chk         GFLOPS      GB/s        Time (µs) / matrixnnz/item    nnz/row     [0m
[1m(BM_SPMM_Grid<std::complex<double>, batchlas::Backend::CUDA>)[0m1024    16      12      8       0       0       1       1       100         0.076544    0.00021622  1.5324e+05  164.39      75.773      9.5679      16384       16          
[1m(BM_SPMM_Grid<std::complex<double>, batchlas::Backend::CUDA>)[0m1024    16      12      32      0       0       1       1       100         0.25969     0.00024025  1.5324e+05  193.82      89.337      8.1153      16384       16          
[1m(BM_SPMM_Grid<std::complex<double>, batchlas::Backend::CUDA>)[0m1024    16      12      128     0       0       1       1       100         0.99176     0.0015714   1.5324e+05  203.00      93.571      7.7481      16384       16          
[1m(BM_SPMM_Grid<std::complex<double>, batchlas::Backend::CUDA>)[0m1024    16      12      512     0       0       1       1       96          4.1777      0.0094368   1.5324e+05  192.76      88.852      8.1596      16384       16          
[1m(BM_SPMM_Grid<std::complex<double>, batchlas::Backend::CUDA>)[0m1024    16      25      8       0       0       1       1       100         0.14026     0.00027378  3.1786e+05  186.90      65.649      17.532      16384       16          
[1m(BM_SPMM_Grid<std::complex<double>, batchlas::Backend::CUDA>)[0m1024    16      25      32      0       0       1       1       100         0.47974     0.0012959   3.1786e+05  218.57      76.773      14.992      16384       16          
[1m(BM_SPMM_Grid<std::complex<double>, batchlas::Backend::CUDA>)[0m1024    16      25      128     0       0       1       1       100         2.2629      0.0079039   3.1786e+05  185.35      65.105      17.679      16384       16          
[1m(BM_SPMM_Grid<std::complex<double>, batchlas::Backend::CUDA>)[0m1024    16      25      512     0       0       1       1       43          9.3823      0.018507    3.1786e+05  178.82      62.810      18.325      16384       16          
[1m(BM_SPMM_Grid<std::complex<double>, batchlas::Backend::CUDA>)[0m1024    16      50      8       0       0       1       1       100         0.26494     0.0031336   6.3499e+05  197.89      59.491      33.117      16384       16          
[1m(BM_SPMM_Grid<std::complex<double>, batchlas::Backend::CUDA>)[0m1024    16      50      32      0       0       1       1       100         0.92447     0.0015178   6.3499e+05  226.85      68.197      28.890      16384       16          
[1m(BM_SPMM_Grid<std::complex<double>, batchlas::Backend::CUDA>)[0m1024    16      50      128     0       0       1       1       48          8.3403      0.010110    6.3499e+05  100.58      30.237      65.159      16384       16          
[1m(BM_SPMM_Grid<std::complex<double>, batchlas::Backend::CUDA>)[0m1024    16      50      512     0       0       1       1       20          32.636      0.16028     6.3499e+05  102.81      30.909      63.742      16384       16          
[1m(BM_SPMM_Grid<std::complex<double>, batchlas::Backend::CUDA>)[0m2048    16      12      8       0       0       1       1       100         0.12574     0.0015982   3.0628e+05  200.15      92.256      15.717      32768       16          
[1m(BM_SPMM_Grid<std::complex<double>, batchlas::Backend::CUDA>)[0m2048    16      12      32      0       0       1       1       100         0.46245     0.00045974  3.0628e+05  217.67      100.33      14.452      32768       16          
[1m(BM_SPMM_Grid<std::complex<double>, batchlas::Backend::CUDA>)[0m2048    16      12      128     0       0       1       1       100         2.0736      0.0061217   3.0628e+05  194.18      89.505      16.200      32768       16          
[1m(BM_SPMM_Grid<std::complex<double>, batchlas::Backend::CUDA>)[0m2048    16      12      512     0       0       1       1       49          8.2726      0.013256    3.0628e+05  194.69      89.741      16.157      32768       16          
[1m(BM_SPMM_Grid<std::complex<double>, batchlas::Backend::CUDA>)[0m2048    16      25      8       0       0       1       1       100         0.24689     0.00030874  6.3728e+05  212.36      74.590      30.861      32768       16          
[1m(BM_SPMM_Grid<std::complex<double>, batchlas::Backend::CUDA>)[0m2048    16      25      32      0       0       1       1       100         0.92003     0.00035741  6.3728e+05  227.94      80.066      28.751      32768       16          
[1m(BM_SPMM_Grid<std::complex<double>, batchlas::Backend::CUDA>)[0m2048    16      25      128     0       0       1       1       82          4.9348      0.042433    6.3728e+05  169.99      59.709      38.553      32768       16          
[1m(BM_SPMM_Grid<std::complex<double>, batchlas::Backend::CUDA>)[0m2048    16      25      512     0       0       1       1       22          18.624      0.026300    6.3728e+05  180.17      63.286      36.374      32768       16          
[1m(BM_SPMM_Grid<std::complex<double>, batchlas::Backend::CUDA>)[0m2048    16      50      8       0       0       1       1       100         0.48005     0.0012819   1.2748e+06  218.43      65.666      60.006      32768       16          
[1m(BM_SPMM_Grid<std::complex<double>, batchlas::Backend::CUDA>)[0m2048    16      50      32      0       0       1       1       100         2.1245      0.0037649   1.2748e+06  197.43      59.352      66.389      32768       16          
[1m(BM_SPMM_Grid<std::complex<double>, batchlas::Backend::CUDA>)[0m2048    16      50      128     0       0       1       1       22          18.809      0.083452    1.2748e+06  89.198      26.815      146.94      32768       16          
[1m(BM_SPMM_Grid<std::complex<double>, batchlas::Backend::CUDA>)[0m2048    16      50      512     0       0       1       1       20          68.877      0.35401     1.2748e+06  97.433      29.291      134.53      32768       16          
[1m(BM_SPMM_Grid<std::complex<double>, batchlas::Backend::CUDA>)[0m4096    16      12      8       0       0       1       1       100         0.21853     0.00029522  6.0670e+05  230.32      106.16      27.316      65536       16          
[1m(BM_SPMM_Grid<std::complex<double>, batchlas::Backend::CUDA>)[0m4096    16      12      32      0       0       1       1       100         0.92776     0.00057461  6.0670e+05  217.00      100.02      28.993      65536       16          
[1m(BM_SPMM_Grid<std::complex<double>, batchlas::Backend::CUDA>)[0m4096    16      12      128     0       0       1       1       94          4.2726      0.015176    6.0670e+05  188.48      86.879      33.379      65536       16          
[1m(BM_SPMM_Grid<std::complex<double>, batchlas::Backend::CUDA>)[0m4096    16      12      512     0       0       1       1       24          16.982      0.018213    6.0670e+05  189.68      87.433      33.168      65536       16          
[1m(BM_SPMM_Grid<std::complex<double>, batchlas::Backend::CUDA>)[0m4096    16      25      8       0       0       1       1       100         0.44997     0.0020468   1.2646e+06  233.03      81.852      56.247      65536       16          
[1m(BM_SPMM_Grid<std::complex<double>, batchlas::Backend::CUDA>)[0m4096    16      25      32      0       0       1       1       100         2.3385      0.0047535   1.2646e+06  179.36      63.000      73.077      65536       16          
[1m(BM_SPMM_Grid<std::complex<double>, batchlas::Backend::CUDA>)[0m4096    16      25      128     0       0       1       1       40          10.031      0.043694    1.2646e+06  167.26      58.750      78.364      65536       16          
[1m(BM_SPMM_Grid<std::complex<double>, batchlas::Backend::CUDA>)[0m4096    16      25      512     0       0       1       1       20          38.813      0.083044    1.2646e+06  172.90      60.732      75.806      65536       16          
[1m(BM_SPMM_Grid<std::complex<double>, batchlas::Backend::CUDA>)[0m4096    16      50      8       0       0       1       1       100         0.89689     0.0014238   2.5320e+06  233.82      70.294      112.11      65536       16          
[1m(BM_SPMM_Grid<std::complex<double>, batchlas::Backend::CUDA>)[0m4096    16      50      32      0       0       1       1       42          9.6975      0.015421    2.5320e+06  86.503      26.005      303.05      65536       16          
[1m(BM_SPMM_Grid<std::complex<double>, batchlas::Backend::CUDA>)[0m4096    16      50      128     0       0       1       1       20          39.405      0.27457     2.5320e+06  85.153      25.599      307.85      65536       16          
[1m(BM_SPMM_Grid<std::complex<double>, batchlas::Backend::CUDA>)[0m4096    16      50      512     0       0       1       1       20          166.74      1.2593      2.5320e+06  80.496      24.199      325.66      65536       16          
2775 MHz, 52
