2775 MHz, 55
[1;36mName                                              Arg0    Arg1    Arg2    Arg3    Arg4    Arg5    Arg6    Arg7    Iter        Avg(ms)     Std(ms)     chk         GFLOPS      GB/s        Time (µs) / matrixnnz/item    nnz/row     [0m
[1m(BM_SPMM_Grid<std::complex<float>, batchlas::Backend::CUDA>)[0m1024    16      12      8       0       0       1       1       100         0.074456    5.9542e-05  1.5324e+05  169.00      42.690      9.3070      16384       16          
[1m(BM_SPMM_Grid<std::complex<float>, batchlas::Backend::CUDA>)[0m1024    16      12      32      0       0       1       1       100         0.24380     0.0017464   1.5324e+05  206.45      52.150      7.6188      16384       16          
[1m(BM_SPMM_Grid<std::complex<float>, batchlas::Backend::CUDA>)[0m1024    16      12      128     0       0       1       1       100         0.90288     0.00069038  1.5324e+05  222.98      56.327      7.0538      16384       16          
[1m(BM_SPMM_Grid<std::complex<float>, batchlas::Backend::CUDA>)[0m1024    16      12      512     0       0       1       1       100         3.5298      0.0021252   1.5324e+05  228.15      57.631      6.8941      16384       16          
[1m(BM_SPMM_Grid<std::complex<float>, batchlas::Backend::CUDA>)[0m1024    16      25      8       0       0       1       1       100         0.13289     0.00019981  3.1786e+05  197.27      36.741      16.611      16384       16          
[1m(BM_SPMM_Grid<std::complex<float>, batchlas::Backend::CUDA>)[0m1024    16      25      32      0       0       1       1       100         0.47317     0.0019916   3.1786e+05  221.61      41.274      14.787      16384       16          
[1m(BM_SPMM_Grid<std::complex<float>, batchlas::Backend::CUDA>)[0m1024    16      25      128     0       0       1       1       100         1.8438      0.0013535   3.1786e+05  227.48      42.369      14.405      16384       16          
[1m(BM_SPMM_Grid<std::complex<float>, batchlas::Backend::CUDA>)[0m1024    16      25      512     0       0       1       1       54          7.4193      0.0026896   3.1786e+05  226.13      42.117      14.491      16384       16          
[1m(BM_SPMM_Grid<std::complex<float>, batchlas::Backend::CUDA>)[0m1024    16      50      8       0       0       1       1       100         0.24547     0.00026582  6.3499e+05  213.58      33.239      30.684      16384       16          
[1m(BM_SPMM_Grid<std::complex<float>, batchlas::Backend::CUDA>)[0m1024    16      50      32      0       0       1       1       100         0.91937     0.00034882  6.3499e+05  228.11      35.499      28.730      16384       16          
[1m(BM_SPMM_Grid<std::complex<float>, batchlas::Backend::CUDA>)[0m1024    16      50      128     0       0       1       1       100         3.6611      0.0018376   6.3499e+05  229.13      35.658      28.602      16384       16          
[1m(BM_SPMM_Grid<std::complex<float>, batchlas::Backend::CUDA>)[0m1024    16      50      512     0       0       1       1       28          14.700      0.0036075   6.3499e+05  228.25      35.522      28.712      16384       16          
[1m(BM_SPMM_Grid<std::complex<float>, batchlas::Backend::CUDA>)[0m2048    16      12      8       0       0       1       1       100         0.11493     0.00013098  3.0628e+05  218.96      55.311      14.367      32768       16          
[1m(BM_SPMM_Grid<std::complex<float>, batchlas::Backend::CUDA>)[0m2048    16      12      32      0       0       1       1       100         0.41308     0.0012049   3.0628e+05  243.69      61.557      12.909      32768       16          
[1m(BM_SPMM_Grid<std::complex<float>, batchlas::Backend::CUDA>)[0m2048    16      12      128     0       0       1       1       100         1.6110      0.00077040  3.0628e+05  249.94      63.136      12.586      32768       16          
[1m(BM_SPMM_Grid<std::complex<float>, batchlas::Backend::CUDA>)[0m2048    16      12      512     0       0       1       1       62          6.5349      0.0020062   3.0628e+05  246.46      62.258      12.764      32768       16          
[1m(BM_SPMM_Grid<std::complex<float>, batchlas::Backend::CUDA>)[0m2048    16      25      8       0       0       1       1       100         0.22270     0.00017683  6.3728e+05  235.42      43.847      27.838      32768       16          
[1m(BM_SPMM_Grid<std::complex<float>, batchlas::Backend::CUDA>)[0m2048    16      25      32      0       0       1       1       100         0.83030     0.00020826  6.3728e+05  252.58      47.043      25.947      32768       16          
[1m(BM_SPMM_Grid<std::complex<float>, batchlas::Backend::CUDA>)[0m2048    16      25      128     0       0       1       1       100         3.3095      0.0011284   6.3728e+05  253.47      47.209      25.855      32768       16          
[1m(BM_SPMM_Grid<std::complex<float>, batchlas::Backend::CUDA>)[0m2048    16      25      512     0       0       1       1       30          13.340      0.0028039   6.3728e+05  251.54      46.849      26.054      32768       16          
[1m(BM_SPMM_Grid<std::complex<float>, batchlas::Backend::CUDA>)[0m2048    16      50      8       0       0       1       1       100         0.41929     0.00018550  1.2748e+06  250.08      38.919      52.411      32768       16          
[1m(BM_SPMM_Grid<std::complex<float>, batchlas::Backend::CUDA>)[0m2048    16      50      32      0       0       1       1       100         1.6360      0.00062597  1.2748e+06  256.38      39.899      51.124      32768       16          
[1m(BM_SPMM_Grid<std::complex<float>, batchlas::Backend::CUDA>)[0m2048    16      50      128     0       0       1       1       61          6.6143      0.0038457   1.2748e+06  253.65      39.474      51.674      32768       16          
[1m(BM_SPMM_Grid<std::complex<float>, batchlas::Backend::CUDA>)[0m2048    16      50      512     0       0       1       1       20          26.442      0.0035144   1.2748e+06  253.80      39.498      51.644      32768       16          
[1m(BM_SPMM_Grid<std::complex<float>, batchlas::Backend::CUDA>)[0m4096    16      12      8       0       0       1       1       100         0.20359     0.00016414  6.0670e+05  247.22      62.449      25.449      65536       16          
[1m(BM_SPMM_Grid<std::complex<float>, batchlas::Backend::CUDA>)[0m4096    16      12      32      0       0       1       1       100         0.76460     0.00021716  6.0670e+05  263.31      66.513      23.894      65536       16          
[1m(BM_SPMM_Grid<std::complex<float>, batchlas::Backend::CUDA>)[0m4096    16      12      128     0       0       1       1       100         3.1381      0.0061244   6.0670e+05  256.62      64.825      24.516      65536       16          
[1m(BM_SPMM_Grid<std::complex<float>, batchlas::Backend::CUDA>)[0m4096    16      12      512     0       0       1       1       32          12.631      0.0027013   6.0670e+05  255.03      64.421      24.670      65536       16          
[1m(BM_SPMM_Grid<std::complex<float>, batchlas::Backend::CUDA>)[0m4096    16      25      8       0       0       1       1       100         0.39902     0.00021731  1.2646e+06  262.79      48.944      49.877      65536       16          
[1m(BM_SPMM_Grid<std::complex<float>, batchlas::Backend::CUDA>)[0m4096    16      25      32      0       0       1       1       100         1.5499      0.00072964  1.2646e+06  270.62      50.403      48.434      65536       16          
[1m(BM_SPMM_Grid<std::complex<float>, batchlas::Backend::CUDA>)[0m4096    16      25      128     0       0       1       1       63          6.4416      0.0042288   1.2646e+06  260.45      48.509      50.325      65536       16          
[1m(BM_SPMM_Grid<std::complex<float>, batchlas::Backend::CUDA>)[0m4096    16      25      512     0       0       1       1       20          25.715      0.0024392   1.2646e+06  260.98      48.607      50.224      65536       16          
[1m(BM_SPMM_Grid<std::complex<float>, batchlas::Backend::CUDA>)[0m4096    16      50      8       0       0       1       1       100         0.77243     0.00086784  2.5320e+06  271.50      42.252      96.554      65536       16          
[1m(BM_SPMM_Grid<std::complex<float>, batchlas::Backend::CUDA>)[0m4096    16      50      32      0       0       1       1       100         3.1160      0.0011997   2.5320e+06  269.21      41.896      97.375      65536       16          
[1m(BM_SPMM_Grid<std::complex<float>, batchlas::Backend::CUDA>)[0m4096    16      50      128     0       0       1       1       32          12.732      0.0027700   2.5320e+06  263.55      41.014      99.468      65536       16          
[1m(BM_SPMM_Grid<std::complex<float>, batchlas::Backend::CUDA>)[0m4096    16      50      512     0       0       1       1       20          50.887      0.051848    2.5320e+06  263.76      41.047      99.388      65536       16          
2775 MHz, 58
