2760 MHz, 62
[1;36mName                                              Arg0    Arg1    Arg2    Arg3    Arg4    Arg5    Arg6    Arg7    Iter        Avg(ms)     Std(ms)     chk         GFLOPS      GB/s        Time (µs) / matrixnnz/item    nnz/row     [0m
[1m(BM_SPMM_Grid<std::complex<float>, batchlas::Backend::CUDA>)[0m1024    16      12      8       0       0       1       0       100         0.017473    1.1265e-05  1.5242e+05  720.13      181.91      2.1841      16384       16          
[1m(BM_SPMM_Grid<std::complex<float>, batchlas::Backend::CUDA>)[0m1024    16      12      32      0       0       1       0       100         0.050345    1.7846e-05  1.5242e+05  999.74      252.54      1.5733      16384       16          
[1m(BM_SPMM_Grid<std::complex<float>, batchlas::Backend::CUDA>)[0m1024    16      12      128     0       0       1       0       100         0.13831     0.00070453  1.5242e+05  1455.6      367.69      1.0806      16384       16          
[1m(BM_SPMM_Grid<std::complex<float>, batchlas::Backend::CUDA>)[0m1024    16      12      512     0       0       1       0       100         0.58929     0.00085195  1.5242e+05  1366.6      345.20      1.1510      16384       16          
[1m(BM_SPMM_Grid<std::complex<float>, batchlas::Backend::CUDA>)[0m1024    16      25      8       0       0       1       0       100         0.029240    9.7447e-05  3.1682e+05  896.51      166.98      3.6551      16384       16          
[1m(BM_SPMM_Grid<std::complex<float>, batchlas::Backend::CUDA>)[0m1024    16      25      32      0       0       1       0       100         0.080579    0.00027080  3.1682e+05  1301.3      242.37      2.5181      16384       16          
[1m(BM_SPMM_Grid<std::complex<float>, batchlas::Backend::CUDA>)[0m1024    16      25      128     0       0       1       0       100         0.29874     0.00076185  3.1682e+05  1404.0      261.50      2.3339      16384       16          
[1m(BM_SPMM_Grid<std::complex<float>, batchlas::Backend::CUDA>)[0m1024    16      25      512     0       0       1       0       100         1.2259      0.0031721   3.1682e+05  1368.6      254.90      2.3943      16384       16          
[1m(BM_SPMM_Grid<std::complex<float>, batchlas::Backend::CUDA>)[0m1024    16      50      8       0       0       1       0       100         0.056233    0.00015828  6.3339e+05  932.35      145.10      7.0291      16384       16          
[1m(BM_SPMM_Grid<std::complex<float>, batchlas::Backend::CUDA>)[0m1024    16      50      32      0       0       1       0       100         0.14159     0.00067591  6.3339e+05  1481.2      230.51      4.4246      16384       16          
[1m(BM_SPMM_Grid<std::complex<float>, batchlas::Backend::CUDA>)[0m1024    16      50      128     0       0       1       0       100         0.59359     0.00085204  6.3339e+05  1413.2      219.93      4.6374      16384       16          
[1m(BM_SPMM_Grid<std::complex<float>, batchlas::Backend::CUDA>)[0m1024    16      50      512     0       0       1       0       100         2.3836      0.0043556   6.3339e+05  1407.7      219.08      4.6555      16384       16          
[1m(BM_SPMM_Grid<std::complex<float>, batchlas::Backend::CUDA>)[0m2048    16      12      8       0       0       1       0       100         0.038993    0.00012528  3.0598e+05  645.39      163.03      4.8742      32768       16          
[1m(BM_SPMM_Grid<std::complex<float>, batchlas::Backend::CUDA>)[0m2048    16      12      32      0       0       1       0       100         0.11782     0.00086950  3.0598e+05  854.36      215.82      3.6820      32768       16          
[1m(BM_SPMM_Grid<std::complex<float>, batchlas::Backend::CUDA>)[0m2048    16      12      128     0       0       1       0       100         0.44326     0.0010251   3.0598e+05  908.40      229.47      3.4629      32768       16          
[1m(BM_SPMM_Grid<std::complex<float>, batchlas::Backend::CUDA>)[0m2048    16      12      512     0       0       1       0       100         1.8311      0.0040892   3.0598e+05  879.60      222.19      3.5763      32768       16          
[1m(BM_SPMM_Grid<std::complex<float>, batchlas::Backend::CUDA>)[0m2048    16      25      8       0       0       1       0       100         0.075751    0.00020967  6.3677e+05  692.12      128.91      9.4689      32768       16          
[1m(BM_SPMM_Grid<std::complex<float>, batchlas::Backend::CUDA>)[0m2048    16      25      32      0       0       1       0       100         0.21876     0.00087673  6.3677e+05  958.67      178.55      6.8362      32768       16          
[1m(BM_SPMM_Grid<std::complex<float>, batchlas::Backend::CUDA>)[0m2048    16      25      128     0       0       1       0       100         0.94396     0.0019151   6.3677e+05  888.66      165.51      7.3747      32768       16          
[1m(BM_SPMM_Grid<std::complex<float>, batchlas::Backend::CUDA>)[0m2048    16      25      512     0       0       1       0       100         3.8472      0.0044211   6.3677e+05  872.17      162.44      7.5141      32768       16          
[1m(BM_SPMM_Grid<std::complex<float>, batchlas::Backend::CUDA>)[0m2048    16      50      8       0       0       1       0       100         0.14921     0.0013443   1.2757e+06  702.73      109.36      18.652      32768       16          
[1m(BM_SPMM_Grid<std::complex<float>, batchlas::Backend::CUDA>)[0m2048    16      50      32      0       0       1       0       100         0.44257     0.00089180  1.2757e+06  947.71      147.49      13.830      32768       16          
[1m(BM_SPMM_Grid<std::complex<float>, batchlas::Backend::CUDA>)[0m2048    16      50      128     0       0       1       0       100         1.8746      0.0035172   1.2757e+06  894.99      139.28      14.645      32768       16          
[1m(BM_SPMM_Grid<std::complex<float>, batchlas::Backend::CUDA>)[0m2048    16      50      512     0       0       1       0       53          7.5916      0.0068506   1.2757e+06  883.99      137.57      14.827      32768       16          
[1m(BM_SPMM_Grid<std::complex<float>, batchlas::Backend::CUDA>)[0m4096    16      12      8       0       0       1       0       100         0.090594    3.4916e-05  6.0668e+05  555.57      140.34      11.324      65536       16          
[1m(BM_SPMM_Grid<std::complex<float>, batchlas::Backend::CUDA>)[0m4096    16      12      32      0       0       1       0       100         0.30154     0.00092967  6.0668e+05  667.66      168.65      9.4231      65536       16          
[1m(BM_SPMM_Grid<std::complex<float>, batchlas::Backend::CUDA>)[0m4096    16      12      128     0       0       1       0       100         1.2332      0.0032885   6.0668e+05  653.02      164.95      9.6345      65536       16          
[1m(BM_SPMM_Grid<std::complex<float>, batchlas::Backend::CUDA>)[0m4096    16      12      512     0       0       1       0       82          4.9302      0.0038134   6.0668e+05  653.37      165.04      9.6292      65536       16          
[1m(BM_SPMM_Grid<std::complex<float>, batchlas::Backend::CUDA>)[0m4096    16      25      8       0       0       1       0       100         0.17726     0.0019116   1.2647e+06  591.56      110.18      22.157      65536       16          
[1m(BM_SPMM_Grid<std::complex<float>, batchlas::Backend::CUDA>)[0m4096    16      25      32      0       0       1       0       100         0.64076     0.0010743   1.2647e+06  654.58      121.92      20.024      65536       16          
[1m(BM_SPMM_Grid<std::complex<float>, batchlas::Backend::CUDA>)[0m4096    16      25      128     0       0       1       0       100         2.5732      0.0035044   1.2647e+06  652.01      121.44      20.103      65536       16          
[1m(BM_SPMM_Grid<std::complex<float>, batchlas::Backend::CUDA>)[0m4096    16      25      512     0       0       1       0       39          10.276      0.0048570   1.2647e+06  653.09      121.64      20.069      65536       16          
[1m(BM_SPMM_Grid<std::complex<float>, batchlas::Backend::CUDA>)[0m4096    16      50      8       0       0       1       0       100         0.31627     0.0010960   2.5318e+06  663.09      103.19      39.534      65536       16          
[1m(BM_SPMM_Grid<std::complex<float>, batchlas::Backend::CUDA>)[0m4096    16      50      32      0       0       1       0       100         1.2751      0.0038585   2.5318e+06  657.88      102.38      39.847      65536       16          
[1m(BM_SPMM_Grid<std::complex<float>, batchlas::Backend::CUDA>)[0m4096    16      50      128     0       0       1       0       79          5.0835      0.0041290   2.5318e+06  660.07      102.72      39.715      65536       16          
[1m(BM_SPMM_Grid<std::complex<float>, batchlas::Backend::CUDA>)[0m4096    16      50      512     0       0       1       0       20          20.311      0.0037583   2.5318e+06  660.81      102.84      39.670      65536       16          
2760 MHz, 64
