2775 MHz, 55
[1;36mName                                              Arg0    Arg1    Arg2    Arg3    Arg4    Arg5    Arg6    Arg7    Iter        Avg(ms)     Std(ms)     chk         GFLOPS      GB/s        Time (µs) / matrixnnz/item    nnz/row     [0m
[1m(BM_SPMM_Grid<std::complex<double>, batchlas::Backend::CUDA>)[0m1024    16      12      8       0       0       1       0       100         0.069494    0.00035357  1.5242e+05  181.07      83.460      8.6867      16384       16          
[1m(BM_SPMM_Grid<std::complex<double>, batchlas::Backend::CUDA>)[0m1024    16      12      32      0       0       1       0       100         0.22402     0.0020204   1.5242e+05  224.67      103.56      7.0007      16384       16          
[1m(BM_SPMM_Grid<std::complex<double>, batchlas::Backend::CUDA>)[0m1024    16      12      128     0       0       1       0       100         0.85402     0.00053563  1.5242e+05  235.74      108.66      6.6720      16384       16          
[1m(BM_SPMM_Grid<std::complex<double>, batchlas::Backend::CUDA>)[0m1024    16      12      512     0       0       1       0       100         3.4310      0.0010334   1.5242e+05  234.71      108.19      6.7012      16384       16          
[1m(BM_SPMM_Grid<std::complex<double>, batchlas::Backend::CUDA>)[0m1024    16      25      8       0       0       1       0       100         0.12136     0.00071346  3.1682e+05  216.01      75.873      15.170      16384       16          
[1m(BM_SPMM_Grid<std::complex<double>, batchlas::Backend::CUDA>)[0m1024    16      25      32      0       0       1       0       100         0.44053     0.0017242   3.1682e+05  238.03      83.607      13.766      16384       16          
[1m(BM_SPMM_Grid<std::complex<double>, batchlas::Backend::CUDA>)[0m1024    16      25      128     0       0       1       0       100         1.7269      0.00092140  3.1682e+05  242.89      85.314      13.491      16384       16          
[1m(BM_SPMM_Grid<std::complex<double>, batchlas::Backend::CUDA>)[0m1024    16      25      512     0       0       1       0       58          6.9582      0.0087428   3.1682e+05  241.11      84.691      13.590      16384       16          
[1m(BM_SPMM_Grid<std::complex<double>, batchlas::Backend::CUDA>)[0m1024    16      50      8       0       0       1       0       100         0.22587     0.0012345   6.3339e+05  232.12      69.780      28.234      16384       16          
[1m(BM_SPMM_Grid<std::complex<double>, batchlas::Backend::CUDA>)[0m1024    16      50      32      0       0       1       0       100         0.85101     0.0022995   6.3339e+05  246.43      74.083      26.594      16384       16          
[1m(BM_SPMM_Grid<std::complex<double>, batchlas::Backend::CUDA>)[0m1024    16      50      128     0       0       1       0       100         3.4084      0.0023639   6.3339e+05  246.12      73.989      26.628      16384       16          
[1m(BM_SPMM_Grid<std::complex<double>, batchlas::Backend::CUDA>)[0m1024    16      50      512     0       0       1       0       30          13.631      0.0081612   6.3339e+05  246.17      74.005      26.622      16384       16          
[1m(BM_SPMM_Grid<std::complex<double>, batchlas::Backend::CUDA>)[0m2048    16      12      8       0       0       1       0       100         0.11978     0.0014361   3.0598e+05  210.10      96.843      14.973      32768       16          
[1m(BM_SPMM_Grid<std::complex<double>, batchlas::Backend::CUDA>)[0m2048    16      12      32      0       0       1       0       100         0.43591     0.0013472   3.0598e+05  230.93      106.44      13.622      32768       16          
[1m(BM_SPMM_Grid<std::complex<double>, batchlas::Backend::CUDA>)[0m2048    16      12      128     0       0       1       0       100         1.7125      0.015030    3.0598e+05  235.12      108.38      13.379      32768       16          
[1m(BM_SPMM_Grid<std::complex<double>, batchlas::Backend::CUDA>)[0m2048    16      12      512     0       0       1       0       59          6.8807      0.015745    3.0598e+05  234.08      107.90      13.439      32768       16          
[1m(BM_SPMM_Grid<std::complex<double>, batchlas::Backend::CUDA>)[0m2048    16      25      8       0       0       1       0       100         0.22905     0.0014556   6.3677e+05  228.90      80.400      28.631      32768       16          
[1m(BM_SPMM_Grid<std::complex<double>, batchlas::Backend::CUDA>)[0m2048    16      25      32      0       0       1       0       100         0.86930     0.0020594   6.3677e+05  241.25      84.738      27.166      32768       16          
[1m(BM_SPMM_Grid<std::complex<double>, batchlas::Backend::CUDA>)[0m2048    16      25      128     0       0       1       0       100         3.4865      0.0016744   6.3677e+05  240.60      84.513      27.238      32768       16          
[1m(BM_SPMM_Grid<std::complex<double>, batchlas::Backend::CUDA>)[0m2048    16      25      512     0       0       1       0       29          13.932      0.00078476  6.3677e+05  240.84      84.595      27.211      32768       16          
[1m(BM_SPMM_Grid<std::complex<double>, batchlas::Backend::CUDA>)[0m2048    16      50      8       0       0       1       0       100         0.43298     0.00014430  1.2757e+06  242.18      72.805      54.122      32768       16          
[1m(BM_SPMM_Grid<std::complex<double>, batchlas::Backend::CUDA>)[0m2048    16      50      32      0       0       1       0       100         1.6945      0.00082916  1.2757e+06  247.52      74.411      52.954      32768       16          
[1m(BM_SPMM_Grid<std::complex<double>, batchlas::Backend::CUDA>)[0m2048    16      50      128     0       0       1       0       59          6.8197      0.00051567  1.2757e+06  246.01      73.957      53.279      32768       16          
[1m(BM_SPMM_Grid<std::complex<double>, batchlas::Backend::CUDA>)[0m2048    16      50      512     0       0       1       0       20          27.269      0.0017208   1.2757e+06  246.10      73.983      53.260      32768       16          
[1m(BM_SPMM_Grid<std::complex<double>, batchlas::Backend::CUDA>)[0m4096    16      12      8       0       0       1       0       100         0.22561     0.00011125  6.0668e+05  223.09      102.83      28.201      65536       16          
[1m(BM_SPMM_Grid<std::complex<double>, batchlas::Backend::CUDA>)[0m4096    16      12      32      0       0       1       0       100         0.85758     0.0020150   6.0668e+05  234.76      108.21      26.799      65536       16          
[1m(BM_SPMM_Grid<std::complex<double>, batchlas::Backend::CUDA>)[0m4096    16      12      128     0       0       1       0       100         3.4396      0.0011408   6.0668e+05  234.13      107.92      26.872      65536       16          
[1m(BM_SPMM_Grid<std::complex<double>, batchlas::Backend::CUDA>)[0m4096    16      12      512     0       0       1       0       30          13.738      0.0021167   6.0668e+05  234.47      108.08      26.833      65536       16          
[1m(BM_SPMM_Grid<std::complex<double>, batchlas::Backend::CUDA>)[0m4096    16      25      8       0       0       1       0       100         0.44257     0.00016121  1.2647e+06  236.93      83.222      55.321      65536       16          
[1m(BM_SPMM_Grid<std::complex<double>, batchlas::Backend::CUDA>)[0m4096    16      25      32      0       0       1       0       100         1.7332      0.0011295   1.2647e+06  241.99      85.000      54.163      65536       16          
[1m(BM_SPMM_Grid<std::complex<double>, batchlas::Backend::CUDA>)[0m4096    16      25      128     0       0       1       0       58          6.9698      0.00094279  1.2647e+06  240.71      84.551      54.451      65536       16          
[1m(BM_SPMM_Grid<std::complex<double>, batchlas::Backend::CUDA>)[0m4096    16      25      512     0       0       1       0       20          27.859      0.00099375  1.2647e+06  240.89      84.613      54.412      65536       16          
[1m(BM_SPMM_Grid<std::complex<double>, batchlas::Backend::CUDA>)[0m4096    16      50      8       0       0       1       0       100         0.85128     0.0010250   2.5318e+06  246.35      74.060      106.41      65536       16          
[1m(BM_SPMM_Grid<std::complex<double>, batchlas::Backend::CUDA>)[0m4096    16      50      32      0       0       1       0       100         3.4293      0.018454    2.5318e+06  244.61      73.537      107.17      65536       16          
[1m(BM_SPMM_Grid<std::complex<double>, batchlas::Backend::CUDA>)[0m4096    16      50      128     0       0       1       0       30          13.696      0.018049    2.5318e+06  245.00      73.653      107.00      65536       16          
[1m(BM_SPMM_Grid<std::complex<double>, batchlas::Backend::CUDA>)[0m4096    16      50      512     0       0       1       0       20          54.689      0.086348    2.5318e+06  245.42      73.779      106.82      65536       16          
2775 MHz, 59
