2760 MHz, 67
[1;36mName                                              Arg0    Arg1    Arg2    Arg3    Arg4    Arg5    Arg6    Arg7    Iter        Avg(ms)     Std(ms)     chk         GFLOPS      GB/s        Time (µs) / matrixnnz/item    nnz/row     [0m
[1m(BM_SPMM_Grid<std::complex<double>, batchlas::Backend::CUDA>)[0m1024    16      12      128     0       0       0       0       100         0.24035     0.00080722  25892.      837.65      386.11      1.8777      16384       16          
[1m(BM_SPMM_Grid<std::complex<double>, batchlas::Backend::CUDA>)[0m1024    16      12      128     1       0       0       0       100         0.48693     0.00050464  25986.      413.46      190.58      3.8042      16384       16          
[1m(BM_SPMM_Grid<std::complex<double>, batchlas::Backend::CUDA>)[0m1024    16      12      512     0       0       0       0       100         0.90029     0.00086219  25892.      894.50      412.31      1.7584      16384       16          
[1m(BM_SPMM_Grid<std::complex<double>, batchlas::Backend::CUDA>)[0m1024    16      12      512     1       0       0       0       100         1.8743      0.010267    25986.      429.65      198.04      3.6608      16384       16          
[1m(BM_SPMM_Grid<std::complex<double>, batchlas::Backend::CUDA>)[0m1024    16      25      128     0       0       0       0       100         0.52524     0.00021100  54102.      798.55      280.49      4.1034      16384       16          
[1m(BM_SPMM_Grid<std::complex<double>, batchlas::Backend::CUDA>)[0m1024    16      25      128     1       0       0       0       100         1.0982      0.0031244   54792.      381.92      134.15      8.5799      16384       16          
[1m(BM_SPMM_Grid<std::complex<double>, batchlas::Backend::CUDA>)[0m1024    16      25      512     0       0       0       0       100         2.0636      0.0017138   54102.      813.01      285.57      4.0304      16384       16          
[1m(BM_SPMM_Grid<std::complex<double>, batchlas::Backend::CUDA>)[0m1024    16      25      512     1       0       0       0       93          4.3075      0.0039404   54792.      389.49      136.81      8.4130      16384       16          
[1m(BM_SPMM_Grid<std::complex<double>, batchlas::Backend::CUDA>)[0m1024    16      50      128     0       0       0       0       100         0.96426     0.00027984  1.0784e+05  869.95      261.53      7.5333      16384       16          
[1m(BM_SPMM_Grid<std::complex<double>, batchlas::Backend::CUDA>)[0m1024    16      50      128     1       0       0       0       100         2.0686      0.0038771   1.0924e+05  405.52      121.91      16.161      16384       16          
[1m(BM_SPMM_Grid<std::complex<double>, batchlas::Backend::CUDA>)[0m1024    16      50      512     0       0       0       0       100         3.8203      0.010186    1.0784e+05  878.31      264.04      7.4616      16384       16          
[1m(BM_SPMM_Grid<std::complex<double>, batchlas::Backend::CUDA>)[0m1024    16      50      512     1       0       0       0       49          8.2305      0.016310    1.0924e+05  407.68      122.56      16.075      16384       16          
[1m(BM_SPMM_Grid<std::complex<double>, batchlas::Backend::CUDA>)[0m2048    16      12      128     0       0       0       0       100         0.46578     0.0036963   52093.      864.46      398.47      3.6389      32768       16          
[1m(BM_SPMM_Grid<std::complex<double>, batchlas::Backend::CUDA>)[0m2048    16      12      128     1       0       0       0       100         0.96548     0.0014158   52154.      417.05      192.23      7.5428      32768       16          
[1m(BM_SPMM_Grid<std::complex<double>, batchlas::Backend::CUDA>)[0m2048    16      12      512     0       0       0       0       100         1.7843      0.0016519   52093.      902.65      416.07      3.4850      32768       16          
[1m(BM_SPMM_Grid<std::complex<double>, batchlas::Backend::CUDA>)[0m2048    16      12      512     1       0       0       0       100         3.6838      0.0090358   52154.      437.21      201.53      7.1950      32768       16          
[1m(BM_SPMM_Grid<std::complex<double>, batchlas::Backend::CUDA>)[0m2048    16      25      128     0       0       0       0       100         1.0396      0.00060653  1.0822e+05  806.94      283.44      8.1216      32768       16          
[1m(BM_SPMM_Grid<std::complex<double>, batchlas::Backend::CUDA>)[0m2048    16      25      128     1       0       0       0       100         2.1844      0.010642    1.0896e+05  384.02      134.89      17.066      32768       16          
[1m(BM_SPMM_Grid<std::complex<double>, batchlas::Backend::CUDA>)[0m2048    16      25      512     0       0       0       0       98          4.1009      0.00099455  1.0822e+05  818.23      287.40      8.0095      32768       16          
[1m(BM_SPMM_Grid<std::complex<double>, batchlas::Backend::CUDA>)[0m2048    16      25      512     1       0       0       0       47          8.6506      0.0035194   1.0896e+05  387.88      136.24      16.896      32768       16          
[1m(BM_SPMM_Grid<std::complex<double>, batchlas::Backend::CUDA>)[0m2048    16      50      128     0       0       0       0       100         1.9177      0.0015495   2.1696e+05  874.87      263.01      14.982      32768       16          
[1m(BM_SPMM_Grid<std::complex<double>, batchlas::Backend::CUDA>)[0m2048    16      50      128     1       0       0       0       97          4.1316      0.0045420   2.1880e+05  406.07      122.08      32.278      32768       16          
[1m(BM_SPMM_Grid<std::complex<double>, batchlas::Backend::CUDA>)[0m2048    16      50      512     0       0       0       0       53          7.5985      0.0020644   2.1696e+05  883.18      265.51      14.841      32768       16          
[1m(BM_SPMM_Grid<std::complex<double>, batchlas::Backend::CUDA>)[0m2048    16      50      512     1       0       0       0       25          16.488      0.0064988   2.1880e+05  407.03      122.36      32.202      32768       16          
[1m(BM_SPMM_Grid<std::complex<double>, batchlas::Backend::CUDA>)[0m4096    16      12      128     0       0       0       0       100         0.89781     0.00041228  1.0400e+05  896.97      413.45      7.0141      65536       16          
[1m(BM_SPMM_Grid<std::complex<double>, batchlas::Backend::CUDA>)[0m4096    16      12      128     1       0       0       0       100         1.9077      0.013087    1.0458e+05  422.13      194.57      14.904      65536       16          
[1m(BM_SPMM_Grid<std::complex<double>, batchlas::Backend::CUDA>)[0m4096    16      12      512     0       0       0       0       100         3.5328      0.0014297   1.0400e+05  911.79      420.28      6.9001      65536       16          
[1m(BM_SPMM_Grid<std::complex<double>, batchlas::Backend::CUDA>)[0m4096    16      12      512     1       0       0       0       55          7.3085      0.011692    1.0458e+05  440.75      203.16      14.274      65536       16          
[1m(BM_SPMM_Grid<std::complex<double>, batchlas::Backend::CUDA>)[0m4096    16      25      128     0       0       0       0       100         2.0595      0.0013193   2.1673e+05  814.61      286.13      16.090      65536       16          
[1m(BM_SPMM_Grid<std::complex<double>, batchlas::Backend::CUDA>)[0m4096    16      25      128     1       0       0       0       93          4.3457      0.0039669   2.1811e+05  386.07      135.61      33.950      65536       16          
[1m(BM_SPMM_Grid<std::complex<double>, batchlas::Backend::CUDA>)[0m4096    16      25      512     0       0       0       0       49          8.1892      0.00090454  2.1673e+05  819.48      287.84      15.995      65536       16          
[1m(BM_SPMM_Grid<std::complex<double>, batchlas::Backend::CUDA>)[0m4096    16      25      512     1       0       0       0       24          17.315      0.0045575   2.1811e+05  387.59      136.14      33.817      65536       16          
[1m(BM_SPMM_Grid<std::complex<double>, batchlas::Backend::CUDA>)[0m4096    16      50      128     0       0       0       0       100         3.8103      0.00069156  4.3414e+05  880.63      264.74      29.768      65536       16          
[1m(BM_SPMM_Grid<std::complex<double>, batchlas::Backend::CUDA>)[0m4096    16      50      128     1       0       0       0       49          8.2757      0.0052045   4.3677e+05  405.46      121.89      64.654      65536       16          
[1m(BM_SPMM_Grid<std::complex<double>, batchlas::Backend::CUDA>)[0m4096    16      50      512     0       0       0       0       27          15.178      0.0013651   4.3414e+05  884.28      265.84      29.645      65536       16          
[1m(BM_SPMM_Grid<std::complex<double>, batchlas::Backend::CUDA>)[0m4096    16      50      512     1       0       0       0       20          33.023      0.0087034   4.3677e+05  406.44      122.19      64.498      65536       16          
2760 MHz, 67
