2775 MHz, 57
[1;36mName                                              Arg0    Arg1    Arg2    Arg3    Arg4    Arg5    Arg6    Arg7    Iter        Avg(ms)     Std(ms)     chk         GFLOPS      GB/s        Time (µs) / matrixnnz/item    nnz/row     [0m
[1m(BM_SPMM_Grid<float, batchlas::Backend::CUDA>)    [0m2048    3       1       128     0       0       1       1       100         0.016915    2.0628e-05  2184.2      92.986      557.95      0.13215     6144        3           
[1m(BM_SPMM_Grid<float, batchlas::Backend::CUDA>)    [0m2048    3       2       128     0       0       1       1       100         0.028838    4.0780e-05  4415.0      109.08      399.98      0.22530     6144        3           
[1m(BM_SPMM_Grid<float, batchlas::Backend::CUDA>)    [0m2048    3       4       128     0       0       1       1       100         0.050863    5.8153e-05  8708.1      123.69      309.25      0.39737     6144        3           
[1m(BM_SPMM_Grid<float, batchlas::Backend::CUDA>)    [0m2048    3       8       128     0       0       1       1       100         0.10110     0.00020954  17237.      124.45      238.54      0.78988     6144        3           
[1m(BM_SPMM_Grid<float, batchlas::Backend::CUDA>)    [0m2048    3       12      128     0       0       1       1       100         0.16272     0.00029218  25776.      115.99      199.77      1.2713      6144        3           
[1m(BM_SPMM_Grid<float, batchlas::Backend::CUDA>)    [0m2048    3       25      128     0       0       1       1       100         0.31227     0.00072104  53575.      125.92      191.40      2.4396      6144        3           
[1m(BM_SPMM_Grid<float, batchlas::Backend::CUDA>)    [0m2048    6       1       128     0       0       1       1       100         0.033963    4.8794e-05  3800.0      92.623      463.13      0.26533     12288       6           
[1m(BM_SPMM_Grid<float, batchlas::Backend::CUDA>)    [0m2048    6       2       128     0       0       1       1       100         0.059038    7.3707e-05  7646.0      106.57      301.94      0.46124     12288       6           
[1m(BM_SPMM_Grid<float, batchlas::Backend::CUDA>)    [0m2048    6       4       128     0       0       1       1       100         0.11338     0.00042347  15264.      110.98      194.22      0.88579     12288       6           
[1m(BM_SPMM_Grid<float, batchlas::Backend::CUDA>)    [0m2048    6       8       128     0       0       1       1       100         0.22261     0.00049423  30180.      113.05      136.60      1.7391      12288       6           
[1m(BM_SPMM_Grid<float, batchlas::Backend::CUDA>)    [0m2048    6       12      128     0       0       1       1       100         0.34695     0.0034265   45196.      108.80      111.83      2.7105      12288       6           
[1m(BM_SPMM_Grid<float, batchlas::Backend::CUDA>)    [0m2048    6       25      128     0       0       1       1       100         0.66914     0.0023450   93999.      117.53      98.724      5.2277      12288       6           
[1m(BM_SPMM_Grid<float, batchlas::Backend::CUDA>)    [0m2048    8       1       128     0       0       1       1       100         0.047935    0.00025675  4904.7      87.500      415.63      0.37449     16384       8           
[1m(BM_SPMM_Grid<float, batchlas::Backend::CUDA>)    [0m2048    8       2       128     0       0       1       1       100         0.083025    0.00022608  9836.0      101.04      265.23      0.64863     16384       8           
[1m(BM_SPMM_Grid<float, batchlas::Backend::CUDA>)    [0m2048    8       4       128     0       0       1       1       100         0.15934     0.0030633   19577.      105.29      164.52      1.2448      16384       8           
[1m(BM_SPMM_Grid<float, batchlas::Backend::CUDA>)    [0m2048    8       8       128     0       0       1       1       100         0.30685     0.00065412  38707.      109.35      112.77      2.3973      16384       8           
[1m(BM_SPMM_Grid<float, batchlas::Backend::CUDA>)    [0m2048    8       12      128     0       0       1       1       100         0.47965     0.00053451  58001.      104.93      89.632      3.7473      16384       8           
[1m(BM_SPMM_Grid<float, batchlas::Backend::CUDA>)    [0m2048    8       25      128     0       0       1       1       100         0.89443     0.0035005   1.2049e+05  117.23      78.548      6.9877      16384       8           
[1m(BM_SPMM_Grid<float, batchlas::Backend::CUDA>)    [0m2048    12      1       128     0       0       1       1       100         0.081973    0.00011472  6993.3      76.751      345.38      0.64041     24576       12          
[1m(BM_SPMM_Grid<float, batchlas::Backend::CUDA>)    [0m2048    12      2       128     0       0       1       1       100         0.13277     0.00041796  14069.      94.773      229.04      1.0373      24576       12          
[1m(BM_SPMM_Grid<float, batchlas::Backend::CUDA>)    [0m2048    12      4       128     0       0       1       1       100         0.24799     0.00088732  27903.      101.48      139.53      1.9374      24576       12          
[1m(BM_SPMM_Grid<float, batchlas::Backend::CUDA>)    [0m2048    12      8       128     0       0       1       1       100         0.48420     0.0018945   55379.      103.95      88.790      3.7828      24576       12          
[1m(BM_SPMM_Grid<float, batchlas::Backend::CUDA>)    [0m2048    12      12      128     0       0       1       1       100         0.76280     0.0010855   82961.      98.974      67.358      5.9594      24576       12          
[1m(BM_SPMM_Grid<float, batchlas::Backend::CUDA>)    [0m2048    12      25      128     0       0       1       1       100         1.4123      0.0034101   1.7226e+05  111.37      55.684      11.034      24576       12          
[1m(BM_SPMM_Grid<float, batchlas::Backend::CUDA>)    [0m2048    16      1       128     0       0       1       1       100         0.12321     0.00042022  9037.6      68.084      297.87      0.96258     32768       16          
[1m(BM_SPMM_Grid<float, batchlas::Backend::CUDA>)    [0m2048    16      2       128     0       0       1       1       100         0.19114     0.0013305   18192.      87.774      202.98      1.4933      32768       16          
[1m(BM_SPMM_Grid<float, batchlas::Backend::CUDA>)    [0m2048    16      4       128     0       0       1       1       100         0.35469     0.0015745   36075.      94.602      121.21      2.7710      32768       16          
[1m(BM_SPMM_Grid<float, batchlas::Backend::CUDA>)    [0m2048    16      8       128     0       0       1       1       100         0.69012     0.0015415   71726.      97.242      74.451      5.3916      32768       16          
[1m(BM_SPMM_Grid<float, batchlas::Backend::CUDA>)    [0m2048    16      12      128     0       0       1       1       100         1.0669      0.012626    1.0758e+05  94.348      56.020      8.3354      32768       16          
[1m(BM_SPMM_Grid<float, batchlas::Backend::CUDA>)    [0m2048    16      25      128     0       0       1       1       100         2.0252      0.018440    2.2318e+05  103.55      42.975      15.822      32768       16          
2775 MHz, 56
