2760 MHz, 67
[1;36mName                                              Arg0    Arg1    Arg2    Arg3    Arg4    Arg5    Arg6    Arg7    Iter        Avg(ms)     Std(ms)     chk         GFLOPS      GB/s        Time (µs) / matrixnnz/item    nnz/row     [0m
[1m(BM_SPMM_Grid<float, batchlas::Backend::CUDA>)    [0m1024    16      12      128     0       0       0       0       100         0.088043    4.9181e-05  11906.      571.67      339.43      0.68784     16384       16          
[1m(BM_SPMM_Grid<float, batchlas::Backend::CUDA>)    [0m1024    16      12      128     1       0       0       0       100         0.088542    4.7804e-05  11707.      568.45      337.52      0.69174     16384       16          
[1m(BM_SPMM_Grid<float, batchlas::Backend::CUDA>)    [0m1024    16      12      512     0       0       0       0       100         0.31945     0.00026601  11906.      630.22      374.20      0.62393     16384       16          
[1m(BM_SPMM_Grid<float, batchlas::Backend::CUDA>)    [0m1024    16      12      512     1       0       0       0       100         0.32151     0.00050241  11707.      626.18      371.80      0.62796     16384       16          
[1m(BM_SPMM_Grid<float, batchlas::Backend::CUDA>)    [0m1024    16      25      128     0       0       0       0       100         0.13871     0.00019204  24701.      755.94      313.72      1.0837      16384       16          
[1m(BM_SPMM_Grid<float, batchlas::Backend::CUDA>)    [0m1024    16      25      128     1       0       0       0       100         0.13894     0.00022749  24615.      754.69      313.20      1.0855      16384       16          
[1m(BM_SPMM_Grid<float, batchlas::Backend::CUDA>)    [0m1024    16      25      512     0       0       0       0       100         0.56382     0.0024024   24701.      743.91      308.72      1.1012      16384       16          
[1m(BM_SPMM_Grid<float, batchlas::Backend::CUDA>)    [0m1024    16      25      512     1       0       0       0       100         0.54770     0.0010756   24615.      765.80      317.81      1.0697      16384       16          
[1m(BM_SPMM_Grid<float, batchlas::Backend::CUDA>)    [0m1024    16      50      128     0       0       0       0       100         0.23975     0.00036003  49070.      874.71      290.84      1.8731      16384       16          
[1m(BM_SPMM_Grid<float, batchlas::Backend::CUDA>)    [0m1024    16      50      128     1       0       0       0       100         0.24361     0.0011266   49483.      860.88      286.24      1.9032      16384       16          
[1m(BM_SPMM_Grid<float, batchlas::Backend::CUDA>)    [0m1024    16      50      512     0       0       0       0       100         1.0723      0.0018406   49070.      782.29      260.11      2.0944      16384       16          
[1m(BM_SPMM_Grid<float, batchlas::Backend::CUDA>)    [0m1024    16      50      512     1       0       0       0       100         1.0442      0.014490    49483.      803.36      267.12      2.0394      16384       16          
[1m(BM_SPMM_Grid<float, batchlas::Backend::CUDA>)    [0m2048    16      12      128     0       0       0       0       100         0.16651     0.00022503  23615.      604.54      358.95      1.3009      32768       16          
[1m(BM_SPMM_Grid<float, batchlas::Backend::CUDA>)    [0m2048    16      12      128     1       0       0       0       100         0.16766     0.0015542   23546.      600.39      356.49      1.3099      32768       16          
[1m(BM_SPMM_Grid<float, batchlas::Backend::CUDA>)    [0m2048    16      12      512     0       0       0       0       100         0.67928     0.0012537   23615.      592.76      351.96      1.3267      32768       16          
[1m(BM_SPMM_Grid<float, batchlas::Backend::CUDA>)    [0m2048    16      12      512     1       0       0       0       100         0.66922     0.0024688   23546.      601.68      357.25      1.3071      32768       16          
[1m(BM_SPMM_Grid<float, batchlas::Backend::CUDA>)    [0m2048    16      25      128     0       0       0       0       100         0.26552     0.0014373   49005.      789.84      327.79      2.0743      32768       16          
[1m(BM_SPMM_Grid<float, batchlas::Backend::CUDA>)    [0m2048    16      25      128     1       0       0       0       100         0.26584     0.00023195  48901.      788.89      327.39      2.0768      32768       16          
[1m(BM_SPMM_Grid<float, batchlas::Backend::CUDA>)    [0m2048    16      25      512     0       0       0       0       100         1.1783      0.0015510   49005.      711.93      295.45      2.3014      32768       16          
[1m(BM_SPMM_Grid<float, batchlas::Backend::CUDA>)    [0m2048    16      25      512     1       0       0       0       100         1.1445      0.0024271   48901.      732.93      304.17      2.2354      32768       16          
[1m(BM_SPMM_Grid<float, batchlas::Backend::CUDA>)    [0m2048    16      50      128     0       0       0       0       100         0.50084     0.0014707   98011.      837.46      278.46      3.9128      32768       16          
[1m(BM_SPMM_Grid<float, batchlas::Backend::CUDA>)    [0m2048    16      50      128     1       0       0       0       100         0.49058     0.0018264   98451.      854.97      284.28      3.8327      32768       16          
[1m(BM_SPMM_Grid<float, batchlas::Backend::CUDA>)    [0m2048    16      50      512     0       0       0       0       100         2.0797      0.0021469   98011.      806.70      268.23      4.0620      32768       16          
[1m(BM_SPMM_Grid<float, batchlas::Backend::CUDA>)    [0m2048    16      50      512     1       0       0       0       100         2.0324      0.013065    98451.      825.48      274.47      3.9696      32768       16          
[1m(BM_SPMM_Grid<float, batchlas::Backend::CUDA>)    [0m4096    16      12      128     0       0       0       0       100         0.32409     0.00048174  47049.      621.20      368.84      2.5320      65536       16          
[1m(BM_SPMM_Grid<float, batchlas::Backend::CUDA>)    [0m4096    16      12      128     1       0       0       0       100         0.32507     0.00077313  47285.      619.33      367.73      2.5396      65536       16          
[1m(BM_SPMM_Grid<float, batchlas::Backend::CUDA>)    [0m4096    16      12      512     0       0       0       0       100         1.4309      0.0015934   47049.      562.81      334.17      2.7947      65536       16          
[1m(BM_SPMM_Grid<float, batchlas::Backend::CUDA>)    [0m4096    16      12      512     1       0       0       0       100         1.4043      0.015289    47285.      573.45      340.49      2.7428      65536       16          
[1m(BM_SPMM_Grid<float, batchlas::Backend::CUDA>)    [0m4096    16      25      128     0       0       0       0       100         0.56373     0.00053278  97978.      744.03      308.77      4.4041      65536       16          
[1m(BM_SPMM_Grid<float, batchlas::Backend::CUDA>)    [0m4096    16      25      128     1       0       0       0       100         0.55172     0.00036466  98379.      760.22      315.49      4.3103      65536       16          
[1m(BM_SPMM_Grid<float, batchlas::Backend::CUDA>)    [0m4096    16      25      512     0       0       0       0       100         2.3368      0.0021379   97978.      717.96      297.96      4.5640      65536       16          
[1m(BM_SPMM_Grid<float, batchlas::Backend::CUDA>)    [0m4096    16      25      512     1       0       0       0       100         2.2863      0.0019268   98379.      733.82      304.54      4.4654      65536       16          
[1m(BM_SPMM_Grid<float, batchlas::Backend::CUDA>)    [0m4096    16      50      128     0       0       0       0       100         1.0509      0.0014266   1.9626e+05  798.26      265.42      8.2098      65536       16          
[1m(BM_SPMM_Grid<float, batchlas::Backend::CUDA>)    [0m4096    16      50      128     1       0       0       0       100         1.0285      0.0030751   1.9655e+05  815.64      271.20      8.0349      65536       16          
[1m(BM_SPMM_Grid<float, batchlas::Backend::CUDA>)    [0m4096    16      50      512     0       0       0       0       97          4.1659      0.0027382   1.9626e+05  805.46      267.82      8.1364      65536       16          
[1m(BM_SPMM_Grid<float, batchlas::Backend::CUDA>)    [0m4096    16      50      512     1       0       0       0       99          4.0810      0.010748    1.9655e+05  822.21      273.38      7.9707      65536       16          
2730 MHz, 72
