2775 MHz, 60
[1;36mName                                              Arg0    Arg1    Arg2    Arg3    Arg4    Arg5    Arg6    Arg7    Iter        Avg(ms)     Std(ms)     chk         GFLOPS      GB/s        Time (µs) / matrixnnz/item    nnz/row     [0m
[1m(BM_SPMM_Grid<double, batchlas::Backend::CUDA>)   [0m1024    3       1       512     0       0       1       1       100         0.032186    2.2783e-05  1134.1      97.735      912.26      0.062864    3072        3           
[1m(BM_SPMM_Grid<double, batchlas::Backend::CUDA>)   [0m1024    3       2       512     0       0       1       1       100         0.058805    0.00022660  2210.6      106.99      641.96      0.11485     3072        3           
[1m(BM_SPMM_Grid<double, batchlas::Backend::CUDA>)   [0m1024    3       4       512     0       0       1       1       100         0.11073     0.00026703  4394.9      113.64      492.46      0.21626     3072        3           
[1m(BM_SPMM_Grid<double, batchlas::Backend::CUDA>)   [0m1024    3       8       512     0       0       1       1       100         0.24688     0.00038341  8677.2      101.93      356.78      0.48219     3072        3           
[1m(BM_SPMM_Grid<double, batchlas::Backend::CUDA>)   [0m1024    3       12      512     0       0       1       1       100         0.48318     0.00062657  13024.      78.126      251.74      0.94371     3072        3           
[1m(BM_SPMM_Grid<double, batchlas::Backend::CUDA>)   [0m1024    3       25      512     0       0       1       1       100         1.1733      0.0039095   26970.      67.025      196.61      2.2917      3072        3           
[1m(BM_SPMM_Grid<double, batchlas::Backend::CUDA>)   [0m1024    6       1       512     0       0       1       1       100         0.068802    6.2626e-05  1921.5      91.443      701.09      0.13438     6144        6           
[1m(BM_SPMM_Grid<double, batchlas::Backend::CUDA>)   [0m1024    6       2       512     0       0       1       1       100         0.12409     0.00038242  3775.3      101.40      456.31      0.24237     6144        6           
[1m(BM_SPMM_Grid<double, batchlas::Backend::CUDA>)   [0m1024    6       4       512     0       0       1       1       100         0.22909     0.00037522  7616.2      109.85      320.41      0.44744     6144        6           
[1m(BM_SPMM_Grid<double, batchlas::Backend::CUDA>)   [0m1024    6       8       512     0       0       1       1       100         0.51043     0.00078360  15100.      98.607      209.54      0.99693     6144        6           
[1m(BM_SPMM_Grid<double, batchlas::Backend::CUDA>)   [0m1024    6       12      512     0       0       1       1       100         0.85568     0.0025550   22678.      88.231      164.21      1.6712      6144        6           
[1m(BM_SPMM_Grid<double, batchlas::Backend::CUDA>)   [0m1024    6       25      512     0       0       1       1       100         1.9650      0.0062577   46974.      80.043      127.00      3.8379      6144        6           
[1m(BM_SPMM_Grid<double, batchlas::Backend::CUDA>)   [0m1024    8       1       512     0       0       1       1       100         0.099725    0.00029444  2451.3      84.118      609.87      0.19478     8192        8           
[1m(BM_SPMM_Grid<double, batchlas::Backend::CUDA>)   [0m1024    8       2       512     0       0       1       1       100         0.17335     0.00042761  4830.6      96.781      399.23      0.33858     8192        8           
[1m(BM_SPMM_Grid<double, batchlas::Backend::CUDA>)   [0m1024    8       4       512     0       0       1       1       100         0.33386     0.00059235  9744.1      100.51      257.55      0.65207     8192        8           
[1m(BM_SPMM_Grid<double, batchlas::Backend::CUDA>)   [0m1024    8       8       512     0       0       1       1       100         0.68081     0.0010655   19326.      98.572      175.58      1.3297      8192        8           
[1m(BM_SPMM_Grid<double, batchlas::Backend::CUDA>)   [0m1024    8       12      512     0       0       1       1       100         1.1482      0.0040986   28999.      87.670      133.33      2.2426      8192        8           
[1m(BM_SPMM_Grid<double, batchlas::Backend::CUDA>)   [0m1024    8       25      512     0       0       1       1       100         2.4480      0.0087935   60059.      85.669      107.09      4.7812      8192        8           
[1m(BM_SPMM_Grid<double, batchlas::Backend::CUDA>)   [0m1024    12      1       512     0       0       1       1       100         0.19264     0.00042044  3521.2      65.318      446.35      0.37625     12288       12          
[1m(BM_SPMM_Grid<double, batchlas::Backend::CUDA>)   [0m1024    12      2       512     0       0       1       1       100         0.30367     0.00076673  6912.3      82.872      310.78      0.59311     12288       12          
[1m(BM_SPMM_Grid<double, batchlas::Backend::CUDA>)   [0m1024    12      4       512     0       0       1       1       100         0.52511     0.0014957   13926.      95.850      211.67      1.0256      12288       12          
[1m(BM_SPMM_Grid<double, batchlas::Backend::CUDA>)   [0m1024    12      8       512     0       0       1       1       100         1.0582      0.0044090   27601.      95.125      136.74      2.0668      12288       12          
[1m(BM_SPMM_Grid<double, batchlas::Backend::CUDA>)   [0m1024    12      12      512     0       0       1       1       100         1.7150      0.0067745   41478.      88.042      103.94      3.3497      12288       12          
[1m(BM_SPMM_Grid<double, batchlas::Backend::CUDA>)   [0m1024    12      25      512     0       0       1       1       100         3.3828      0.016829    85844.      92.991      84.933      6.6071      12288       12          
[1m(BM_SPMM_Grid<double, batchlas::Backend::CUDA>)   [0m1024    16      1       512     0       0       1       1       100         0.29645     0.00056021  4553.1      56.594      374.94      0.57900     16384       16          
[1m(BM_SPMM_Grid<double, batchlas::Backend::CUDA>)   [0m1024    16      2       512     0       0       1       1       100         0.43553     0.0010449   8975.8      77.043      274.47      0.85064     16384       16          
[1m(BM_SPMM_Grid<double, batchlas::Backend::CUDA>)   [0m1024    16      4       512     0       0       1       1       100         0.71706     0.0012068   18039.      93.589      190.11      1.4005      16384       16          
[1m(BM_SPMM_Grid<double, batchlas::Backend::CUDA>)   [0m1024    16      8       512     0       0       1       1       100         1.4317      0.0060655   35801.      93.745      118.65      2.7964      16384       16          
[1m(BM_SPMM_Grid<double, batchlas::Backend::CUDA>)   [0m1024    16      12      512     0       0       1       1       100         2.2972      0.0098922   53883.      87.639      88.552      4.4868      16384       16          
[1m(BM_SPMM_Grid<double, batchlas::Backend::CUDA>)   [0m1024    16      25      512     0       0       1       1       91          4.4315      0.041691    1.1127e+05  94.648      70.513      8.6552      16384       16          
2775 MHz, 58
