2775 MHz, 62
[1;36mName                                              Arg0    Arg1    Arg2    Arg3    Arg4    Arg5    Arg6    Arg7    Iter        Avg(ms)     Std(ms)     chk         GFLOPS      GB/s        Time (µs) / matrixnnz/item    nnz/row     [0m
[1m(BM_SPMM_Grid<std::complex<double>, batchlas::Backend::CUDA>)[0m1024    3       1       512     0       0       1       0       100         0.17216     0.0011982   2501.8      73.088      292.36      0.33625     3072        3           
[1m(BM_SPMM_Grid<std::complex<double>, batchlas::Backend::CUDA>)[0m1024    3       2       512     0       0       1       0       100         0.18438     0.00018459  4985.5      136.49      363.98      0.36012     3072        3           
[1m(BM_SPMM_Grid<std::complex<double>, batchlas::Backend::CUDA>)[0m1024    3       4       512     0       0       1       0       100         0.32767     0.0049751   9973.2      153.60      307.21      0.63998     3072        3           
[1m(BM_SPMM_Grid<std::complex<double>, batchlas::Backend::CUDA>)[0m1024    3       8       512     0       0       1       0       100         0.53627     0.00017367  19873.      187.71      312.86      1.0474      3072        3           
[1m(BM_SPMM_Grid<std::complex<double>, batchlas::Backend::CUDA>)[0m1024    3       12      512     0       0       1       0       100         0.76564     0.00028860  29814.      197.21      306.78      1.4954      3072        3           
[1m(BM_SPMM_Grid<std::complex<double>, batchlas::Backend::CUDA>)[0m1024    3       25      512     0       0       1       0       100         1.5289      0.012122    61852.      205.75      296.28      2.9862      3072        3           
[1m(BM_SPMM_Grid<std::complex<double>, batchlas::Backend::CUDA>)[0m1024    6       1       512     0       0       1       0       100         0.24505     0.00036853  4887.6      102.70      333.77      0.47862     6144        6           
[1m(BM_SPMM_Grid<std::complex<double>, batchlas::Backend::CUDA>)[0m1024    6       2       512     0       0       1       0       100         0.31765     0.00018414  9761.0      158.45      310.31      0.62041     6144        6           
[1m(BM_SPMM_Grid<std::complex<double>, batchlas::Backend::CUDA>)[0m1024    6       4       512     0       0       1       0       100         0.54561     0.00014642  19641.      184.50      242.16      1.0656      6144        6           
[1m(BM_SPMM_Grid<std::complex<double>, batchlas::Backend::CUDA>)[0m1024    6       8       512     0       0       1       0       100         0.96611     0.00040900  38905.      208.39      206.22      1.8869      6144        6           
[1m(BM_SPMM_Grid<std::complex<double>, batchlas::Backend::CUDA>)[0m1024    6       12      512     0       0       1       0       100         1.3920      0.00082951  58388.      216.95      191.34      2.7188      6144        6           
[1m(BM_SPMM_Grid<std::complex<double>, batchlas::Backend::CUDA>)[0m1024    6       25      512     0       0       1       0       100         2.7977      0.00087147  1.2115e+05  224.88      173.16      5.4643      6144        6           
[1m(BM_SPMM_Grid<std::complex<double>, batchlas::Backend::CUDA>)[0m1024    8       1       512     0       0       1       0       100         0.30587     0.00027046  6451.2      109.70      335.97      0.59740     8192        8           
[1m(BM_SPMM_Grid<std::complex<double>, batchlas::Backend::CUDA>)[0m1024    8       2       512     0       0       1       0       100         0.40237     0.00018479  12868.      166.78      297.09      0.78588     8192        8           
[1m(BM_SPMM_Grid<std::complex<double>, batchlas::Backend::CUDA>)[0m1024    8       4       512     0       0       1       0       100         0.70689     0.00030323  26001.      189.87      216.57      1.3807      8192        8           
[1m(BM_SPMM_Grid<std::complex<double>, batchlas::Backend::CUDA>)[0m1024    8       8       512     0       0       1       0       100         1.2655      0.00065877  51482.      212.12      174.01      2.4716      8192        8           
[1m(BM_SPMM_Grid<std::complex<double>, batchlas::Backend::CUDA>)[0m1024    8       12      512     0       0       1       0       100         1.8148      0.0010467   77230.      221.87      158.32      3.5445      8192        8           
[1m(BM_SPMM_Grid<std::complex<double>, batchlas::Backend::CUDA>)[0m1024    8       25      512     0       0       1       0       100         3.6507      0.0011055   1.6035e+05  229.78      138.44      7.1302      8192        8           
[1m(BM_SPMM_Grid<std::complex<double>, batchlas::Backend::CUDA>)[0m1024    12      1       512     0       0       1       0       100         0.42137     0.00028475  9653.9      119.45      343.42      0.82299     12288       12          
[1m(BM_SPMM_Grid<std::complex<double>, batchlas::Backend::CUDA>)[0m1024    12      2       512     0       0       1       0       100         0.56548     0.00031881  19228.      178.01      285.57      1.1045      12288       12          
[1m(BM_SPMM_Grid<std::complex<double>, batchlas::Backend::CUDA>)[0m1024    12      4       512     0       0       1       0       100         1.0260      0.0011621   38811.      196.22      190.09      2.0040      12288       12          
[1m(BM_SPMM_Grid<std::complex<double>, batchlas::Backend::CUDA>)[0m1024    12      8       512     0       0       1       0       100         1.8426      0.00054290  76690.      218.53      142.27      3.5988      12288       12          
[1m(BM_SPMM_Grid<std::complex<double>, batchlas::Backend::CUDA>)[0m1024    12      12      512     0       0       1       0       100         2.6475      0.0014283   1.1521e+05  228.13      124.36      5.1710      12288       12          
[1m(BM_SPMM_Grid<std::complex<double>, batchlas::Backend::CUDA>)[0m1024    12      25      512     0       0       1       0       75          5.3458      0.0011159   2.3951e+05  235.38      102.39      10.441      12288       12          
[1m(BM_SPMM_Grid<std::complex<double>, batchlas::Backend::CUDA>)[0m1024    16      1       512     0       0       1       0       100         0.52646     0.0010065   12665.      127.47      354.54      1.0282      16384       16          
[1m(BM_SPMM_Grid<std::complex<double>, batchlas::Backend::CUDA>)[0m1024    16      2       512     0       0       1       0       100         0.71692     0.00024968  25335.      187.21      283.75      1.4002      16384       16          
[1m(BM_SPMM_Grid<std::complex<double>, batchlas::Backend::CUDA>)[0m1024    16      4       512     0       0       1       0       100         1.3181      0.00058662  51255.      203.65      179.79      2.5744      16384       16          
[1m(BM_SPMM_Grid<std::complex<double>, batchlas::Backend::CUDA>)[0m1024    16      8       512     0       0       1       0       100         2.3812      0.00080098  1.0142e+05  225.47      127.71      4.6507      16384       16          
[1m(BM_SPMM_Grid<std::complex<double>, batchlas::Backend::CUDA>)[0m1024    16      12      512     0       0       1       0       100         3.4304      0.00088569  1.5242e+05  234.76      108.21      6.7000      16384       16          
[1m(BM_SPMM_Grid<std::complex<double>, batchlas::Backend::CUDA>)[0m1024    16      25      512     0       0       1       0       58          6.9556      0.00070326  3.1682e+05  241.21      84.724      13.585      16384       16          
2775 MHz, 59
