2775 MHz, 58
[1;36mName                                              Arg0    Arg1    Arg2    Arg3    Arg4    Arg5    Arg6    Arg7    Iter        Avg(ms)     Std(ms)     chk         GFLOPS      GB/s        Time (µs) / matrixnnz/item    nnz/row     [0m
[1m(BM_SPMM_Grid<std::complex<float>, batchlas::Backend::CUDA>)[0m2048    3       1       128     0       0       1       1       100         0.029663    3.4764e-05  4963.1      212.10      494.92      0.23174     6144        3           
[1m(BM_SPMM_Grid<std::complex<float>, batchlas::Backend::CUDA>)[0m2048    3       2       128     0       0       1       1       100         0.053550    6.3516e-05  10111.      234.98      352.47      0.41836     6144        3           
[1m(BM_SPMM_Grid<std::complex<float>, batchlas::Backend::CUDA>)[0m2048    3       4       128     0       0       1       1       100         0.10149     0.00020317  19918.      247.96      268.63      0.79290     6144        3           
[1m(BM_SPMM_Grid<std::complex<float>, batchlas::Backend::CUDA>)[0m2048    3       8       128     0       0       1       1       100         0.20263     0.00038985  39482.      248.39      217.35      1.5830      6144        3           
[1m(BM_SPMM_Grid<std::complex<float>, batchlas::Backend::CUDA>)[0m2048    3       12      128     0       0       1       1       100         0.30652     0.00050419  59431.      246.31      198.42      2.3947      6144        3           
[1m(BM_SPMM_Grid<std::complex<float>, batchlas::Backend::CUDA>)[0m2048    3       25      128     0       0       1       1       100         0.72170     0.00090798  1.2340e+05  217.94      159.82      5.6383      6144        3           
[1m(BM_SPMM_Grid<std::complex<float>, batchlas::Backend::CUDA>)[0m2048    6       1       128     0       0       1       1       100         0.062804    6.0821e-05  9716.3      200.35      384.02      0.49065     12288       6           
[1m(BM_SPMM_Grid<std::complex<float>, batchlas::Backend::CUDA>)[0m2048    6       2       128     0       0       1       1       100         0.11635     0.00038141  19741.      216.30      243.34      0.90895     12288       6           
[1m(BM_SPMM_Grid<std::complex<float>, batchlas::Backend::CUDA>)[0m2048    6       4       128     0       0       1       1       100         0.22173     0.00043790  39162.      226.99      165.52      1.7323      12288       6           
[1m(BM_SPMM_Grid<std::complex<float>, batchlas::Backend::CUDA>)[0m2048    6       8       128     0       0       1       1       100         0.42957     0.0021813   77965.      234.34      124.49      3.3560      12288       6           
[1m(BM_SPMM_Grid<std::complex<float>, batchlas::Backend::CUDA>)[0m2048    6       12      128     0       0       1       1       100         0.65287     0.00077982  1.1727e+05  231.28      107.61      5.1006      12288       6           
[1m(BM_SPMM_Grid<std::complex<float>, batchlas::Backend::CUDA>)[0m2048    6       25      128     0       0       1       1       100         1.4524      0.0044659   2.4383e+05  216.59      85.914      11.347      12288       6           
[1m(BM_SPMM_Grid<std::complex<float>, batchlas::Backend::CUDA>)[0m2048    8       1       128     0       0       1       1       100         0.087958    8.5344e-05  12936.      190.74      345.73      0.68717     16384       8           
[1m(BM_SPMM_Grid<std::complex<float>, batchlas::Backend::CUDA>)[0m2048    8       2       128     0       0       1       1       100         0.16274     0.00041677  26241.      206.18      212.63      1.2714      16384       8           
[1m(BM_SPMM_Grid<std::complex<float>, batchlas::Backend::CUDA>)[0m2048    8       4       128     0       0       1       1       100         0.30229     0.00088870  52038.      222.00      142.22      2.3616      16384       8           
[1m(BM_SPMM_Grid<std::complex<float>, batchlas::Backend::CUDA>)[0m2048    8       8       128     0       0       1       1       100         0.56720     0.0018062   1.0345e+05  236.63      105.38      4.4313      16384       8           
[1m(BM_SPMM_Grid<std::complex<float>, batchlas::Backend::CUDA>)[0m2048    8       12      128     0       0       1       1       100         0.85337     0.0018391   1.5550e+05  235.92      89.699      6.6669      16384       8           
[1m(BM_SPMM_Grid<std::complex<float>, batchlas::Backend::CUDA>)[0m2048    8       25      128     0       0       1       1       100         1.8584      0.0045271   3.2353e+05  225.69      70.529      14.519      16384       8           
[1m(BM_SPMM_Grid<std::complex<float>, batchlas::Backend::CUDA>)[0m2048    12      1       128     0       0       1       1       100         0.14687     0.00038147  19303.      171.35      292.73      1.1474      24576       12          
[1m(BM_SPMM_Grid<std::complex<float>, batchlas::Backend::CUDA>)[0m2048    12      2       128     0       0       1       1       100         0.25837     0.00081406  38932.      194.80      182.63      2.0185      24576       12          
[1m(BM_SPMM_Grid<std::complex<float>, batchlas::Backend::CUDA>)[0m2048    12      4       128     0       0       1       1       100         0.47007     0.00089425  77186.      214.14      118.23      3.6725      24576       12          
[1m(BM_SPMM_Grid<std::complex<float>, batchlas::Backend::CUDA>)[0m2048    12      8       128     0       0       1       1       100         0.89563     0.0023953   1.5393e+05  224.79      80.784      6.9971      24576       12          
[1m(BM_SPMM_Grid<std::complex<float>, batchlas::Backend::CUDA>)[0m2048    12      12      128     0       0       1       1       100         1.3640      0.017795    2.3152e+05  221.39      65.342      10.657      24576       12          
[1m(BM_SPMM_Grid<std::complex<float>, batchlas::Backend::CUDA>)[0m2048    12      25      128     0       0       1       1       100         2.7610      0.020622    4.8180e+05  227.87      52.030      21.571      24576       12          
[1m(BM_SPMM_Grid<std::complex<float>, batchlas::Backend::CUDA>)[0m2048    16      1       128     0       0       1       1       100         0.21772     0.00050805  25507.      154.12      255.26      1.7009      32768       16          
[1m(BM_SPMM_Grid<std::complex<float>, batchlas::Backend::CUDA>)[0m2048    16      2       128     0       0       1       1       100         0.37031     0.0010128   51459.      181.22      161.40      2.8931      32768       16          
[1m(BM_SPMM_Grid<std::complex<float>, batchlas::Backend::CUDA>)[0m2048    16      4       128     0       0       1       1       100         0.65699     0.0015364   1.0208e+05  204.29      103.74      5.1327      32768       16          
[1m(BM_SPMM_Grid<std::complex<float>, batchlas::Backend::CUDA>)[0m2048    16      8       128     0       0       1       1       100         1.2355      0.0033751   2.0361e+05  217.27      68.746      9.6522      32768       16          
[1m(BM_SPMM_Grid<std::complex<float>, batchlas::Backend::CUDA>)[0m2048    16      12      128     0       0       1       1       100         1.8859      0.014088    3.0628e+05  213.51      53.933      14.734      32768       16          
[1m(BM_SPMM_Grid<std::complex<float>, batchlas::Backend::CUDA>)[0m2048    16      25      128     0       0       1       1       100         3.7090      0.0057668   6.3728e+05  226.17      42.124      28.977      32768       16          
2775 MHz, 56
