2760 MHz, 57
[1;36mName                                              Arg0    Arg1    Arg2    Arg3    Arg4    Arg5    Arg6    Arg7    Iter        Avg(ms)     Std(ms)     chk         GFLOPS      GB/s        Time (µs) / matrixnnz/item    nnz/row     [0m
[1m(BM_SPMM_Grid<double, batchlas::Backend::CUDA>)   [0m2048    3       1       128     0       0       1       1       100         0.087733    3.7646e-05  2184.2      17.928      167.33      0.68541     6144        3           
[1m(BM_SPMM_Grid<double, batchlas::Backend::CUDA>)   [0m2048    3       2       128     0       0       1       1       100         0.089278    4.9266e-05  4415.0      35.235      211.42      0.69748     6144        3           
[1m(BM_SPMM_Grid<double, batchlas::Backend::CUDA>)   [0m2048    3       4       128     0       0       1       1       100         0.093953    9.6231e-05  8708.1      66.964      290.18      0.73400     6144        3           
[1m(BM_SPMM_Grid<double, batchlas::Backend::CUDA>)   [0m2048    3       8       128     0       0       1       1       100         0.13970     0.0051431   17237.      90.070      315.25      1.0914      6144        3           
[1m(BM_SPMM_Grid<double, batchlas::Backend::CUDA>)   [0m2048    3       12      128     0       0       1       1       100         0.17357     0.00017199  25776.      108.74      350.39      1.3560      6144        3           
[1m(BM_SPMM_Grid<double, batchlas::Backend::CUDA>)   [0m2048    3       25      128     0       0       1       1       100         0.42508     0.00050259  53575.      92.504      271.35      3.3209      6144        3           
[1m(BM_SPMM_Grid<double, batchlas::Backend::CUDA>)   [0m2048    6       1       128     0       0       1       1       100         0.10615     0.0013090   3800.0      29.634      227.20      0.82931     12288       6           
[1m(BM_SPMM_Grid<double, batchlas::Backend::CUDA>)   [0m2048    6       2       128     0       0       1       1       100         0.10769     0.00017430  7646.0      58.421      262.90      0.84135     12288       6           
[1m(BM_SPMM_Grid<double, batchlas::Backend::CUDA>)   [0m2048    6       4       128     0       0       1       1       100         0.15992     0.0027557   15264.      78.682      229.49      1.2494      12288       6           
[1m(BM_SPMM_Grid<double, batchlas::Backend::CUDA>)   [0m2048    6       8       128     0       0       1       1       100         0.26116     0.00025108  30180.      96.363      204.77      2.0403      12288       6           
[1m(BM_SPMM_Grid<double, batchlas::Backend::CUDA>)   [0m2048    6       12      128     0       0       1       1       100         0.35431     0.00039725  45196.      106.54      198.28      2.7681      12288       6           
[1m(BM_SPMM_Grid<double, batchlas::Backend::CUDA>)   [0m2048    6       25      128     0       0       1       1       100         0.71036     0.0010799   93999.      110.71      175.66      5.5497      12288       6           
[1m(BM_SPMM_Grid<double, batchlas::Backend::CUDA>)   [0m2048    8       1       128     0       0       1       1       100         0.11686     0.00013188  4904.7      35.892      260.22      0.91296     16384       8           
[1m(BM_SPMM_Grid<double, batchlas::Backend::CUDA>)   [0m2048    8       2       128     0       0       1       1       100         0.12681     0.0011878   9836.0      66.151      272.88      0.99070     16384       8           
[1m(BM_SPMM_Grid<double, batchlas::Backend::CUDA>)   [0m2048    8       4       128     0       0       1       1       100         0.18886     0.00015909  19577.      88.834      227.64      1.4755      16384       8           
[1m(BM_SPMM_Grid<double, batchlas::Backend::CUDA>)   [0m2048    8       8       128     0       0       1       1       100         0.31479     0.0025462   38707.      106.59      189.87      2.4593      16384       8           
[1m(BM_SPMM_Grid<double, batchlas::Backend::CUDA>)   [0m2048    8       12      128     0       0       1       1       100         0.44039     0.0012887   58001.      114.29      173.81      3.4406      16384       8           
[1m(BM_SPMM_Grid<double, batchlas::Backend::CUDA>)   [0m2048    8       25      128     0       0       1       1       100         0.92514     0.0094190   1.2049e+05  113.34      141.68      7.2276      16384       8           
[1m(BM_SPMM_Grid<double, batchlas::Backend::CUDA>)   [0m2048    12      1       128     0       0       1       1       100         0.13372     0.00016859  6993.3      47.048      321.50      1.0447      24576       12          
[1m(BM_SPMM_Grid<double, batchlas::Backend::CUDA>)   [0m2048    12      2       128     0       0       1       1       100         0.17595     0.00013630  14069.      71.515      268.19      1.3746      24576       12          
[1m(BM_SPMM_Grid<double, batchlas::Backend::CUDA>)   [0m2048    12      4       128     0       0       1       1       100         0.29524     0.00027802  27903.      85.238      188.23      2.3066      24576       12          
[1m(BM_SPMM_Grid<double, batchlas::Backend::CUDA>)   [0m2048    12      8       128     0       0       1       1       100         0.46133     0.00024053  55379.      109.10      156.83      3.6041      24576       12          
[1m(BM_SPMM_Grid<double, batchlas::Backend::CUDA>)   [0m2048    12      12      128     0       0       1       1       100         0.65374     0.0025037   82961.      115.49      136.34      5.1073      24576       12          
[1m(BM_SPMM_Grid<double, batchlas::Backend::CUDA>)   [0m2048    12      25      128     0       0       1       1       100         1.3501      0.0011227   1.7226e+05  116.50      106.40      10.548      24576       12          
[1m(BM_SPMM_Grid<double, batchlas::Backend::CUDA>)   [0m2048    16      1       128     0       0       1       1       100         0.16034     0.00016901  9037.6      52.317      346.60      1.2527      32768       16          
[1m(BM_SPMM_Grid<double, batchlas::Backend::CUDA>)   [0m2048    16      2       128     0       0       1       1       100         0.22166     0.00015519  18192.      75.688      269.64      1.7317      32768       16          
[1m(BM_SPMM_Grid<double, batchlas::Backend::CUDA>)   [0m2048    16      4       128     0       0       1       1       100         0.34369     0.00024420  36075.      97.629      198.31      2.6851      32768       16          
[1m(BM_SPMM_Grid<double, batchlas::Backend::CUDA>)   [0m2048    16      8       128     0       0       1       1       100         0.60009     0.00072834  71726.      111.83      141.54      4.6882      32768       16          
[1m(BM_SPMM_Grid<double, batchlas::Backend::CUDA>)   [0m2048    16      12      128     0       0       1       1       100         0.85497     0.00029472  1.0758e+05  117.74      118.97      6.6795      32768       16          
[1m(BM_SPMM_Grid<double, batchlas::Backend::CUDA>)   [0m2048    16      25      128     0       0       1       1       100         1.7557      0.0010152   2.2318e+05  119.45      88.991      13.716      32768       16          
2760 MHz, 63
