2760 MHz, 68
[1;36mName                                              Arg0    Arg1    Arg2    Arg3    Arg4    Arg5    Arg6    Arg7    Iter        Avg(ms)     Std(ms)     chk         GFLOPS      GB/s        Time (µs) / matrixnnz/item    nnz/row     [0m
[1m(BM_SPMM_Grid<double, batchlas::Backend::CUDA>)   [0m1024    16      12      128     0       0       0       0       100         0.090197    0.00021884  11906.      558.02      563.84      0.70466     16384       16          
[1m(BM_SPMM_Grid<double, batchlas::Backend::CUDA>)   [0m1024    16      12      128     1       0       0       0       100         0.12263     0.00041783  11707.      410.43      414.71      0.95807     16384       16          
[1m(BM_SPMM_Grid<double, batchlas::Backend::CUDA>)   [0m1024    16      12      512     0       0       0       0       100         0.35846     0.0018991   11906.      561.65      567.50      0.70011     16384       16          
[1m(BM_SPMM_Grid<double, batchlas::Backend::CUDA>)   [0m1024    16      12      512     1       0       0       0       100         0.45002     0.0012504   11707.      447.38      452.04      0.87894     16384       16          
[1m(BM_SPMM_Grid<double, batchlas::Backend::CUDA>)   [0m1024    16      25      128     0       0       0       0       100         0.16645     0.00065026  24701.      629.96      469.33      1.3004      16384       16          
[1m(BM_SPMM_Grid<double, batchlas::Backend::CUDA>)   [0m1024    16      25      128     1       0       0       0       100         0.37715     0.00064670  24615.      278.03      207.13      2.9465      16384       16          
[1m(BM_SPMM_Grid<double, batchlas::Backend::CUDA>)   [0m1024    16      25      512     0       0       0       0       100         0.63373     0.0031683   24701.      661.84      493.07      1.2378      16384       16          
[1m(BM_SPMM_Grid<double, batchlas::Backend::CUDA>)   [0m1024    16      25      512     1       0       0       0       100         1.4544      0.0050011   24615.      288.40      214.86      2.8405      16384       16          
[1m(BM_SPMM_Grid<double, batchlas::Backend::CUDA>)   [0m1024    16      50      128     0       0       0       0       100         0.30627     0.00067642  49070.      684.73      426.25      2.3928      16384       16          
[1m(BM_SPMM_Grid<double, batchlas::Backend::CUDA>)   [0m1024    16      50      128     1       0       0       0       100         0.69872     0.0025866   49483.      300.14      186.84      5.4588      16384       16          
[1m(BM_SPMM_Grid<double, batchlas::Backend::CUDA>)   [0m1024    16      50      512     0       0       0       0       100         1.1678      0.011986    49070.      718.35      447.17      2.2808      16384       16          
[1m(BM_SPMM_Grid<double, batchlas::Backend::CUDA>)   [0m1024    16      50      512     1       0       0       0       100         2.6766      0.0098592   49483.      313.41      195.10      5.2277      16384       16          
[1m(BM_SPMM_Grid<double, batchlas::Backend::CUDA>)   [0m2048    16      12      128     0       0       0       0       100         0.19819     0.00090047  23615.      507.92      513.21      1.5483      32768       16          
[1m(BM_SPMM_Grid<double, batchlas::Backend::CUDA>)   [0m2048    16      12      128     1       0       0       0       100         0.24817     0.0010800   23546.      405.63      409.85      1.9388      32768       16          
[1m(BM_SPMM_Grid<double, batchlas::Backend::CUDA>)   [0m2048    16      12      512     0       0       0       0       100         0.66009     0.0057915   23615.      610.00      616.36      1.2892      32768       16          
[1m(BM_SPMM_Grid<double, batchlas::Backend::CUDA>)   [0m2048    16      12      512     1       0       0       0       100         0.87781     0.0020644   23546.      458.70      463.48      1.7145      32768       16          
[1m(BM_SPMM_Grid<double, batchlas::Backend::CUDA>)   [0m2048    16      25      128     0       0       0       0       100         0.33023     0.00085705  49005.      635.06      473.12      2.5799      32768       16          
[1m(BM_SPMM_Grid<double, batchlas::Backend::CUDA>)   [0m2048    16      25      128     1       0       0       0       100         0.74747     0.0011172   48901.      280.57      209.02      5.8396      32768       16          
[1m(BM_SPMM_Grid<double, batchlas::Backend::CUDA>)   [0m2048    16      25      512     0       0       0       0       100         1.2629      0.0050354   49005.      664.24      494.86      2.4666      32768       16          
[1m(BM_SPMM_Grid<double, batchlas::Backend::CUDA>)   [0m2048    16      25      512     1       0       0       0       100         2.9099      0.0047069   48901.      288.27      214.77      5.6835      32768       16          
[1m(BM_SPMM_Grid<double, batchlas::Backend::CUDA>)   [0m2048    16      50      128     0       0       0       0       100         0.60082     0.0041200   98011.      698.09      434.56      4.6939      32768       16          
[1m(BM_SPMM_Grid<double, batchlas::Backend::CUDA>)   [0m2048    16      50      128     1       0       0       0       100         1.3770      0.0069338   98451.      304.59      189.61      10.758      32768       16          
[1m(BM_SPMM_Grid<double, batchlas::Backend::CUDA>)   [0m2048    16      50      512     0       0       0       0       100         2.3278      0.0096493   98011.      720.74      448.66      4.5464      32768       16          
[1m(BM_SPMM_Grid<double, batchlas::Backend::CUDA>)   [0m2048    16      50      512     1       0       0       0       75          5.3548      0.0082227   98451.      313.31      195.04      10.459      32768       16          
[1m(BM_SPMM_Grid<double, batchlas::Backend::CUDA>)   [0m4096    16      12      128     0       0       0       0       100         0.34220     0.0014809   47049.      588.32      594.45      2.6735      65536       16          
[1m(BM_SPMM_Grid<double, batchlas::Backend::CUDA>)   [0m4096    16      12      128     1       0       0       0       100         0.45949     0.0022437   47285.      438.15      442.72      3.5898      65536       16          
[1m(BM_SPMM_Grid<double, batchlas::Backend::CUDA>)   [0m4096    16      12      512     0       0       0       0       100         1.2638      0.0061193   47049.      637.19      643.83      2.4684      65536       16          
[1m(BM_SPMM_Grid<double, batchlas::Backend::CUDA>)   [0m4096    16      12      512     1       0       0       0       100         1.7366      0.0080315   47285.      463.72      468.55      3.3918      65536       16          
[1m(BM_SPMM_Grid<double, batchlas::Backend::CUDA>)   [0m4096    16      25      128     0       0       0       0       100         0.64074     0.0050860   97978.      654.60      487.68      5.0058      65536       16          
[1m(BM_SPMM_Grid<double, batchlas::Backend::CUDA>)   [0m4096    16      25      128     1       0       0       0       100         1.4796      0.0046818   98379.      283.47      211.19      11.560      65536       16          
[1m(BM_SPMM_Grid<double, batchlas::Backend::CUDA>)   [0m4096    16      25      512     0       0       0       0       100         2.5036      0.019161    97978.      670.12      499.24      4.8898      65536       16          
[1m(BM_SPMM_Grid<double, batchlas::Backend::CUDA>)   [0m4096    16      25      512     1       0       0       0       69          5.8044      0.0069461   98379.      289.04      215.34      11.337      65536       16          
[1m(BM_SPMM_Grid<double, batchlas::Backend::CUDA>)   [0m4096    16      50      128     0       0       0       0       100         1.1790      0.0044972   1.9626e+05  711.53      442.93      9.2106      65536       16          
[1m(BM_SPMM_Grid<double, batchlas::Backend::CUDA>)   [0m4096    16      50      128     1       0       0       0       100         2.7117      0.0082592   1.9655e+05  309.35      192.57      21.185      65536       16          
[1m(BM_SPMM_Grid<double, batchlas::Backend::CUDA>)   [0m4096    16      50      512     0       0       0       0       87          4.6294      0.018896    1.9626e+05  724.82      451.20      9.0417      65536       16          
[1m(BM_SPMM_Grid<double, batchlas::Backend::CUDA>)   [0m4096    16      50      512     1       0       0       0       38          10.704      0.013580    1.9655e+05  313.48      195.14      20.906      65536       16          
2760 MHz, 67
