2760 MHz, 68
[1;36mName                                              Arg0    Arg1    Arg2    Arg3    Arg4    Arg5    Arg6    Arg7    Iter        Avg(ms)     Std(ms)     chk         GFLOPS      GB/s        Time (µs) / matrixnnz/item    nnz/row     [0m
[1m(BM_SPMM_Grid<std::complex<double>, batchlas::Backend::CUDA>)[0m1024    3       1       512     0       0       1       1       100         0.17121     0.00018358  2521.9      73.494      293.99      0.33439     3072        3           
[1m(BM_SPMM_Grid<std::complex<double>, batchlas::Backend::CUDA>)[0m1024    3       2       512     0       0       1       1       100         0.17759     0.00016588  4971.2      141.71      377.90      0.34686     3072        3           
[1m(BM_SPMM_Grid<std::complex<double>, batchlas::Backend::CUDA>)[0m1024    3       4       512     0       0       1       1       100         0.27776     0.00058055  9997.3      181.20      362.42      0.54250     3072        3           
[1m(BM_SPMM_Grid<std::complex<double>, batchlas::Backend::CUDA>)[0m1024    3       8       512     0       0       1       1       100         0.65435     0.00047498  19846.      153.84      256.40      1.2780      3072        3           
[1m(BM_SPMM_Grid<std::complex<double>, batchlas::Backend::CUDA>)[0m1024    3       12      512     0       0       1       1       100         1.0060      0.0018292   29807.      150.10      233.49      1.9648      3072        3           
[1m(BM_SPMM_Grid<std::complex<double>, batchlas::Backend::CUDA>)[0m1024    3       25      512     0       0       1       1       100         1.9995      0.0020296   61992.      157.32      226.55      3.9053      3072        3           
[1m(BM_SPMM_Grid<std::complex<double>, batchlas::Backend::CUDA>)[0m1024    6       1       512     0       0       1       1       100         0.23422     0.00023569  4875.6      107.44      349.20      0.45747     6144        6           
[1m(BM_SPMM_Grid<std::complex<double>, batchlas::Backend::CUDA>)[0m1024    6       2       512     0       0       1       1       100         0.31297     0.00028787  9659.8      160.82      314.94      0.61127     6144        6           
[1m(BM_SPMM_Grid<std::complex<double>, batchlas::Backend::CUDA>)[0m1024    6       4       512     0       0       1       1       100         0.51421     0.00069938  19555.      195.76      256.94      1.0043      6144        6           
[1m(BM_SPMM_Grid<std::complex<double>, batchlas::Backend::CUDA>)[0m1024    6       8       512     0       0       1       1       100         1.0276      0.0015318   38832.      195.92      193.88      2.0070      6144        6           
[1m(BM_SPMM_Grid<std::complex<double>, batchlas::Backend::CUDA>)[0m1024    6       12      512     0       0       1       1       100         1.5677      0.0020341   58403.      192.63      169.89      3.0619      6144        6           
[1m(BM_SPMM_Grid<std::complex<double>, batchlas::Backend::CUDA>)[0m1024    6       25      512     0       0       1       1       100         3.1334      0.0020363   1.2144e+05  200.79      154.61      6.1200      6144        6           
[1m(BM_SPMM_Grid<std::complex<double>, batchlas::Backend::CUDA>)[0m1024    8       1       512     0       0       1       1       100         0.29404     0.00027799  6455.9      114.12      349.48      0.57430     8192        8           
[1m(BM_SPMM_Grid<std::complex<double>, batchlas::Backend::CUDA>)[0m1024    8       2       512     0       0       1       1       100         0.40433     0.00027900  12841.      165.98      295.65      0.78971     8192        8           
[1m(BM_SPMM_Grid<std::complex<double>, batchlas::Backend::CUDA>)[0m1024    8       4       512     0       0       1       1       100         0.66901     0.0010251   25900.      200.62      228.84      1.3067      8192        8           
[1m(BM_SPMM_Grid<std::complex<double>, batchlas::Backend::CUDA>)[0m1024    8       8       512     0       0       1       1       100         1.2942      0.0015941   51462.      207.41      170.14      2.5278      8192        8           
[1m(BM_SPMM_Grid<std::complex<double>, batchlas::Backend::CUDA>)[0m1024    8       12      512     0       0       1       1       100         1.9339      0.0018342   77375.      208.21      148.57      3.7771      8192        8           
[1m(BM_SPMM_Grid<std::complex<double>, batchlas::Backend::CUDA>)[0m1024    8       25      512     0       0       1       1       100         3.9362      0.0022823   1.6076e+05  213.11      128.40      7.6879      8192        8           
[1m(BM_SPMM_Grid<std::complex<double>, batchlas::Backend::CUDA>)[0m1024    12      1       512     0       0       1       1       100         0.40832     0.00036029  9662.0      123.27      354.40      0.79749     12288       12          
[1m(BM_SPMM_Grid<std::complex<double>, batchlas::Backend::CUDA>)[0m1024    12      2       512     0       0       1       1       100         0.58440     0.00039983  19172.      172.25      276.32      1.1414      12288       12          
[1m(BM_SPMM_Grid<std::complex<double>, batchlas::Backend::CUDA>)[0m1024    12      4       512     0       0       1       1       100         0.96956     0.0016825   38680.      207.65      201.16      1.8937      12288       12          
[1m(BM_SPMM_Grid<std::complex<double>, batchlas::Backend::CUDA>)[0m1024    12      8       512     0       0       1       1       100         1.8163      0.0015080   76860.      221.69      144.33      3.5474      12288       12          
[1m(BM_SPMM_Grid<std::complex<double>, batchlas::Backend::CUDA>)[0m1024    12      12      512     0       0       1       1       100         2.6912      0.0019105   1.1558e+05  224.43      122.34      5.2563      12288       12          
[1m(BM_SPMM_Grid<std::complex<double>, batchlas::Backend::CUDA>)[0m1024    12      25      512     0       0       1       1       72          5.5710      0.0023249   2.4008e+05  225.86      98.251      10.881      12288       12          
[1m(BM_SPMM_Grid<std::complex<double>, batchlas::Backend::CUDA>)[0m1024    16      1       512     0       0       1       1       100         0.51627     0.00042944  12782.      129.99      361.54      1.0083      16384       16          
[1m(BM_SPMM_Grid<std::complex<double>, batchlas::Backend::CUDA>)[0m1024    16      2       512     0       0       1       1       100         0.74661     0.0011593   25400.      179.77      272.47      1.4582      16384       16          
[1m(BM_SPMM_Grid<std::complex<double>, batchlas::Backend::CUDA>)[0m1024    16      4       512     0       0       1       1       100         1.2924      0.0054481   51229.      207.71      183.37      2.5241      16384       16          
[1m(BM_SPMM_Grid<std::complex<double>, batchlas::Backend::CUDA>)[0m1024    16      8       512     0       0       1       1       100         2.3949      0.013472    1.0191e+05  224.18      126.98      4.6775      16384       16          
[1m(BM_SPMM_Grid<std::complex<double>, batchlas::Backend::CUDA>)[0m1024    16      12      512     0       0       1       1       100         3.4741      0.031869    1.5324e+05  231.81      106.85      6.7853      16384       16          
[1m(BM_SPMM_Grid<std::complex<double>, batchlas::Backend::CUDA>)[0m1024    16      25      512     0       0       1       1       56          7.2400      0.021841    3.1786e+05  231.73      81.395      14.141      16384       16          
2760 MHz, 63
