2775 MHz, 58
[1;36mName                                              Arg0    Arg1    Arg2    Arg3    Arg4    Arg5    Arg6    Arg7    Iter        Avg(ms)     Std(ms)     chk         GFLOPS      GB/s        Time (µs) / matrixnnz/item    nnz/row     [0m
[1m(BM_SPMM_Grid<double, batchlas::Backend::CUDA>)   [0m2048    3       1       128     0       0       1       1       100         0.017766    2.3996e-05  2184.2      88.533      826.34      0.13880     6144        3           
[1m(BM_SPMM_Grid<double, batchlas::Backend::CUDA>)   [0m2048    3       2       128     0       0       1       1       100         0.030659    4.4983e-05  4415.0      102.60      615.64      0.23952     6144        3           
[1m(BM_SPMM_Grid<double, batchlas::Backend::CUDA>)   [0m2048    3       4       128     0       0       1       1       100         0.056589    0.00017948  8708.1      111.18      481.78      0.44210     6144        3           
[1m(BM_SPMM_Grid<double, batchlas::Backend::CUDA>)   [0m2048    3       8       128     0       0       1       1       100         0.10871     0.00029363  17237.      115.74      405.10      0.84934     6144        3           
[1m(BM_SPMM_Grid<double, batchlas::Backend::CUDA>)   [0m2048    3       12      128     0       0       1       1       100         0.16467     0.00050883  25776.      114.62      369.34      1.2865      6144        3           
[1m(BM_SPMM_Grid<double, batchlas::Backend::CUDA>)   [0m2048    3       25      128     0       0       1       1       100         0.50824     0.00096384  53575.      77.369      226.95      3.9706      6144        3           
[1m(BM_SPMM_Grid<double, batchlas::Backend::CUDA>)   [0m2048    6       1       128     0       0       1       1       100         0.036091    3.3907e-05  3800.0      87.161      668.25      0.28196     12288       6           
[1m(BM_SPMM_Grid<double, batchlas::Backend::CUDA>)   [0m2048    6       2       128     0       0       1       1       100         0.064545    9.1060e-05  7646.0      97.474      438.64      0.50426     12288       6           
[1m(BM_SPMM_Grid<double, batchlas::Backend::CUDA>)   [0m2048    6       4       128     0       0       1       1       100         0.11723     0.00026176  15264.      107.33      313.06      0.91588     12288       6           
[1m(BM_SPMM_Grid<double, batchlas::Backend::CUDA>)   [0m2048    6       8       128     0       0       1       1       100         0.22452     0.00035758  30180.      112.09      238.19      1.7540      12288       6           
[1m(BM_SPMM_Grid<double, batchlas::Backend::CUDA>)   [0m2048    6       12      128     0       0       1       1       100         0.33829     0.00072493  45196.      111.59      207.68      2.6429      12288       6           
[1m(BM_SPMM_Grid<double, batchlas::Backend::CUDA>)   [0m2048    6       25      128     0       0       1       1       100         0.91293     0.0012678   93999.      86.144      136.68      7.1323      12288       6           
[1m(BM_SPMM_Grid<double, batchlas::Backend::CUDA>)   [0m2048    8       1       128     0       0       1       1       100         0.052809    7.3445e-05  4904.7      79.423      575.83      0.41257     16384       8           
[1m(BM_SPMM_Grid<double, batchlas::Backend::CUDA>)   [0m2048    8       2       128     0       0       1       1       100         0.090985    0.00016337  9836.0      92.198      380.32      0.71082     16384       8           
[1m(BM_SPMM_Grid<double, batchlas::Backend::CUDA>)   [0m2048    8       4       128     0       0       1       1       100         0.16182     0.00031074  19577.      103.68      265.69      1.2642      16384       8           
[1m(BM_SPMM_Grid<double, batchlas::Backend::CUDA>)   [0m2048    8       8       128     0       0       1       1       100         0.31168     0.00051245  38707.      107.66      191.76      2.4350      16384       8           
[1m(BM_SPMM_Grid<double, batchlas::Backend::CUDA>)   [0m2048    8       12      128     0       0       1       1       100         0.47465     0.00067994  58001.      106.04      161.27      3.7082      16384       8           
[1m(BM_SPMM_Grid<double, batchlas::Backend::CUDA>)   [0m2048    8       25      128     0       0       1       1       100         1.1801      0.0060945   1.2049e+05  88.852      111.07      9.2198      16384       8           
[1m(BM_SPMM_Grid<double, batchlas::Backend::CUDA>)   [0m2048    12      1       128     0       0       1       1       100         0.094037    0.00012839  6993.3      66.904      457.18      0.73467     24576       12          
[1m(BM_SPMM_Grid<double, batchlas::Backend::CUDA>)   [0m2048    12      2       128     0       0       1       1       100         0.14875     0.00056217  14069.      84.588      317.21      1.1621      24576       12          
[1m(BM_SPMM_Grid<double, batchlas::Backend::CUDA>)   [0m2048    12      4       128     0       0       1       1       100         0.25780     0.00054119  27903.      97.616      215.57      2.0141      24576       12          
[1m(BM_SPMM_Grid<double, batchlas::Backend::CUDA>)   [0m2048    12      8       128     0       0       1       1       100         0.49372     0.00072049  55379.      101.94      146.54      3.8572      24576       12          
[1m(BM_SPMM_Grid<double, batchlas::Backend::CUDA>)   [0m2048    12      12      128     0       0       1       1       100         0.76034     0.0010749   82961.      99.295      117.22      5.9401      24576       12          
[1m(BM_SPMM_Grid<double, batchlas::Backend::CUDA>)   [0m2048    12      25      128     0       0       1       1       100         1.7045      0.0056483   1.7226e+05  92.280      84.282      13.316      24576       12          
[1m(BM_SPMM_Grid<double, batchlas::Backend::CUDA>)   [0m2048    16      1       128     0       0       1       1       100         0.14161     0.0012496   9037.6      59.238      392.45      1.1063      32768       16          
[1m(BM_SPMM_Grid<double, batchlas::Backend::CUDA>)   [0m2048    16      2       128     0       0       1       1       100         0.22047     0.0012168   18192.      76.097      271.10      1.7224      32768       16          
[1m(BM_SPMM_Grid<double, batchlas::Backend::CUDA>)   [0m2048    16      4       128     0       0       1       1       100         0.36509     0.00065849  36075.      91.908      186.69      2.8522      32768       16          
[1m(BM_SPMM_Grid<double, batchlas::Backend::CUDA>)   [0m2048    16      8       128     0       0       1       1       100         0.69567     0.0015448   71726.      96.467      122.09      5.4349      32768       16          
[1m(BM_SPMM_Grid<double, batchlas::Backend::CUDA>)   [0m2048    16      12      128     0       0       1       1       100         1.0602      0.0029963   1.0758e+05  94.947      95.937      8.2828      32768       16          
[1m(BM_SPMM_Grid<double, batchlas::Backend::CUDA>)   [0m2048    16      25      128     0       0       1       1       100         2.2263      0.011074    2.2318e+05  94.199      70.179      17.393      32768       16          
2775 MHz, 54
