2760 MHz, 63
[1;36mName                                              Arg0    Arg1    Arg2    Arg3    Arg4    Arg5    Arg6    Arg7    Iter        Avg(ms)     Std(ms)     chk         GFLOPS      GB/s        Time (µs) / matrixnnz/item    nnz/row     [0m
[1m(BM_SPMM_Grid<std::complex<double>, batchlas::Backend::CUDA>)[0m2048    3       1       128     0       0       1       1       100         0.091345    0.00023254  4963.1      68.876      275.51      0.71363     6144        3           
[1m(BM_SPMM_Grid<std::complex<double>, batchlas::Backend::CUDA>)[0m2048    3       2       128     0       0       1       1       100         0.095725    5.9638e-05  10111.      131.45      350.54      0.74785     6144        3           
[1m(BM_SPMM_Grid<std::complex<double>, batchlas::Backend::CUDA>)[0m2048    3       4       128     0       0       1       1       100         0.14393     0.00028821  19918.      174.85      349.70      1.1244      6144        3           
[1m(BM_SPMM_Grid<std::complex<double>, batchlas::Backend::CUDA>)[0m2048    3       8       128     0       0       1       1       100         0.22756     0.00027670  39482.      221.18      368.64      1.7778      6144        3           
[1m(BM_SPMM_Grid<std::complex<double>, batchlas::Backend::CUDA>)[0m2048    3       12      128     0       0       1       1       100         0.40796     0.00036808  59431.      185.06      287.88      3.1871      6144        3           
[1m(BM_SPMM_Grid<std::complex<double>, batchlas::Backend::CUDA>)[0m2048    3       25      128     0       0       1       1       100         1.0264      0.0016364   1.2340e+05  153.25      220.68      8.0184      6144        3           
[1m(BM_SPMM_Grid<std::complex<double>, batchlas::Backend::CUDA>)[0m2048    6       1       128     0       0       1       1       100         0.12056     0.00026948  9716.3      104.37      339.21      0.94186     12288       6           
[1m(BM_SPMM_Grid<std::complex<double>, batchlas::Backend::CUDA>)[0m2048    6       2       128     0       0       1       1       100         0.15880     0.00018971  19741.      158.47      310.34      1.2407      12288       6           
[1m(BM_SPMM_Grid<std::complex<double>, batchlas::Backend::CUDA>)[0m2048    6       4       128     0       0       1       1       100         0.25961     0.0010529   39162.      193.87      254.46      2.0282      12288       6           
[1m(BM_SPMM_Grid<std::complex<double>, batchlas::Backend::CUDA>)[0m2048    6       8       128     0       0       1       1       100         0.44264     0.0010371   77965.      227.42      225.05      3.4581      12288       6           
[1m(BM_SPMM_Grid<std::complex<double>, batchlas::Backend::CUDA>)[0m2048    6       12      128     0       0       1       1       100         0.68502     0.0049042   1.1727e+05  220.42      194.40      5.3518      12288       6           
[1m(BM_SPMM_Grid<std::complex<double>, batchlas::Backend::CUDA>)[0m2048    6       25      128     0       0       1       1       100         1.6117      0.022858    2.4383e+05  195.18      150.29      12.591      12288       6           
[1m(BM_SPMM_Grid<std::complex<double>, batchlas::Backend::CUDA>)[0m2048    8       1       128     0       0       1       1       100         0.14913     0.00021555  12936.      112.50      344.53      1.1651      16384       8           
[1m(BM_SPMM_Grid<std::complex<double>, batchlas::Backend::CUDA>)[0m2048    8       2       128     0       0       1       1       100         0.19978     0.00024321  26241.      167.95      299.17      1.5608      16384       8           
[1m(BM_SPMM_Grid<std::complex<double>, batchlas::Backend::CUDA>)[0m2048    8       4       128     0       0       1       1       100         0.33542     0.00051946  52038.      200.08      228.21      2.6204      16384       8           
[1m(BM_SPMM_Grid<std::complex<double>, batchlas::Backend::CUDA>)[0m2048    8       8       128     0       0       1       1       100         0.55062     0.00026535  1.0345e+05  243.76      199.96      4.3017      16384       8           
[1m(BM_SPMM_Grid<std::complex<double>, batchlas::Backend::CUDA>)[0m2048    8       12      128     0       0       1       1       100         0.87489     0.00060767  1.5550e+05  230.12      164.20      6.8351      16384       8           
[1m(BM_SPMM_Grid<std::complex<double>, batchlas::Backend::CUDA>)[0m2048    8       25      128     0       0       1       1       100         1.9610      0.0017514   3.2353e+05  213.89      128.87      15.320      16384       8           
[1m(BM_SPMM_Grid<std::complex<double>, batchlas::Backend::CUDA>)[0m2048    12      1       128     0       0       1       1       100         0.20272     0.0012239   19303.      124.14      356.91      1.5838      24576       12          
[1m(BM_SPMM_Grid<std::complex<double>, batchlas::Backend::CUDA>)[0m2048    12      2       128     0       0       1       1       100         0.27939     0.00027661  38932.      180.15      288.99      2.1828      24576       12          
[1m(BM_SPMM_Grid<std::complex<double>, batchlas::Backend::CUDA>)[0m2048    12      4       128     0       0       1       1       100         0.48308     0.00069874  77186.      208.38      201.87      3.7740      24576       12          
[1m(BM_SPMM_Grid<std::complex<double>, batchlas::Backend::CUDA>)[0m2048    12      8       128     0       0       1       1       100         0.81277     0.00023139  1.5393e+05  247.71      161.27      6.3497      24576       12          
[1m(BM_SPMM_Grid<std::complex<double>, batchlas::Backend::CUDA>)[0m2048    12      12      128     0       0       1       1       100         1.2630      0.0012727   2.3152e+05  239.11      130.35      9.8671      24576       12          
[1m(BM_SPMM_Grid<std::complex<double>, batchlas::Backend::CUDA>)[0m2048    12      25      128     0       0       1       1       100         2.7348      0.0017242   4.8180e+05  230.05      100.07      21.366      24576       12          
[1m(BM_SPMM_Grid<std::complex<double>, batchlas::Backend::CUDA>)[0m2048    16      1       128     0       0       1       1       100         0.26223     0.0014974   25507.      127.96      355.88      2.0487      32768       16          
[1m(BM_SPMM_Grid<std::complex<double>, batchlas::Backend::CUDA>)[0m2048    16      2       128     0       0       1       1       100         0.35466     0.00030246  51459.      189.22      286.79      2.7707      32768       16          
[1m(BM_SPMM_Grid<std::complex<double>, batchlas::Backend::CUDA>)[0m2048    16      4       128     0       0       1       1       100         0.62627     0.0015902   1.0208e+05  214.31      189.20      4.8928      32768       16          
[1m(BM_SPMM_Grid<std::complex<double>, batchlas::Backend::CUDA>)[0m2048    16      8       128     0       0       1       1       100         1.0612      0.0010045   2.0361e+05  252.97      143.28      8.2902      32768       16          
[1m(BM_SPMM_Grid<std::complex<double>, batchlas::Backend::CUDA>)[0m2048    16      12      128     0       0       1       1       100         1.6616      0.0016978   3.0628e+05  242.33      111.70      12.981      32768       16          
[1m(BM_SPMM_Grid<std::complex<double>, batchlas::Backend::CUDA>)[0m2048    16      25      128     0       0       1       1       100         3.4963      0.0036148   6.3728e+05  239.93      84.275      27.315      32768       16          
2775 MHz, 62
