2760 MHz, 69
[1;36mName                                              Arg0    Arg1    Arg2    Arg3    Arg4    Arg5    Arg6    Arg7    Iter        Avg(ms)     Std(ms)     chk         GFLOPS      GB/s        Time (µs) / matrixnnz/item    nnz/row     [0m
[1m(BM_SPMM_Grid<std::complex<float>, batchlas::Backend::CUDA>)[0m1024    16      12      128     0       0       0       0       100         0.090327    0.00016395  25892.      2228.9      563.02      0.70568     16384       16          
[1m(BM_SPMM_Grid<std::complex<float>, batchlas::Backend::CUDA>)[0m1024    16      12      128     1       0       0       0       100         0.13878     0.0010328   25986.      1450.7      366.46      1.0842      16384       16          
[1m(BM_SPMM_Grid<std::complex<float>, batchlas::Backend::CUDA>)[0m1024    16      12      512     0       0       0       0       100         0.30232     0.0019325   25892.      2663.7      672.87      0.59048     16384       16          
[1m(BM_SPMM_Grid<std::complex<float>, batchlas::Backend::CUDA>)[0m1024    16      12      512     1       0       0       0       100         0.42073     0.0011448   25986.      1914.1      483.51      0.82173     16384       16          
[1m(BM_SPMM_Grid<std::complex<float>, batchlas::Backend::CUDA>)[0m1024    16      25      128     0       0       0       0       100         0.15619     0.00063270  54102.      2685.3      500.15      1.2203      16384       16          
[1m(BM_SPMM_Grid<std::complex<float>, batchlas::Backend::CUDA>)[0m1024    16      25      128     1       0       0       0       100         0.42864     0.0020682   54792.      978.52      182.25      3.3487      16384       16          
[1m(BM_SPMM_Grid<std::complex<float>, batchlas::Backend::CUDA>)[0m1024    16      25      512     0       0       0       0       100         0.55619     0.0078846   54102.      3016.4      561.82      1.0863      16384       16          
[1m(BM_SPMM_Grid<std::complex<float>, batchlas::Backend::CUDA>)[0m1024    16      25      512     1       0       0       0       100         1.5310      0.011514    54792.      1095.8      204.10      2.9903      16384       16          
[1m(BM_SPMM_Grid<std::complex<float>, batchlas::Backend::CUDA>)[0m1024    16      50      128     0       0       0       0       100         0.28495     0.0011022   1.0784e+05  2943.9      458.14      2.2262      16384       16          
[1m(BM_SPMM_Grid<std::complex<float>, batchlas::Backend::CUDA>)[0m1024    16      50      128     1       0       0       0       100         0.79851     0.0038619   1.0924e+05  1050.5      163.49      6.2383      16384       16          
[1m(BM_SPMM_Grid<std::complex<float>, batchlas::Backend::CUDA>)[0m1024    16      50      512     0       0       0       0       100         0.99915     0.0053394   1.0784e+05  3358.3      522.64      1.9515      16384       16          
[1m(BM_SPMM_Grid<std::complex<float>, batchlas::Backend::CUDA>)[0m1024    16      50      512     1       0       0       0       100         2.8937      0.031501    1.0924e+05  1159.6      180.46      5.6518      16384       16          
[1m(BM_SPMM_Grid<std::complex<float>, batchlas::Backend::CUDA>)[0m2048    16      12      128     0       0       0       0       100         0.17264     0.00076061  52093.      2332.4      589.17      1.3487      32768       16          
[1m(BM_SPMM_Grid<std::complex<float>, batchlas::Backend::CUDA>)[0m2048    16      12      128     1       0       0       0       100         0.24751     0.0013534   52154.      1626.8      410.95      1.9336      32768       16          
[1m(BM_SPMM_Grid<std::complex<float>, batchlas::Backend::CUDA>)[0m2048    16      12      512     0       0       0       0       100         0.56800     0.0069057   52093.      2835.6      716.28      1.1094      32768       16          
[1m(BM_SPMM_Grid<std::complex<float>, batchlas::Backend::CUDA>)[0m2048    16      12      512     1       0       0       0       100         0.79802     0.0026206   52154.      2018.3      509.82      1.5586      32768       16          
[1m(BM_SPMM_Grid<std::complex<float>, batchlas::Backend::CUDA>)[0m2048    16      25      128     0       0       0       0       100         0.30210     0.0012802   1.0822e+05  2776.7      517.17      2.3602      32768       16          
[1m(BM_SPMM_Grid<std::complex<float>, batchlas::Backend::CUDA>)[0m2048    16      25      128     1       0       0       0       100         0.81799     0.0040207   1.0896e+05  1025.5      191.00      6.3906      32768       16          
[1m(BM_SPMM_Grid<std::complex<float>, batchlas::Backend::CUDA>)[0m2048    16      25      512     0       0       0       0       100         1.0810      0.0044723   1.0822e+05  3103.9      578.10      2.1114      32768       16          
[1m(BM_SPMM_Grid<std::complex<float>, batchlas::Backend::CUDA>)[0m2048    16      25      512     1       0       0       0       100         3.0216      0.029243    1.0896e+05  1110.5      206.83      5.9016      32768       16          
[1m(BM_SPMM_Grid<std::complex<float>, batchlas::Backend::CUDA>)[0m2048    16      50      128     0       0       0       0       100         0.53061     0.0051549   2.1696e+05  3161.9      492.07      4.1454      32768       16          
[1m(BM_SPMM_Grid<std::complex<float>, batchlas::Backend::CUDA>)[0m2048    16      50      128     1       0       0       0       100         1.5363      0.011917    2.1880e+05  1092.0      169.95      12.003      32768       16          
[1m(BM_SPMM_Grid<std::complex<float>, batchlas::Backend::CUDA>)[0m2048    16      50      512     0       0       0       0       100         1.9633      0.0051311   2.1696e+05  3418.2      531.96      3.8345      32768       16          
[1m(BM_SPMM_Grid<std::complex<float>, batchlas::Backend::CUDA>)[0m2048    16      50      512     1       0       0       0       69          5.8116      0.066347    2.1880e+05  1154.7      179.71      11.351      32768       16          
[1m(BM_SPMM_Grid<std::complex<float>, batchlas::Backend::CUDA>)[0m4096    16      12      128     0       0       0       0       100         0.30773     0.00077301  1.0400e+05  2616.9      661.05      2.4041      65536       16          
[1m(BM_SPMM_Grid<std::complex<float>, batchlas::Backend::CUDA>)[0m4096    16      12      128     1       0       0       0       100         0.43462     0.0011012   1.0458e+05  1852.9      468.05      3.3955      65536       16          
[1m(BM_SPMM_Grid<std::complex<float>, batchlas::Backend::CUDA>)[0m4096    16      12      512     0       0       0       0       100         1.1066      0.0031962   1.0400e+05  2910.8      735.29      2.1614      65536       16          
[1m(BM_SPMM_Grid<std::complex<float>, batchlas::Backend::CUDA>)[0m4096    16      12      512     1       0       0       0       100         1.5374      0.0059976   1.0458e+05  2095.2      529.25      3.0028      65536       16          
[1m(BM_SPMM_Grid<std::complex<float>, batchlas::Backend::CUDA>)[0m4096    16      25      128     0       0       0       0       100         0.57163     0.0079460   2.1673e+05  2935.0      546.64      4.4659      65536       16          
[1m(BM_SPMM_Grid<std::complex<float>, batchlas::Backend::CUDA>)[0m4096    16      25      128     1       0       0       0       100         1.5791      0.013954    2.1811e+05  1062.5      197.89      12.336      65536       16          
[1m(BM_SPMM_Grid<std::complex<float>, batchlas::Backend::CUDA>)[0m4096    16      25      512     0       0       0       0       100         2.1485      0.0056345   2.1673e+05  3123.6      581.76      4.1962      65536       16          
[1m(BM_SPMM_Grid<std::complex<float>, batchlas::Backend::CUDA>)[0m4096    16      25      512     1       0       0       0       67          6.0033      0.049414    2.1811e+05  1117.9      208.20      11.725      65536       16          
[1m(BM_SPMM_Grid<std::complex<float>, batchlas::Backend::CUDA>)[0m4096    16      50      128     0       0       0       0       100         1.0267      0.0038928   4.3414e+05  3268.2      508.61      8.0212      65536       16          
[1m(BM_SPMM_Grid<std::complex<float>, batchlas::Backend::CUDA>)[0m4096    16      50      128     1       0       0       0       100         2.9512      0.032870    4.3677e+05  1137.0      176.94      23.056      65536       16          
[1m(BM_SPMM_Grid<std::complex<float>, batchlas::Backend::CUDA>)[0m4096    16      50      512     0       0       0       0       100         3.9508      0.018998    4.3414e+05  3397.2      528.69      7.7164      65536       16          
[1m(BM_SPMM_Grid<std::complex<float>, batchlas::Backend::CUDA>)[0m4096    16      50      512     1       0       0       0       35          11.639      0.13920     4.3677e+05  1153.2      179.47      22.732      65536       16          
2760 MHz, 68
