2775 MHz, 58
[1;36mName                                              Arg0    Arg1    Arg2    Arg3    Arg4    Arg5    Arg6    Arg7    Iter        Avg(ms)     Std(ms)     chk         GFLOPS      GB/s        Time (µs) / matrixnnz/item    nnz/row     [0m
[1m(BM_SPMM_Grid<std::complex<double>, batchlas::Backend::CUDA>)[0m2048    3       1       128     0       0       1       1       100         0.035480    0.00020890  4963.1      177.33      709.32      0.27718     6144        3           
[1m(BM_SPMM_Grid<std::complex<double>, batchlas::Backend::CUDA>)[0m2048    3       2       128     0       0       1       1       100         0.060647    6.3454e-05  10111.      207.48      553.29      0.47380     6144        3           
[1m(BM_SPMM_Grid<std::complex<double>, batchlas::Backend::CUDA>)[0m2048    3       4       128     0       0       1       1       100         0.11383     0.00036291  19918.      221.07      442.15      0.88933     6144        3           
[1m(BM_SPMM_Grid<std::complex<double>, batchlas::Backend::CUDA>)[0m2048    3       8       128     0       0       1       1       100         0.25693     0.0011673   39482.      195.90      326.50      2.0073      6144        3           
[1m(BM_SPMM_Grid<std::complex<double>, batchlas::Backend::CUDA>)[0m2048    3       12      128     0       0       1       1       100         0.50541     0.0023422   59431.      149.38      232.37      3.9485      6144        3           
[1m(BM_SPMM_Grid<std::complex<double>, batchlas::Backend::CUDA>)[0m2048    3       25      128     0       0       1       1       100         1.4078      0.013976    1.2340e+05  111.72      160.88      10.999      6144        3           
[1m(BM_SPMM_Grid<std::complex<double>, batchlas::Backend::CUDA>)[0m2048    6       1       128     0       0       1       1       100         0.067609    9.4228e-05  9716.3      186.11      604.87      0.52820     12288       6           
[1m(BM_SPMM_Grid<std::complex<double>, batchlas::Backend::CUDA>)[0m2048    6       2       128     0       0       1       1       100         0.11703     0.00030804  19741.      215.04      421.12      0.91429     12288       6           
[1m(BM_SPMM_Grid<std::complex<double>, batchlas::Backend::CUDA>)[0m2048    6       4       128     0       0       1       1       100         0.21765     0.00043963  39162.      231.25      303.52      1.7004      12288       6           
[1m(BM_SPMM_Grid<std::complex<double>, batchlas::Backend::CUDA>)[0m2048    6       8       128     0       0       1       1       100         0.51899     0.0042005   77965.      193.96      191.94      4.0546      12288       6           
[1m(BM_SPMM_Grid<std::complex<double>, batchlas::Backend::CUDA>)[0m2048    6       12      128     0       0       1       1       100         0.88313     0.0024693   1.1727e+05  170.98      150.79      6.8994      12288       6           
[1m(BM_SPMM_Grid<std::complex<double>, batchlas::Backend::CUDA>)[0m2048    6       25      128     0       0       1       1       100         2.2798      0.017665    2.4383e+05  137.98      106.25      17.811      12288       6           
[1m(BM_SPMM_Grid<std::complex<double>, batchlas::Backend::CUDA>)[0m2048    8       1       128     0       0       1       1       100         0.094164    6.7032e-05  12936.      178.17      545.65      0.73566     16384       8           
[1m(BM_SPMM_Grid<std::complex<double>, batchlas::Backend::CUDA>)[0m2048    8       2       128     0       0       1       1       100         0.15754     0.00029940  26241.      212.99      379.40      1.2308      16384       8           
[1m(BM_SPMM_Grid<std::complex<double>, batchlas::Backend::CUDA>)[0m2048    8       4       128     0       0       1       1       100         0.29717     0.00036164  52038.      225.83      257.58      2.3216      16384       8           
[1m(BM_SPMM_Grid<std::complex<double>, batchlas::Backend::CUDA>)[0m2048    8       8       128     0       0       1       1       100         0.67573     0.0019415   1.0345e+05  198.63      162.94      5.2791      16384       8           
[1m(BM_SPMM_Grid<std::complex<double>, batchlas::Backend::CUDA>)[0m2048    8       12      128     0       0       1       1       100         1.1259      0.0043114   1.5550e+05  178.81      127.59      8.7965      16384       8           
[1m(BM_SPMM_Grid<std::complex<double>, batchlas::Backend::CUDA>)[0m2048    8       25      128     0       0       1       1       100         2.7306      0.042199    3.2353e+05  153.60      92.547      21.333      16384       8           
[1m(BM_SPMM_Grid<std::complex<double>, batchlas::Backend::CUDA>)[0m2048    12      1       128     0       0       1       1       100         0.14932     0.00028589  19303.      168.53      484.54      1.1666      24576       12          
[1m(BM_SPMM_Grid<std::complex<double>, batchlas::Backend::CUDA>)[0m2048    12      2       128     0       0       1       1       100         0.25080     0.00055420  38932.      200.69      321.94      1.9594      24576       12          
[1m(BM_SPMM_Grid<std::complex<double>, batchlas::Backend::CUDA>)[0m2048    12      4       128     0       0       1       1       100         0.49327     0.00056058  77186.      204.07      197.70      3.8536      24576       12          
[1m(BM_SPMM_Grid<std::complex<double>, batchlas::Backend::CUDA>)[0m2048    12      8       128     0       0       1       1       100         1.0329      0.016018    1.5393e+05  194.91      126.89      8.0697      24576       12          
[1m(BM_SPMM_Grid<std::complex<double>, batchlas::Backend::CUDA>)[0m2048    12      12      128     0       0       1       1       100         1.6219      0.023105    2.3152e+05  186.20      101.51      12.671      24576       12          
[1m(BM_SPMM_Grid<std::complex<double>, batchlas::Backend::CUDA>)[0m2048    12      25      128     0       0       1       1       100         3.9107      0.056265    4.8180e+05  160.88      69.981      30.553      24576       12          
[1m(BM_SPMM_Grid<std::complex<double>, batchlas::Backend::CUDA>)[0m2048    16      1       128     0       0       1       1       100         0.23567     0.00040819  25507.      142.38      395.99      1.8412      32768       16          
[1m(BM_SPMM_Grid<std::complex<double>, batchlas::Backend::CUDA>)[0m2048    16      2       128     0       0       1       1       100         0.37133     0.0016425   51459.      180.72      273.91      2.9010      32768       16          
[1m(BM_SPMM_Grid<std::complex<double>, batchlas::Backend::CUDA>)[0m2048    16      4       128     0       0       1       1       100         0.67735     0.0028716   1.0208e+05  198.15      174.93      5.2918      32768       16          
[1m(BM_SPMM_Grid<std::complex<double>, batchlas::Backend::CUDA>)[0m2048    16      8       128     0       0       1       1       100         1.3563      0.018742    2.0361e+05  197.91      112.10      10.596      32768       16          
[1m(BM_SPMM_Grid<std::complex<double>, batchlas::Backend::CUDA>)[0m2048    16      12      128     0       0       1       1       100         2.0765      0.017735    3.0628e+05  193.91      89.380      16.223      32768       16          
[1m(BM_SPMM_Grid<std::complex<double>, batchlas::Backend::CUDA>)[0m2048    16      25      128     0       0       1       1       81          4.9452      0.044314    6.3728e+05  169.63      59.583      38.634      32768       16          
2775 MHz, 58
