2775 MHz, 53
[1;36mName                                              Arg0    Arg1    Arg2    Arg3    Arg4    Arg5    Arg6    Arg7    Iter        Avg(ms)     Std(ms)     chk         GFLOPS      GB/s        Time (µs) / matrixnnz/item    nnz/row     [0m
[1m(BM_SPMM_Grid<std::complex<double>, batchlas::Backend::CUDA>)[0m1024    3       1       512     0       0       1       1       100         0.066578    0.00011290  2521.9      188.99      756.01      0.13004     3072        3           
[1m(BM_SPMM_Grid<std::complex<double>, batchlas::Backend::CUDA>)[0m1024    3       2       512     0       0       1       1       100         0.12110     0.00024502  4971.2      207.82      554.20      0.23651     3072        3           
[1m(BM_SPMM_Grid<std::complex<double>, batchlas::Backend::CUDA>)[0m1024    3       4       512     0       0       1       1       100         0.28042     0.00042434  9997.3      179.49      358.98      0.54769     3072        3           
[1m(BM_SPMM_Grid<std::complex<double>, batchlas::Backend::CUDA>)[0m1024    3       8       512     0       0       1       1       100         0.72928     0.00090267  19846.      138.03      230.06      1.4244      3072        3           
[1m(BM_SPMM_Grid<std::complex<double>, batchlas::Backend::CUDA>)[0m1024    3       12      512     0       0       1       1       100         1.1563      0.0050408   29807.      130.58      203.13      2.2585      3072        3           
[1m(BM_SPMM_Grid<std::complex<double>, batchlas::Backend::CUDA>)[0m1024    3       25      512     0       0       1       1       100         2.5874      0.011554    61992.      121.58      175.07      5.0535      3072        3           
[1m(BM_SPMM_Grid<std::complex<double>, batchlas::Backend::CUDA>)[0m1024    6       1       512     0       0       1       1       100         0.14091     0.00027986  4875.6      178.59      580.43      0.27522     6144        6           
[1m(BM_SPMM_Grid<std::complex<double>, batchlas::Backend::CUDA>)[0m1024    6       2       512     0       0       1       1       100         0.25986     0.00035557  9659.8      193.69      379.31      0.50754     6144        6           
[1m(BM_SPMM_Grid<std::complex<double>, batchlas::Backend::CUDA>)[0m1024    6       4       512     0       0       1       1       100         0.53867     0.00058549  19555.      186.88      245.28      1.0521      6144        6           
[1m(BM_SPMM_Grid<std::complex<double>, batchlas::Backend::CUDA>)[0m1024    6       8       512     0       0       1       1       100         1.2152      0.0052247   38832.      165.68      163.95      2.3734      6144        6           
[1m(BM_SPMM_Grid<std::complex<double>, batchlas::Backend::CUDA>)[0m1024    6       12      512     0       0       1       1       100         1.8676      0.0062109   58403.      161.70      142.61      3.6477      6144        6           
[1m(BM_SPMM_Grid<std::complex<double>, batchlas::Backend::CUDA>)[0m1024    6       25      512     0       0       1       1       94          4.2889      0.019900    1.2144e+05  146.69      112.95      8.3769      6144        6           
[1m(BM_SPMM_Grid<std::complex<double>, batchlas::Backend::CUDA>)[0m1024    8       1       512     0       0       1       1       100         0.22633     0.00043910  6455.9      148.25      454.03      0.44205     8192        8           
[1m(BM_SPMM_Grid<std::complex<double>, batchlas::Backend::CUDA>)[0m1024    8       2       512     0       0       1       1       100         0.36858     0.00051032  12841.      182.08      324.33      0.71988     8192        8           
[1m(BM_SPMM_Grid<std::complex<double>, batchlas::Backend::CUDA>)[0m1024    8       4       512     0       0       1       1       100         0.71644     0.0013099   25900.      187.34      213.69      1.3993      8192        8           
[1m(BM_SPMM_Grid<std::complex<double>, batchlas::Backend::CUDA>)[0m1024    8       8       512     0       0       1       1       100         1.5319      0.0059572   51462.      175.23      143.75      2.9919      8192        8           
[1m(BM_SPMM_Grid<std::complex<double>, batchlas::Backend::CUDA>)[0m1024    8       12      512     0       0       1       1       100         2.3690      0.0053893   77375.      169.97      121.28      4.6269      8192        8           
[1m(BM_SPMM_Grid<std::complex<double>, batchlas::Backend::CUDA>)[0m1024    8       25      512     0       0       1       1       77          5.2284      0.011692    1.6076e+05  160.44      96.668      10.212      8192        8           
[1m(BM_SPMM_Grid<std::complex<double>, batchlas::Backend::CUDA>)[0m1024    12      1       512     0       0       1       1       100         0.36852     0.00058689  9662.0      136.58      392.66      0.71977     12288       12          
[1m(BM_SPMM_Grid<std::complex<double>, batchlas::Backend::CUDA>)[0m1024    12      2       512     0       0       1       1       100         0.58252     0.00072171  19172.      172.81      277.21      1.1377      12288       12          
[1m(BM_SPMM_Grid<std::complex<double>, batchlas::Backend::CUDA>)[0m1024    12      4       512     0       0       1       1       100         1.0648      0.0042146   38680.      189.08      183.18      2.0796      12288       12          
[1m(BM_SPMM_Grid<std::complex<double>, batchlas::Backend::CUDA>)[0m1024    12      8       512     0       0       1       1       100         2.1460      0.0066683   76860.      187.63      122.15      4.1915      12288       12          
[1m(BM_SPMM_Grid<std::complex<double>, batchlas::Backend::CUDA>)[0m1024    12      12      512     0       0       1       1       100         3.2712      0.0086427   1.1558e+05  184.63      100.65      6.3891      12288       12          
[1m(BM_SPMM_Grid<std::complex<double>, batchlas::Backend::CUDA>)[0m1024    12      25      512     0       0       1       1       55          7.3574      0.023643    2.4008e+05  171.02      74.395      14.370      12288       12          
[1m(BM_SPMM_Grid<std::complex<double>, batchlas::Backend::CUDA>)[0m1024    16      1       512     0       0       1       1       100         0.54626     0.00066743  12782.      122.85      341.69      1.0669      16384       16          
[1m(BM_SPMM_Grid<std::complex<double>, batchlas::Backend::CUDA>)[0m1024    16      2       512     0       0       1       1       100         0.80019     0.0010549   25400.      167.73      254.22      1.5629      16384       16          
[1m(BM_SPMM_Grid<std::complex<double>, batchlas::Backend::CUDA>)[0m1024    16      4       512     0       0       1       1       100         1.3952      0.0046092   51229.      192.40      169.86      2.7250      16384       16          
[1m(BM_SPMM_Grid<std::complex<double>, batchlas::Backend::CUDA>)[0m1024    16      8       512     0       0       1       1       100         2.7407      0.0067115   1.0191e+05  195.89      110.95      5.3529      16384       16          
[1m(BM_SPMM_Grid<std::complex<double>, batchlas::Backend::CUDA>)[0m1024    16      12      512     0       0       1       1       98          4.1234      0.0092694   1.5324e+05  195.30      90.023      8.0534      16384       16          
[1m(BM_SPMM_Grid<std::complex<double>, batchlas::Backend::CUDA>)[0m1024    16      25      512     0       0       1       1       43          9.3703      0.026135    3.1786e+05  179.05      62.890      18.301      16384       16          
2775 MHz, 58
