2760 MHz, 62
[1;36mName                                              Arg0    Arg1    Arg2    Arg3    Arg4    Arg5    Arg6    Arg7    Iter        Avg(ms)     Std(ms)     chk         GFLOPS      GB/s        Time (µs) / matrixnnz/item    nnz/row     [0m
[1m(BM_SPMM_Grid<float, batchlas::Backend::CUDA>)    [0m1024    3       1       512     0       0       1       1       100         0.029397    0.00014968  1134.1      107.01      642.12      0.057416    3072        3           
[1m(BM_SPMM_Grid<float, batchlas::Backend::CUDA>)    [0m1024    3       2       512     0       0       1       1       100         0.052611    4.1123e-05  2210.6      119.58      438.52      0.10276     3072        3           
[1m(BM_SPMM_Grid<float, batchlas::Backend::CUDA>)    [0m1024    3       4       512     0       0       1       1       100         0.098580    5.9014e-05  4394.9      127.64      319.13      0.19254     3072        3           
[1m(BM_SPMM_Grid<float, batchlas::Backend::CUDA>)    [0m1024    3       8       512     0       0       1       1       100         0.19714     0.00021581  8677.2      127.66      244.69      0.38503     3072        3           
[1m(BM_SPMM_Grid<float, batchlas::Backend::CUDA>)    [0m1024    3       12      512     0       0       1       1       100         0.30662     0.00035471  13024.      123.11      212.03      0.59887     3072        3           
[1m(BM_SPMM_Grid<float, batchlas::Backend::CUDA>)    [0m1024    3       25      512     0       0       1       1       100         0.72047     0.0012009   26970.      109.16      165.92      1.4072      3072        3           
[1m(BM_SPMM_Grid<float, batchlas::Backend::CUDA>)    [0m1024    6       1       512     0       0       1       1       100         0.060479    7.2394e-05  1921.5      104.03      520.17      0.11812     6144        6           
[1m(BM_SPMM_Grid<float, batchlas::Backend::CUDA>)    [0m1024    6       2       512     0       0       1       1       100         0.11084     0.00022737  3775.3      113.53      321.68      0.21648     6144        6           
[1m(BM_SPMM_Grid<float, batchlas::Backend::CUDA>)    [0m1024    6       4       512     0       0       1       1       100         0.20902     0.0014501   7616.2      120.40      210.71      0.40824     6144        6           
[1m(BM_SPMM_Grid<float, batchlas::Backend::CUDA>)    [0m1024    6       8       512     0       0       1       1       100         0.41763     0.00060940  15100.      120.52      145.63      0.81568     6144        6           
[1m(BM_SPMM_Grid<float, batchlas::Backend::CUDA>)    [0m1024    6       12      512     0       0       1       1       100         0.67885     0.00092818  22678.      111.21      114.31      1.3259      6144        6           
[1m(BM_SPMM_Grid<float, batchlas::Backend::CUDA>)    [0m1024    6       25      512     0       0       1       1       100         1.4167      0.0048353   46974.      111.02      93.261      2.7670      6144        6           
[1m(BM_SPMM_Grid<float, batchlas::Backend::CUDA>)    [0m1024    8       1       512     0       0       1       1       100         0.084471    9.0657e-05  2451.3      99.307      471.73      0.16498     8192        8           
[1m(BM_SPMM_Grid<float, batchlas::Backend::CUDA>)    [0m1024    8       2       512     0       0       1       1       100         0.15097     0.00031215  4830.6      111.13      291.72      0.29487     8192        8           
[1m(BM_SPMM_Grid<float, batchlas::Backend::CUDA>)    [0m1024    8       4       512     0       0       1       1       100         0.28294     0.00047854  9744.1      118.59      185.31      0.55262     8192        8           
[1m(BM_SPMM_Grid<float, batchlas::Backend::CUDA>)    [0m1024    8       8       512     0       0       1       1       100         0.57234     0.00075551  19326.      117.25      120.92      1.1179      8192        8           
[1m(BM_SPMM_Grid<float, batchlas::Backend::CUDA>)    [0m1024    8       12      512     0       0       1       1       100         0.91551     0.0012827   28999.      109.95      93.920      1.7881      8192        8           
[1m(BM_SPMM_Grid<float, batchlas::Backend::CUDA>)    [0m1024    8       25      512     0       0       1       1       100         1.9118      0.0079016   60059.      109.70      73.497      3.7340      8192        8           
[1m(BM_SPMM_Grid<float, batchlas::Backend::CUDA>)    [0m1024    12      1       512     0       0       1       1       100         0.14215     0.00034430  3521.2      88.520      398.35      0.27763     12288       12          
[1m(BM_SPMM_Grid<float, batchlas::Backend::CUDA>)    [0m1024    12      2       512     0       0       1       1       100         0.24070     0.00059481  6912.3      104.55      252.68      0.47011     12288       12          
[1m(BM_SPMM_Grid<float, batchlas::Backend::CUDA>)    [0m1024    12      4       512     0       0       1       1       100         0.43140     0.00058569  13926.      116.67      160.43      0.84258     12288       12          
[1m(BM_SPMM_Grid<float, batchlas::Backend::CUDA>)    [0m1024    12      8       512     0       0       1       1       100         0.89425     0.0027576   27601.      112.57      96.154      1.7466      12288       12          
[1m(BM_SPMM_Grid<float, batchlas::Backend::CUDA>)    [0m1024    12      12      512     0       0       1       1       100         1.4385      0.0052105   41478.      104.96      71.435      2.8096      12288       12          
[1m(BM_SPMM_Grid<float, batchlas::Backend::CUDA>)    [0m1024    12      25      512     0       0       1       1       100         2.9490      0.013305    85844.      106.67      53.336      5.7598      12288       12          
[1m(BM_SPMM_Grid<float, batchlas::Backend::CUDA>)    [0m1024    16      1       512     0       0       1       1       100         0.20833     0.0017822   4553.1      80.531      352.33      0.40690     16384       16          
[1m(BM_SPMM_Grid<float, batchlas::Backend::CUDA>)    [0m1024    16      2       512     0       0       1       1       100         0.33192     0.0020556   8975.8      101.09      233.78      0.64829     16384       16          
[1m(BM_SPMM_Grid<float, batchlas::Backend::CUDA>)    [0m1024    16      4       512     0       0       1       1       100         0.57594     0.00075478  18039.      116.52      149.30      1.1249      16384       16          
[1m(BM_SPMM_Grid<float, batchlas::Backend::CUDA>)    [0m1024    16      8       512     0       0       1       1       100         1.2080      0.0049539   35801.      111.11      85.068      2.3594      16384       16          
[1m(BM_SPMM_Grid<float, batchlas::Backend::CUDA>)    [0m1024    16      12      512     0       0       1       1       100         1.9396      0.0072739   53883.      103.80      61.632      3.7883      16384       16          
[1m(BM_SPMM_Grid<float, batchlas::Backend::CUDA>)    [0m1024    16      25      512     0       0       1       1       100         3.9951      0.015393    1.1127e+05  104.99      43.570      7.8030      16384       16          
2775 MHz, 57
