2775 MHz, 59
[1;36mName                                              Arg0    Arg1    Arg2    Arg3    Arg4    Arg5    Arg6    Arg7    Iter        Avg(ms)     Std(ms)     chk         GFLOPS      GB/s        Time (µs) / matrixnnz/item    nnz/row     [0m
[1m(BM_SPMM_Grid<std::complex<double>, batchlas::Backend::CUDA>)[0m1024    16      12      128     0       0       0       0       100         0.80120     0.0011691   25892.      251.28      115.83      6.2594      16384       16          
[1m(BM_SPMM_Grid<std::complex<double>, batchlas::Backend::CUDA>)[0m1024    16      12      128     1       0       0       0       100         0.80049     0.00030912  25986.      251.50      115.93      6.2539      16384       16          
[1m(BM_SPMM_Grid<std::complex<double>, batchlas::Backend::CUDA>)[0m1024    16      12      512     0       0       0       0       100         3.2224      0.0011097   25892.      249.91      115.19      6.2938      16384       16          
[1m(BM_SPMM_Grid<std::complex<double>, batchlas::Backend::CUDA>)[0m1024    16      12      512     1       0       0       0       100         3.2183      0.0011210   25986.      250.22      115.34      6.2858      16384       16          
[1m(BM_SPMM_Grid<std::complex<double>, batchlas::Backend::CUDA>)[0m1024    16      25      128     0       0       0       0       100         1.6196      0.00044181  54102.      258.97      90.963      12.653      16384       16          
[1m(BM_SPMM_Grid<std::complex<double>, batchlas::Backend::CUDA>)[0m1024    16      25      128     1       0       0       0       100         1.6182      0.00047109  54792.      259.19      91.040      12.643      16384       16          
[1m(BM_SPMM_Grid<std::complex<double>, batchlas::Backend::CUDA>)[0m1024    16      25      512     0       0       0       0       62          6.5333      0.0030212   54102.      256.80      90.200      12.760      16384       16          
[1m(BM_SPMM_Grid<std::complex<double>, batchlas::Backend::CUDA>)[0m1024    16      25      512     1       0       0       0       62          6.5278      0.0028244   54792.      257.01      90.276      12.750      16384       16          
[1m(BM_SPMM_Grid<std::complex<double>, batchlas::Backend::CUDA>)[0m1024    16      50      128     0       0       0       0       100         3.2089      0.00067009  1.0784e+05  261.42      78.590      25.069      16384       16          
[1m(BM_SPMM_Grid<std::complex<double>, batchlas::Backend::CUDA>)[0m1024    16      50      128     1       0       0       0       100         3.2077      0.00054886  1.0924e+05  261.51      78.617      25.060      16384       16          
[1m(BM_SPMM_Grid<std::complex<double>, batchlas::Backend::CUDA>)[0m1024    16      50      512     0       0       0       0       32          12.836      0.00070423  1.0784e+05  261.41      78.588      25.070      16384       16          
[1m(BM_SPMM_Grid<std::complex<double>, batchlas::Backend::CUDA>)[0m1024    16      50      512     1       0       0       0       32          12.833      0.0049451   1.0924e+05  261.47      78.606      25.064      16384       16          
[1m(BM_SPMM_Grid<std::complex<double>, batchlas::Backend::CUDA>)[0m2048    16      12      128     0       0       0       0       100         1.5991      0.00058798  52093.      251.80      116.06      12.493      32768       16          
[1m(BM_SPMM_Grid<std::complex<double>, batchlas::Backend::CUDA>)[0m2048    16      12      128     1       0       0       0       100         1.5971      0.00062656  52154.      252.12      116.21      12.477      32768       16          
[1m(BM_SPMM_Grid<std::complex<double>, batchlas::Backend::CUDA>)[0m2048    16      12      512     0       0       0       0       63          6.4450      0.0025992   52093.      249.90      115.19      12.588      32768       16          
[1m(BM_SPMM_Grid<std::complex<double>, batchlas::Backend::CUDA>)[0m2048    16      12      512     1       0       0       0       63          6.4364      0.0010133   52154.      250.23      115.34      12.571      32768       16          
[1m(BM_SPMM_Grid<std::complex<double>, batchlas::Backend::CUDA>)[0m2048    16      25      128     0       0       0       0       100         3.2701      0.020326    1.0822e+05  256.52      90.104      25.548      32768       16          
[1m(BM_SPMM_Grid<std::complex<double>, batchlas::Backend::CUDA>)[0m2048    16      25      128     1       0       0       0       100         3.2637      0.00048168  1.0896e+05  257.03      90.282      25.497      32768       16          
[1m(BM_SPMM_Grid<std::complex<double>, batchlas::Backend::CUDA>)[0m2048    16      25      512     0       0       0       0       31          13.066      0.0014239   1.0822e+05  256.80      90.201      25.520      32768       16          
[1m(BM_SPMM_Grid<std::complex<double>, batchlas::Backend::CUDA>)[0m2048    16      25      512     1       0       0       0       31          13.055      0.0010089   1.0896e+05  257.03      90.283      25.497      32768       16          
[1m(BM_SPMM_Grid<std::complex<double>, batchlas::Backend::CUDA>)[0m2048    16      50      128     0       0       0       0       63          6.4202      0.00069223  2.1696e+05  261.32      78.559      50.158      32768       16          
[1m(BM_SPMM_Grid<std::complex<double>, batchlas::Backend::CUDA>)[0m2048    16      50      128     1       0       0       0       63          6.4168      0.00089215  2.1880e+05  261.46      78.601      50.131      32768       16          
[1m(BM_SPMM_Grid<std::complex<double>, batchlas::Backend::CUDA>)[0m2048    16      50      512     0       0       0       0       20          25.667      0.0017513   2.1696e+05  261.46      78.600      50.132      32768       16          
[1m(BM_SPMM_Grid<std::complex<double>, batchlas::Backend::CUDA>)[0m2048    16      50      512     1       0       0       0       20          25.655      0.0014981   2.1880e+05  261.59      78.639      50.107      32768       16          
[1m(BM_SPMM_Grid<std::complex<double>, batchlas::Backend::CUDA>)[0m4096    16      12      128     0       0       0       0       100         3.2252      0.00070870  1.0400e+05  249.70      115.09      25.197      65536       16          
[1m(BM_SPMM_Grid<std::complex<double>, batchlas::Backend::CUDA>)[0m4096    16      12      128     1       0       0       0       100         3.2209      0.00080653  1.0458e+05  250.03      115.25      25.163      65536       16          
[1m(BM_SPMM_Grid<std::complex<double>, batchlas::Backend::CUDA>)[0m4096    16      12      512     0       0       0       0       32          12.889      0.0011014   1.0400e+05  249.92      115.20      25.174      65536       16          
[1m(BM_SPMM_Grid<std::complex<double>, batchlas::Backend::CUDA>)[0m4096    16      12      512     1       0       0       0       32          12.873      0.0014352   1.0458e+05  250.22      115.34      25.143      65536       16          
[1m(BM_SPMM_Grid<std::complex<double>, batchlas::Backend::CUDA>)[0m4096    16      25      128     0       0       0       0       62          6.5350      0.00093016  2.1673e+05  256.73      90.176      51.055      65536       16          
[1m(BM_SPMM_Grid<std::complex<double>, batchlas::Backend::CUDA>)[0m4096    16      25      128     1       0       0       0       62          6.5317      0.0010256   2.1811e+05  256.86      90.221      51.029      65536       16          
[1m(BM_SPMM_Grid<std::complex<double>, batchlas::Backend::CUDA>)[0m4096    16      25      512     0       0       0       0       20          26.126      0.0016359   2.1673e+05  256.86      90.223      51.028      65536       16          
[1m(BM_SPMM_Grid<std::complex<double>, batchlas::Backend::CUDA>)[0m4096    16      25      512     1       0       0       0       20          26.106      0.0052858   2.1811e+05  257.07      90.295      50.988      65536       16          
[1m(BM_SPMM_Grid<std::complex<double>, batchlas::Backend::CUDA>)[0m4096    16      50      128     0       0       0       0       32          12.840      0.0042260   4.3414e+05  261.34      78.564      100.31      65536       16          
[1m(BM_SPMM_Grid<std::complex<double>, batchlas::Backend::CUDA>)[0m4096    16      50      128     1       0       0       0       32          12.826      0.0013179   4.3677e+05  261.61      78.648      100.20      65536       16          
[1m(BM_SPMM_Grid<std::complex<double>, batchlas::Backend::CUDA>)[0m4096    16      50      512     0       0       0       0       20          51.335      0.044627    4.3414e+05  261.45      78.599      100.26      65536       16          
[1m(BM_SPMM_Grid<std::complex<double>, batchlas::Backend::CUDA>)[0m4096    16      50      512     1       0       0       0       20          51.273      0.0015287   4.3677e+05  261.77      78.694      100.14      65536       16          
2775 MHz, 53
