2775 MHz, 59
[1;36mName                                              Arg0    Arg1    Arg2    Arg3    Arg4    Arg5    Arg6    Arg7    Iter        Avg(ms)     Std(ms)     chk         GFLOPS      GB/s        Time (µs) / matrixnnz/item    nnz/row     [0m
[1m(BM_SPMM_Grid<std::complex<float>, batchlas::Backend::CUDA>)[0m2048    3       1       128     0       0       1       1       100         0.087300    3.6497e-05  4963.1      72.067      168.16      0.68203     6144        3           
[1m(BM_SPMM_Grid<std::complex<float>, batchlas::Backend::CUDA>)[0m2048    3       2       128     0       0       1       1       100         0.089085    4.0541e-05  10111.      141.25      211.88      0.69598     6144        3           
[1m(BM_SPMM_Grid<std::complex<float>, batchlas::Backend::CUDA>)[0m2048    3       4       128     0       0       1       1       100         0.11944     0.00010302  19918.      210.69      228.26      0.93314     6144        3           
[1m(BM_SPMM_Grid<std::complex<float>, batchlas::Backend::CUDA>)[0m2048    3       8       128     0       0       1       1       100         0.19996     0.00014999  39482.      251.71      220.25      1.5622      6144        3           
[1m(BM_SPMM_Grid<std::complex<float>, batchlas::Backend::CUDA>)[0m2048    3       12      128     0       0       1       1       100         0.28312     0.00017595  59431.      266.66      214.81      2.2119      6144        3           
[1m(BM_SPMM_Grid<std::complex<float>, batchlas::Backend::CUDA>)[0m2048    3       25      128     0       0       1       1       100         0.62196     0.00035946  1.2340e+05  252.89      185.45      4.8591      6144        3           
[1m(BM_SPMM_Grid<std::complex<float>, batchlas::Backend::CUDA>)[0m2048    6       1       128     0       0       1       1       100         0.10568     0.00011337  9716.3      119.07      228.22      0.82560     12288       6           
[1m(BM_SPMM_Grid<std::complex<float>, batchlas::Backend::CUDA>)[0m2048    6       2       128     0       0       1       1       100         0.14464     0.00012206  19741.      173.99      195.74      1.1300      12288       6           
[1m(BM_SPMM_Grid<std::complex<float>, batchlas::Backend::CUDA>)[0m2048    6       4       128     0       0       1       1       100         0.22962     0.00012016  39162.      219.19      159.83      1.7939      12288       6           
[1m(BM_SPMM_Grid<std::complex<float>, batchlas::Backend::CUDA>)[0m2048    6       8       128     0       0       1       1       100         0.40902     0.00014684  77965.      246.11      130.75      3.1954      12288       6           
[1m(BM_SPMM_Grid<std::complex<float>, batchlas::Backend::CUDA>)[0m2048    6       12      128     0       0       1       1       100         0.59246     0.00018046  1.1727e+05  254.86      118.58      4.6286      12288       6           
[1m(BM_SPMM_Grid<std::complex<float>, batchlas::Backend::CUDA>)[0m2048    6       25      128     0       0       1       1       100         1.2309      0.00086909  2.4383e+05  255.57      101.38      9.6162      12288       6           
[1m(BM_SPMM_Grid<std::complex<float>, batchlas::Backend::CUDA>)[0m2048    8       1       128     0       0       1       1       100         0.12413     0.00013059  12936.      135.16      244.98      0.96977     16384       8           
[1m(BM_SPMM_Grid<std::complex<float>, batchlas::Backend::CUDA>)[0m2048    8       2       128     0       0       1       1       100         0.18831     0.00012777  26241.      178.18      183.76      1.4712      16384       8           
[1m(BM_SPMM_Grid<std::complex<float>, batchlas::Backend::CUDA>)[0m2048    8       4       128     0       0       1       1       100         0.30420     0.00014619  52038.      220.61      141.33      2.3766      16384       8           
[1m(BM_SPMM_Grid<std::complex<float>, batchlas::Backend::CUDA>)[0m2048    8       8       128     0       0       1       1       100         0.55151     0.00018389  1.0345e+05  243.36      108.37      4.3087      16384       8           
[1m(BM_SPMM_Grid<std::complex<float>, batchlas::Backend::CUDA>)[0m2048    8       12      128     0       0       1       1       100         0.79744     0.00023277  1.5550e+05  252.47      95.990      6.2300      16384       8           
[1m(BM_SPMM_Grid<std::complex<float>, batchlas::Backend::CUDA>)[0m2048    8       25      128     0       0       1       1       100         1.6822      0.017983    3.2353e+05  249.33      77.915      13.143      16384       8           
[1m(BM_SPMM_Grid<std::complex<float>, batchlas::Backend::CUDA>)[0m2048    12      1       128     0       0       1       1       100         0.17666     0.00068764  19303.      142.46      243.37      1.3801      24576       12          
[1m(BM_SPMM_Grid<std::complex<float>, batchlas::Backend::CUDA>)[0m2048    12      2       128     0       0       1       1       100         0.30077     0.0026168   38932.      167.34      156.88      2.3498      24576       12          
[1m(BM_SPMM_Grid<std::complex<float>, batchlas::Backend::CUDA>)[0m2048    12      4       128     0       0       1       1       100         0.47435     0.0097310   77186.      212.21      117.16      3.7058      24576       12          
[1m(BM_SPMM_Grid<std::complex<float>, batchlas::Backend::CUDA>)[0m2048    12      8       128     0       0       1       1       100         0.85964     0.0078635   1.5393e+05  234.20      84.165      6.7160      24576       12          
[1m(BM_SPMM_Grid<std::complex<float>, batchlas::Backend::CUDA>)[0m2048    12      12      128     0       0       1       1       100         1.2214      0.0013676   2.3152e+05  247.25      72.974      9.5420      24576       12          
[1m(BM_SPMM_Grid<std::complex<float>, batchlas::Backend::CUDA>)[0m2048    12      25      128     0       0       1       1       100         2.5371      0.019178    4.8180e+05  247.98      56.623      19.821      24576       12          
[1m(BM_SPMM_Grid<std::complex<float>, batchlas::Backend::CUDA>)[0m2048    16      1       128     0       0       1       1       100         0.23032     0.0072281   25507.      145.69      241.29      1.7994      32768       16          
[1m(BM_SPMM_Grid<std::complex<float>, batchlas::Backend::CUDA>)[0m2048    16      2       128     0       0       1       1       100         0.38607     0.0025843   51459.      173.83      154.82      3.0162      32768       16          
[1m(BM_SPMM_Grid<std::complex<float>, batchlas::Backend::CUDA>)[0m2048    16      4       128     0       0       1       1       100         0.59737     0.0067379   1.0208e+05  224.68      114.10      4.6670      32768       16          
[1m(BM_SPMM_Grid<std::complex<float>, batchlas::Backend::CUDA>)[0m2048    16      8       128     0       0       1       1       100         1.1348      0.0022721   2.0361e+05  236.55      74.846      8.8656      32768       16          
[1m(BM_SPMM_Grid<std::complex<float>, batchlas::Backend::CUDA>)[0m2048    16      12      128     0       0       1       1       100         1.6117      0.0014378   3.0628e+05  249.83      63.109      12.591      32768       16          
[1m(BM_SPMM_Grid<std::complex<float>, batchlas::Backend::CUDA>)[0m2048    16      25      128     0       0       1       1       100         3.3428      0.024288    6.3728e+05  250.94      46.738      26.116      32768       16          
2775 MHz, 58
