2775 MHz, 54
[1;36mName                                              Arg0    Arg1    Arg2    Arg3    Arg4    Arg5    Arg6    Arg7    Iter        Avg(ms)     Std(ms)     chk         GFLOPS      GB/s        Time (µs) / matrixnnz/item    nnz/row     [0m
[1m(BM_SPMM_Grid<float, batchlas::Backend::CUDA>)    [0m2048    3       1       128     0       0       1       1       100         0.086078    3.1119e-05  2184.2      18.273      109.64      0.67248     6144        3           
[1m(BM_SPMM_Grid<float, batchlas::Backend::CUDA>)    [0m2048    3       2       128     0       0       1       1       100         0.086395    3.7878e-05  4415.0      36.411      133.51      0.67496     6144        3           
[1m(BM_SPMM_Grid<float, batchlas::Backend::CUDA>)    [0m2048    3       4       128     0       0       1       1       100         0.088674    0.00016958  8708.1      70.950      177.38      0.69277     6144        3           
[1m(BM_SPMM_Grid<float, batchlas::Backend::CUDA>)    [0m2048    3       8       128     0       0       1       1       100         0.11942     0.00010935  17237.      105.37      201.96      0.93297     6144        3           
[1m(BM_SPMM_Grid<float, batchlas::Backend::CUDA>)    [0m2048    3       12      128     0       0       1       1       100         0.16291     0.00016271  25776.      115.86      199.54      1.2727      6144        3           
[1m(BM_SPMM_Grid<float, batchlas::Backend::CUDA>)    [0m2048    3       25      128     0       0       1       1       100         0.30185     0.00039244  53575.      130.27      198.01      2.3582      6144        3           
[1m(BM_SPMM_Grid<float, batchlas::Backend::CUDA>)    [0m2048    6       1       128     0       0       1       1       100         0.10415     0.00011813  3800.0      30.204      151.03      0.81366     12288       6           
[1m(BM_SPMM_Grid<float, batchlas::Backend::CUDA>)    [0m2048    6       2       128     0       0       1       1       100         0.10497     0.00010282  7646.0      59.934      169.82      0.82011     12288       6           
[1m(BM_SPMM_Grid<float, batchlas::Backend::CUDA>)    [0m2048    6       4       128     0       0       1       1       100         0.14642     0.00012682  15264.      85.936      150.39      1.1439      12288       6           
[1m(BM_SPMM_Grid<float, batchlas::Backend::CUDA>)    [0m2048    6       8       128     0       0       1       1       100         0.24442     0.00015059  30180.      102.96      124.41      1.9095      12288       6           
[1m(BM_SPMM_Grid<float, batchlas::Backend::CUDA>)    [0m2048    6       12      128     0       0       1       1       100         0.34020     0.00017403  45196.      110.96      114.04      2.6578      12288       6           
[1m(BM_SPMM_Grid<float, batchlas::Backend::CUDA>)    [0m2048    6       25      128     0       0       1       1       100         0.66871     0.00022722  93999.      117.60      98.788      5.2243      12288       6           
[1m(BM_SPMM_Grid<float, batchlas::Backend::CUDA>)    [0m2048    8       1       128     0       0       1       1       100         0.11539     0.00012438  4904.7      36.348      172.66      0.90150     16384       8           
[1m(BM_SPMM_Grid<float, batchlas::Backend::CUDA>)    [0m2048    8       2       128     0       0       1       1       100         0.12985     0.00011155  9836.0      64.600      169.58      1.0145      16384       8           
[1m(BM_SPMM_Grid<float, batchlas::Backend::CUDA>)    [0m2048    8       4       128     0       0       1       1       100         0.18974     0.00013248  19577.      88.421      138.16      1.4824      16384       8           
[1m(BM_SPMM_Grid<float, batchlas::Backend::CUDA>)    [0m2048    8       8       128     0       0       1       1       100         0.32734     0.00019741  38707.      102.51      105.71      2.5574      16384       8           
[1m(BM_SPMM_Grid<float, batchlas::Backend::CUDA>)    [0m2048    8       12      128     0       0       1       1       100         0.45557     0.00017819  58001.      110.48      94.370      3.5592      16384       8           
[1m(BM_SPMM_Grid<float, batchlas::Backend::CUDA>)    [0m2048    8       25      128     0       0       1       1       100         0.92160     0.011919    1.2049e+05  113.78      76.232      7.2000      16384       8           
[1m(BM_SPMM_Grid<float, batchlas::Backend::CUDA>)    [0m2048    12      1       128     0       0       1       1       100         0.13683     0.00018272  6993.3      45.981      206.92      1.0690      24576       12          
[1m(BM_SPMM_Grid<float, batchlas::Backend::CUDA>)    [0m2048    12      2       128     0       0       1       1       100         0.18699     0.00018163  14069.      67.293      162.63      1.4608      24576       12          
[1m(BM_SPMM_Grid<float, batchlas::Backend::CUDA>)    [0m2048    12      4       128     0       0       1       1       100         0.27664     0.00012974  27903.      90.969      125.08      2.1613      24576       12          
[1m(BM_SPMM_Grid<float, batchlas::Backend::CUDA>)    [0m2048    12      8       128     0       0       1       1       100         0.48843     0.0013686   55379.      103.05      88.021      3.8159      24576       12          
[1m(BM_SPMM_Grid<float, batchlas::Backend::CUDA>)    [0m2048    12      12      128     0       0       1       1       100         0.69396     0.0053564   82961.      108.79      74.040      5.4216      24576       12          
[1m(BM_SPMM_Grid<float, batchlas::Backend::CUDA>)    [0m2048    12      25      128     0       0       1       1       100         1.3918      0.0032957   1.7226e+05  113.01      56.506      10.873      24576       12          
[1m(BM_SPMM_Grid<float, batchlas::Backend::CUDA>)    [0m2048    16      1       128     0       0       1       1       100         0.17687     0.00020918  9037.6      47.427      207.50      1.3818      32768       16          
[1m(BM_SPMM_Grid<float, batchlas::Backend::CUDA>)    [0m2048    16      2       128     0       0       1       1       100         0.27268     0.00030819  18192.      61.527      142.28      2.1303      32768       16          
[1m(BM_SPMM_Grid<float, batchlas::Backend::CUDA>)    [0m2048    16      4       128     0       0       1       1       100         0.38851     0.0031943   36075.      86.366      110.66      3.0353      32768       16          
[1m(BM_SPMM_Grid<float, batchlas::Backend::CUDA>)    [0m2048    16      8       128     0       0       1       1       100         0.64470     0.010759    71726.      104.09      79.698      5.0367      32768       16          
[1m(BM_SPMM_Grid<float, batchlas::Backend::CUDA>)    [0m2048    16      12      128     0       0       1       1       100         0.91409     0.00079976  1.0758e+05  110.12      65.386      7.1414      32768       16          
[1m(BM_SPMM_Grid<float, batchlas::Backend::CUDA>)    [0m2048    16      25      128     0       0       1       1       100         1.8488      0.0016755   2.2318e+05  113.43      47.074      14.444      32768       16          
2775 MHz, 56
