2775 MHz, 63
[1;36mName                                              Arg0    Arg1    Arg2    Arg3    Arg4    Arg5    Arg6    Arg7    Iter        Avg(ms)     Std(ms)     chk         GFLOPS      GB/s        Time (µs) / matrixnnz/item    nnz/row     [0m
[1m(BM_SPMM_Grid<double, batchlas::Backend::CUDA>)   [0m1024    16      12      128     0       0       0       0       100         0.31407     9.4744e-05  11906.      160.26      161.93      2.4536      16384       16          
[1m(BM_SPMM_Grid<double, batchlas::Backend::CUDA>)   [0m1024    16      12      128     1       0       0       0       100         0.31418     0.00012751  11707.      160.20      161.87      2.4546      16384       16          
[1m(BM_SPMM_Grid<double, batchlas::Backend::CUDA>)   [0m1024    16      12      512     0       0       0       0       100         1.2909      0.014605    11906.      155.96      157.58      2.5213      16384       16          
[1m(BM_SPMM_Grid<double, batchlas::Backend::CUDA>)   [0m1024    16      12      512     1       0       0       0       100         1.2904      0.0015732   11707.      156.02      157.64      2.5204      16384       16          
[1m(BM_SPMM_Grid<double, batchlas::Backend::CUDA>)   [0m1024    16      25      128     0       0       0       0       100         0.60821     0.00017787  24701.      172.40      128.44      4.7516      16384       16          
[1m(BM_SPMM_Grid<double, batchlas::Backend::CUDA>)   [0m1024    16      25      128     1       0       0       0       100         0.62026     0.0064819   24615.      169.05      125.95      4.8458      16384       16          
[1m(BM_SPMM_Grid<double, batchlas::Backend::CUDA>)   [0m1024    16      25      512     0       0       0       0       100         2.4554      0.0031728   24701.      170.82      127.26      4.7958      16384       16          
[1m(BM_SPMM_Grid<double, batchlas::Backend::CUDA>)   [0m1024    16      25      512     1       0       0       0       100         2.5154      0.0051989   24615.      166.75      124.23      4.9128      16384       16          
[1m(BM_SPMM_Grid<double, batchlas::Backend::CUDA>)   [0m1024    16      50      128     0       0       0       0       100         1.2009      0.011052    49070.      174.63      108.71      9.3822      16384       16          
[1m(BM_SPMM_Grid<double, batchlas::Backend::CUDA>)   [0m1024    16      50      128     1       0       0       0       100         1.1867      0.0012912   49483.      176.72      110.01      9.2713      16384       16          
[1m(BM_SPMM_Grid<double, batchlas::Backend::CUDA>)   [0m1024    16      50      512     0       0       0       0       84          4.7896      0.0017312   49070.      175.14      109.03      9.3546      16384       16          
[1m(BM_SPMM_Grid<double, batchlas::Backend::CUDA>)   [0m1024    16      50      512     1       0       0       0       83          4.8289      0.035506    49483.      173.72      108.14      9.4314      16384       16          
[1m(BM_SPMM_Grid<double, batchlas::Backend::CUDA>)   [0m2048    16      12      128     0       0       0       0       100         0.61874     0.00054247  23615.      162.69      164.39      4.8339      32768       16          
[1m(BM_SPMM_Grid<double, batchlas::Backend::CUDA>)   [0m2048    16      12      128     1       0       0       0       100         0.64608     0.0053702   23546.      155.81      157.43      5.0475      32768       16          
[1m(BM_SPMM_Grid<double, batchlas::Backend::CUDA>)   [0m2048    16      12      512     0       0       0       0       100         2.5001      0.024725    23615.      161.05      162.73      4.8830      32768       16          
[1m(BM_SPMM_Grid<double, batchlas::Backend::CUDA>)   [0m2048    16      12      512     1       0       0       0       100         2.4995      0.0011445   23546.      161.09      162.77      4.8818      32768       16          
[1m(BM_SPMM_Grid<double, batchlas::Backend::CUDA>)   [0m2048    16      25      128     0       0       0       0       100         1.2176      0.00064834  49005.      172.23      128.32      9.5126      32768       16          
[1m(BM_SPMM_Grid<double, batchlas::Backend::CUDA>)   [0m2048    16      25      128     1       0       0       0       100         1.2190      0.0016024   48901.      172.03      128.17      9.5236      32768       16          
[1m(BM_SPMM_Grid<double, batchlas::Backend::CUDA>)   [0m2048    16      25      512     0       0       0       0       82          4.9160      0.0012885   49005.      170.64      127.13      9.6016      32768       16          
[1m(BM_SPMM_Grid<double, batchlas::Backend::CUDA>)   [0m2048    16      25      512     1       0       0       0       82          4.9275      0.012986    48901.      170.24      126.83      9.6241      32768       16          
[1m(BM_SPMM_Grid<double, batchlas::Backend::CUDA>)   [0m2048    16      50      128     0       0       0       0       100         2.3988      0.015343    98011.      174.85      108.85      18.741      32768       16          
[1m(BM_SPMM_Grid<double, batchlas::Backend::CUDA>)   [0m2048    16      50      128     1       0       0       0       100         2.4256      0.0058655   98451.      172.92      107.64      18.950      32768       16          
[1m(BM_SPMM_Grid<double, batchlas::Backend::CUDA>)   [0m2048    16      50      512     0       0       0       0       42          9.5770      0.0021066   98011.      175.18      109.05      18.705      32768       16          
[1m(BM_SPMM_Grid<double, batchlas::Backend::CUDA>)   [0m2048    16      50      512     1       0       0       0       42          9.6926      0.041067    98451.      173.09      107.75      18.931      32768       16          
[1m(BM_SPMM_Grid<double, batchlas::Backend::CUDA>)   [0m4096    16      12      128     0       0       0       0       100         1.2391      0.00064186  47049.      162.47      164.17      9.6808      65536       16          
[1m(BM_SPMM_Grid<double, batchlas::Backend::CUDA>)   [0m4096    16      12      128     1       0       0       0       100         1.2411      0.0011895   47285.      162.22      163.91      9.6958      65536       16          
[1m(BM_SPMM_Grid<double, batchlas::Backend::CUDA>)   [0m4096    16      12      512     0       0       0       0       78          5.1942      0.0023762   47049.      155.04      156.66      10.145      65536       16          
[1m(BM_SPMM_Grid<double, batchlas::Backend::CUDA>)   [0m4096    16      12      512     1       0       0       0       80          5.0402      0.070037    47285.      159.78      161.44      9.8441      65536       16          
[1m(BM_SPMM_Grid<double, batchlas::Backend::CUDA>)   [0m4096    16      25      128     0       0       0       0       100         2.4602      0.00088872  97978.      170.49      127.01      19.220      65536       16          
[1m(BM_SPMM_Grid<double, batchlas::Backend::CUDA>)   [0m4096    16      25      128     1       0       0       0       100         2.4654      0.00073187  98379.      170.12      126.74      19.261      65536       16          
[1m(BM_SPMM_Grid<double, batchlas::Backend::CUDA>)   [0m4096    16      25      512     0       0       0       0       41          9.8303      0.0055953   97978.      170.67      127.15      19.200      65536       16          
[1m(BM_SPMM_Grid<double, batchlas::Backend::CUDA>)   [0m4096    16      25      512     1       0       0       0       41          9.8391      0.0022872   98379.      170.52      127.03      19.217      65536       16          
[1m(BM_SPMM_Grid<double, batchlas::Backend::CUDA>)   [0m4096    16      50      128     0       0       0       0       84          4.7895      0.013541    1.9626e+05  175.15      109.03      37.418      65536       16          
[1m(BM_SPMM_Grid<double, batchlas::Backend::CUDA>)   [0m4096    16      50      128     1       0       0       0       84          4.7927      0.0013398   1.9655e+05  175.03      108.95      37.443      65536       16          
[1m(BM_SPMM_Grid<double, batchlas::Backend::CUDA>)   [0m4096    16      50      512     0       0       0       0       21          19.136      0.0024922   1.9626e+05  175.35      109.16      37.374      65536       16          
[1m(BM_SPMM_Grid<double, batchlas::Backend::CUDA>)   [0m4096    16      50      512     1       0       0       0       21          19.157      0.0021840   1.9655e+05  175.16      109.03      37.416      65536       16          
2775 MHz, 60
