2760 MHz, 71
[1;36mName                                              Arg0    Arg1    Arg2    Arg3    Arg4    Arg5    Arg6    Arg7    Iter        Avg(ms)     Std(ms)     chk         GFLOPS      GB/s        Time (µs) / matrixnnz/item    nnz/row     [0m
[1m(BM_SPMM_Grid<std::complex<float>, batchlas::Backend::CUDA>)[0m2048    16      8       512     1       0       0       0       100         0.88620     0.010299    34891.      1211.6      383.37      1.7309      32768       16          
[1m(BM_SPMM_Grid<std::complex<float>, batchlas::Backend::CUDA>)[0m2048    16      8       512     1       0       1       0       100         1.1215      0.015892    2.0418e+05  957.39      302.92      2.1905      32768       16          
[1m(BM_SPMM_Grid<std::complex<float>, batchlas::Backend::CUDA>)[0m2048    16      9       512     1       0       0       0       100         0.83991     0.00074379  39141.      1438.2      424.47      1.6404      32768       16          
[1m(BM_SPMM_Grid<std::complex<float>, batchlas::Backend::CUDA>)[0m2048    16      9       512     1       0       1       0       100         1.2928      0.0010301   2.2992e+05  934.34      275.76      2.5251      32768       16          
[1m(BM_SPMM_Grid<std::complex<float>, batchlas::Backend::CUDA>)[0m2048    16      12      512     1       0       0       0       100         1.0470      0.00094629  52154.      1538.3      388.58      2.0449      32768       16          
[1m(BM_SPMM_Grid<std::complex<float>, batchlas::Backend::CUDA>)[0m2048    16      12      512     1       0       1       0       100         1.4651      0.045143    3.0719e+05  1099.3      277.70      2.8615      32768       16          
[1m(BM_SPMM_Grid<std::complex<float>, batchlas::Backend::CUDA>)[0m2048    16      16      512     1       0       0       0       100         1.7876      0.047612    69771.      1201.3      265.14      3.4913      32768       16          
[1m(BM_SPMM_Grid<std::complex<float>, batchlas::Backend::CUDA>)[0m2048    16      16      512     1       0       1       0       100         1.8923      0.0019722   4.0754e+05  1134.8      250.47      3.6959      32768       16          
[1m(BM_SPMM_Grid<std::complex<float>, batchlas::Backend::CUDA>)[0m2048    16      17      512     1       0       0       0       100         1.3889      0.022916    73932.      1642.9      353.34      2.7126      32768       16          
[1m(BM_SPMM_Grid<std::complex<float>, batchlas::Backend::CUDA>)[0m2048    16      17      512     1       0       1       0       100         2.3238      0.0018853   4.3342e+05  981.87      211.17      4.5387      32768       16          
[1m(BM_SPMM_Grid<std::complex<float>, batchlas::Backend::CUDA>)[0m2048    16      20      512     1       0       0       0       100         1.6137      0.049307    86755.      1663.4      335.29      3.1518      32768       16          
[1m(BM_SPMM_Grid<std::complex<float>, batchlas::Backend::CUDA>)[0m2048    16      20      512     1       0       1       0       100         2.6427      0.018333    5.0908e+05  1015.8      204.74      5.1615      32768       16          
[1m(BM_SPMM_Grid<std::complex<float>, batchlas::Backend::CUDA>)[0m2048    16      25      512     1       0       0       0       100         1.7656      0.0072160   1.0896e+05  1900.5      353.97      3.4484      32768       16          
[1m(BM_SPMM_Grid<std::complex<float>, batchlas::Backend::CUDA>)[0m2048    16      25      512     1       0       1       0       100         3.1426      0.0015875   6.3730e+05  1067.7      198.86      6.1379      32768       16          
[1m(BM_SPMM_Grid<std::complex<float>, batchlas::Backend::CUDA>)[0m2048    16      32      512     1       0       0       0       100         3.1390      0.00095101  1.3966e+05  1368.2      236.50      6.1309      32768       16          
[1m(BM_SPMM_Grid<std::complex<float>, batchlas::Backend::CUDA>)[0m2048    16      32      512     1       0       1       0       100         3.3105      0.0072650   8.1510e+05  1297.4      224.26      6.4657      32768       16          
[1m(BM_SPMM_Grid<std::complex<float>, batchlas::Backend::CUDA>)[0m2048    16      50      512     1       0       0       0       100         3.4397      0.016779    2.1880e+05  1951.0      303.62      6.7183      32768       16          
[1m(BM_SPMM_Grid<std::complex<float>, batchlas::Backend::CUDA>)[0m2048    16      50      512     1       0       1       0       63          6.3730      0.0097543   1.2760e+06  1053.0      163.88      12.447      32768       16          
2760 MHz, 71
