2760 MHz, 64
[1;36mName                                              Arg0    Arg1    Arg2    Arg3    Arg4    Arg5    Arg6    Arg7    Iter        Avg(ms)     Std(ms)     chk         GFLOPS      GB/s        Time (µs) / matrixnnz/item    nnz/row     [0m
[1m(BM_SPMM_Grid<float, batchlas::Backend::CUDA>)    [0m2048    16      8       512     1       0       0       0       100         0.23428     0.00020822  15785.      1145.8      877.27      0.45757     32768       16          
[1m(BM_SPMM_Grid<float, batchlas::Backend::CUDA>)    [0m2048    16      8       512     1       0       1       0       100         0.36111     0.00029224  71614.      743.37      569.15      0.70529     32768       16          
[1m(BM_SPMM_Grid<float, batchlas::Backend::CUDA>)    [0m2048    16      9       512     1       0       0       0       100         0.23905     0.00012959  17642.      1263.3      894.85      0.46689     32768       16          
[1m(BM_SPMM_Grid<float, batchlas::Backend::CUDA>)    [0m2048    16      9       512     1       0       1       0       100         0.41071     0.0012133   80546.      735.28      520.83      0.80218     32768       16          
[1m(BM_SPMM_Grid<float, batchlas::Backend::CUDA>)    [0m2048    16      12      512     1       0       0       0       100         0.27062     0.0020749   23546.      1487.9      883.44      0.52856     32768       16          
[1m(BM_SPMM_Grid<float, batchlas::Backend::CUDA>)    [0m2048    16      12      512     1       0       1       0       100         0.48618     0.00077486  1.0743e+05  828.19      491.74      0.94958     32768       16          
[1m(BM_SPMM_Grid<float, batchlas::Backend::CUDA>)    [0m2048    16      16      512     1       0       0       0       100         0.47416     0.0015183   31310.      1132.3      574.98      0.92609     32768       16          
[1m(BM_SPMM_Grid<float, batchlas::Backend::CUDA>)    [0m2048    16      16      512     1       0       1       0       100         0.61783     0.0010733   1.4283e+05  868.96      441.27      1.2067      32768       16          
[1m(BM_SPMM_Grid<float, batchlas::Backend::CUDA>)    [0m2048    16      17      512     1       0       0       0       100         0.35145     0.0013923   33370.      1623.1      799.60      0.68643     32768       16          
[1m(BM_SPMM_Grid<float, batchlas::Backend::CUDA>)    [0m2048    16      17      512     1       0       1       0       100         0.74362     0.0051379   1.5166e+05  767.10      377.91      1.4524      32768       16          
[1m(BM_SPMM_Grid<float, batchlas::Backend::CUDA>)    [0m2048    16      20      512     1       0       0       0       100         0.38626     0.00030464  39083.      1737.4      792.69      0.75442     32768       16          
[1m(BM_SPMM_Grid<float, batchlas::Backend::CUDA>)    [0m2048    16      20      512     1       0       1       0       100         0.82099     0.0089402   1.7828e+05  817.42      372.95      1.6035      32768       16          
[1m(BM_SPMM_Grid<float, batchlas::Backend::CUDA>)    [0m2048    16      25      512     1       0       0       0       100         0.44552     0.0035877   48901.      1882.9      781.41      0.87015     32768       16          
[1m(BM_SPMM_Grid<float, batchlas::Backend::CUDA>)    [0m2048    16      25      512     1       0       1       0       100         1.0844      0.0030302   2.2285e+05  773.58      321.04      2.1179      32768       16          
[1m(BM_SPMM_Grid<float, batchlas::Backend::CUDA>)    [0m2048    16      32      512     1       0       0       0       100         1.6725      0.0084482   62657.      641.99      243.26      3.2666      32768       16          
[1m(BM_SPMM_Grid<float, batchlas::Backend::CUDA>)    [0m2048    16      32      512     1       0       1       0       100         1.6862      0.00099829  2.8597e+05  636.79      241.29      3.2933      32768       16          
[1m(BM_SPMM_Grid<float, batchlas::Backend::CUDA>)    [0m2048    16      50      512     1       0       0       0       100         1.1806      0.0023217   98451.      1421.1      472.52      2.3058      32768       16          
[1m(BM_SPMM_Grid<float, batchlas::Backend::CUDA>)    [0m2048    16      50      512     1       0       1       0       100         2.2673      0.011695    4.4685e+05  739.96      246.04      4.4283      32768       16          
2760 MHz, 70
