2760 MHz, 71
[1;36mName                                              Arg0    Arg1    Arg2    Arg3    Arg4    Arg5    Arg6    Arg7    Iter        Avg(ms)     Std(ms)     chk         GFLOPS      GB/s        Time (µs) / matrixnnz/item    nnz/row     [0m
[1m(BM_SPMM_Grid<std::complex<float>, batchlas::Backend::CUDA>)[0m2048    16      8       512     1       0       0       0       100         0.58713     0.0015180   34891.      1828.8      578.64      1.1467      32768       16          
[1m(BM_SPMM_Grid<std::complex<float>, batchlas::Backend::CUDA>)[0m2048    16      8       512     1       0       1       0       100         0.75215     0.0023278   2.0418e+05  1427.6      451.69      1.4691      32768       16          
[1m(BM_SPMM_Grid<std::complex<float>, batchlas::Backend::CUDA>)[0m2048    16      9       512     1       0       0       0       100         0.61875     0.0033049   39141.      1952.3      576.19      1.2085      32768       16          
[1m(BM_SPMM_Grid<std::complex<float>, batchlas::Backend::CUDA>)[0m2048    16      9       512     1       0       1       0       100         1.1987      0.0031928   2.2992e+05  1007.7      297.42      2.3412      32768       16          
[1m(BM_SPMM_Grid<std::complex<float>, batchlas::Backend::CUDA>)[0m2048    16      12      512     1       0       0       0       100         0.79628     0.0018665   52154.      2022.7      510.94      1.5552      32768       16          
[1m(BM_SPMM_Grid<std::complex<float>, batchlas::Backend::CUDA>)[0m2048    16      12      512     1       0       1       0       100         1.2453      0.0035319   3.0719e+05  1293.3      326.70      2.4323      32768       16          
[1m(BM_SPMM_Grid<std::complex<float>, batchlas::Backend::CUDA>)[0m2048    16      16      512     1       0       0       0       100         1.8582      0.0029123   69771.      1155.7      255.06      3.6293      32768       16          
[1m(BM_SPMM_Grid<std::complex<float>, batchlas::Backend::CUDA>)[0m2048    16      16      512     1       0       1       0       100         1.7202      0.0047608   4.0754e+05  1248.4      275.52      3.3598      32768       16          
[1m(BM_SPMM_Grid<std::complex<float>, batchlas::Backend::CUDA>)[0m2048    16      17      512     1       0       0       0       100         1.7689      0.018243    73932.      1289.9      277.42      3.4549      32768       16          
[1m(BM_SPMM_Grid<std::complex<float>, batchlas::Backend::CUDA>)[0m2048    16      17      512     1       0       1       0       100         2.1790      0.0057663   4.3342e+05  1047.1      225.21      4.2558      32768       16          
[1m(BM_SPMM_Grid<std::complex<float>, batchlas::Backend::CUDA>)[0m2048    16      20      512     1       0       0       0       100         1.8757      0.016334    86755.      1431.1      288.47      3.6634      32768       16          
[1m(BM_SPMM_Grid<std::complex<float>, batchlas::Backend::CUDA>)[0m2048    16      20      512     1       0       1       0       100         2.0932      0.0047385   5.0908e+05  1282.4      258.48      4.0883      32768       16          
[1m(BM_SPMM_Grid<std::complex<float>, batchlas::Backend::CUDA>)[0m2048    16      25      512     1       0       0       0       100         3.0257      0.026785    1.0896e+05  1109.0      206.55      5.9096      32768       16          
[1m(BM_SPMM_Grid<std::complex<float>, batchlas::Backend::CUDA>)[0m2048    16      25      512     1       0       1       0       100         3.1201      0.014675    6.3730e+05  1075.4      200.30      6.0939      32768       16          
[1m(BM_SPMM_Grid<std::complex<float>, batchlas::Backend::CUDA>)[0m2048    16      32      512     1       0       0       0       100         3.6334      0.0042394   1.3966e+05  1182.1      204.32      7.0965      32768       16          
[1m(BM_SPMM_Grid<std::complex<float>, batchlas::Backend::CUDA>)[0m2048    16      32      512     1       0       1       0       100         3.3634      0.0029462   8.1510e+05  1277.0      220.73      6.5691      32768       16          
[1m(BM_SPMM_Grid<std::complex<float>, batchlas::Backend::CUDA>)[0m2048    16      50      512     1       0       0       0       69          5.8573      0.054627    2.1880e+05  1145.7      178.30      11.440      32768       16          
[1m(BM_SPMM_Grid<std::complex<float>, batchlas::Backend::CUDA>)[0m2048    16      50      512     1       0       1       0       67          5.9994      0.027060    1.2760e+06  1118.6      174.08      11.718      32768       16          
2760 MHz, 68
