2760 MHz, 59
[1;36mName                                              Arg0    Arg1    Arg2    Arg3    Arg4    Arg5    Arg6    Arg7    Iter        Avg(ms)     Std(ms)     chk         GFLOPS      GB/s        Time (µs) / matrixnnz/item    nnz/row     [0m
[1m(BM_SPMM_Grid<float, batchlas::Backend::CUDA>)    [0m2048    16      8       512     1       0       0       0       100         0.57539     0.00036725  15785.      466.53      357.19      1.1238      32768       16          
[1m(BM_SPMM_Grid<float, batchlas::Backend::CUDA>)    [0m2048    16      8       512     1       0       1       0       100         0.70695     0.00040830  71614.      379.71      290.72      1.3808      32768       16          
[1m(BM_SPMM_Grid<float, batchlas::Backend::CUDA>)    [0m2048    16      9       512     1       0       0       0       100         0.59443     0.00060296  17642.      508.03      359.86      1.1610      32768       16          
[1m(BM_SPMM_Grid<float, batchlas::Backend::CUDA>)    [0m2048    16      9       512     1       0       1       0       100         0.87494     0.010673    80546.      345.16      244.49      1.7089      32768       16          
[1m(BM_SPMM_Grid<float, batchlas::Backend::CUDA>)    [0m2048    16      12      512     1       0       0       0       100         0.67008     0.00097718  23546.      600.90      356.79      1.3088      32768       16          
[1m(BM_SPMM_Grid<float, batchlas::Backend::CUDA>)    [0m2048    16      12      512     1       0       1       0       100         1.0059      0.12610     1.0743e+05  400.30      237.68      1.9646      32768       16          
[1m(BM_SPMM_Grid<float, batchlas::Backend::CUDA>)    [0m2048    16      16      512     1       0       0       0       100         0.87555     0.0097534   31310.      613.18      311.38      1.7101      32768       16          
[1m(BM_SPMM_Grid<float, batchlas::Backend::CUDA>)    [0m2048    16      16      512     1       0       1       0       100         1.2170      0.0014786   1.4283e+05  441.14      224.02      2.3770      32768       16          
[1m(BM_SPMM_Grid<float, batchlas::Backend::CUDA>)    [0m2048    16      17      512     1       0       0       0       100         0.96742     0.0019356   33370.      589.64      290.49      1.8895      32768       16          
[1m(BM_SPMM_Grid<float, batchlas::Backend::CUDA>)    [0m2048    16      17      512     1       0       1       0       100         1.4449      0.0020858   1.5166e+05  394.79      194.49      2.8220      32768       16          
[1m(BM_SPMM_Grid<float, batchlas::Backend::CUDA>)    [0m2048    16      20      512     1       0       0       0       100         1.0431      0.0017189   39083.      643.35      293.53      2.0374      32768       16          
[1m(BM_SPMM_Grid<float, batchlas::Backend::CUDA>)    [0m2048    16      20      512     1       0       1       0       100         1.8310      0.055937    1.7828e+05  366.51      167.22      3.5762      32768       16          
[1m(BM_SPMM_Grid<float, batchlas::Backend::CUDA>)    [0m2048    16      25      512     1       0       0       0       100         1.1601      0.014719    48901.      723.07      300.08      2.2659      32768       16          
[1m(BM_SPMM_Grid<float, batchlas::Backend::CUDA>)    [0m2048    16      25      512     1       0       1       0       100         2.1241      0.0029636   2.2285e+05  394.92      163.89      4.1486      32768       16          
[1m(BM_SPMM_Grid<float, batchlas::Backend::CUDA>)    [0m2048    16      32      512     1       0       0       0       100         1.7878      0.0014482   62657.      600.59      227.57      3.4918      32768       16          
[1m(BM_SPMM_Grid<float, batchlas::Backend::CUDA>)    [0m2048    16      32      512     1       0       1       0       100         2.4186      0.0036308   2.8597e+05  443.95      168.22      4.7238      32768       16          
[1m(BM_SPMM_Grid<float, batchlas::Backend::CUDA>)    [0m2048    16      50      512     1       0       0       0       100         2.0328      0.0056118   98451.      825.34      274.43      3.9703      32768       16          
[1m(BM_SPMM_Grid<float, batchlas::Backend::CUDA>)    [0m2048    16      50      512     1       0       1       0       94          4.3003      0.0019518   4.4685e+05  390.14      129.72      8.3990      32768       16          
2760 MHz, 64
