INFONZ blocked float n=1024 batch=256 nz=28: [92]=385 [107]=385 [143]=769 [145]=514 [190]=897 [192]=385 [193]=257 [195]=385 resid[92]=9.738e-04
INFONZ blocked float n=1024 batch=256 nz=32: [85]=129 [110]=629 [118]=513 [138]=513 [145]=641 [155]=769 [165]=897 [182]=385 resid[85]=2.878e-02
INFONZ blocked float n=1024 batch=256 nz=31: [93]=385 [103]=513 [119]=385 [138]=757 [166]=898 [185]=641 [191]=385 [192]=385 resid[93]=1.480e+01
INFONZ blocked float n=1024 batch=256 nz=60: [7]=513 [56]=385 [64]=385 [74]=129 [87]=514 [89]=514 [93]=774 [97]=514 resid[7]=4.408e+02
INFONZ blocked float n=1024 batch=256 nz=65: [25]=516 [51]=513 [66]=131 [68]=136 [78]=129 [88]=513 [91]=897 [93]=769 resid[25]=1.186e-03
INFONZ blocked float n=1024 batch=256 nz=50: [68]=643 [73]=129 [76]=897 [86]=769 [88]=387 [89]=257 [90]=258 [91]=641 resid[68]=2.626e-03
INFONZ blocked float n=512 batch=256 nz=1: [141]=385 resid[141]=3.956e-01
INFONZ blocked float n=512 batch=256 nz=2: [158]=130 [221]=385 resid[158]=2.227e-02
INFONZ blocked float n=1024 batch=128 nz=2: [110]=385 [124]=129 resid[110]=9.738e-04
INFONZ blocked float n=1024 batch=128 nz=1: [98]=129 resid[98]=7.700e+06
INFONZ blocked float n=1024 batch=128 nz=2: [66]=129 [97]=129 resid[66]=1.328e-02
INFONZ blocked float n=1024 batch=128 nz=9: [64]=897 [69]=387 [72]=129 [76]=898 [79]=129 [80]=642 [81]=642 [87]=387 resid[64]=4.438e-03
INFONZ blocked float n=1024 batch=128 nz=10: [64]=129 [65]=387 [66]=385 [67]=641 [69]=897 [72]=385 [75]=129 [78]=385 resid[64]=2.399e-01
INFONZ blocked float n=1024 batch=128 nz=11: [65]=385 [66]=130 [69]=132 [70]=385 [71]=642 [76]=897 [77]=131 [79]=385 resid[65]=1.625e-02
INFONZ blocked cdouble n=1024 batch=256 nz=74: [1]=193 [2]=65 [3]=513 [5]=129 [6]=321 [7]=642 [8]=65 [9]=450 resid[1]=1.362e-01
INFONZ blocked cdouble n=1024 batch=256 nz=89: [0]=385 [1]=577 [2]=899 [3]=322 [4]=578 [6]=322 [7]=65 [8]=577 resid[0]=1.647e-01
INFONZ blocked cdouble n=1024 batch=256 nz=81: [0]=705 [1]=513 [2]=513 [3]=450 [4]=258 [5]=65 [6]=322 [7]=833 resid[0]=1.497e-03
INFONZ blocked cdouble n=1024 batch=256 nz=60: [0]=321 [1]=385 [2]=449 [6]=449 [7]=705 [8]=513 [9]=641 [10]=897 resid[0]=2.132e+00
INFONZ blocked cdouble n=1024 batch=256 nz=64: [1]=513 [2]=641 [3]=385 [4]=513 [5]=321 [7]=513 [8]=705 [10]=513 resid[1]=2.009e+01
INFONZ blocked cdouble n=1024 batch=256 nz=64: [1]=513 [3]=513 [4]=577 [5]=321 [6]=321 [7]=641 [8]=577 [9]=577 resid[1]=4.881e-01
INFONZ blocked cdouble n=512 batch=256 nz=45: [2]=193 [6]=66 [7]=196 [11]=129 [15]=65 [16]=65 [19]=194 [20]=66 resid[2]=5.575e-02
INFONZ blocked cdouble n=512 batch=256 nz=48: [1]=385 [2]=130 [3]=130 [7]=129 [12]=193 [13]=129 [14]=193 [16]=65 resid[1]=1.909e-03
INFONZ blocked cdouble n=512 batch=256 nz=49: [0]=129 [2]=129 [3]=193 [4]=257 [6]=193 [7]=193 [8]=193 [9]=129 resid[0]=8.367e-01
INFONZ blocked cdouble n=512 batch=256 nz=40: [2]=133 [3]=193 [4]=129 [6]=193 [7]=195 [8]=129 [9]=193 [14]=65 resid[2]=1.054e-02
INFONZ blocked cdouble n=512 batch=256 nz=39: [1]=65 [4]=133 [8]=65 [9]=259 [11]=129 [15]=130 [20]=257 [21]=65 resid[1]=1.444e-01
INFONZ blocked cdouble n=512 batch=256 nz=23: [0]=193 [1]=131 [5]=133 [10]=65 [23]=129 [24]=66 [25]=129 [32]=193 resid[0]=3.400e-01
INFONZ blocked cdouble n=1024 batch=128 nz=36: [1]=193 [5]=513 [9]=257 [13]=577 [14]=641 [17]=193 [18]=196 [22]=193 resid[1]=4.714e-01
INFONZ blocked cdouble n=1024 batch=128 nz=33: [1]=833 [2]=324 [4]=65 [7]=65 [9]=641 [10]=325 [11]=193 [12]=513 resid[1]=6.727e-03
INFONZ blocked cdouble n=1024 batch=128 nz=36: [1]=130 [5]=385 [8]=193 [9]=194 [11]=195 [13]=65 [14]=385 [15]=65 resid[1]=9.163e-01
INFONZ blocked cdouble n=1024 batch=128 nz=28: [2]=642 [15]=321 [16]=706 [17]=193 [19]=193 [46]=385 [52]=257 [57]=257 resid[2]=7.443e-02
INFONZ blocked cdouble n=1024 batch=128 nz=26: [10]=130 [11]=321 [12]=130 [13]=129 [18]=129 [25]=193 [27]=129 [28]=258 resid[10]=1.108e-01
INFONZ blocked cdouble n=1024 batch=128 nz=26: [0]=385 [5]=898 [7]=833 [21]=129 [27]=833 [31]=130 [34]=324 [36]=728 resid[0]=8.911e-03
