INFONZ blocked float n=1024 batch=256 nz=84: [32]=321 [64]=642 [65]=129 [66]=387 [67]=641 [68]=456 [69]=321 [70]=193 resid[32]=6.390e+03
INFONZ blocked float n=1024 batch=256 nz=87: [65]=97 [66]=865 [68]=100 [70]=707 [71]=193 [72]=97 [76]=97 [77]=866 resid[65]=1.204e+00
INFONZ blocked float n=1024 batch=256 nz=80: [22]=513 [65]=130 [76]=642 [81]=642 [86]=515 [87]=769 [88]=897 [89]=257 resid[22]=5.892e+00
INFONZ blocked float n=1024 batch=256 nz=62: [66]=129 [74]=904 [76]=385 [87]=258 [88]=769 [91]=385 [92]=387 [93]=769 resid[66]=3.074e+00
INFONZ blocked double n=1024 batch=256 nz=3: [193]=769 [200]=769 [201]=897 resid[193]=9.756e-04
INFONZ blocked double n=1024 batch=256 nz=12: [3]=513 [13]=641 [17]=513 [23]=641 [24]=321 [29]=641 [30]=641 [39]=321 resid[3]=6.994e+04
INFONZ blocked double n=1024 batch=256 nz=10: [7]=577 [15]=481 [22]=385 [25]=673 [30]=97 [31]=385 [39]=386 [42]=577 resid[7]=1.545e-01
INFONZ blocked double n=1024 batch=256 nz=13: [2]=97 [4]=481 [7]=673 [13]=577 [17]=577 [23]=641 [25]=929 [32]=289 resid[2]=1.646e+00
INFONZ blocked double n=1024 batch=256 nz=20: [2]=578 [4]=193 [6]=577 [9]=97 [12]=97 [13]=97 [17]=577 [20]=289 resid[2]=1.088e-02
INFONZ blocked cfloat n=1024 batch=256 nz=42: [0]=449 [2]=577 [4]=449 [9]=513 [11]=513 [12]=386 [15]=449 [17]=385 resid[0]=1.972e-01
INFONZ blocked cfloat n=1024 batch=256 nz=17: [0]=577 [1]=673 [6]=673 [11]=577 [12]=577 [19]=577 [22]=577 [28]=481 resid[0]=4.858e-01
INFONZ blocked cfloat n=1024 batch=256 nz=21: [0]=481 [5]=577 [6]=577 [9]=929 [11]=673 [13]=673 [14]=577 [16]=929 resid[0]=3.321e-01
INFONZ blocked cfloat n=1024 batch=256 nz=25: [4]=673 [5]=577 [8]=577 [10]=673 [11]=673 [13]=481 [20]=289 [23]=481 resid[4]=1.255e-01
INFONZ blocked cdouble n=1024 batch=256 nz=5: [182]=834 [198]=769 [207]=865 [213]=834 [249]=833 resid[182]=1.764e-03
INFONZ blocked cdouble n=1024 batch=256 nz=41: [1]=641 [7]=705 [13]=129 [16]=449 [18]=705 [19]=642 [22]=321 [23]=577 resid[1]=3.242e-02
INFONZ blocked cdouble n=1024 batch=256 nz=54: [1]=385 [2]=386 [3]=705 [4]=577 [5]=641 [6]=321 [7]=129 [8]=514 resid[1]=3.488e-02
INFONZ blocked cdouble n=1024 batch=256 nz=34: [0]=577 [1]=450 [2]=705 [3]=513 [4]=386 [5]=577 [6]=321 [8]=578 resid[0]=2.804e-01
INFONZ blocked cdouble n=1024 batch=256 nz=48: [0]=385 [1]=449 [2]=449 [3]=449 [5]=641 [6]=257 [7]=641 [9]=514 resid[0]=7.490e-02
INFONZ blocked float n=1024 batch=256 nz=55: [66]=385 [68]=130 [82]=129 [85]=515 [86]=900 [89]=513 [93]=257 [94]=513 resid[66]=9.757e-04
INFONZ blocked float n=1024 batch=256 nz=60: [61]=769 [64]=897 [66]=129 [72]=897 [78]=131 [87]=257 [88]=257 [89]=898 resid[61]=1.104e+05
INFONZ blocked float n=1024 batch=256 nz=66: [34]=513 [60]=513 [64]=904 [68]=129 [71]=897 [73]=129 [87]=385 [88]=129 resid[34]=2.399e+02
INFONZ blocked float n=1024 batch=256 nz=62: [4]=513 [55]=769 [59]=513 [76]=131 [80]=129 [83]=513 [85]=770 [86]=900 resid[4]=7.903e+03
INFONZ blocked float n=1024 batch=256 nz=63: [24]=131 [61]=129 [64]=129 [73]=129 [78]=641 [81]=129 [85]=897 [88]=513 resid[24]=1.451e-02
INFONZ blocked double n=1024 batch=256 nz=21: [2]=993 [3]=580 [4]=577 [6]=577 [7]=193 [10]=481 [11]=481 [15]=386 resid[2]=2.677e-03
INFONZ blocked double n=1024 batch=256 nz=23: [0]=385 [2]=289 [3]=481 [4]=289 [10]=481 [15]=289 [16]=481 [17]=673 resid[0]=1.153e+05
INFONZ blocked double n=1024 batch=256 nz=18: [3]=577 [6]=577 [7]=385 [18]=385 [20]=385 [23]=738 [24]=385 [27]=577 resid[3]=7.712e+02
INFONZ blocked double n=1024 batch=256 nz=44: [1]=545 [2]=290 [4]=673 [6]=673 [7]=673 [10]=289 [13]=673 [14]=833 resid[1]=3.070e+00
INFONZ blocked double n=1024 batch=256 nz=13: [3]=577 [4]=481 [5]=481 [13]=673 [20]=673 [37]=385 [38]=289 [41]=677 resid[3]=7.041e+01
INFONZ blocked cfloat n=1024 batch=256 nz=36: [2]=577 [3]=674 [4]=577 [5]=577 [7]=385 [8]=97 [12]=577 [13]=97 resid[2]=1.995e-01
INFONZ blocked cfloat n=1024 batch=256 nz=27: [1]=580 [5]=577 [8]=387 [11]=673 [14]=673 [15]=577 [16]=673 [17]=673 resid[1]=1.247e-02
INFONZ blocked cfloat n=1024 batch=256 nz=27: [1]=385 [2]=577 [3]=385 [4]=291 [5]=673 [6]=577 [8]=385 [10]=929 resid[1]=5.034e-02
INFONZ blocked cfloat n=1024 batch=256 nz=21: [3]=481 [6]=289 [7]=673 [12]=577 [19]=481 [21]=578 [25]=289 [27]=577 resid[3]=2.778e-02
INFONZ blocked cfloat n=1024 batch=256 nz=34: [2]=673 [4]=289 [10]=673 [12]=577 [14]=577 [20]=385 [25]=673 [26]=577 resid[2]=4.939e-01
INFONZ blocked cdouble n=1024 batch=256 nz=36: [0]=513 [1]=641 [2]=578 [5]=513 [7]=513 [9]=129 [10]=514 [11]=769 resid[0]=3.395e-01
INFONZ blocked cdouble n=1024 batch=256 nz=43: [0]=321 [1]=65 [2]=131 [3]=449 [4]=449 [5]=321 [6]=513 [7]=513 resid[0]=9.144e-02
INFONZ blocked cdouble n=1024 batch=256 nz=46: [0]=513 [1]=513 [2]=65 [3]=705 [4]=705 [5]=66 [7]=579 [8]=193 resid[0]=4.659e-01
INFONZ blocked cdouble n=1024 batch=256 nz=48: [1]=65 [2]=449 [3]=321 [5]=321 [6]=833 [7]=65 [8]=449 [9]=513 resid[1]=4.844e-01
INFONZ blocked cdouble n=1024 batch=256 nz=44: [0]=578 [1]=129 [2]=129 [3]=641 [4]=578 [6]=321 [7]=129 [8]=257 resid[0]=2.858e-02
