INFONZ blocked double n=1024 batch=128 nz=4: [5]=193 [12]=97 [87]=609 [95]=897 resid[5]=8.844e-02
INFONZ blocked double n=1024 batch=128 nz=4: [15]=705 [16]=194 [18]=193 [84]=385 resid[15]=9.757e-04
INFONZ blocked double n=1024 batch=256 nz=17: [1]=481 [4]=577 [10]=385 [12]=578 [16]=673 [17]=577 [19]=675 [22]=673 resid[1]=1.191e-01
INFONZ blocked double n=1024 batch=256 nz=24: [0]=289 [1]=289 [2]=673 [4]=385 [6]=577 [8]=833 [10]=290 [11]=674 resid[0]=1.982e+00
INFONZ blocked float n=1024 batch=256 nz=31: [90]=897 [116]=513 [146]=513 [155]=769 [158]=513 [164]=897 [169]=513 [184]=897 resid[90]=1.912e+00
INFONZ blocked float n=1024 batch=256 nz=69: [64]=642 [77]=129 [82]=129 [85]=770 [86]=385 [87]=770 [89]=641 [91]=129 resid[64]=1.451e-02
INFONZ blocked cfloat n=1024 batch=128 nz=34: [0]=193 [1]=97 [14]=193 [18]=193 [20]=705 [21]=97 [26]=193 [30]=97 resid[0]=2.133e+05
INFONZ blocked cfloat n=1024 batch=128 nz=9: [0]=97 [6]=97 [11]=193 [84]=481 [85]=514 [91]=897 [114]=833 [116]=833 resid[0]=6.034e-01
INFONZ blocked cfloat n=1024 batch=256 nz=60: [0]=289 [1]=193 [2]=481 [3]=385 [4]=673 [5]=481 [7]=289 [8]=481 resid[0]=9.002e+05
INFONZ blocked cfloat n=1024 batch=256 nz=21: [0]=289 [4]=673 [8]=673 [12]=673 [14]=673 [16]=577 [18]=577 [19]=577 resid[0]=5.429e+00
INFONZ blocked double n=512 batch=512 nz=69: [1]=289 [3]=193 [5]=97 [6]=194 [7]=99 [8]=97 [9]=289 [10]=193 resid[1]=8.423e-02
INFONZ blocked double n=512 batch=512 nz=83: [0]=289 [2]=385 [4]=289 [7]=289 [9]=289 [11]=97 [12]=289 [16]=97 resid[0]=2.416e+03
INFONZ blocked double n=1024 batch=128 nz=3: [76]=994 [79]=385 [96]=965 resid[76]=1.040e-04
INFONZ blocked double n=1024 batch=128 nz=1: [69]=289 resid[69]=2.124e+01
INFONZ blocked double n=1024 batch=256 nz=20: [1]=673 [2]=673 [3]=577 [9]=385 [10]=577 [12]=577 [14]=577 [19]=385 resid[1]=1.562e+00
INFONZ blocked double n=1024 batch=256 nz=10: [1]=385 [3]=577 [10]=577 [21]=97 [36]=577 [37]=481 [39]=385 [52]=577 resid[1]=2.004e-01
INFONZ blocked float n=1024 batch=256 nz=25: [36]=897 [39]=641 [102]=385 [141]=641 [197]=385 [202]=385 [204]=385 [206]=897 resid[36]=4.665e-02
INFONZ blocked float n=1024 batch=256 nz=69: [66]=642 [68]=385 [70]=129 [75]=385 [86]=257 [93]=389 [95]=769 [96]=385 resid[66]=1.452e-02
INFONZ blocked cfloat n=1024 batch=128 nz=36: [11]=97 [12]=97 [15]=97 [17]=705 [20]=193 [22]=193 [75]=417 [76]=417 resid[11]=5.264e+04
INFONZ blocked cfloat n=1024 batch=128 nz=18: [12]=97 [65]=675 [67]=418 [68]=549 [69]=419 [71]=418 [77]=421 [81]=770 resid[12]=8.338e-02
INFONZ blocked cfloat n=1024 batch=256 nz=68: [0]=289 [1]=385 [2]=673 [3]=97 [4]=385 [5]=385 [6]=481 [7]=673 resid[0]=7.514e+00
INFONZ blocked cfloat n=1024 batch=256 nz=21: [7]=481 [9]=577 [13]=385 [17]=577 [21]=289 [26]=97 [27]=577 [28]=481 resid[7]=5.595e-02
INFONZ blocked double n=512 batch=512 nz=81: [0]=289 [1]=193 [3]=289 [4]=289 [5]=193 [6]=289 [7]=289 [8]=289 resid[0]=1.816e+03
INFONZ blocked double n=512 batch=512 nz=81: [0]=289 [1]=193 [2]=289 [6]=289 [7]=289 [8]=289 [9]=193 [11]=289 resid[0]=2.473e+02
INFONZ blocked double n=1024 batch=128 nz=1: [30]=97 resid[30]=7.003e+01
INFONZ blocked double n=1024 batch=256 nz=16: [5]=483 [7]=677 [11]=481 [13]=390 [20]=577 [21]=385 [22]=481 [24]=289 resid[5]=5.964e-03
INFONZ blocked double n=1024 batch=256 nz=16: [5]=577 [6]=738 [10]=577 [14]=577 [17]=673 [18]=289 [24]=673 [26]=577 resid[5]=1.795e+01
INFONZ blocked float n=1024 batch=256 nz=29: [75]=769 [149]=641 [177]=641 [181]=897 [191]=897 [195]=129 [210]=897 [211]=513 resid[75]=2.243e+01
INFONZ blocked float n=1024 batch=256 nz=69: [67]=257 [68]=513 [70]=129 [73]=642 [82]=386 [85]=514 [88]=513 [89]=386 resid[67]=4.021e+01
INFONZ blocked cfloat n=1024 batch=128 nz=38: [5]=97 [9]=385 [10]=193 [11]=97 [14]=609 [16]=97 [29]=353 [66]=289 resid[5]=2.637e+07
INFONZ blocked cfloat n=1024 batch=128 nz=12: [5]=193 [74]=801 [77]=417 [79]=865 [90]=643 [91]=386 [101]=290 [106]=577 resid[5]=6.881e-01
INFONZ blocked cfloat n=1024 batch=256 nz=73: [0]=386 [1]=385 [2]=385 [3]=193 [4]=481 [6]=193 [7]=97 [8]=673 resid[0]=4.313e-02
INFONZ blocked cfloat n=1024 batch=256 nz=33: [4]=929 [6]=673 [8]=577 [12]=577 [13]=577 [14]=290 [18]=289 [19]=577 resid[4]=4.318e-03
INFONZ blocked double n=512 batch=512 nz=79: [2]=97 [4]=289 [5]=289 [7]=289 [8]=353 [9]=193 [10]=289 [11]=292 resid[2]=9.557e-01
INFONZ blocked double n=512 batch=512 nz=67: [1]=289 [2]=289 [4]=289 [8]=289 [13]=289 [16]=289 [17]=289 [19]=97 resid[1]=6.464e-02
