ptxas info    : 0 bytes gmem
ptxas info    : Compiling entry function '_ZTS14WideGemmKernelISt7complexIdELb0EE_with_offset' for 'sm_89'
ptxas info    : Function properties for _ZTS14WideGemmKernelISt7complexIdELb0EE_with_offset
    0 bytes stack frame, 0 bytes spill stores, 0 bytes spill loads
ptxas info    : Used 250 registers, used 1 barriers, 484 bytes cmem[0]
ptxas info    : Compile time = 77.259 ms
ptxas info    : Compiling entry function '_ZTS14WideGemmKernelISt7complexIdELb0EE' for 'sm_89'
ptxas info    : Function properties for _ZTS14WideGemmKernelISt7complexIdELb0EE
    0 bytes stack frame, 0 bytes spill stores, 0 bytes spill loads
ptxas info    : Used 250 registers, used 1 barriers, 472 bytes cmem[0]
ptxas info    : Compile time = 76.810 ms
ptxas info    : Compiling entry function '_ZTS14WideGemmKernelISt7complexIdELb1EE_with_offset' for 'sm_89'
ptxas info    : Function properties for _ZTS14WideGemmKernelISt7complexIdELb1EE_with_offset
    0 bytes stack frame, 0 bytes spill stores, 0 bytes spill loads
ptxas info    : Used 230 registers, used 1 barriers, 476 bytes cmem[0]
ptxas info    : Compile time = 70.545 ms
ptxas info    : Compiling entry function '_ZTS14WideGemmKernelISt7complexIdELb1EE' for 'sm_89'
ptxas info    : Function properties for _ZTS14WideGemmKernelISt7complexIdELb1EE
    0 bytes stack frame, 0 bytes spill stores, 0 bytes spill loads
ptxas info    : Used 230 registers, used 1 barriers, 464 bytes cmem[0]
ptxas info    : Compile time = 70.219 ms
ptxas info    : Compiling entry function '_ZTS14WideGemmKernelIdLb0EE_with_offset' for 'sm_89'
ptxas info    : Function properties for _ZTS14WideGemmKernelIdLb0EE_with_offset
    0 bytes stack frame, 0 bytes spill stores, 0 bytes spill loads
ptxas info    : Used 126 registers, used 1 barriers, 468 bytes cmem[0]
ptxas info    : Compile time = 27.758 ms
ptxas info    : Compiling entry function '_ZTS14WideGemmKernelIdLb0EE' for 'sm_89'
ptxas info    : Function properties for _ZTS14WideGemmKernelIdLb0EE
    0 bytes stack frame, 0 bytes spill stores, 0 bytes spill loads
ptxas info    : Used 126 registers, used 1 barriers, 456 bytes cmem[0]
ptxas info    : Compile time = 28.953 ms
ptxas info    : Compiling entry function '_ZTS14WideGemmKernelIdLb1EE_with_offset' for 'sm_89'
ptxas info    : Function properties for _ZTS14WideGemmKernelIdLb1EE_with_offset
    0 bytes stack frame, 0 bytes spill stores, 0 bytes spill loads
ptxas info    : Used 130 registers, used 1 barriers, 460 bytes cmem[0]
ptxas info    : Compile time = 21.823 ms
ptxas info    : Compiling entry function '_ZTS14WideGemmKernelIdLb1EE' for 'sm_89'
ptxas info    : Function properties for _ZTS14WideGemmKernelIdLb1EE
    0 bytes stack frame, 0 bytes spill stores, 0 bytes spill loads
ptxas info    : Used 130 registers, used 1 barriers, 448 bytes cmem[0]
ptxas info    : Compile time = 21.190 ms
ptxas info    : 0 bytes gmem
ptxas info    : Compiling entry function '_ZTS14WideGemmKernelISt7complexIfELb0EE_with_offset' for 'sm_89'
ptxas info    : Function properties for _ZTS14WideGemmKernelISt7complexIfELb0EE_with_offset
    0 bytes stack frame, 0 bytes spill stores, 0 bytes spill loads
ptxas info    : Used 168 registers, used 1 barriers, 464 bytes cmem[0]
ptxas info    : Compile time = 77.766 ms
ptxas info    : Compiling entry function '_ZTS14WideGemmKernelISt7complexIfELb0EE' for 'sm_89'
ptxas info    : Function properties for _ZTS14WideGemmKernelISt7complexIfELb0EE
    0 bytes stack frame, 0 bytes spill stores, 0 bytes spill loads
ptxas info    : Used 168 registers, used 1 barriers, 452 bytes cmem[0]
ptxas info    : Compile time = 75.338 ms
ptxas info    : Compiling entry function '_ZTS14WideGemmKernelISt7complexIfELb1EE_with_offset' for 'sm_89'
ptxas info    : Function properties for _ZTS14WideGemmKernelISt7complexIfELb1EE_with_offset
    0 bytes stack frame, 0 bytes spill stores, 0 bytes spill loads
ptxas info    : Used 128 registers, used 1 barriers, 456 bytes cmem[0]
ptxas info    : Compile time = 65.383 ms
ptxas info    : Compiling entry function '_ZTS14WideGemmKernelISt7complexIfELb1EE' for 'sm_89'
ptxas info    : Function properties for _ZTS14WideGemmKernelISt7complexIfELb1EE
    0 bytes stack frame, 0 bytes spill stores, 0 bytes spill loads
ptxas info    : Used 128 registers, used 1 barriers, 444 bytes cmem[0]
ptxas info    : Compile time = 66.830 ms
ptxas info    : Compiling entry function '_ZTS14WideGemmKernelIfLb0EE_with_offset' for 'sm_89'
ptxas info    : Function properties for _ZTS14WideGemmKernelIfLb0EE_with_offset
    0 bytes stack frame, 0 bytes spill stores, 0 bytes spill loads
ptxas info    : Used 63 registers, used 1 barriers, 456 bytes cmem[0]
ptxas info    : Compile time = 26.915 ms
ptxas info    : Compiling entry function '_ZTS14WideGemmKernelIfLb0EE' for 'sm_89'
ptxas info    : Function properties for _ZTS14WideGemmKernelIfLb0EE
    0 bytes stack frame, 0 bytes spill stores, 0 bytes spill loads
ptxas info    : Used 63 registers, used 1 barriers, 444 bytes cmem[0]
ptxas info    : Compile time = 26.633 ms
ptxas info    : Compiling entry function '_ZTS14WideGemmKernelIfLb1EE_with_offset' for 'sm_89'
ptxas info    : Function properties for _ZTS14WideGemmKernelIfLb1EE_with_offset
    0 bytes stack frame, 0 bytes spill stores, 0 bytes spill loads
ptxas info    : Used 66 registers, used 1 barriers, 448 bytes cmem[0]
ptxas info    : Compile time = 18.617 ms
ptxas info    : Compiling entry function '_ZTS14WideGemmKernelIfLb1EE' for 'sm_89'
ptxas info    : Function properties for _ZTS14WideGemmKernelIfLb1EE
    0 bytes stack frame, 0 bytes spill stores, 0 bytes spill loads
ptxas info    : Used 66 registers, used 1 barriers, 436 bytes cmem[0]
ptxas info    : Compile time = 18.474 ms
