2775 MHz, 59
[1;36mName                                              Arg0    Arg1    Arg2    Arg3    Arg4    Arg5    Arg6    Arg7    Iter        Avg(ms)     Std(ms)     chk         GFLOPS      GB/s        Time (µs) / matrixnnz/item    nnz/row     [0m
[1m(BM_SPMM_Grid<std::complex<float>, batchlas::Backend::CUDA>)[0m1024    3       1       128     0       0       1       1       100         0.017064    1.6389e-05  2521.9      184.35      430.17      0.13331     3072        3           
[1m(BM_SPMM_Grid<std::complex<float>, batchlas::Backend::CUDA>)[0m1024    3       1       256     0       0       1       1       100         0.030863    3.7435e-05  2521.9      203.85      475.69      0.12056     3072        3           
[1m(BM_SPMM_Grid<std::complex<float>, batchlas::Backend::CUDA>)[0m1024    3       1       512     0       0       1       1       100         0.056377    4.1335e-05  2521.9      223.19      520.82      0.11011     3072        3           
[1m(BM_SPMM_Grid<std::complex<float>, batchlas::Backend::CUDA>)[0m1024    3       1       1024    0       0       1       1       100         0.10753     0.00022114  2521.9      234.03      546.10      0.10501     3072        3           
[1m(BM_SPMM_Grid<std::complex<float>, batchlas::Backend::CUDA>)[0m1024    3       2       128     0       0       1       1       100         0.029878    4.2972e-05  4971.2      210.57      315.88      0.23342     3072        3           
[1m(BM_SPMM_Grid<std::complex<float>, batchlas::Backend::CUDA>)[0m1024    3       2       256     0       0       1       1       100         0.055372    4.8405e-05  4971.2      227.24      340.89      0.21630     3072        3           
[1m(BM_SPMM_Grid<std::complex<float>, batchlas::Backend::CUDA>)[0m1024    3       2       512     0       0       1       1       100         0.10460     0.00015086  4971.2      240.59      360.91      0.20430     3072        3           
[1m(BM_SPMM_Grid<std::complex<float>, batchlas::Backend::CUDA>)[0m1024    3       2       1024    0       0       1       1       100         0.20549     0.00019631  4971.2      244.94      367.43      0.20067     3072        3           
[1m(BM_SPMM_Grid<std::complex<float>, batchlas::Backend::CUDA>)[0m1024    3       4       128     0       0       1       1       100         0.055831    2.6415e-05  9997.3      225.38      244.17      0.43618     3072        3           
[1m(BM_SPMM_Grid<std::complex<float>, batchlas::Backend::CUDA>)[0m1024    3       4       256     0       0       1       1       100         0.10754     0.00028037  9997.3      234.01      253.52      0.42009     3072        3           
[1m(BM_SPMM_Grid<std::complex<float>, batchlas::Backend::CUDA>)[0m1024    3       4       512     0       0       1       1       100         0.20387     0.00030628  9997.3      246.88      267.46      0.39819     3072        3           
[1m(BM_SPMM_Grid<std::complex<float>, batchlas::Backend::CUDA>)[0m1024    3       4       1024    0       0       1       1       100         0.42559     0.00082595  9997.3      236.53      256.25      0.41562     3072        3           
[1m(BM_SPMM_Grid<std::complex<float>, batchlas::Backend::CUDA>)[0m1024    3       8       128     0       0       1       1       100         0.10665     0.00016072  19846.      235.96      206.47      0.83322     3072        3           
[1m(BM_SPMM_Grid<std::complex<float>, batchlas::Backend::CUDA>)[0m1024    3       8       256     0       0       1       1       100         0.21138     0.0022762   19846.      238.11      208.35      0.82572     3072        3           
[1m(BM_SPMM_Grid<std::complex<float>, batchlas::Backend::CUDA>)[0m1024    3       8       512     0       0       1       1       100         0.42420     0.00054149  19846.      237.30      207.64      0.82851     3072        3           
[1m(BM_SPMM_Grid<std::complex<float>, batchlas::Backend::CUDA>)[0m1024    3       8       1024    0       0       1       1       100         0.95122     0.00058584  19846.      211.65      185.20      0.92892     3072        3           
[1m(BM_SPMM_Grid<std::complex<float>, batchlas::Backend::CUDA>)[0m1024    3       12      128     0       0       1       1       100         0.16414     0.00012800  29807.      229.99      185.27      1.2823      3072        3           
[1m(BM_SPMM_Grid<std::complex<float>, batchlas::Backend::CUDA>)[0m1024    3       12      256     0       0       1       1       100         0.33181     0.00027181  29807.      227.53      183.29      1.2961      3072        3           
[1m(BM_SPMM_Grid<std::complex<float>, batchlas::Backend::CUDA>)[0m1024    3       12      512     0       0       1       1       100         0.70635     0.00055164  29807.      213.77      172.20      1.3796      3072        3           
[1m(BM_SPMM_Grid<std::complex<float>, batchlas::Backend::CUDA>)[0m1024    3       12      1024    0       0       1       1       100         1.4920      0.0025406   29807.      202.41      163.06      1.4570      3072        3           
[1m(BM_SPMM_Grid<std::complex<float>, batchlas::Backend::CUDA>)[0m1024    16      1       128     0       0       1       1       100         0.11860     0.00013893  12782.      141.46      234.30      0.92655     16384       16          
[1m(BM_SPMM_Grid<std::complex<float>, batchlas::Backend::CUDA>)[0m1024    16      1       256     0       0       1       1       100         0.21349     0.00053381  12782.      157.17      260.32      0.83396     16384       16          
[1m(BM_SPMM_Grid<std::complex<float>, batchlas::Backend::CUDA>)[0m1024    16      1       512     0       0       1       1       100         0.42934     0.0021796   12782.      156.31      258.89      0.83856     16384       16          
[1m(BM_SPMM_Grid<std::complex<float>, batchlas::Backend::CUDA>)[0m1024    16      1       1024    0       0       1       1       100         0.82861     0.00080661  12782.      161.98      268.28      0.80919     16384       16          
[1m(BM_SPMM_Grid<std::complex<float>, batchlas::Backend::CUDA>)[0m1024    16      2       128     0       0       1       1       100         0.18695     0.00028365  25400.      179.48      159.86      1.4605      16384       16          
[1m(BM_SPMM_Grid<std::complex<float>, batchlas::Backend::CUDA>)[0m1024    16      2       256     0       0       1       1       100         0.35044     0.00082634  25400.      191.50      170.56      1.3689      16384       16          
[1m(BM_SPMM_Grid<std::complex<float>, batchlas::Backend::CUDA>)[0m1024    16      2       512     0       0       1       1       100         0.70509     0.00089307  25400.      190.36      169.54      1.3771      16384       16          
[1m(BM_SPMM_Grid<std::complex<float>, batchlas::Backend::CUDA>)[0m1024    16      2       1024    0       0       1       1       100         1.3994      0.0040881   25400.      191.82      170.85      1.3666      16384       16          
[1m(BM_SPMM_Grid<std::complex<float>, batchlas::Backend::CUDA>)[0m1024    16      4       128     0       0       1       1       100         0.33866     0.00034825  51229.      198.16      100.63      2.6458      16384       16          
[1m(BM_SPMM_Grid<std::complex<float>, batchlas::Backend::CUDA>)[0m1024    16      4       256     0       0       1       1       100         0.63940     0.0018746   51229.      209.91      106.60      2.4977      16384       16          
[1m(BM_SPMM_Grid<std::complex<float>, batchlas::Backend::CUDA>)[0m1024    16      4       512     0       0       1       1       100         1.3210      0.013842    51229.      203.20      103.19      2.5802      16384       16          
[1m(BM_SPMM_Grid<std::complex<float>, batchlas::Backend::CUDA>)[0m1024    16      4       1024    0       0       1       1       100         2.5527      0.0078805   51229.      210.32      106.80      2.4928      16384       16          
[1m(BM_SPMM_Grid<std::complex<float>, batchlas::Backend::CUDA>)[0m1024    16      8       128     0       0       1       1       100         0.64355     0.00047192  1.0191e+05  208.56      65.990      5.0277      16384       16          
[1m(BM_SPMM_Grid<std::complex<float>, batchlas::Backend::CUDA>)[0m1024    16      8       256     0       0       1       1       100         1.2846      0.0064354   1.0191e+05  208.97      66.120      5.0178      16384       16          
[1m(BM_SPMM_Grid<std::complex<float>, batchlas::Backend::CUDA>)[0m1024    16      8       512     0       0       1       1       100         2.5733      0.010243    1.0191e+05  208.63      66.012      5.0261      16384       16          
[1m(BM_SPMM_Grid<std::complex<float>, batchlas::Backend::CUDA>)[0m1024    16      8       1024    0       0       1       1       77          5.1999      0.016585    1.0191e+05  206.49      65.336      5.0781      16384       16          
[1m(BM_SPMM_Grid<std::complex<float>, batchlas::Backend::CUDA>)[0m1024    16      12      128     0       0       1       1       100         1.0833      0.0013521   1.5324e+05  185.85      46.947      8.4632      16384       16          
[1m(BM_SPMM_Grid<std::complex<float>, batchlas::Backend::CUDA>)[0m1024    16      12      256     0       0       1       1       100         2.0657      0.013815    1.5324e+05  194.92      49.239      8.0691      16384       16          
[1m(BM_SPMM_Grid<std::complex<float>, batchlas::Backend::CUDA>)[0m1024    16      12      512     0       0       1       1       99          4.0461      0.0088332   1.5324e+05  199.04      50.278      7.9024      16384       16          
[1m(BM_SPMM_Grid<std::complex<float>, batchlas::Backend::CUDA>)[0m1024    16      12      1024    0       0       1       1       52          7.7067      0.034414    1.5324e+05  208.99      52.792      7.5260      16384       16          
[1m(BM_SPMM_Grid<std::complex<float>, batchlas::Backend::CUDA>)[0m2048    3       1       128     0       0       1       1       100         0.029636    3.1087e-05  4963.1      212.29      495.36      0.23153     6144        3           
[1m(BM_SPMM_Grid<std::complex<float>, batchlas::Backend::CUDA>)[0m2048    3       1       256     0       0       1       1       100         0.053999    4.4176e-05  4963.1      233.02      543.73      0.21093     6144        3           
[1m(BM_SPMM_Grid<std::complex<float>, batchlas::Backend::CUDA>)[0m2048    3       1       512     0       0       1       1       100         0.10333     0.00013694  4963.1      243.56      568.32      0.20181     6144        3           
[1m(BM_SPMM_Grid<std::complex<float>, batchlas::Backend::CUDA>)[0m2048    3       1       1024    0       0       1       1       100         0.23370     0.00024229  4963.1      215.37      502.54      0.22822     6144        3           
[1m(BM_SPMM_Grid<std::complex<float>, batchlas::Backend::CUDA>)[0m2048    3       2       128     0       0       1       1       100         0.053941    5.6487e-05  10111.      233.27      349.92      0.42142     6144        3           
[1m(BM_SPMM_Grid<std::complex<float>, batchlas::Backend::CUDA>)[0m2048    3       2       256     0       0       1       1       100         0.10141     0.00019833  10111.      248.15      372.23      0.39615     6144        3           
[1m(BM_SPMM_Grid<std::complex<float>, batchlas::Backend::CUDA>)[0m2048    3       2       512     0       0       1       1       100         0.19620     0.00021059  10111.      256.54      384.81      0.38320     6144        3           
[1m(BM_SPMM_Grid<std::complex<float>, batchlas::Backend::CUDA>)[0m2048    3       2       1024    0       0       1       1       100         0.44789     0.00040961  10111.      224.75      337.14      0.43739     6144        3           
[1m(BM_SPMM_Grid<std::complex<float>, batchlas::Backend::CUDA>)[0m2048    3       4       128     0       0       1       1       100         0.10149     0.00024766  19918.      247.95      268.62      0.79293     6144        3           
[1m(BM_SPMM_Grid<std::complex<float>, batchlas::Backend::CUDA>)[0m2048    3       4       256     0       0       1       1       100         0.19407     0.0010727   19918.      259.35      280.97      0.75807     6144        3           
[1m(BM_SPMM_Grid<std::complex<float>, batchlas::Backend::CUDA>)[0m2048    3       4       512     0       0       1       1       100         0.41870     0.0013561   19918.      240.42      260.46      0.81777     6144        3           
[1m(BM_SPMM_Grid<std::complex<float>, batchlas::Backend::CUDA>)[0m2048    3       4       1024    0       0       1       1       100         0.93249     0.0015376   19918.      215.90      233.90      0.91063     6144        3           
[1m(BM_SPMM_Grid<std::complex<float>, batchlas::Backend::CUDA>)[0m2048    3       8       128     0       0       1       1       100         0.20249     0.00039170  39482.      248.57      217.50      1.5819      6144        3           
[1m(BM_SPMM_Grid<std::complex<float>, batchlas::Backend::CUDA>)[0m2048    3       8       256     0       0       1       1       100         0.40920     0.0011283   39482.      246.00      215.25      1.5984      6144        3           
[1m(BM_SPMM_Grid<std::complex<float>, batchlas::Backend::CUDA>)[0m2048    3       8       512     0       0       1       1       100         0.95408     0.00070882  39482.      211.02      184.64      1.8634      6144        3           
[1m(BM_SPMM_Grid<std::complex<float>, batchlas::Backend::CUDA>)[0m2048    3       8       1024    0       0       1       1       100         1.9247      0.0027353   39482.      209.21      183.06      1.8795      6144        3           
[1m(BM_SPMM_Grid<std::complex<float>, batchlas::Backend::CUDA>)[0m2048    3       12      128     0       0       1       1       100         0.30745     0.00058499  59431.      245.56      197.81      2.4020      6144        3           
[1m(BM_SPMM_Grid<std::complex<float>, batchlas::Backend::CUDA>)[0m2048    3       12      256     0       0       1       1       100         0.68098     0.0032711   59431.      221.73      178.62      2.6601      6144        3           
[1m(BM_SPMM_Grid<std::complex<float>, batchlas::Backend::CUDA>)[0m2048    3       12      512     0       0       1       1       100         1.4823      0.0026927   59431.      203.73      164.12      2.8951      6144        3           
[1m(BM_SPMM_Grid<std::complex<float>, batchlas::Backend::CUDA>)[0m2048    3       12      1024    0       0       1       1       100         2.9319      0.0032509   59431.      206.00      165.95      2.8632      6144        3           
[1m(BM_SPMM_Grid<std::complex<float>, batchlas::Backend::CUDA>)[0m2048    16      1       128     0       0       1       1       100         0.21769     0.0013529   25507.      154.14      255.30      1.7007      32768       16          
[1m(BM_SPMM_Grid<std::complex<float>, batchlas::Backend::CUDA>)[0m2048    16      1       256     0       0       1       1       100         0.43757     0.00063943  25507.      153.37      254.02      1.7092      32768       16          
[1m(BM_SPMM_Grid<std::complex<float>, batchlas::Backend::CUDA>)[0m2048    16      1       512     0       0       1       1       100         0.85839     0.00081460  25507.      156.36      258.97      1.6765      32768       16          
[1m(BM_SPMM_Grid<std::complex<float>, batchlas::Backend::CUDA>)[0m2048    16      1       1024    0       0       1       1       100         1.7120      0.0030721   25507.      156.80      259.70      1.6719      32768       16          
[1m(BM_SPMM_Grid<std::complex<float>, batchlas::Backend::CUDA>)[0m2048    16      2       128     0       0       1       1       100         0.36565     0.00099318  51459.      183.53      163.46      2.8566      32768       16          
[1m(BM_SPMM_Grid<std::complex<float>, batchlas::Backend::CUDA>)[0m2048    16      2       256     0       0       1       1       100         0.71887     0.0024309   51459.      186.71      166.29      2.8081      32768       16          
[1m(BM_SPMM_Grid<std::complex<float>, batchlas::Backend::CUDA>)[0m2048    16      2       512     0       0       1       1       100         1.4129      0.0044289   51459.      189.99      169.21      2.7596      32768       16          
[1m(BM_SPMM_Grid<std::complex<float>, batchlas::Backend::CUDA>)[0m2048    16      2       1024    0       0       1       1       100         2.7826      0.0060695   51459.      192.94      171.84      2.7174      32768       16          
[1m(BM_SPMM_Grid<std::complex<float>, batchlas::Backend::CUDA>)[0m2048    16      4       128     0       0       1       1       100         0.64824     0.0017415   1.0208e+05  207.05      105.14      5.0644      32768       16          
[1m(BM_SPMM_Grid<std::complex<float>, batchlas::Backend::CUDA>)[0m2048    16      4       256     0       0       1       1       100         1.3010      0.0052710   1.0208e+05  206.33      104.78      5.0820      32768       16          
[1m(BM_SPMM_Grid<std::complex<float>, batchlas::Backend::CUDA>)[0m2048    16      4       512     0       0       1       1       100         2.5816      0.0071237   1.0208e+05  207.96      105.61      5.0422      32768       16          
[1m(BM_SPMM_Grid<std::complex<float>, batchlas::Backend::CUDA>)[0m2048    16      4       1024    0       0       1       1       79          5.0787      0.0071451   1.0208e+05  211.42      107.36      4.9597      32768       16          
[1m(BM_SPMM_Grid<std::complex<float>, batchlas::Backend::CUDA>)[0m2048    16      8       128     0       0       1       1       100         1.2670      0.0081184   2.0361e+05  211.86      67.036      9.8986      32768       16          
[1m(BM_SPMM_Grid<std::complex<float>, batchlas::Backend::CUDA>)[0m2048    16      8       256     0       0       1       1       100         2.4577      0.0063561   2.0361e+05  218.44      69.116      9.6006      32768       16          
[1m(BM_SPMM_Grid<std::complex<float>, batchlas::Backend::CUDA>)[0m2048    16      8       512     0       0       1       1       82          4.9358      0.010696    2.0361e+05  217.54      68.831      9.6403      32768       16          
[1m(BM_SPMM_Grid<std::complex<float>, batchlas::Backend::CUDA>)[0m2048    16      8       1024    0       0       1       1       41          9.7833      0.011070    2.0361e+05  219.51      69.453      9.5540      32768       16          
[1m(BM_SPMM_Grid<std::complex<float>, batchlas::Backend::CUDA>)[0m2048    16      12      128     0       0       1       1       100         1.8825      0.013433    3.0628e+05  213.89      54.030      14.707      32768       16          
[1m(BM_SPMM_Grid<std::complex<float>, batchlas::Backend::CUDA>)[0m2048    16      12      256     0       0       1       1       100         3.7505      0.0072293   3.0628e+05  214.72      54.239      14.650      32768       16          
[1m(BM_SPMM_Grid<std::complex<float>, batchlas::Backend::CUDA>)[0m2048    16      12      512     0       0       1       1       54          7.4337      0.012934    3.0628e+05  216.66      54.730      14.519      32768       16          
[1m(BM_SPMM_Grid<std::complex<float>, batchlas::Backend::CUDA>)[0m2048    16      12      1024    0       0       1       1       28          14.548      0.016710    3.0628e+05  221.42      55.933      14.207      32768       16          
2775 MHz, 55
