2775 MHz, 55
[1;36mName                                              Arg0    Arg1    Arg2    Arg3    Arg4    Arg5    Arg6    Arg7    Iter        Avg(ms)     Std(ms)     chk         GFLOPS      GB/s        Time (µs) / matrixnnz/item    nnz/row     [0m
[1m(BM_SPMM_Grid<std::complex<double>, batchlas::Backend::CUDA>)[0m1024    3       1       128     0       0       1       1       100         0.052276    0.00017277  2521.9      60.175      240.71      0.40841     3072        3           
[1m(BM_SPMM_Grid<std::complex<double>, batchlas::Backend::CUDA>)[0m1024    3       1       256     0       0       1       1       100         0.091336    5.7752e-05  2521.9      68.883      275.54      0.35678     3072        3           
[1m(BM_SPMM_Grid<std::complex<double>, batchlas::Backend::CUDA>)[0m1024    3       1       512     0       0       1       1       100         0.17074     0.00028410  2521.9      73.697      294.80      0.33348     3072        3           
[1m(BM_SPMM_Grid<std::complex<double>, batchlas::Backend::CUDA>)[0m1024    3       1       1024    0       0       1       1       100         0.33068     0.00018616  2521.9      76.103      304.43      0.32293     3072        3           
[1m(BM_SPMM_Grid<std::complex<double>, batchlas::Backend::CUDA>)[0m1024    3       2       128     0       0       1       1       100         0.055935    4.6464e-05  4971.2      112.48      299.95      0.43699     3072        3           
[1m(BM_SPMM_Grid<std::complex<double>, batchlas::Backend::CUDA>)[0m1024    3       2       256     0       0       1       1       100         0.095522    4.9867e-05  4971.2      131.73      351.28      0.37313     3072        3           
[1m(BM_SPMM_Grid<std::complex<double>, batchlas::Backend::CUDA>)[0m1024    3       2       512     0       0       1       1       100         0.17667     0.00024081  4971.2      142.44      379.86      0.34506     3072        3           
[1m(BM_SPMM_Grid<std::complex<double>, batchlas::Backend::CUDA>)[0m1024    3       2       1024    0       0       1       1       100         0.34270     0.00027795  4971.2      146.87      391.66      0.33467     3072        3           
[1m(BM_SPMM_Grid<std::complex<double>, batchlas::Backend::CUDA>)[0m1024    3       4       128     0       0       1       1       100         0.082945    0.00019855  9997.3      151.70      303.41      0.64801     3072        3           
[1m(BM_SPMM_Grid<std::complex<double>, batchlas::Backend::CUDA>)[0m1024    3       4       256     0       0       1       1       100         0.14638     0.00032329  9997.3      171.92      343.84      0.57181     3072        3           
[1m(BM_SPMM_Grid<std::complex<double>, batchlas::Backend::CUDA>)[0m1024    3       4       512     0       0       1       1       100         0.27819     0.0018914   9997.3      180.93      361.86      0.54334     3072        3           
[1m(BM_SPMM_Grid<std::complex<double>, batchlas::Backend::CUDA>)[0m1024    3       4       1024    0       0       1       1       100         0.68713     0.00044628  9997.3      146.50      293.00      0.67103     3072        3           
[1m(BM_SPMM_Grid<std::complex<double>, batchlas::Backend::CUDA>)[0m1024    3       8       128     0       0       1       1       100         0.12707     0.00017756  19846.      198.05      330.09      0.99271     3072        3           
[1m(BM_SPMM_Grid<std::complex<double>, batchlas::Backend::CUDA>)[0m1024    3       8       256     0       0       1       1       100         0.23277     0.00038700  19846.      216.23      360.39      0.90926     3072        3           
[1m(BM_SPMM_Grid<std::complex<double>, batchlas::Backend::CUDA>)[0m1024    3       8       512     0       0       1       1       100         0.65425     0.00039101  19846.      153.86      256.44      1.2778      3072        3           
[1m(BM_SPMM_Grid<std::complex<double>, batchlas::Backend::CUDA>)[0m1024    3       8       1024    0       0       1       1       100         1.3380      0.0025007   19846.      150.47      250.79      1.3066      3072        3           
[1m(BM_SPMM_Grid<std::complex<double>, batchlas::Backend::CUDA>)[0m1024    3       12      128     0       0       1       1       100         0.17995     0.0012384   29807.      209.78      326.32      1.4058      3072        3           
[1m(BM_SPMM_Grid<std::complex<double>, batchlas::Backend::CUDA>)[0m1024    3       12      256     0       0       1       1       100         0.40634     0.00038435  29807.      185.80      289.02      1.5873      3072        3           
[1m(BM_SPMM_Grid<std::complex<double>, batchlas::Backend::CUDA>)[0m1024    3       12      512     0       0       1       1       100         1.0037      0.0016435   29807.      150.44      234.02      1.9603      3072        3           
[1m(BM_SPMM_Grid<std::complex<double>, batchlas::Backend::CUDA>)[0m1024    3       12      1024    0       0       1       1       100         1.9893      0.0028655   29807.      151.81      236.15      1.9427      3072        3           
[1m(BM_SPMM_Grid<std::complex<double>, batchlas::Backend::CUDA>)[0m1024    16      1       128     0       0       1       1       100         0.13634     0.00020511  12782.      123.05      342.24      1.0652      16384       16          
[1m(BM_SPMM_Grid<std::complex<double>, batchlas::Backend::CUDA>)[0m1024    16      1       256     0       0       1       1       100         0.26391     0.00028855  12782.      127.15      353.63      1.0309      16384       16          
[1m(BM_SPMM_Grid<std::complex<double>, batchlas::Backend::CUDA>)[0m1024    16      1       512     0       0       1       1       100         0.51579     0.00040279  12782.      130.11      361.87      1.0074      16384       16          
[1m(BM_SPMM_Grid<std::complex<double>, batchlas::Backend::CUDA>)[0m1024    16      1       1024    0       0       1       1       100         1.0239      0.0019255   12782.      131.08      364.58      0.99990     16384       16          
[1m(BM_SPMM_Grid<std::complex<double>, batchlas::Backend::CUDA>)[0m1024    16      2       128     0       0       1       1       100         0.19673     0.00017999  25400.      170.56      258.51      1.5370      16384       16          
[1m(BM_SPMM_Grid<std::complex<double>, batchlas::Backend::CUDA>)[0m1024    16      2       256     0       0       1       1       100         0.38065     0.00025583  25400.      176.30      267.21      1.4869      16384       16          
[1m(BM_SPMM_Grid<std::complex<double>, batchlas::Backend::CUDA>)[0m1024    16      2       512     0       0       1       1       100         0.74730     0.00040763  25400.      179.60      272.21      1.4596      16384       16          
[1m(BM_SPMM_Grid<std::complex<double>, batchlas::Backend::CUDA>)[0m1024    16      2       1024    0       0       1       1       100         1.4868      0.0019186   25400.      180.55      273.65      1.4519      16384       16          
[1m(BM_SPMM_Grid<std::complex<double>, batchlas::Backend::CUDA>)[0m1024    16      4       128     0       0       1       1       100         0.33021     0.00061710  51229.      203.23      179.41      2.5798      16384       16          
[1m(BM_SPMM_Grid<std::complex<double>, batchlas::Backend::CUDA>)[0m1024    16      4       256     0       0       1       1       100         0.63729     0.0010595   51229.      210.61      185.93      2.4894      16384       16          
[1m(BM_SPMM_Grid<std::complex<double>, batchlas::Backend::CUDA>)[0m1024    16      4       512     0       0       1       1       100         1.2546      0.0049285   51229.      213.96      188.89      2.4503      16384       16          
[1m(BM_SPMM_Grid<std::complex<double>, batchlas::Backend::CUDA>)[0m1024    16      4       1024    0       0       1       1       100         2.5510      0.0069333   51229.      210.46      185.79      2.4912      16384       16          
[1m(BM_SPMM_Grid<std::complex<double>, batchlas::Backend::CUDA>)[0m1024    16      8       128     0       0       1       1       100         0.57423     0.00026657  1.0191e+05  233.73      132.39      4.4862      16384       16          
[1m(BM_SPMM_Grid<std::complex<double>, batchlas::Backend::CUDA>)[0m1024    16      8       256     0       0       1       1       100         1.1321      0.0010734   1.0191e+05  237.12      134.31      4.4221      16384       16          
[1m(BM_SPMM_Grid<std::complex<double>, batchlas::Backend::CUDA>)[0m1024    16      8       512     0       0       1       1       100         2.3390      0.0017197   1.0191e+05  229.53      130.01      4.5684      16384       16          
[1m(BM_SPMM_Grid<std::complex<double>, batchlas::Backend::CUDA>)[0m1024    16      8       1024    0       0       1       1       86          4.7055      0.0017181   1.0191e+05  228.19      129.25      4.5953      16384       16          
[1m(BM_SPMM_Grid<std::complex<double>, batchlas::Backend::CUDA>)[0m1024    16      12      128     0       0       1       1       100         0.82714     0.0020984   1.5324e+05  243.40      112.19      6.4620      16384       16          
[1m(BM_SPMM_Grid<std::complex<double>, batchlas::Backend::CUDA>)[0m1024    16      12      256     0       0       1       1       100         1.7036      0.013768    1.5324e+05  236.36      108.95      6.6547      16384       16          
[1m(BM_SPMM_Grid<std::complex<double>, batchlas::Backend::CUDA>)[0m1024    16      12      512     0       0       1       1       100         3.4435      0.0044416   1.5324e+05  233.86      107.80      6.7256      16384       16          
[1m(BM_SPMM_Grid<std::complex<double>, batchlas::Backend::CUDA>)[0m1024    16      12      1024    0       0       1       1       58          6.9140      0.056340    1.5324e+05  232.95      107.38      6.7520      16384       16          
[1m(BM_SPMM_Grid<std::complex<double>, batchlas::Backend::CUDA>)[0m2048    3       1       128     0       0       1       1       100         0.091310    0.00014845  4963.1      68.902      275.62      0.71336     6144        3           
[1m(BM_SPMM_Grid<std::complex<double>, batchlas::Backend::CUDA>)[0m2048    3       1       256     0       0       1       1       100         0.17009     0.0013876   4963.1      73.977      295.92      0.66442     6144        3           
[1m(BM_SPMM_Grid<std::complex<double>, batchlas::Backend::CUDA>)[0m2048    3       1       512     0       0       1       1       100         0.32831     0.0016243   4963.1      76.653      306.62      0.64122     6144        3           
[1m(BM_SPMM_Grid<std::complex<double>, batchlas::Backend::CUDA>)[0m2048    3       1       1024    0       0       1       1       100         0.64499     0.0017604   4963.1      78.035      312.15      0.62987     6144        3           
[1m(BM_SPMM_Grid<std::complex<double>, batchlas::Backend::CUDA>)[0m2048    3       2       128     0       0       1       1       100         0.095708    6.1274e-05  10111.      131.47      350.60      0.74772     6144        3           
[1m(BM_SPMM_Grid<std::complex<double>, batchlas::Backend::CUDA>)[0m2048    3       2       256     0       0       1       1       100         0.17560     0.00016638  10111.      143.31      382.18      0.68593     6144        3           
[1m(BM_SPMM_Grid<std::complex<double>, batchlas::Backend::CUDA>)[0m2048    3       2       512     0       0       1       1       100         0.33884     0.00026339  10111.      148.54      396.12      0.66179     6144        3           
[1m(BM_SPMM_Grid<std::complex<double>, batchlas::Backend::CUDA>)[0m2048    3       2       1024    0       0       1       1       100         0.80992     0.0019553   10111.      124.29      331.44      0.79094     6144        3           
[1m(BM_SPMM_Grid<std::complex<double>, batchlas::Backend::CUDA>)[0m2048    3       4       128     0       0       1       1       100         0.14503     0.00030036  19918.      173.52      347.04      1.1331      6144        3           
[1m(BM_SPMM_Grid<std::complex<double>, batchlas::Backend::CUDA>)[0m2048    3       4       256     0       0       1       1       100         0.27187     0.00065443  19918.      185.13      370.26      1.0620      6144        3           
[1m(BM_SPMM_Grid<std::complex<double>, batchlas::Backend::CUDA>)[0m2048    3       4       512     0       0       1       1       100         0.72147     0.022995    19918.      139.52      279.05      1.4091      6144        3           
[1m(BM_SPMM_Grid<std::complex<double>, batchlas::Backend::CUDA>)[0m2048    3       4       1024    0       0       1       1       100         1.4094      0.012626    19918.      142.85      285.69      1.3764      6144        3           
[1m(BM_SPMM_Grid<std::complex<double>, batchlas::Backend::CUDA>)[0m2048    3       8       128     0       0       1       1       100         0.23391     0.0061902   39482.      215.18      358.63      1.8274      6144        3           
[1m(BM_SPMM_Grid<std::complex<double>, batchlas::Backend::CUDA>)[0m2048    3       8       256     0       0       1       1       100         0.65911     0.00082093  39482.      152.73      254.55      2.5746      6144        3           
[1m(BM_SPMM_Grid<std::complex<double>, batchlas::Backend::CUDA>)[0m2048    3       8       512     0       0       1       1       100         1.3663      0.0019635   39482.      147.35      245.59      2.6685      6144        3           
[1m(BM_SPMM_Grid<std::complex<double>, batchlas::Backend::CUDA>)[0m2048    3       8       1024    0       0       1       1       100         2.7165      0.010781    39482.      148.23      247.04      2.6528      6144        3           
[1m(BM_SPMM_Grid<std::complex<double>, batchlas::Backend::CUDA>)[0m2048    3       12      128     0       0       1       1       100         0.42215     0.00055710  59431.      178.84      278.20      3.2980      6144        3           
[1m(BM_SPMM_Grid<std::complex<double>, batchlas::Backend::CUDA>)[0m2048    3       12      256     0       0       1       1       100         1.0407      0.0056571   59431.      145.09      225.70      4.0651      6144        3           
[1m(BM_SPMM_Grid<std::complex<double>, batchlas::Backend::CUDA>)[0m2048    3       12      512     0       0       1       1       100         2.0089      0.0023224   59431.      150.32      233.84      3.9237      6144        3           
[1m(BM_SPMM_Grid<std::complex<double>, batchlas::Backend::CUDA>)[0m2048    3       12      1024    0       0       1       1       100         4.0018      0.0042669   59431.      150.93      234.78      3.9080      6144        3           
[1m(BM_SPMM_Grid<std::complex<double>, batchlas::Backend::CUDA>)[0m2048    16      1       128     0       0       1       1       100         0.29355     0.0065603   25507.      114.31      317.92      2.2934      32768       16          
[1m(BM_SPMM_Grid<std::complex<double>, batchlas::Backend::CUDA>)[0m2048    16      1       256     0       0       1       1       100         0.55213     0.028330    25507.      121.54      338.05      2.1568      32768       16          
[1m(BM_SPMM_Grid<std::complex<double>, batchlas::Backend::CUDA>)[0m2048    16      1       512     0       0       1       1       100         1.0101      0.0017722   25507.      132.87      369.55      1.9729      32768       16          
[1m(BM_SPMM_Grid<std::complex<double>, batchlas::Backend::CUDA>)[0m2048    16      1       1024    0       0       1       1       100         2.0050      0.0019279   25507.      133.89      372.37      1.9580      32768       16          
[1m(BM_SPMM_Grid<std::complex<double>, batchlas::Backend::CUDA>)[0m2048    16      2       128     0       0       1       1       100         0.35382     0.00030621  51459.      189.67      287.47      2.7642      32768       16          
[1m(BM_SPMM_Grid<std::complex<double>, batchlas::Backend::CUDA>)[0m2048    16      2       256     0       0       1       1       100         0.69369     0.00061176  51459.      193.48      293.25      2.7097      32768       16          
[1m(BM_SPMM_Grid<std::complex<double>, batchlas::Backend::CUDA>)[0m2048    16      2       512     0       0       1       1       100         1.3754      0.0020526   51459.      195.17      295.80      2.6864      32768       16          
[1m(BM_SPMM_Grid<std::complex<double>, batchlas::Backend::CUDA>)[0m2048    16      2       1024    0       0       1       1       100         2.8728      0.0032496   51459.      186.88      283.24      2.8055      32768       16          
[1m(BM_SPMM_Grid<std::complex<double>, batchlas::Backend::CUDA>)[0m2048    16      4       128     0       0       1       1       100         0.62548     0.0010682   1.0208e+05  214.58      189.44      4.8865      32768       16          
[1m(BM_SPMM_Grid<std::complex<double>, batchlas::Backend::CUDA>)[0m2048    16      4       256     0       0       1       1       100         1.2313      0.0039637   1.0208e+05  218.00      192.46      4.8099      32768       16          
[1m(BM_SPMM_Grid<std::complex<double>, batchlas::Backend::CUDA>)[0m2048    16      4       512     0       0       1       1       100         2.5544      0.012792    1.0208e+05  210.17      185.54      4.9891      32768       16          
[1m(BM_SPMM_Grid<std::complex<double>, batchlas::Backend::CUDA>)[0m2048    16      4       1024    0       0       1       1       78          5.1525      0.077413    1.0208e+05  208.39      183.97      5.0318      32768       16          
[1m(BM_SPMM_Grid<std::complex<double>, batchlas::Backend::CUDA>)[0m2048    16      8       128     0       0       1       1       100         1.0572      0.00089561  2.0361e+05  253.92      143.82      8.2593      32768       16          
[1m(BM_SPMM_Grid<std::complex<double>, batchlas::Backend::CUDA>)[0m2048    16      8       256     0       0       1       1       100         2.3486      0.018303    2.0361e+05  228.59      129.48      9.1742      32768       16          
[1m(BM_SPMM_Grid<std::complex<double>, batchlas::Backend::CUDA>)[0m2048    16      8       512     0       0       1       1       86          4.6620      0.0025850   2.0361e+05  230.32      130.45      9.1055      32768       16          
[1m(BM_SPMM_Grid<std::complex<double>, batchlas::Backend::CUDA>)[0m2048    16      8       1024    0       0       1       1       43          9.3635      0.10419     2.0361e+05  229.35      129.90      9.1441      32768       16          
[1m(BM_SPMM_Grid<std::complex<double>, batchlas::Backend::CUDA>)[0m2048    16      12      128     0       0       1       1       100         1.6264      0.0016066   3.0628e+05  247.57      114.12      12.706      32768       16          
[1m(BM_SPMM_Grid<std::complex<double>, batchlas::Backend::CUDA>)[0m2048    16      12      256     0       0       1       1       100         3.4350      0.0034726   3.0628e+05  234.44      108.06      13.418      32768       16          
[1m(BM_SPMM_Grid<std::complex<double>, batchlas::Backend::CUDA>)[0m2048    16      12      512     0       0       1       1       58          6.9022      0.046094    3.0628e+05  233.35      107.56      13.481      32768       16          
[1m(BM_SPMM_Grid<std::complex<double>, batchlas::Backend::CUDA>)[0m2048    16      12      1024    0       0       1       1       29          13.888      0.047331    3.0628e+05  231.94      106.91      13.563      32768       16          
2775 MHz, 63
