2775 MHz, 60
[1;36mName                                              Arg0    Arg1    Arg2    Arg3    Arg4    Arg5    Arg6    Arg7    Iter        Avg(ms)     Std(ms)     chk         GFLOPS      GB/s        Time (µs) / matrixnnz/item    nnz/row     [0m
[1m(BM_SPMM_Grid<std::complex<float>, batchlas::Backend::CUDA>)[0m1024    3       1       128     0       0       1       1       100         0.049459    2.9485e-05  2521.9      63.603      148.42      0.38640     3072        3           
[1m(BM_SPMM_Grid<std::complex<float>, batchlas::Backend::CUDA>)[0m1024    3       1       256     0       0       1       1       100         0.087504    0.00015889  2521.9      71.899      167.78      0.34181     3072        3           
[1m(BM_SPMM_Grid<std::complex<float>, batchlas::Backend::CUDA>)[0m1024    3       1       512     0       0       1       1       100         0.16507     0.0011207   2521.9      76.229      177.88      0.32240     3072        3           
[1m(BM_SPMM_Grid<std::complex<float>, batchlas::Backend::CUDA>)[0m1024    3       1       1024    0       0       1       1       100         0.31987     0.00021029  2521.9      78.675      183.59      0.31237     3072        3           
[1m(BM_SPMM_Grid<std::complex<float>, batchlas::Backend::CUDA>)[0m1024    3       2       128     0       0       1       1       100         0.051214    3.4476e-05  4971.2      122.85      184.28      0.40011     3072        3           
[1m(BM_SPMM_Grid<std::complex<float>, batchlas::Backend::CUDA>)[0m1024    3       2       256     0       0       1       1       100         0.089453    5.1386e-05  4971.2      140.67      211.01      0.34943     3072        3           
[1m(BM_SPMM_Grid<std::complex<float>, batchlas::Backend::CUDA>)[0m1024    3       2       512     0       0       1       1       100         0.16682     0.00018002  4971.2      150.85      226.29      0.32582     3072        3           
[1m(BM_SPMM_Grid<std::complex<float>, batchlas::Backend::CUDA>)[0m1024    3       2       1024    0       0       1       1       100         0.32210     0.0022771   4971.2      156.26      234.41      0.31455     3072        3           
[1m(BM_SPMM_Grid<std::complex<float>, batchlas::Backend::CUDA>)[0m1024    3       4       128     0       0       1       1       100         0.070613    0.0040591   9997.3      178.20      193.05      0.55166     3072        3           
[1m(BM_SPMM_Grid<std::complex<float>, batchlas::Backend::CUDA>)[0m1024    3       4       256     0       0       1       1       100         0.13330     0.0015764   9997.3      188.79      204.53      0.52071     3072        3           
[1m(BM_SPMM_Grid<std::complex<float>, batchlas::Backend::CUDA>)[0m1024    3       4       512     0       0       1       1       100         0.24765     0.0041544   9997.3      203.24      220.18      0.48368     3072        3           
[1m(BM_SPMM_Grid<std::complex<float>, batchlas::Backend::CUDA>)[0m1024    3       4       1024    0       0       1       1       100         0.46826     0.0051970   9997.3      214.97      232.90      0.45728     3072        3           
[1m(BM_SPMM_Grid<std::complex<float>, batchlas::Backend::CUDA>)[0m1024    3       8       128     0       0       1       1       100         0.11964     0.0021034   19846.      210.34      184.05      0.93471     3072        3           
[1m(BM_SPMM_Grid<std::complex<float>, batchlas::Backend::CUDA>)[0m1024    3       8       256     0       0       1       1       100         0.20593     0.00035071  19846.      244.42      213.87      0.80440     3072        3           
[1m(BM_SPMM_Grid<std::complex<float>, batchlas::Backend::CUDA>)[0m1024    3       8       512     0       0       1       1       100         0.41021     0.012758    19846.      245.40      214.73      0.80119     3072        3           
[1m(BM_SPMM_Grid<std::complex<float>, batchlas::Backend::CUDA>)[0m1024    3       8       1024    0       0       1       1       100         0.97353     0.011871    19846.      206.80      180.95      0.95072     3072        3           
[1m(BM_SPMM_Grid<std::complex<float>, batchlas::Backend::CUDA>)[0m1024    3       12      128     0       0       1       1       100         0.15538     0.0011848   29807.      242.95      195.71      1.2139      3072        3           
[1m(BM_SPMM_Grid<std::complex<float>, batchlas::Backend::CUDA>)[0m1024    3       12      256     0       0       1       1       100         0.29305     0.0020863   29807.      257.63      207.54      1.1447      3072        3           
[1m(BM_SPMM_Grid<std::complex<float>, batchlas::Backend::CUDA>)[0m1024    3       12      512     0       0       1       1       100         0.62272     0.00033455  29807.      242.47      195.33      1.2163      3072        3           
[1m(BM_SPMM_Grid<std::complex<float>, batchlas::Backend::CUDA>)[0m1024    3       12      1024    0       0       1       1       100         1.4005      0.0023510   29807.      215.62      173.70      1.3677      3072        3           
[1m(BM_SPMM_Grid<std::complex<float>, batchlas::Backend::CUDA>)[0m1024    16      1       128     0       0       1       1       100         0.12658     0.00018392  12782.      132.54      219.52      0.98894     16384       16          
[1m(BM_SPMM_Grid<std::complex<float>, batchlas::Backend::CUDA>)[0m1024    16      1       256     0       0       1       1       100         0.23986     0.00028245  12782.      139.89      231.70      0.93696     16384       16          
[1m(BM_SPMM_Grid<std::complex<float>, batchlas::Backend::CUDA>)[0m1024    16      1       512     0       0       1       1       100         0.46934     0.00075194  12782.      142.99      236.83      0.91667     16384       16          
[1m(BM_SPMM_Grid<std::complex<float>, batchlas::Backend::CUDA>)[0m1024    16      1       1024    0       0       1       1       100         0.92707     0.00057451  12782.      144.78      239.79      0.90534     16384       16          
[1m(BM_SPMM_Grid<std::complex<float>, batchlas::Backend::CUDA>)[0m1024    16      2       128     0       0       1       1       100         0.20128     0.0010722   25400.      166.70      148.47      1.5725      16384       16          
[1m(BM_SPMM_Grid<std::complex<float>, batchlas::Backend::CUDA>)[0m1024    16      2       256     0       0       1       1       100         0.41656     0.0015302   25400.      161.10      143.48      1.6272      16384       16          
[1m(BM_SPMM_Grid<std::complex<float>, batchlas::Backend::CUDA>)[0m1024    16      2       512     0       0       1       1       100         0.81620     0.0021596   25400.      164.44      146.46      1.5941      16384       16          
[1m(BM_SPMM_Grid<std::complex<float>, batchlas::Backend::CUDA>)[0m1024    16      2       1024    0       0       1       1       100         1.5303      0.019812    25400.      175.41      156.23      1.4944      16384       16          
[1m(BM_SPMM_Grid<std::complex<float>, batchlas::Backend::CUDA>)[0m1024    16      4       128     0       0       1       1       100         0.32921     0.0016706   51229.      203.85      103.52      2.5719      16384       16          
[1m(BM_SPMM_Grid<std::complex<float>, batchlas::Backend::CUDA>)[0m1024    16      4       256     0       0       1       1       100         0.65546     0.012591    51229.      204.77      103.99      2.5604      16384       16          
[1m(BM_SPMM_Grid<std::complex<float>, batchlas::Backend::CUDA>)[0m1024    16      4       512     0       0       1       1       100         1.3336      0.019050    51229.      201.29      102.22      2.6046      16384       16          
[1m(BM_SPMM_Grid<std::complex<float>, batchlas::Backend::CUDA>)[0m1024    16      4       1024    0       0       1       1       100         2.6439      0.011627    51229.      203.06      103.12      2.5819      16384       16          
[1m(BM_SPMM_Grid<std::complex<float>, batchlas::Backend::CUDA>)[0m1024    16      8       128     0       0       1       1       100         0.63015     0.0061038   1.0191e+05  212.99      67.393      4.9231      16384       16          
[1m(BM_SPMM_Grid<std::complex<float>, batchlas::Backend::CUDA>)[0m1024    16      8       256     0       0       1       1       100         1.2321      0.011927    1.0191e+05  217.86      68.933      4.8131      16384       16          
[1m(BM_SPMM_Grid<std::complex<float>, batchlas::Backend::CUDA>)[0m1024    16      8       512     0       0       1       1       100         2.4467      0.0017461   1.0191e+05  219.42      69.427      4.7788      16384       16          
[1m(BM_SPMM_Grid<std::complex<float>, batchlas::Backend::CUDA>)[0m1024    16      8       1024    0       0       1       1       82          4.9367      0.0042940   1.0191e+05  217.50      68.820      4.8210      16384       16          
[1m(BM_SPMM_Grid<std::complex<float>, batchlas::Backend::CUDA>)[0m1024    16      12      128     0       0       1       1       100         0.89486     0.0011032   1.5324e+05  224.98      56.832      6.9911      16384       16          
[1m(BM_SPMM_Grid<std::complex<float>, batchlas::Backend::CUDA>)[0m1024    16      12      256     0       0       1       1       100         1.7978      0.0031171   1.5324e+05  223.97      56.577      7.0225      16384       16          
[1m(BM_SPMM_Grid<std::complex<float>, batchlas::Backend::CUDA>)[0m1024    16      12      512     0       0       1       1       100         3.5924      0.0067113   1.5324e+05  224.17      56.626      7.0165      16384       16          
[1m(BM_SPMM_Grid<std::complex<float>, batchlas::Backend::CUDA>)[0m1024    16      12      1024    0       0       1       1       56          7.2188      0.024353    1.5324e+05  223.11      56.360      7.0496      16384       16          
[1m(BM_SPMM_Grid<std::complex<float>, batchlas::Backend::CUDA>)[0m2048    3       1       128     0       0       1       1       100         0.087830    0.00083567  4963.1      71.632      167.15      0.68617     6144        3           
[1m(BM_SPMM_Grid<std::complex<float>, batchlas::Backend::CUDA>)[0m2048    3       1       256     0       0       1       1       100         0.16382     0.00019569  4963.1      76.811      179.23      0.63991     6144        3           
[1m(BM_SPMM_Grid<std::complex<float>, batchlas::Backend::CUDA>)[0m2048    3       1       512     0       0       1       1       100         0.31689     0.00016966  4963.1      79.414      185.31      0.61893     6144        3           
[1m(BM_SPMM_Grid<std::complex<float>, batchlas::Backend::CUDA>)[0m2048    3       1       1024    0       0       1       1       100         0.62465     0.00030832  4963.1      80.575      188.02      0.61001     6144        3           
[1m(BM_SPMM_Grid<std::complex<float>, batchlas::Backend::CUDA>)[0m2048    3       2       128     0       0       1       1       100         0.088918    4.1943e-05  10111.      141.51      212.27      0.69467     6144        3           
[1m(BM_SPMM_Grid<std::complex<float>, batchlas::Backend::CUDA>)[0m2048    3       2       256     0       0       1       1       100         0.16580     0.00014384  10111.      151.79      227.69      0.64764     6144        3           
[1m(BM_SPMM_Grid<std::complex<float>, batchlas::Backend::CUDA>)[0m2048    3       2       512     0       0       1       1       100         0.31896     0.00016466  10111.      157.80      236.70      0.62297     6144        3           
[1m(BM_SPMM_Grid<std::complex<float>, batchlas::Backend::CUDA>)[0m2048    3       2       1024    0       0       1       1       100         0.62708     0.00031685  10111.      160.53      240.80      0.61238     6144        3           
[1m(BM_SPMM_Grid<std::complex<float>, batchlas::Backend::CUDA>)[0m2048    3       4       128     0       0       1       1       100         0.12927     0.0014931   19918.      194.68      210.91      1.0099      6144        3           
[1m(BM_SPMM_Grid<std::complex<float>, batchlas::Backend::CUDA>)[0m2048    3       4       256     0       0       1       1       100         0.23500     0.00025135  19918.      214.18      232.03      0.91797     6144        3           
[1m(BM_SPMM_Grid<std::complex<float>, batchlas::Backend::CUDA>)[0m2048    3       4       512     0       0       1       1       100         0.45282     0.0057888   19918.      222.30      240.83      0.88441     6144        3           
[1m(BM_SPMM_Grid<std::complex<float>, batchlas::Backend::CUDA>)[0m2048    3       4       1024    0       0       1       1       100         1.0869      0.016119    19918.      185.24      200.68      1.0614      6144        3           
[1m(BM_SPMM_Grid<std::complex<float>, batchlas::Backend::CUDA>)[0m2048    3       8       128     0       0       1       1       100         0.19979     0.00014057  39482.      251.92      220.43      1.5609      6144        3           
[1m(BM_SPMM_Grid<std::complex<float>, batchlas::Backend::CUDA>)[0m2048    3       8       256     0       0       1       1       100         0.38813     0.0042432   39482.      259.35      226.94      1.5161      6144        3           
[1m(BM_SPMM_Grid<std::complex<float>, batchlas::Backend::CUDA>)[0m2048    3       8       512     0       0       1       1       100         0.93407     0.00043000  39482.      215.54      188.60      1.8244      6144        3           
[1m(BM_SPMM_Grid<std::complex<float>, batchlas::Backend::CUDA>)[0m2048    3       8       1024    0       0       1       1       100         1.9336      0.019635    39482.      208.24      182.21      1.8883      6144        3           
[1m(BM_SPMM_Grid<std::complex<float>, batchlas::Backend::CUDA>)[0m2048    3       12      128     0       0       1       1       100         0.28334     0.0011835   59431.      266.45      214.64      2.2136      6144        3           
[1m(BM_SPMM_Grid<std::complex<float>, batchlas::Backend::CUDA>)[0m2048    3       12      256     0       0       1       1       100         0.61471     0.00045434  59431.      245.64      197.87      2.4012      6144        3           
[1m(BM_SPMM_Grid<std::complex<float>, batchlas::Backend::CUDA>)[0m2048    3       12      512     0       0       1       1       100         1.4690      0.014226    59431.      205.58      165.60      2.8691      6144        3           
[1m(BM_SPMM_Grid<std::complex<float>, batchlas::Backend::CUDA>)[0m2048    3       12      1024    0       0       1       1       100         2.8232      0.022731    59431.      213.94      172.34      2.7570      6144        3           
[1m(BM_SPMM_Grid<std::complex<float>, batchlas::Backend::CUDA>)[0m2048    16      1       128     0       0       1       1       100         0.22601     0.0037067   25507.      148.46      245.90      1.7657      32768       16          
[1m(BM_SPMM_Grid<std::complex<float>, batchlas::Backend::CUDA>)[0m2048    16      1       256     0       0       1       1       100         0.43716     0.00046018  25507.      153.51      254.26      1.7076      32768       16          
[1m(BM_SPMM_Grid<std::complex<float>, batchlas::Backend::CUDA>)[0m2048    16      1       512     0       0       1       1       100         0.86537     0.0015517   25507.      155.10      256.89      1.6902      32768       16          
[1m(BM_SPMM_Grid<std::complex<float>, batchlas::Backend::CUDA>)[0m2048    16      1       1024    0       0       1       1       100         1.7237      0.0017886   25507.      155.73      257.93      1.6833      32768       16          
[1m(BM_SPMM_Grid<std::complex<float>, batchlas::Backend::CUDA>)[0m2048    16      2       128     0       0       1       1       100         0.38716     0.0013836   51459.      173.34      154.38      3.0247      32768       16          
[1m(BM_SPMM_Grid<std::complex<float>, batchlas::Backend::CUDA>)[0m2048    16      2       256     0       0       1       1       100         0.75766     0.0037595   51459.      177.15      157.77      2.9596      32768       16          
[1m(BM_SPMM_Grid<std::complex<float>, batchlas::Backend::CUDA>)[0m2048    16      2       512     0       0       1       1       100         1.4051      0.0012277   51459.      191.04      170.15      2.7444      32768       16          
[1m(BM_SPMM_Grid<std::complex<float>, batchlas::Backend::CUDA>)[0m2048    16      2       1024    0       0       1       1       100         2.7890      0.0078929   51459.      192.49      171.44      2.7237      32768       16          
[1m(BM_SPMM_Grid<std::complex<float>, batchlas::Backend::CUDA>)[0m2048    16      4       128     0       0       1       1       100         0.60384     0.012561    1.0208e+05  222.27      112.87      4.7175      32768       16          
[1m(BM_SPMM_Grid<std::complex<float>, batchlas::Backend::CUDA>)[0m2048    16      4       256     0       0       1       1       100         1.2271      0.026067    1.0208e+05  218.75      111.09      4.7934      32768       16          
[1m(BM_SPMM_Grid<std::complex<float>, batchlas::Backend::CUDA>)[0m2048    16      4       512     0       0       1       1       100         2.3475      0.0018388   1.0208e+05  228.70      116.14      4.5850      32768       16          
[1m(BM_SPMM_Grid<std::complex<float>, batchlas::Backend::CUDA>)[0m2048    16      4       1024    0       0       1       1       84          4.7695      0.014984    1.0208e+05  225.13      114.32      4.6577      32768       16          
[1m(BM_SPMM_Grid<std::complex<float>, batchlas::Backend::CUDA>)[0m2048    16      8       128     0       0       1       1       100         1.1329      0.0043529   2.0361e+05  236.94      74.968      8.8511      32768       16          
[1m(BM_SPMM_Grid<std::complex<float>, batchlas::Backend::CUDA>)[0m2048    16      8       256     0       0       1       1       100         2.2458      0.0016034   2.0361e+05  239.05      75.638      8.7728      32768       16          
[1m(BM_SPMM_Grid<std::complex<float>, batchlas::Backend::CUDA>)[0m2048    16      8       512     0       0       1       1       90          4.4529      0.0015972   2.0361e+05  241.13      76.296      8.6971      32768       16          
[1m(BM_SPMM_Grid<std::complex<float>, batchlas::Backend::CUDA>)[0m2048    16      8       1024    0       0       1       1       45          8.9305      0.0027760   2.0361e+05  240.47      76.085      8.7212      32768       16          
[1m(BM_SPMM_Grid<std::complex<float>, batchlas::Backend::CUDA>)[0m2048    16      12      128     0       0       1       1       100         1.6105      0.00070507  3.0628e+05  250.02      63.155      12.582      32768       16          
[1m(BM_SPMM_Grid<std::complex<float>, batchlas::Backend::CUDA>)[0m2048    16      12      256     0       0       1       1       100         3.2265      0.0014011   3.0628e+05  249.59      63.049      12.603      32768       16          
[1m(BM_SPMM_Grid<std::complex<float>, batchlas::Backend::CUDA>)[0m2048    16      12      512     0       0       1       1       62          6.5321      0.0024523   3.0628e+05  246.57      62.285      12.758      32768       16          
[1m(BM_SPMM_Grid<std::complex<float>, batchlas::Backend::CUDA>)[0m2048    16      12      1024    0       0       1       1       31          13.050      0.0021753   3.0628e+05  246.84      62.353      12.744      32768       16          
2775 MHz, 59
