2775 MHz, 63
[1;36mName                                              Arg0    Arg1    Arg2    Arg3    Arg4    Arg5    Arg6    Arg7    Iter        Avg(ms)     Std(ms)     chk         GFLOPS      GB/s        Time (µs) / matrixnnz/item    nnz/row     [0m
[1m(BM_SPMM_Grid<std::complex<double>, batchlas::Backend::CUDA>)[0m1024    3       1       128     0       0       1       1       100         0.022108    0.00011258  2521.9      142.29      569.17      0.17272     3072        3           
[1m(BM_SPMM_Grid<std::complex<double>, batchlas::Backend::CUDA>)[0m1024    3       1       256     0       0       1       1       100         0.037064    0.00011683  2521.9      169.74      679.00      0.14478     3072        3           
[1m(BM_SPMM_Grid<std::complex<double>, batchlas::Backend::CUDA>)[0m1024    3       1       512     0       0       1       1       100         0.066392    4.0995e-05  2521.9      189.52      758.13      0.12967     3072        3           
[1m(BM_SPMM_Grid<std::complex<double>, batchlas::Backend::CUDA>)[0m1024    3       1       1024    0       0       1       1       100         0.16246     0.0015985   2521.9      154.90      619.64      0.15865     3072        3           
[1m(BM_SPMM_Grid<std::complex<double>, batchlas::Backend::CUDA>)[0m1024    3       2       128     0       0       1       1       100         0.035797    0.00016101  4971.2      175.75      468.69      0.27967     3072        3           
[1m(BM_SPMM_Grid<std::complex<double>, batchlas::Backend::CUDA>)[0m1024    3       2       256     0       0       1       1       100         0.064222    0.00034138  4971.2      195.93      522.49      0.25087     3072        3           
[1m(BM_SPMM_Grid<std::complex<double>, batchlas::Backend::CUDA>)[0m1024    3       2       512     0       0       1       1       100         0.12138     0.00027494  4971.2      207.33      552.89      0.23707     3072        3           
[1m(BM_SPMM_Grid<std::complex<double>, batchlas::Backend::CUDA>)[0m1024    3       2       1024    0       0       1       1       100         0.31427     0.00041490  4971.2      160.16      427.09      0.30690     3072        3           
[1m(BM_SPMM_Grid<std::complex<double>, batchlas::Backend::CUDA>)[0m1024    3       4       128     0       0       1       1       100         0.063435    0.00017259  9997.3      198.36      396.73      0.49559     3072        3           
[1m(BM_SPMM_Grid<std::complex<double>, batchlas::Backend::CUDA>)[0m1024    3       4       256     0       0       1       1       100         0.11874     0.0025749   9997.3      211.95      423.90      0.46381     3072        3           
[1m(BM_SPMM_Grid<std::complex<double>, batchlas::Backend::CUDA>)[0m1024    3       4       512     0       0       1       1       100         0.27910     0.00041843  9997.3      180.33      360.68      0.54512     3072        3           
[1m(BM_SPMM_Grid<std::complex<double>, batchlas::Backend::CUDA>)[0m1024    3       4       1024    0       0       1       1       100         0.70027     0.00053551  9997.3      143.75      287.50      0.68386     3072        3           
[1m(BM_SPMM_Grid<std::complex<double>, batchlas::Backend::CUDA>)[0m1024    3       8       128     0       0       1       1       100         0.12601     0.0012297   19846.      199.71      332.86      0.98446     3072        3           
[1m(BM_SPMM_Grid<std::complex<double>, batchlas::Backend::CUDA>)[0m1024    3       8       256     0       0       1       1       100         0.26458     0.0012285   19846.      190.23      317.06      1.0335      3072        3           
[1m(BM_SPMM_Grid<std::complex<double>, batchlas::Backend::CUDA>)[0m1024    3       8       512     0       0       1       1       100         0.72840     0.0026340   19846.      138.20      230.33      1.4226      3072        3           
[1m(BM_SPMM_Grid<std::complex<double>, batchlas::Backend::CUDA>)[0m1024    3       8       1024    0       0       1       1       100         1.4522      0.011574    19846.      138.63      231.06      1.4182      3072        3           
[1m(BM_SPMM_Grid<std::complex<double>, batchlas::Backend::CUDA>)[0m1024    3       12      128     0       0       1       1       100         0.18807     0.00032379  29807.      200.72      312.24      1.4693      3072        3           
[1m(BM_SPMM_Grid<std::complex<double>, batchlas::Backend::CUDA>)[0m1024    3       12      256     0       0       1       1       100         0.50373     0.0015900   29807.      149.88      233.14      1.9677      3072        3           
[1m(BM_SPMM_Grid<std::complex<double>, batchlas::Backend::CUDA>)[0m1024    3       12      512     0       0       1       1       100         1.1567      0.0044968   29807.      130.54      203.06      2.2592      3072        3           
[1m(BM_SPMM_Grid<std::complex<double>, batchlas::Backend::CUDA>)[0m1024    3       12      1024    0       0       1       1       100         2.2248      0.0047988   29807.      135.74      211.15      2.1726      3072        3           
[1m(BM_SPMM_Grid<std::complex<double>, batchlas::Backend::CUDA>)[0m1024    16      1       128     0       0       1       1       100         0.12050     0.00018947  12782.      139.23      387.25      0.94138     16384       16          
[1m(BM_SPMM_Grid<std::complex<double>, batchlas::Backend::CUDA>)[0m1024    16      1       256     0       0       1       1       100         0.24188     0.00060182  12782.      138.72      385.83      0.94484     16384       16          
[1m(BM_SPMM_Grid<std::complex<double>, batchlas::Backend::CUDA>)[0m1024    16      1       512     0       0       1       1       100         0.54068     0.00069542  12782.      124.12      345.21      1.0560      16384       16          
[1m(BM_SPMM_Grid<std::complex<double>, batchlas::Backend::CUDA>)[0m1024    16      1       1024    0       0       1       1       100         1.1090      0.015716    12782.      121.03      336.61      1.0830      16384       16          
[1m(BM_SPMM_Grid<std::complex<double>, batchlas::Backend::CUDA>)[0m1024    16      2       128     0       0       1       1       100         0.19756     0.0019372   25400.      169.85      257.43      1.5434      16384       16          
[1m(BM_SPMM_Grid<std::complex<double>, batchlas::Backend::CUDA>)[0m1024    16      2       256     0       0       1       1       100         0.38985     0.0010290   25400.      172.14      260.90      1.5229      16384       16          
[1m(BM_SPMM_Grid<std::complex<double>, batchlas::Backend::CUDA>)[0m1024    16      2       512     0       0       1       1       100         0.79859     0.0013124   25400.      168.07      254.73      1.5598      16384       16          
[1m(BM_SPMM_Grid<std::complex<double>, batchlas::Backend::CUDA>)[0m1024    16      2       1024    0       0       1       1       100         1.6351      0.012388    25400.      164.17      248.83      1.5967      16384       16          
[1m(BM_SPMM_Grid<std::complex<double>, batchlas::Backend::CUDA>)[0m1024    16      4       128     0       0       1       1       100         0.33974     0.0020138   51229.      197.53      174.38      2.6542      16384       16          
[1m(BM_SPMM_Grid<std::complex<double>, batchlas::Backend::CUDA>)[0m1024    16      4       256     0       0       1       1       100         0.69397     0.0015241   51229.      193.41      170.74      2.7108      16384       16          
[1m(BM_SPMM_Grid<std::complex<double>, batchlas::Backend::CUDA>)[0m1024    16      4       512     0       0       1       1       100         1.3934      0.0055657   51229.      192.65      170.08      2.7214      16384       16          
[1m(BM_SPMM_Grid<std::complex<double>, batchlas::Backend::CUDA>)[0m1024    16      4       1024    0       0       1       1       100         2.8205      0.0057037   51229.      190.35      168.04      2.7544      16384       16          
[1m(BM_SPMM_Grid<std::complex<double>, batchlas::Backend::CUDA>)[0m1024    16      8       128     0       0       1       1       100         0.63971     0.0021262   1.0191e+05  209.81      118.84      4.9978      16384       16          
[1m(BM_SPMM_Grid<std::complex<double>, batchlas::Backend::CUDA>)[0m1024    16      8       256     0       0       1       1       100         1.3355      0.0057525   1.0191e+05  201.00      113.85      5.2168      16384       16          
[1m(BM_SPMM_Grid<std::complex<double>, batchlas::Backend::CUDA>)[0m1024    16      8       512     0       0       1       1       100         2.7286      0.0076964   1.0191e+05  196.75      111.44      5.3294      16384       16          
[1m(BM_SPMM_Grid<std::complex<double>, batchlas::Backend::CUDA>)[0m1024    16      8       1024    0       0       1       1       74          5.4067      0.0087845   1.0191e+05  198.59      112.49      5.2800      16384       16          
[1m(BM_SPMM_Grid<std::complex<double>, batchlas::Backend::CUDA>)[0m1024    16      12      128     0       0       1       1       100         0.97439     0.0018195   1.5324e+05  206.62      95.239      7.6124      16384       16          
[1m(BM_SPMM_Grid<std::complex<double>, batchlas::Backend::CUDA>)[0m1024    16      12      256     0       0       1       1       100         2.0758      0.011185    1.5324e+05  193.98      89.411      8.1086      16384       16          
[1m(BM_SPMM_Grid<std::complex<double>, batchlas::Backend::CUDA>)[0m1024    16      12      512     0       0       1       1       96          4.1667      0.010200    1.5324e+05  193.27      89.087      8.1380      16384       16          
[1m(BM_SPMM_Grid<std::complex<double>, batchlas::Backend::CUDA>)[0m1024    16      12      1024    0       0       1       1       49          8.1796      0.012987    1.5324e+05  196.91      90.762      7.9879      16384       16          
[1m(BM_SPMM_Grid<std::complex<double>, batchlas::Backend::CUDA>)[0m2048    3       1       128     0       0       1       1       100         0.035504    3.0689e-05  4963.1      177.21      708.84      0.27737     6144        3           
[1m(BM_SPMM_Grid<std::complex<double>, batchlas::Backend::CUDA>)[0m2048    3       1       256     0       0       1       1       100         0.063600    0.00017115  4963.1      197.85      791.40      0.24844     6144        3           
[1m(BM_SPMM_Grid<std::complex<double>, batchlas::Backend::CUDA>)[0m2048    3       1       512     0       0       1       1       100         0.15904     0.0015470   4963.1      158.24      632.95      0.31063     6144        3           
[1m(BM_SPMM_Grid<std::complex<double>, batchlas::Backend::CUDA>)[0m2048    3       1       1024    0       0       1       1       100         0.37726     0.0010860   4963.1      133.41      533.67      0.36842     6144        3           
[1m(BM_SPMM_Grid<std::complex<double>, batchlas::Backend::CUDA>)[0m2048    3       2       128     0       0       1       1       100         0.060734    5.1179e-05  10111.      207.18      552.49      0.47448     6144        3           
[1m(BM_SPMM_Grid<std::complex<double>, batchlas::Backend::CUDA>)[0m2048    3       2       256     0       0       1       1       100         0.11579     0.0016989   10111.      217.34      579.57      0.45231     6144        3           
[1m(BM_SPMM_Grid<std::complex<double>, batchlas::Backend::CUDA>)[0m2048    3       2       512     0       0       1       1       100         0.31095     0.0019520   10111.      161.86      431.65      0.60732     6144        3           
[1m(BM_SPMM_Grid<std::complex<double>, batchlas::Backend::CUDA>)[0m2048    3       2       1024    0       0       1       1       100         0.72558     0.0012096   10111.      138.73      369.96      0.70858     6144        3           
[1m(BM_SPMM_Grid<std::complex<double>, batchlas::Backend::CUDA>)[0m2048    3       4       128     0       0       1       1       100         0.11362     0.00031562  19918.      221.49      442.99      0.88764     6144        3           
[1m(BM_SPMM_Grid<std::complex<double>, batchlas::Backend::CUDA>)[0m2048    3       4       256     0       0       1       1       100         0.27646     0.00038648  19918.      182.06      364.12      1.0799      6144        3           
[1m(BM_SPMM_Grid<std::complex<double>, batchlas::Backend::CUDA>)[0m2048    3       4       512     0       0       1       1       100         0.71002     0.0010454   19918.      141.78      283.55      1.3868      6144        3           
[1m(BM_SPMM_Grid<std::complex<double>, batchlas::Backend::CUDA>)[0m2048    3       4       1024    0       0       1       1       100         1.4098      0.0023993   19918.      142.80      285.61      1.3768      6144        3           
[1m(BM_SPMM_Grid<std::complex<double>, batchlas::Backend::CUDA>)[0m2048    3       8       128     0       0       1       1       100         0.25932     0.0016161   39482.      194.09      323.49      2.0259      6144        3           
[1m(BM_SPMM_Grid<std::complex<double>, batchlas::Backend::CUDA>)[0m2048    3       8       256     0       0       1       1       100         0.74943     0.0016461   39482.      134.32      223.87      2.9275      6144        3           
[1m(BM_SPMM_Grid<std::complex<double>, batchlas::Backend::CUDA>)[0m2048    3       8       512     0       0       1       1       100         1.4924      0.0036891   39482.      134.90      224.84      2.9148      6144        3           
[1m(BM_SPMM_Grid<std::complex<double>, batchlas::Backend::CUDA>)[0m2048    3       8       1024    0       0       1       1       100         2.9552      0.0046693   39482.      136.25      227.09      2.8859      6144        3           
[1m(BM_SPMM_Grid<std::complex<double>, batchlas::Backend::CUDA>)[0m2048    3       12      128     0       0       1       1       100         0.50490     0.0019401   59431.      149.53      232.60      3.9445      6144        3           
[1m(BM_SPMM_Grid<std::complex<double>, batchlas::Backend::CUDA>)[0m2048    3       12      256     0       0       1       1       100         1.1539      0.0049987   59431.      130.86      203.56      4.5073      6144        3           
[1m(BM_SPMM_Grid<std::complex<double>, batchlas::Backend::CUDA>)[0m2048    3       12      512     0       0       1       1       100         2.2573      0.022598    59431.      133.78      208.11      4.4088      6144        3           
[1m(BM_SPMM_Grid<std::complex<double>, batchlas::Backend::CUDA>)[0m2048    3       12      1024    0       0       1       1       90          4.4874      0.017996    59431.      134.60      209.37      4.3822      6144        3           
[1m(BM_SPMM_Grid<std::complex<double>, batchlas::Backend::CUDA>)[0m2048    16      1       128     0       0       1       1       100         0.23407     0.00056142  25507.      143.35      398.70      1.8287      32768       16          
[1m(BM_SPMM_Grid<std::complex<double>, batchlas::Backend::CUDA>)[0m2048    16      1       256     0       0       1       1       100         0.54019     0.00091022  25507.      124.23      345.52      2.1101      32768       16          
[1m(BM_SPMM_Grid<std::complex<double>, batchlas::Backend::CUDA>)[0m2048    16      1       512     0       0       1       1       100         1.1119      0.0026764   25507.      120.71      335.73      2.1717      32768       16          
[1m(BM_SPMM_Grid<std::complex<double>, batchlas::Backend::CUDA>)[0m2048    16      1       1024    0       0       1       1       100         2.2691      0.0037703   25507.      118.30      329.03      2.2159      32768       16          
[1m(BM_SPMM_Grid<std::complex<double>, batchlas::Backend::CUDA>)[0m2048    16      2       128     0       0       1       1       100         0.36746     0.0011818   51459.      182.63      276.80      2.8708      32768       16          
[1m(BM_SPMM_Grid<std::complex<double>, batchlas::Backend::CUDA>)[0m2048    16      2       256     0       0       1       1       100         0.79278     0.0011779   51459.      169.30      256.60      3.0968      32768       16          
[1m(BM_SPMM_Grid<std::complex<double>, batchlas::Backend::CUDA>)[0m2048    16      2       512     0       0       1       1       100         1.6606      0.0034352   51459.      161.65      245.01      3.2433      32768       16          
[1m(BM_SPMM_Grid<std::complex<double>, batchlas::Backend::CUDA>)[0m2048    16      2       1024    0       0       1       1       100         3.3250      0.0039752   51459.      161.47      244.72      3.2471      32768       16          
[1m(BM_SPMM_Grid<std::complex<double>, batchlas::Backend::CUDA>)[0m2048    16      4       128     0       0       1       1       100         0.67261     0.00079667  1.0208e+05  199.55      176.17      5.2547      32768       16          
[1m(BM_SPMM_Grid<std::complex<double>, batchlas::Backend::CUDA>)[0m2048    16      4       256     0       0       1       1       100         1.4374      0.0036632   1.0208e+05  186.75      164.87      5.6147      32768       16          
[1m(BM_SPMM_Grid<std::complex<double>, batchlas::Backend::CUDA>)[0m2048    16      4       512     0       0       1       1       100         2.9028      0.0057241   1.0208e+05  184.95      163.28      5.6694      32768       16          
[1m(BM_SPMM_Grid<std::complex<double>, batchlas::Backend::CUDA>)[0m2048    16      4       1024    0       0       1       1       70          5.7756      0.014166    1.0208e+05  185.91      164.12      5.6403      32768       16          
[1m(BM_SPMM_Grid<std::complex<double>, batchlas::Backend::CUDA>)[0m2048    16      8       128     0       0       1       1       100         1.3576      0.011378    2.0361e+05  197.73      111.99      10.606      32768       16          
[1m(BM_SPMM_Grid<std::complex<double>, batchlas::Backend::CUDA>)[0m2048    16      8       256     0       0       1       1       100         2.7903      0.0082702   2.0361e+05  192.40      108.98      10.900      32768       16          
[1m(BM_SPMM_Grid<std::complex<double>, batchlas::Backend::CUDA>)[0m2048    16      8       512     0       0       1       1       73          5.5507      0.0076548   2.0361e+05  193.44      109.57      10.841      32768       16          
[1m(BM_SPMM_Grid<std::complex<double>, batchlas::Backend::CUDA>)[0m2048    16      8       1024    0       0       1       1       37          11.022      0.0097533   2.0361e+05  194.84      110.36      10.763      32768       16          
[1m(BM_SPMM_Grid<std::complex<double>, batchlas::Backend::CUDA>)[0m2048    16      12      128     0       0       1       1       100         2.0767      0.0073690   3.0628e+05  193.89      89.372      16.224      32768       16          
[1m(BM_SPMM_Grid<std::complex<double>, batchlas::Backend::CUDA>)[0m2048    16      12      256     0       0       1       1       97          4.1485      0.0097897   3.0628e+05  194.12      89.477      16.205      32768       16          
[1m(BM_SPMM_Grid<std::complex<double>, batchlas::Backend::CUDA>)[0m2048    16      12      512     0       0       1       1       49          8.2699      0.0082267   3.0628e+05  194.76      89.771      16.152      32768       16          
[1m(BM_SPMM_Grid<std::complex<double>, batchlas::Backend::CUDA>)[0m2048    16      12      1024    0       0       1       1       25          16.435      0.014720    3.0628e+05  196.00      90.343      16.050      32768       16          
2775 MHz, 60
