2775 MHz, 57
[1;36mName                                              Arg0    Arg1    Arg2    Arg3    Arg4    Arg5    Arg6    Arg7    Iter        Avg(ms)     Std(ms)     chk         GFLOPS      GB/s        Time (µs) / matrixnnz/item    nnz/row     [0m
[1m(BM_SPMM_Grid<float, batchlas::Backend::CUDA>)    [0m1024    3       1       128     0       0       1       1       100         0.010506    1.7369e-05  1134.1      74.856      449.18      0.082078    3072        3           
[1m(BM_SPMM_Grid<float, batchlas::Backend::CUDA>)    [0m1024    3       1       256     0       0       1       1       100         0.017589    2.9287e-05  1134.1      89.423      536.59      0.068707    3072        3           
[1m(BM_SPMM_Grid<float, batchlas::Backend::CUDA>)    [0m1024    3       1       512     0       0       1       1       100         0.029247    2.9634e-05  1134.1      107.56      645.42      0.057122    3072        3           
[1m(BM_SPMM_Grid<float, batchlas::Backend::CUDA>)    [0m1024    3       1       1024    0       0       1       1       100         0.053904    3.6432e-05  1134.1      116.72      700.37      0.052641    3072        3           
[1m(BM_SPMM_Grid<float, batchlas::Backend::CUDA>)    [0m1024    3       2       128     0       0       1       1       100         0.016111    2.3891e-05  2210.6      97.625      357.99      0.12587     3072        3           
[1m(BM_SPMM_Grid<float, batchlas::Backend::CUDA>)    [0m1024    3       2       256     0       0       1       1       100         0.029202    5.0567e-05  2210.6      107.72      395.02      0.11407     3072        3           
[1m(BM_SPMM_Grid<float, batchlas::Backend::CUDA>)    [0m1024    3       2       512     0       0       1       1       100         0.052343    5.1234e-05  2210.6      120.20      440.76      0.10223     3072        3           
[1m(BM_SPMM_Grid<float, batchlas::Backend::CUDA>)    [0m1024    3       2       1024    0       0       1       1       100         0.10033     0.00017062  2210.6      125.41      459.89      0.097980    3072        3           
[1m(BM_SPMM_Grid<float, batchlas::Backend::CUDA>)    [0m1024    3       4       128     0       0       1       1       100         0.028459    2.1958e-05  4394.9      110.53      276.35      0.22234     3072        3           
[1m(BM_SPMM_Grid<float, batchlas::Backend::CUDA>)    [0m1024    3       4       256     0       0       1       1       100         0.051411    4.0722e-05  4394.9      122.38      305.96      0.20082     3072        3           
[1m(BM_SPMM_Grid<float, batchlas::Backend::CUDA>)    [0m1024    3       4       512     0       0       1       1       100         0.097939    0.00021469  4394.9      128.48      321.21      0.19129     3072        3           
[1m(BM_SPMM_Grid<float, batchlas::Backend::CUDA>)    [0m1024    3       4       1024    0       0       1       1       100         0.19170     0.00019044  4394.9      131.27      328.21      0.18721     3072        3           
[1m(BM_SPMM_Grid<float, batchlas::Backend::CUDA>)    [0m1024    3       8       128     0       0       1       1       100         0.054202    2.4793e-05  8677.2      116.07      222.48      0.42345     3072        3           
[1m(BM_SPMM_Grid<float, batchlas::Backend::CUDA>)    [0m1024    3       8       256     0       0       1       1       100         0.10115     0.00020117  8677.2      124.39      238.43      0.39513     3072        3           
[1m(BM_SPMM_Grid<float, batchlas::Backend::CUDA>)    [0m1024    3       8       512     0       0       1       1       100         0.19629     0.00028610  8677.2      128.21      245.75      0.38337     3072        3           
[1m(BM_SPMM_Grid<float, batchlas::Backend::CUDA>)    [0m1024    3       8       1024    0       0       1       1       100         0.40733     0.00032276  8677.2      123.57      236.84      0.39778     3072        3           
[1m(BM_SPMM_Grid<float, batchlas::Backend::CUDA>)    [0m1024    3       12      128     0       0       1       1       100         0.083992    2.1165e-05  13024.      112.36      193.51      0.65619     3072        3           
[1m(BM_SPMM_Grid<float, batchlas::Backend::CUDA>)    [0m1024    3       12      256     0       0       1       1       100         0.15853     0.00043390  13024.      119.06      205.05      0.61926     3072        3           
[1m(BM_SPMM_Grid<float, batchlas::Backend::CUDA>)    [0m1024    3       12      512     0       0       1       1       100         0.30925     0.0022439   13024.      122.07      210.23      0.60401     3072        3           
[1m(BM_SPMM_Grid<float, batchlas::Backend::CUDA>)    [0m1024    3       12      1024    0       0       1       1       100         0.68473     0.0010309   13024.      110.26      189.90      0.66868     3072        3           
[1m(BM_SPMM_Grid<float, batchlas::Backend::CUDA>)    [0m1024    16      1       128     0       0       1       1       100         0.051138    0.00021087  4553.1      82.019      358.84      0.39952     16384       16          
[1m(BM_SPMM_Grid<float, batchlas::Backend::CUDA>)    [0m1024    16      1       256     0       0       1       1       100         0.11384     0.0022127   4553.1      73.689      322.40      0.44468     16384       16          
[1m(BM_SPMM_Grid<float, batchlas::Backend::CUDA>)    [0m1024    16      1       512     0       0       1       1       100         0.21057     0.00046706  4553.1      79.676      348.59      0.41126     16384       16          
[1m(BM_SPMM_Grid<float, batchlas::Backend::CUDA>)    [0m1024    16      1       1024    0       0       1       1       100         0.42956     0.00057839  4553.1      78.114      341.76      0.41949     16384       16          
[1m(BM_SPMM_Grid<float, batchlas::Backend::CUDA>)    [0m1024    16      2       128     0       0       1       1       100         0.087834    0.00013389  8975.8      95.506      220.86      0.68620     16384       16          
[1m(BM_SPMM_Grid<float, batchlas::Backend::CUDA>)    [0m1024    16      2       256     0       0       1       1       100         0.17620     0.0029863   8975.8      95.218      220.20      0.68828     16384       16          
[1m(BM_SPMM_Grid<float, batchlas::Backend::CUDA>)    [0m1024    16      2       512     0       0       1       1       100         0.32965     0.00060966  8975.8      101.79      235.39      0.64385     16384       16          
[1m(BM_SPMM_Grid<float, batchlas::Backend::CUDA>)    [0m1024    16      2       1024    0       0       1       1       100         0.66686     0.00054753  8975.8      100.63      232.72      0.65123     16384       16          
[1m(BM_SPMM_Grid<float, batchlas::Backend::CUDA>)    [0m1024    16      4       128     0       0       1       1       100         0.14980     0.00020058  18039.      112.00      143.50      1.1703      16384       16          
[1m(BM_SPMM_Grid<float, batchlas::Backend::CUDA>)    [0m1024    16      4       256     0       0       1       1       100         0.29730     0.0011539   18039.      112.86      144.61      1.1613      16384       16          
[1m(BM_SPMM_Grid<float, batchlas::Backend::CUDA>)    [0m1024    16      4       512     0       0       1       1       100         0.57774     0.00084513  18039.      116.16      148.83      1.1284      16384       16          
[1m(BM_SPMM_Grid<float, batchlas::Backend::CUDA>)    [0m1024    16      4       1024    0       0       1       1       100         1.1582      0.0032995   18039.      115.89      148.49      1.1310      16384       16          
[1m(BM_SPMM_Grid<float, batchlas::Backend::CUDA>)    [0m1024    16      8       128     0       0       1       1       100         0.31054     0.00039713  35801.      108.05      82.728      2.4261      16384       16          
[1m(BM_SPMM_Grid<float, batchlas::Backend::CUDA>)    [0m1024    16      8       256     0       0       1       1       100         0.61440     0.0011794   35801.      109.23      83.628      2.4000      16384       16          
[1m(BM_SPMM_Grid<float, batchlas::Backend::CUDA>)    [0m1024    16      8       512     0       0       1       1       100         1.2071      0.0044332   35801.      111.19      85.133      2.3576      16384       16          
[1m(BM_SPMM_Grid<float, batchlas::Backend::CUDA>)    [0m1024    16      8       1024    0       0       1       1       100         2.3867      0.0048957   35801.      112.47      86.112      2.3308      16384       16          
[1m(BM_SPMM_Grid<float, batchlas::Backend::CUDA>)    [0m1024    16      12      128     0       0       1       1       100         0.51840     0.00033520  53883.      97.091      57.649      4.0500      16384       16          
[1m(BM_SPMM_Grid<float, batchlas::Backend::CUDA>)    [0m1024    16      12      256     0       0       1       1       100         0.98709     0.0032959   53883.      101.98      60.551      3.8558      16384       16          
[1m(BM_SPMM_Grid<float, batchlas::Backend::CUDA>)    [0m1024    16      12      512     0       0       1       1       100         1.9301      0.0074640   53883.      104.31      61.934      3.7698      16384       16          
[1m(BM_SPMM_Grid<float, batchlas::Backend::CUDA>)    [0m1024    16      12      1024    0       0       1       1       100         3.8197      0.0072535   53883.      105.41      62.591      3.7302      16384       16          
[1m(BM_SPMM_Grid<float, batchlas::Backend::CUDA>)    [0m2048    3       1       128     0       0       1       1       100         0.016763    2.5728e-05  2184.2      93.827      562.99      0.13096     6144        3           
[1m(BM_SPMM_Grid<float, batchlas::Backend::CUDA>)    [0m2048    3       1       256     0       0       1       1       100         0.028380    2.1732e-05  2184.2      110.84      665.10      0.11086     6144        3           
[1m(BM_SPMM_Grid<float, batchlas::Backend::CUDA>)    [0m2048    3       1       512     0       0       1       1       100         0.052324    0.00011816  2184.2      120.24      721.48      0.10220     6144        3           
[1m(BM_SPMM_Grid<float, batchlas::Backend::CUDA>)    [0m2048    3       1       1024    0       0       1       1       100         0.10084     9.6470e-05  2184.2      124.78      748.69      0.098481    6144        3           
[1m(BM_SPMM_Grid<float, batchlas::Backend::CUDA>)    [0m2048    3       2       128     0       0       1       1       100         0.028850    5.0169e-05  4415.0      109.04      399.82      0.22539     6144        3           
[1m(BM_SPMM_Grid<float, batchlas::Backend::CUDA>)    [0m2048    3       2       256     0       0       1       1       100         0.050855    5.8609e-05  4415.0      123.71      453.64      0.19865     6144        3           
[1m(BM_SPMM_Grid<float, batchlas::Backend::CUDA>)    [0m2048    3       2       512     0       0       1       1       100         0.097149    0.00026561  4415.0      129.52      474.94      0.18974     6144        3           
[1m(BM_SPMM_Grid<float, batchlas::Backend::CUDA>)    [0m2048    3       2       1024    0       0       1       1       100         0.20181     0.00019417  4415.0      124.70      457.25      0.19708     6144        3           
[1m(BM_SPMM_Grid<float, batchlas::Backend::CUDA>)    [0m2048    3       4       128     0       0       1       1       100         0.050608    4.6610e-05  8708.1      124.32      310.80      0.39538     6144        3           
[1m(BM_SPMM_Grid<float, batchlas::Backend::CUDA>)    [0m2048    3       4       256     0       0       1       1       100         0.095924    5.5001e-05  8708.1      131.18      327.95      0.37470     6144        3           
[1m(BM_SPMM_Grid<float, batchlas::Backend::CUDA>)    [0m2048    3       4       512     0       0       1       1       100         0.18703     0.0017808   8708.1      134.56      336.40      0.36529     6144        3           
[1m(BM_SPMM_Grid<float, batchlas::Backend::CUDA>)    [0m2048    3       4       1024    0       0       1       1       100         0.41301     0.00030719  8708.1      121.87      304.67      0.40333     6144        3           
[1m(BM_SPMM_Grid<float, batchlas::Backend::CUDA>)    [0m2048    3       8       128     0       0       1       1       100         0.10279     0.0020616   17237.      122.41      234.63      0.80307     6144        3           
[1m(BM_SPMM_Grid<float, batchlas::Backend::CUDA>)    [0m2048    3       8       256     0       0       1       1       100         0.19579     0.00023767  17237.      128.53      246.36      0.76481     6144        3           
[1m(BM_SPMM_Grid<float, batchlas::Backend::CUDA>)    [0m2048    3       8       512     0       0       1       1       100         0.41346     0.00031011  17237.      121.73      233.33      0.80754     6144        3           
[1m(BM_SPMM_Grid<float, batchlas::Backend::CUDA>)    [0m2048    3       8       1024    0       0       1       1       100         0.93070     0.00048516  17237.      108.16      207.31      0.90889     6144        3           
[1m(BM_SPMM_Grid<float, batchlas::Backend::CUDA>)    [0m2048    3       12      128     0       0       1       1       100         0.16343     0.00036263  25776.      115.49      198.91      1.2768      6144        3           
[1m(BM_SPMM_Grid<float, batchlas::Backend::CUDA>)    [0m2048    3       12      256     0       0       1       1       100         0.31419     0.0014250   25776.      120.14      206.92      1.2273      6144        3           
[1m(BM_SPMM_Grid<float, batchlas::Backend::CUDA>)    [0m2048    3       12      512     0       0       1       1       100         0.70670     0.00080903  25776.      106.83      183.99      1.3803      6144        3           
[1m(BM_SPMM_Grid<float, batchlas::Backend::CUDA>)    [0m2048    3       12      1024    0       0       1       1       100         1.4959      0.0022359   25776.      100.94      173.84      1.4608      6144        3           
[1m(BM_SPMM_Grid<float, batchlas::Backend::CUDA>)    [0m2048    16      1       128     0       0       1       1       100         0.12323     0.00043322  9037.6      68.071      297.81      0.96276     32768       16          
[1m(BM_SPMM_Grid<float, batchlas::Backend::CUDA>)    [0m2048    16      1       256     0       0       1       1       100         0.22806     0.00041144  9037.6      73.566      321.86      0.89084     32768       16          
[1m(BM_SPMM_Grid<float, batchlas::Backend::CUDA>)    [0m2048    16      1       512     0       0       1       1       100         0.46937     0.00047257  9037.6      71.489      312.77      0.91673     32768       16          
[1m(BM_SPMM_Grid<float, batchlas::Backend::CUDA>)    [0m2048    16      1       1024    0       0       1       1       100         0.92389     0.0036764   9037.6      72.637      317.79      0.90224     32768       16          
[1m(BM_SPMM_Grid<float, batchlas::Backend::CUDA>)    [0m2048    16      2       128     0       0       1       1       100         0.19253     0.00071206  18192.      87.141      201.52      1.5041      32768       16          
[1m(BM_SPMM_Grid<float, batchlas::Backend::CUDA>)    [0m2048    16      2       256     0       0       1       1       100         0.36851     0.00062523  18192.      91.055      210.57      1.4395      32768       16          
[1m(BM_SPMM_Grid<float, batchlas::Backend::CUDA>)    [0m2048    16      2       512     0       0       1       1       100         0.73806     0.00076581  18192.      90.926      210.27      1.4415      32768       16          
[1m(BM_SPMM_Grid<float, batchlas::Backend::CUDA>)    [0m2048    16      2       1024    0       0       1       1       100         1.4562      0.0032432   18192.      92.169      213.14      1.4221      32768       16          
[1m(BM_SPMM_Grid<float, batchlas::Backend::CUDA>)    [0m2048    16      4       128     0       0       1       1       100         0.34382     0.00096347  36075.      97.592      125.04      2.6861      32768       16          
[1m(BM_SPMM_Grid<float, batchlas::Backend::CUDA>)    [0m2048    16      4       256     0       0       1       1       100         0.65473     0.0010252   36075.      102.50      131.33      2.5576      32768       16          
[1m(BM_SPMM_Grid<float, batchlas::Backend::CUDA>)    [0m2048    16      4       512     0       0       1       1       100         1.3158      0.0053558   36075.      102.01      130.70      2.5699      32768       16          
[1m(BM_SPMM_Grid<float, batchlas::Backend::CUDA>)    [0m2048    16      4       1024    0       0       1       1       100         2.5389      0.0054686   36075.      105.73      135.46      2.4794      32768       16          
[1m(BM_SPMM_Grid<float, batchlas::Backend::CUDA>)    [0m2048    16      8       128     0       0       1       1       100         0.67513     0.0017023   71726.      99.401      76.105      5.2745      32768       16          
[1m(BM_SPMM_Grid<float, batchlas::Backend::CUDA>)    [0m2048    16      8       256     0       0       1       1       100         1.3059      0.0072421   71726.      102.77      78.687      5.1014      32768       16          
[1m(BM_SPMM_Grid<float, batchlas::Backend::CUDA>)    [0m2048    16      8       512     0       0       1       1       100         2.6247      0.0086173   71726.      102.27      78.303      5.1264      32768       16          
[1m(BM_SPMM_Grid<float, batchlas::Backend::CUDA>)    [0m2048    16      8       1024    0       0       1       1       77          5.2039      0.0094117   71726.      103.17      78.987      5.0820      32768       16          
[1m(BM_SPMM_Grid<float, batchlas::Backend::CUDA>)    [0m2048    16      12      128     0       0       1       1       100         1.0580      0.0055824   1.0758e+05  95.142      56.491      8.2659      32768       16          
[1m(BM_SPMM_Grid<float, batchlas::Backend::CUDA>)    [0m2048    16      12      256     0       0       1       1       100         2.1100      0.0088459   1.0758e+05  95.418      56.655      8.2420      32768       16          
[1m(BM_SPMM_Grid<float, batchlas::Backend::CUDA>)    [0m2048    16      12      512     0       0       1       1       100         3.9520      0.0088006   1.0758e+05  101.89      60.495      7.7188      32768       16          
[1m(BM_SPMM_Grid<float, batchlas::Backend::CUDA>)    [0m2048    16      12      1024    0       0       1       1       52          7.6940      0.0092286   1.0758e+05  104.67      62.147      7.5137      32768       16          
2775 MHz, 58
