2775 MHz, 59
[1;36mName                                              Arg0    Arg1    Arg2    Arg3    Arg4    Arg5    Arg6    Arg7    Iter        Avg(ms)     Std(ms)     chk         GFLOPS      GB/s        Time (µs) / matrixnnz/item    nnz/row     [0m
[1m(BM_SPMM_Grid<double, batchlas::Backend::CUDA>)   [0m1024    3       1       128     0       0       1       1       100         0.011176    0.0014717   1134.1      70.367      656.81      0.087313    3072        3           
[1m(BM_SPMM_Grid<double, batchlas::Backend::CUDA>)   [0m1024    3       1       256     0       0       1       1       100         0.018455    2.4260e-05  1134.1      85.228      795.52      0.072089    3072        3           
[1m(BM_SPMM_Grid<double, batchlas::Backend::CUDA>)   [0m1024    3       1       512     0       0       1       1       100         0.032454    3.7255e-05  1134.1      96.930      904.74      0.063386    3072        3           
[1m(BM_SPMM_Grid<double, batchlas::Backend::CUDA>)   [0m1024    3       1       1024    0       0       1       1       100         0.059273    0.00015153  1134.1      106.14      990.75      0.057884    3072        3           
[1m(BM_SPMM_Grid<double, batchlas::Backend::CUDA>)   [0m1024    3       2       128     0       0       1       1       100         0.017925    0.00076237  2210.6      87.745      526.50      0.14004     3072        3           
[1m(BM_SPMM_Grid<double, batchlas::Backend::CUDA>)   [0m1024    3       2       256     0       0       1       1       100         0.031918    0.00011816  2210.6      98.558      591.38      0.12468     3072        3           
[1m(BM_SPMM_Grid<double, batchlas::Backend::CUDA>)   [0m1024    3       2       512     0       0       1       1       100         0.058834    0.00013814  2210.6      106.94      641.65      0.11491     3072        3           
[1m(BM_SPMM_Grid<double, batchlas::Backend::CUDA>)   [0m1024    3       2       1024    0       0       1       1       100         0.11188     0.00016115  2210.6      112.47      674.84      0.10926     3072        3           
[1m(BM_SPMM_Grid<double, batchlas::Backend::CUDA>)   [0m1024    3       4       128     0       0       1       1       100         0.031846    0.00014696  4394.9      98.778      428.06      0.24880     3072        3           
[1m(BM_SPMM_Grid<double, batchlas::Backend::CUDA>)   [0m1024    3       4       256     0       0       1       1       100         0.059382    0.00010111  4394.9      105.95      459.13      0.23196     3072        3           
[1m(BM_SPMM_Grid<double, batchlas::Backend::CUDA>)   [0m1024    3       4       512     0       0       1       1       100         0.11052     0.00025782  4394.9      113.85      493.39      0.21585     3072        3           
[1m(BM_SPMM_Grid<double, batchlas::Backend::CUDA>)   [0m1024    3       4       1024    0       0       1       1       100         0.27052     0.00039306  4394.9      93.029      403.14      0.26418     3072        3           
[1m(BM_SPMM_Grid<double, batchlas::Backend::CUDA>)   [0m1024    3       8       128     0       0       1       1       100         0.058262    0.00018321  8677.2      107.99      377.96      0.45517     3072        3           
[1m(BM_SPMM_Grid<double, batchlas::Backend::CUDA>)   [0m1024    3       8       256     0       0       1       1       100         0.11418     0.00028665  8677.2      110.20      385.71      0.44603     3072        3           
[1m(BM_SPMM_Grid<double, batchlas::Backend::CUDA>)   [0m1024    3       8       512     0       0       1       1       100         0.24637     0.00051487  8677.2      102.15      357.52      0.48119     3072        3           
[1m(BM_SPMM_Grid<double, batchlas::Backend::CUDA>)   [0m1024    3       8       1024    0       0       1       1       100         0.67985     0.0013379   8677.2      74.033      259.12      0.66392     3072        3           
[1m(BM_SPMM_Grid<double, batchlas::Backend::CUDA>)   [0m1024    3       12      128     0       0       1       1       100         0.089409    0.00016551  13024.      105.55      340.11      0.69851     3072        3           
[1m(BM_SPMM_Grid<double, batchlas::Backend::CUDA>)   [0m1024    3       12      256     0       0       1       1       100         0.18261     0.00035404  13024.      103.36      333.06      0.71331     3072        3           
[1m(BM_SPMM_Grid<double, batchlas::Backend::CUDA>)   [0m1024    3       12      512     0       0       1       1       100         0.48690     0.0024492   13024.      77.528      249.82      0.95098     3072        3           
[1m(BM_SPMM_Grid<double, batchlas::Backend::CUDA>)   [0m1024    3       12      1024    0       0       1       1       100         1.1049      0.0025213   13024.      68.332      220.18      1.0790      3072        3           
[1m(BM_SPMM_Grid<double, batchlas::Backend::CUDA>)   [0m1024    16      1       128     0       0       1       1       100         0.072278    2.8402e-05  4553.1      58.030      384.46      0.56467     16384       16          
[1m(BM_SPMM_Grid<double, batchlas::Backend::CUDA>)   [0m1024    16      1       256     0       0       1       1       100         0.14255     0.0011922   4553.1      58.846      389.86      0.55684     16384       16          
[1m(BM_SPMM_Grid<double, batchlas::Backend::CUDA>)   [0m1024    16      1       512     0       0       1       1       100         0.29410     0.00060063  4553.1      57.046      377.94      0.57442     16384       16          
[1m(BM_SPMM_Grid<double, batchlas::Backend::CUDA>)   [0m1024    16      1       1024    0       0       1       1       100         0.57868     0.00056268  4553.1      57.984      384.15      0.56512     16384       16          
[1m(BM_SPMM_Grid<double, batchlas::Backend::CUDA>)   [0m1024    16      2       128     0       0       1       1       100         0.11086     0.00015704  8975.8      75.667      269.57      0.86611     16384       16          
[1m(BM_SPMM_Grid<double, batchlas::Backend::CUDA>)   [0m1024    16      2       256     0       0       1       1       100         0.21669     0.00092245  8975.8      77.424      275.83      0.84646     16384       16          
[1m(BM_SPMM_Grid<double, batchlas::Backend::CUDA>)   [0m1024    16      2       512     0       0       1       1       100         0.43726     0.0016108   8975.8      76.738      273.38      0.85402     16384       16          
[1m(BM_SPMM_Grid<double, batchlas::Backend::CUDA>)   [0m1024    16      2       1024    0       0       1       1       100         0.86594     0.0025800   8975.8      77.499      276.09      0.84564     16384       16          
[1m(BM_SPMM_Grid<double, batchlas::Backend::CUDA>)   [0m1024    16      4       128     0       0       1       1       100         0.18458     0.0017208   18039.      90.893      184.63      1.4421      16384       16          
[1m(BM_SPMM_Grid<double, batchlas::Backend::CUDA>)   [0m1024    16      4       256     0       0       1       1       100         0.36429     0.0012808   18039.      92.110      187.10      1.4230      16384       16          
[1m(BM_SPMM_Grid<double, batchlas::Backend::CUDA>)   [0m1024    16      4       512     0       0       1       1       100         0.73745     0.0014343   18039.      91.001      184.85      1.4403      16384       16          
[1m(BM_SPMM_Grid<double, batchlas::Backend::CUDA>)   [0m1024    16      4       1024    0       0       1       1       100         1.4398      0.0046049   18039.      93.218      189.35      1.4061      16384       16          
[1m(BM_SPMM_Grid<double, batchlas::Backend::CUDA>)   [0m1024    16      8       128     0       0       1       1       100         0.35890     0.00027800  35801.      93.493      118.33      2.8039      16384       16          
[1m(BM_SPMM_Grid<double, batchlas::Backend::CUDA>)   [0m1024    16      8       256     0       0       1       1       100         0.72151     0.0025812   35801.      93.012      117.72      2.8184      16384       16          
[1m(BM_SPMM_Grid<double, batchlas::Backend::CUDA>)   [0m1024    16      8       512     0       0       1       1       100         1.4373      0.0060874   35801.      93.380      118.19      2.8073      16384       16          
[1m(BM_SPMM_Grid<double, batchlas::Backend::CUDA>)   [0m1024    16      8       1024    0       0       1       1       100         2.8903      0.0079485   35801.      92.875      117.55      2.8226      16384       16          
[1m(BM_SPMM_Grid<double, batchlas::Backend::CUDA>)   [0m1024    16      12      128     0       0       1       1       100         0.55425     0.00026599  53883.      90.810      91.757      4.3301      16384       16          
[1m(BM_SPMM_Grid<double, batchlas::Backend::CUDA>)   [0m1024    16      12      256     0       0       1       1       100         1.1432      0.0042644   53883.      88.055      88.973      4.4656      16384       16          
[1m(BM_SPMM_Grid<double, batchlas::Backend::CUDA>)   [0m1024    16      12      512     0       0       1       1       100         2.2186      0.0097710   53883.      90.745      91.691      4.3332      16384       16          
[1m(BM_SPMM_Grid<double, batchlas::Backend::CUDA>)   [0m1024    16      12      1024    0       0       1       1       91          4.4242      0.0091790   53883.      91.011      91.959      4.3206      16384       16          
[1m(BM_SPMM_Grid<double, batchlas::Backend::CUDA>)   [0m2048    3       1       128     0       0       1       1       100         0.017837    2.0712e-05  2184.2      88.182      823.06      0.13935     6144        3           
[1m(BM_SPMM_Grid<double, batchlas::Backend::CUDA>)   [0m2048    3       1       256     0       0       1       1       100         0.031347    2.6259e-05  2184.2      100.35      936.65      0.12245     6144        3           
[1m(BM_SPMM_Grid<double, batchlas::Backend::CUDA>)   [0m2048    3       1       512     0       0       1       1       100         0.057114    3.9828e-05  2184.2      110.16      1028.2      0.11155     6144        3           
[1m(BM_SPMM_Grid<double, batchlas::Backend::CUDA>)   [0m2048    3       1       1024    0       0       1       1       100         0.16645     0.00030030  2184.2      75.596      705.59      0.16255     6144        3           
[1m(BM_SPMM_Grid<double, batchlas::Backend::CUDA>)   [0m2048    3       2       128     0       0       1       1       100         0.030779    0.00016434  4415.0      102.20      613.24      0.24046     6144        3           
[1m(BM_SPMM_Grid<double, batchlas::Backend::CUDA>)   [0m2048    3       2       256     0       0       1       1       100         0.056954    0.00012925  4415.0      110.47      662.81      0.22248     6144        3           
[1m(BM_SPMM_Grid<double, batchlas::Backend::CUDA>)   [0m2048    3       2       512     0       0       1       1       100         0.11008     0.00013162  4415.0      114.31      685.87      0.21500     6144        3           
[1m(BM_SPMM_Grid<double, batchlas::Backend::CUDA>)   [0m2048    3       2       1024    0       0       1       1       100         0.29960     0.00035531  4415.0      83.997      503.99      0.29258     6144        3           
[1m(BM_SPMM_Grid<double, batchlas::Backend::CUDA>)   [0m2048    3       4       128     0       0       1       1       100         0.056762    9.9051e-05  8708.1      110.84      480.31      0.44345     6144        3           
[1m(BM_SPMM_Grid<double, batchlas::Backend::CUDA>)   [0m2048    3       4       256     0       0       1       1       100         0.10586     0.00027799  8708.1      118.86      515.08      0.41352     6144        3           
[1m(BM_SPMM_Grid<double, batchlas::Backend::CUDA>)   [0m2048    3       4       512     0       0       1       1       100         0.27175     0.00033811  8708.1      92.605      401.30      0.53077     6144        3           
[1m(BM_SPMM_Grid<double, batchlas::Backend::CUDA>)   [0m2048    3       4       1024    0       0       1       1       100         0.66946     0.00049842  8708.1      75.183      325.80      0.65377     6144        3           
[1m(BM_SPMM_Grid<double, batchlas::Backend::CUDA>)   [0m2048    3       8       128     0       0       1       1       100         0.10917     0.00025443  17237.      115.26      403.40      0.85292     6144        3           
[1m(BM_SPMM_Grid<double, batchlas::Backend::CUDA>)   [0m2048    3       8       256     0       0       1       1       100         0.24706     0.00045747  17237.      101.86      356.52      0.96506     6144        3           
[1m(BM_SPMM_Grid<double, batchlas::Backend::CUDA>)   [0m2048    3       8       512     0       0       1       1       100         0.68869     0.0024436   17237.      73.084      255.80      1.3451      6144        3           
[1m(BM_SPMM_Grid<double, batchlas::Backend::CUDA>)   [0m2048    3       8       1024    0       0       1       1       100         1.4011      0.015091    17237.      71.848      251.47      1.3682      6144        3           
[1m(BM_SPMM_Grid<double, batchlas::Backend::CUDA>)   [0m2048    3       12      128     0       0       1       1       100         0.16496     0.0015639   25776.      114.42      368.68      1.2887      6144        3           
[1m(BM_SPMM_Grid<double, batchlas::Backend::CUDA>)   [0m2048    3       12      256     0       0       1       1       100         0.47604     0.00079607  25776.      79.297      255.52      1.8595      6144        3           
[1m(BM_SPMM_Grid<double, batchlas::Backend::CUDA>)   [0m2048    3       12      512     0       0       1       1       100         1.1028      0.0021154   25776.      68.460      220.60      2.1539      6144        3           
[1m(BM_SPMM_Grid<double, batchlas::Backend::CUDA>)   [0m2048    3       12      1024    0       0       1       1       100         2.1739      0.015560    25776.      69.460      223.82      2.1229      6144        3           
[1m(BM_SPMM_Grid<double, batchlas::Backend::CUDA>)   [0m2048    16      1       128     0       0       1       1       100         0.14180     0.0012744   9037.6      59.160      391.94      1.1078      32768       16          
[1m(BM_SPMM_Grid<double, batchlas::Backend::CUDA>)   [0m2048    16      1       256     0       0       1       1       100         0.30320     0.00056381  9037.6      55.333      366.59      1.1844      32768       16          
[1m(BM_SPMM_Grid<double, batchlas::Backend::CUDA>)   [0m2048    16      1       512     0       0       1       1       100         0.59200     0.0012929   9037.6      56.680      375.51      1.1562      32768       16          
[1m(BM_SPMM_Grid<double, batchlas::Backend::CUDA>)   [0m2048    16      1       1024    0       0       1       1       100         1.1734      0.0017816   9037.6      57.190      378.88      1.1459      32768       16          
[1m(BM_SPMM_Grid<double, batchlas::Backend::CUDA>)   [0m2048    16      2       128     0       0       1       1       100         0.21954     0.0030699   18192.      76.420      272.25      1.7152      32768       16          
[1m(BM_SPMM_Grid<double, batchlas::Backend::CUDA>)   [0m2048    16      2       256     0       0       1       1       100         0.44078     0.00094461  18192.      76.125      271.20      1.7218      32768       16          
[1m(BM_SPMM_Grid<double, batchlas::Backend::CUDA>)   [0m2048    16      2       512     0       0       1       1       100         0.86858     0.00081131  18192.      77.262      275.25      1.6965      32768       16          
[1m(BM_SPMM_Grid<double, batchlas::Backend::CUDA>)   [0m2048    16      2       1024    0       0       1       1       100         1.7309      0.0031721   18192.      77.540      276.24      1.6904      32768       16          
[1m(BM_SPMM_Grid<double, batchlas::Backend::CUDA>)   [0m2048    16      4       128     0       0       1       1       100         0.36769     0.00089266  36075.      91.259      185.37      2.8725      32768       16          
[1m(BM_SPMM_Grid<double, batchlas::Backend::CUDA>)   [0m2048    16      4       256     0       0       1       1       100         0.73513     0.0010859   36075.      91.288      185.43      2.8716      32768       16          
[1m(BM_SPMM_Grid<double, batchlas::Backend::CUDA>)   [0m2048    16      4       512     0       0       1       1       100         1.4649      0.0034434   36075.      91.625      186.11      2.8611      32768       16          
[1m(BM_SPMM_Grid<double, batchlas::Backend::CUDA>)   [0m2048    16      4       1024    0       0       1       1       100         2.9185      0.0040382   36075.      91.979      186.83      2.8501      32768       16          
[1m(BM_SPMM_Grid<double, batchlas::Backend::CUDA>)   [0m2048    16      8       128     0       0       1       1       100         0.70303     0.00095670  71726.      95.456      120.81      5.4925      32768       16          
[1m(BM_SPMM_Grid<double, batchlas::Backend::CUDA>)   [0m2048    16      8       256     0       0       1       1       100         1.3975      0.0061974   71726.      96.040      121.55      5.4591      32768       16          
[1m(BM_SPMM_Grid<double, batchlas::Backend::CUDA>)   [0m2048    16      8       512     0       0       1       1       100         2.8017      0.0057043   71726.      95.813      121.26      5.4720      32768       16          
[1m(BM_SPMM_Grid<double, batchlas::Backend::CUDA>)   [0m2048    16      8       1024    0       0       1       1       73          5.5438      0.0054727   71726.      96.842      122.57      5.4138      32768       16          
[1m(BM_SPMM_Grid<double, batchlas::Backend::CUDA>)   [0m2048    16      12      128     0       0       1       1       100         1.0672      0.0033938   1.0758e+05  94.328      95.311      8.3372      32768       16          
[1m(BM_SPMM_Grid<double, batchlas::Backend::CUDA>)   [0m2048    16      12      256     0       0       1       1       100         2.1537      0.0098182   1.0758e+05  93.481      94.455      8.4127      32768       16          
[1m(BM_SPMM_Grid<double, batchlas::Backend::CUDA>)   [0m2048    16      12      512     0       0       1       1       95          4.2424      0.017042    1.0758e+05  94.913      95.902      8.2859      32768       16          
[1m(BM_SPMM_Grid<double, batchlas::Backend::CUDA>)   [0m2048    16      12      1024    0       0       1       1       49          8.3126      0.0079670   1.0758e+05  96.878      97.887      8.1178      32768       16          
2775 MHz, 60
