2775 MHz, 60
[1;36mName                                              Arg0    Arg1    Arg2    Arg3    Arg4    Arg5    Arg6    Arg7    Iter        Avg(ms)     Std(ms)     chk         GFLOPS      GB/s        Time (µs) / matrixnnz/item    nnz/row     [0m
[1m(BM_SPMM_Grid<float, batchlas::Backend::CUDA>)    [0m1024    3       1       128     0       0       1       1       100         0.088614    0.00028393  1134.1      8.8748      53.254      0.69230     3072        3           
[1m(BM_SPMM_Grid<float, batchlas::Backend::CUDA>)    [0m1024    3       1       256     0       0       1       1       100         0.086169    3.5139e-05  1134.1      18.253      109.53      0.33660     3072        3           
[1m(BM_SPMM_Grid<float, batchlas::Backend::CUDA>)    [0m1024    3       1       512     0       0       1       1       100         0.16261     0.00013423  1134.1      19.346      116.09      0.31759     3072        3           
[1m(BM_SPMM_Grid<float, batchlas::Backend::CUDA>)    [0m1024    3       1       1024    0       0       1       1       100         0.31588     0.00015991  1134.1      19.917      119.52      0.30847     3072        3           
[1m(BM_SPMM_Grid<float, batchlas::Backend::CUDA>)    [0m1024    3       2       128     0       0       1       1       100         0.048997    2.9917e-05  2210.6      32.101      117.72      0.38279     3072        3           
[1m(BM_SPMM_Grid<float, batchlas::Backend::CUDA>)    [0m1024    3       2       256     0       0       1       1       100         0.086530    5.4896e-05  2210.6      36.354      133.31      0.33801     3072        3           
[1m(BM_SPMM_Grid<float, batchlas::Backend::CUDA>)    [0m1024    3       2       512     0       0       1       1       100         0.16285     0.00017509  2210.6      38.632      141.67      0.31807     3072        3           
[1m(BM_SPMM_Grid<float, batchlas::Backend::CUDA>)    [0m1024    3       2       1024    0       0       1       1       100         0.31624     0.0010638   2210.6      39.789      145.91      0.30883     3072        3           
[1m(BM_SPMM_Grid<float, batchlas::Backend::CUDA>)    [0m1024    3       4       128     0       0       1       1       100         0.050931    4.5771e-05  4394.9      61.765      154.42      0.39790     3072        3           
[1m(BM_SPMM_Grid<float, batchlas::Backend::CUDA>)    [0m1024    3       4       256     0       0       1       1       100         0.088950    0.00020373  4394.9      70.730      176.84      0.34746     3072        3           
[1m(BM_SPMM_Grid<float, batchlas::Backend::CUDA>)    [0m1024    3       4       512     0       0       1       1       100         0.16625     0.00014809  4394.9      75.686      189.23      0.32471     3072        3           
[1m(BM_SPMM_Grid<float, batchlas::Backend::CUDA>)    [0m1024    3       4       1024    0       0       1       1       100         0.32088     0.00025104  4394.9      78.428      196.08      0.31336     3072        3           
[1m(BM_SPMM_Grid<float, batchlas::Backend::CUDA>)    [0m1024    3       8       128     0       0       1       1       100         0.068059    3.7132e-05  8677.2      92.441      177.19      0.53171     3072        3           
[1m(BM_SPMM_Grid<float, batchlas::Backend::CUDA>)    [0m1024    3       8       256     0       0       1       1       100         0.12316     0.0011006   8677.2      102.16      195.82      0.48111     3072        3           
[1m(BM_SPMM_Grid<float, batchlas::Backend::CUDA>)    [0m1024    3       8       512     0       0       1       1       100         0.23363     0.00023052  8677.2      107.72      206.47      0.45631     3072        3           
[1m(BM_SPMM_Grid<float, batchlas::Backend::CUDA>)    [0m1024    3       8       1024    0       0       1       1       100         0.45631     0.00068444  8677.2      110.30      211.42      0.44561     3072        3           
[1m(BM_SPMM_Grid<float, batchlas::Backend::CUDA>)    [0m1024    3       12      128     0       0       1       1       100         0.090245    6.9362e-05  13024.      104.57      180.10      0.70504     3072        3           
[1m(BM_SPMM_Grid<float, batchlas::Backend::CUDA>)    [0m1024    3       12      256     0       0       1       1       100         0.16734     0.0011922   13024.      112.79      194.25      0.65368     3072        3           
[1m(BM_SPMM_Grid<float, batchlas::Backend::CUDA>)    [0m1024    3       12      512     0       0       1       1       100         0.32415     0.0011943   13024.      116.45      200.56      0.63311     3072        3           
[1m(BM_SPMM_Grid<float, batchlas::Backend::CUDA>)    [0m1024    3       12      1024    0       0       1       1       100         0.66512     0.0019275   13024.      113.51      195.49      0.64953     3072        3           
[1m(BM_SPMM_Grid<float, batchlas::Backend::CUDA>)    [0m1024    16      1       128     0       0       1       1       100         0.094156    5.2650e-05  4553.1      44.546      194.90      0.73560     16384       16          
[1m(BM_SPMM_Grid<float, batchlas::Backend::CUDA>)    [0m1024    16      1       256     0       0       1       1       100         0.17766     0.00021782  4553.1      47.217      206.58      0.69399     16384       16          
[1m(BM_SPMM_Grid<float, batchlas::Backend::CUDA>)    [0m1024    16      1       512     0       0       1       1       100         0.34511     0.00026346  4553.1      48.613      212.69      0.67405     16384       16          
[1m(BM_SPMM_Grid<float, batchlas::Backend::CUDA>)    [0m1024    16      1       1024    0       0       1       1       100         0.68387     0.00051554  4553.1      49.066      214.67      0.66784     16384       16          
[1m(BM_SPMM_Grid<float, batchlas::Backend::CUDA>)    [0m1024    16      2       128     0       0       1       1       100         0.13113     0.00021336  8975.8      63.971      147.94      1.0245      16384       16          
[1m(BM_SPMM_Grid<float, batchlas::Backend::CUDA>)    [0m1024    16      2       256     0       0       1       1       100         0.25245     0.00033404  8975.8      66.458      153.69      0.98612     16384       16          
[1m(BM_SPMM_Grid<float, batchlas::Backend::CUDA>)    [0m1024    16      2       512     0       0       1       1       100         0.48708     0.00045456  8975.8      68.890      159.31      0.95132     16384       16          
[1m(BM_SPMM_Grid<float, batchlas::Backend::CUDA>)    [0m1024    16      2       1024    0       0       1       1       100         0.97284     0.00079513  8975.8      68.983      159.53      0.95004     16384       16          
[1m(BM_SPMM_Grid<float, batchlas::Backend::CUDA>)    [0m1024    16      4       128     0       0       1       1       100         0.19611     0.00017176  18039.      85.549      109.61      1.5321      16384       16          
[1m(BM_SPMM_Grid<float, batchlas::Backend::CUDA>)    [0m1024    16      4       256     0       0       1       1       100         0.38083     0.00029112  18039.      88.108      112.89      1.4876      16384       16          
[1m(BM_SPMM_Grid<float, batchlas::Backend::CUDA>)    [0m1024    16      4       512     0       0       1       1       100         0.75144     0.00036160  18039.      89.307      114.43      1.4677      16384       16          
[1m(BM_SPMM_Grid<float, batchlas::Backend::CUDA>)    [0m1024    16      4       1024    0       0       1       1       100         1.4950      0.0019162   18039.      89.775      115.03      1.4600      16384       16          
[1m(BM_SPMM_Grid<float, batchlas::Backend::CUDA>)    [0m1024    16      8       128     0       0       1       1       100         0.35161     0.00090960  35801.      95.431      73.065      2.7470      16384       16          
[1m(BM_SPMM_Grid<float, batchlas::Backend::CUDA>)    [0m1024    16      8       256     0       0       1       1       100         0.70062     0.011508    35801.      95.785      73.337      2.7368      16384       16          
[1m(BM_SPMM_Grid<float, batchlas::Backend::CUDA>)    [0m1024    16      8       512     0       0       1       1       100         1.3766      0.0016996   35801.      97.496      74.647      2.6888      16384       16          
[1m(BM_SPMM_Grid<float, batchlas::Backend::CUDA>)    [0m1024    16      8       1024    0       0       1       1       100         2.7381      0.0022452   35801.      98.037      75.061      2.6739      16384       16          
[1m(BM_SPMM_Grid<float, batchlas::Backend::CUDA>)    [0m1024    16      12      128     0       0       1       1       100         0.50271     0.00029800  53883.      100.12      59.448      3.9274      16384       16          
[1m(BM_SPMM_Grid<float, batchlas::Backend::CUDA>)    [0m1024    16      12      256     0       0       1       1       100         0.98829     0.00037155  53883.      101.86      60.478      3.8605      16384       16          
[1m(BM_SPMM_Grid<float, batchlas::Backend::CUDA>)    [0m1024    16      12      512     0       0       1       1       100         1.9703      0.0019358   53883.      102.18      60.671      3.8482      16384       16          
[1m(BM_SPMM_Grid<float, batchlas::Backend::CUDA>)    [0m1024    16      12      1024    0       0       1       1       100         3.9461      0.0025196   53883.      102.04      60.587      3.8536      16384       16          
[1m(BM_SPMM_Grid<float, batchlas::Backend::CUDA>)    [0m2048    3       1       128     0       0       1       1       100         0.086064    3.4025e-05  2184.2      18.275      109.66      0.67238     6144        3           
[1m(BM_SPMM_Grid<float, batchlas::Backend::CUDA>)    [0m2048    3       1       256     0       0       1       1       100         0.16175     0.00012904  2184.2      19.449      116.70      0.63182     6144        3           
[1m(BM_SPMM_Grid<float, batchlas::Backend::CUDA>)    [0m2048    3       1       512     0       0       1       1       100         0.31287     0.00018792  2184.2      20.109      120.66      0.61108     6144        3           
[1m(BM_SPMM_Grid<float, batchlas::Backend::CUDA>)    [0m2048    3       1       1024    0       0       1       1       100         0.61692     0.00024217  2184.2      20.396      122.38      0.60246     6144        3           
[1m(BM_SPMM_Grid<float, batchlas::Backend::CUDA>)    [0m2048    3       2       128     0       0       1       1       100         0.086203    3.9832e-05  4415.0      36.492      133.81      0.67346     6144        3           
[1m(BM_SPMM_Grid<float, batchlas::Backend::CUDA>)    [0m2048    3       2       256     0       0       1       1       100         0.16192     0.00014787  4415.0      38.855      142.47      0.63251     6144        3           
[1m(BM_SPMM_Grid<float, batchlas::Backend::CUDA>)    [0m2048    3       2       512     0       0       1       1       100         0.31312     0.00018370  4415.0      40.186      147.36      0.61156     6144        3           
[1m(BM_SPMM_Grid<float, batchlas::Backend::CUDA>)    [0m2048    3       2       1024    0       0       1       1       100         0.61722     0.00030564  4415.0      40.773      149.51      0.60275     6144        3           
[1m(BM_SPMM_Grid<float, batchlas::Backend::CUDA>)    [0m2048    3       4       128     0       0       1       1       100         0.088571    0.00022758  8708.1      71.033      177.59      0.69196     6144        3           
[1m(BM_SPMM_Grid<float, batchlas::Backend::CUDA>)    [0m2048    3       4       256     0       0       1       1       100         0.16525     0.00014998  8708.1      76.147      190.37      0.64549     6144        3           
[1m(BM_SPMM_Grid<float, batchlas::Backend::CUDA>)    [0m2048    3       4       512     0       0       1       1       100         0.31802     0.00019337  8708.1      79.133      197.84      0.62113     6144        3           
[1m(BM_SPMM_Grid<float, batchlas::Backend::CUDA>)    [0m2048    3       4       1024    0       0       1       1       100         0.62524     0.00028385  8708.1      80.500      201.26      0.61059     6144        3           
[1m(BM_SPMM_Grid<float, batchlas::Backend::CUDA>)    [0m2048    3       8       128     0       0       1       1       100         0.11945     0.00011785  17237.      105.34      201.91      0.93318     6144        3           
[1m(BM_SPMM_Grid<float, batchlas::Backend::CUDA>)    [0m2048    3       8       256     0       0       1       1       100         0.22628     0.00017783  17237.      111.22      213.17      0.88390     6144        3           
[1m(BM_SPMM_Grid<float, batchlas::Backend::CUDA>)    [0m2048    3       8       512     0       0       1       1       100         0.44079     0.00019239  17237.      114.18      218.86      0.86092     6144        3           
[1m(BM_SPMM_Grid<float, batchlas::Backend::CUDA>)    [0m2048    3       8       1024    0       0       1       1       100         1.0101      0.0015430   17237.      99.653      191.01      0.98646     6144        3           
[1m(BM_SPMM_Grid<float, batchlas::Backend::CUDA>)    [0m2048    3       12      128     0       0       1       1       100         0.16283     0.00014132  25776.      115.92      199.64      1.2721      6144        3           
[1m(BM_SPMM_Grid<float, batchlas::Backend::CUDA>)    [0m2048    3       12      256     0       0       1       1       100         0.30849     0.00013304  25776.      122.37      210.74      1.2050      6144        3           
[1m(BM_SPMM_Grid<float, batchlas::Backend::CUDA>)    [0m2048    3       12      512     0       0       1       1       100         0.65431     0.0024053   25776.      115.38      198.72      1.2780      6144        3           
[1m(BM_SPMM_Grid<float, batchlas::Backend::CUDA>)    [0m2048    3       12      1024    0       0       1       1       100         1.4612      0.0020835   25776.      103.34      177.97      1.4269      6144        3           
[1m(BM_SPMM_Grid<float, batchlas::Backend::CUDA>)    [0m2048    16      1       128     0       0       1       1       100         0.17705     0.00019757  9037.6      47.380      207.29      1.3832      32768       16          
[1m(BM_SPMM_Grid<float, batchlas::Backend::CUDA>)    [0m2048    16      1       256     0       0       1       1       100         0.34254     0.00021964  9037.6      48.979      214.29      1.3380      32768       16          
[1m(BM_SPMM_Grid<float, batchlas::Backend::CUDA>)    [0m2048    16      1       512     0       0       1       1       100         0.67933     0.00034442  9037.6      49.393      216.10      1.3268      32768       16          
[1m(BM_SPMM_Grid<float, batchlas::Backend::CUDA>)    [0m2048    16      1       1024    0       0       1       1       100         1.3540      0.0015149   9037.6      49.563      216.84      1.3223      32768       16          
[1m(BM_SPMM_Grid<float, batchlas::Backend::CUDA>)    [0m2048    16      2       128     0       0       1       1       100         0.24509     0.00022268  18192.      68.454      158.30      1.9147      32768       16          
[1m(BM_SPMM_Grid<float, batchlas::Backend::CUDA>)    [0m2048    16      2       256     0       0       1       1       100         0.47789     0.00036540  18192.      70.213      162.37      1.8668      32768       16          
[1m(BM_SPMM_Grid<float, batchlas::Backend::CUDA>)    [0m2048    16      2       512     0       0       1       1       100         0.94244     0.0022254   18192.      71.207      164.67      1.8407      32768       16          
[1m(BM_SPMM_Grid<float, batchlas::Backend::CUDA>)    [0m2048    16      2       1024    0       0       1       1       100         1.8797      0.0019930   18192.      71.404      165.12      1.8356      32768       16          
[1m(BM_SPMM_Grid<float, batchlas::Backend::CUDA>)    [0m2048    16      4       128     0       0       1       1       100         0.36174     0.00017194  36075.      92.759      118.85      2.8261      32768       16          
[1m(BM_SPMM_Grid<float, batchlas::Backend::CUDA>)    [0m2048    16      4       256     0       0       1       1       100         0.70925     0.00016507  36075.      94.620      121.23      2.7705      32768       16          
[1m(BM_SPMM_Grid<float, batchlas::Backend::CUDA>)    [0m2048    16      4       512     0       0       1       1       100         1.4157      0.00097564  36075.      94.806      121.47      2.7651      32768       16          
[1m(BM_SPMM_Grid<float, batchlas::Backend::CUDA>)    [0m2048    16      4       1024    0       0       1       1       100         2.8116      0.0025502   36075.      95.475      122.33      2.7457      32768       16          
[1m(BM_SPMM_Grid<float, batchlas::Backend::CUDA>)    [0m2048    16      8       128     0       0       1       1       100         0.64308     0.010652    71726.      104.36      79.898      5.0241      32768       16          
[1m(BM_SPMM_Grid<float, batchlas::Backend::CUDA>)    [0m2048    16      8       256     0       0       1       1       100         1.2968      0.031526    71726.      103.50      79.241      5.0657      32768       16          
[1m(BM_SPMM_Grid<float, batchlas::Backend::CUDA>)    [0m2048    16      8       512     0       0       1       1       100         2.5211      0.0014047   71726.      106.47      81.520      4.9241      32768       16          
[1m(BM_SPMM_Grid<float, batchlas::Backend::CUDA>)    [0m2048    16      8       1024    0       0       1       1       76          5.2875      0.037342    71726.      101.54      77.740      5.1635      32768       16          
[1m(BM_SPMM_Grid<float, batchlas::Backend::CUDA>)    [0m2048    16      12      128     0       0       1       1       100         0.91626     0.0043164   1.0758e+05  109.86      65.232      7.1583      32768       16          
[1m(BM_SPMM_Grid<float, batchlas::Backend::CUDA>)    [0m2048    16      12      256     0       0       1       1       100         1.8145      0.0012676   1.0758e+05  110.95      65.880      7.0879      32768       16          
[1m(BM_SPMM_Grid<float, batchlas::Backend::CUDA>)    [0m2048    16      12      512     0       0       1       1       100         3.6301      0.0010514   1.0758e+05  110.92      65.859      7.0901      32768       16          
[1m(BM_SPMM_Grid<float, batchlas::Backend::CUDA>)    [0m2048    16      12      1024    0       0       1       1       55          7.3161      0.0021223   1.0758e+05  110.07      65.356      7.1447      32768       16          
2775 MHz, 57
