2775 MHz, 54
[1;36mName                                              Arg0    Arg1    Arg2    Arg3    Arg4    Arg5    Arg6    Arg7    Iter        Avg(ms)     Std(ms)     chk         GFLOPS      GB/s        Time (µs) / matrixnnz/item    nnz/row     [0m
[1m(BM_SPMM_Grid<double, batchlas::Backend::CUDA>)   [0m1024    3       1       128     0       0       1       1       100         0.049743    3.1440e-05  1134.1      15.810      147.57      0.38862     3072        3           
[1m(BM_SPMM_Grid<double, batchlas::Backend::CUDA>)   [0m1024    3       1       256     0       0       1       1       100         0.087798    3.9312e-05  1134.1      17.915      167.21      0.34296     3072        3           
[1m(BM_SPMM_Grid<double, batchlas::Backend::CUDA>)   [0m1024    3       1       512     0       0       1       1       100         0.16523     0.00013718  1134.1      19.038      177.70      0.32272     3072        3           
[1m(BM_SPMM_Grid<double, batchlas::Backend::CUDA>)   [0m1024    3       1       1024    0       0       1       1       100         0.32057     0.00017691  1134.1      19.626      183.19      0.31305     3072        3           
[1m(BM_SPMM_Grid<double, batchlas::Backend::CUDA>)   [0m1024    3       2       128     0       0       1       1       100         0.050791    3.6230e-05  2210.6      30.968      185.82      0.39680     3072        3           
[1m(BM_SPMM_Grid<double, batchlas::Backend::CUDA>)   [0m1024    3       2       256     0       0       1       1       100         0.089304    4.2164e-05  2210.6      35.225      211.36      0.34884     3072        3           
[1m(BM_SPMM_Grid<double, batchlas::Backend::CUDA>)   [0m1024    3       2       512     0       0       1       1       100         0.16683     0.00019821  2210.6      37.712      226.28      0.32584     3072        3           
[1m(BM_SPMM_Grid<double, batchlas::Backend::CUDA>)   [0m1024    3       2       1024    0       0       1       1       100         0.32224     0.00019361  2210.6      39.049      234.30      0.31468     3072        3           
[1m(BM_SPMM_Grid<double, batchlas::Backend::CUDA>)   [0m1024    3       4       128     0       0       1       1       100         0.054727    5.8165e-05  4394.9      57.481      249.09      0.42755     3072        3           
[1m(BM_SPMM_Grid<double, batchlas::Backend::CUDA>)   [0m1024    3       4       256     0       0       1       1       100         0.093905    6.4492e-05  4394.9      66.998      290.34      0.36682     3072        3           
[1m(BM_SPMM_Grid<double, batchlas::Backend::CUDA>)   [0m1024    3       4       512     0       0       1       1       100         0.17310     0.00026917  4394.9      72.691      315.01      0.33809     3072        3           
[1m(BM_SPMM_Grid<double, batchlas::Backend::CUDA>)   [0m1024    3       4       1024    0       0       1       1       100         0.33166     0.00023955  4394.9      75.879      328.82      0.32388     3072        3           
[1m(BM_SPMM_Grid<double, batchlas::Backend::CUDA>)   [0m1024    3       8       128     0       0       1       1       100         0.073104    6.2678e-05  8677.2      86.062      301.22      0.57112     3072        3           
[1m(BM_SPMM_Grid<double, batchlas::Backend::CUDA>)   [0m1024    3       8       256     0       0       1       1       100         0.13020     0.00019175  8677.2      96.642      338.25      0.50860     3072        3           
[1m(BM_SPMM_Grid<double, batchlas::Backend::CUDA>)   [0m1024    3       8       512     0       0       1       1       100         0.24491     0.00019135  8677.2      102.75      359.65      0.47835     3072        3           
[1m(BM_SPMM_Grid<double, batchlas::Backend::CUDA>)   [0m1024    3       8       1024    0       0       1       1       100         0.68031     0.0019198   8677.2      73.983      258.95      0.66437     3072        3           
[1m(BM_SPMM_Grid<double, batchlas::Backend::CUDA>)   [0m1024    3       12      128     0       0       1       1       100         0.097922    5.3305e-05  13024.      96.374      310.54      0.76502     3072        3           
[1m(BM_SPMM_Grid<double, batchlas::Backend::CUDA>)   [0m1024    3       12      256     0       0       1       1       100         0.17883     0.00018683  13024.      105.55      340.10      0.69854     3072        3           
[1m(BM_SPMM_Grid<double, batchlas::Backend::CUDA>)   [0m1024    3       12      512     0       0       1       1       100         0.42928     0.00035314  13024.      87.934      283.35      0.83844     3072        3           
[1m(BM_SPMM_Grid<double, batchlas::Backend::CUDA>)   [0m1024    3       12      1024    0       0       1       1       100         1.0452      0.0019120   13024.      72.235      232.76      1.0207      3072        3           
[1m(BM_SPMM_Grid<double, batchlas::Backend::CUDA>)   [0m1024    16      1       128     0       0       1       1       100         0.086046    3.7124e-05  4553.1      48.745      322.94      0.67223     16384       16          
[1m(BM_SPMM_Grid<double, batchlas::Backend::CUDA>)   [0m1024    16      1       256     0       0       1       1       100         0.16159     0.00018307  4553.1      51.914      343.94      0.63120     16384       16          
[1m(BM_SPMM_Grid<double, batchlas::Backend::CUDA>)   [0m1024    16      1       512     0       0       1       1       100         0.31627     0.00024805  4553.1      53.047      351.44      0.61771     16384       16          
[1m(BM_SPMM_Grid<double, batchlas::Backend::CUDA>)   [0m1024    16      1       1024    0       0       1       1       100         0.62332     0.0017807   4553.1      53.832      356.64      0.60871     16384       16          
[1m(BM_SPMM_Grid<double, batchlas::Backend::CUDA>)   [0m1024    16      2       128     0       0       1       1       100         0.12305     0.00013476  8975.8      68.174      242.87      0.96131     16384       16          
[1m(BM_SPMM_Grid<double, batchlas::Backend::CUDA>)   [0m1024    16      2       256     0       0       1       1       100         0.23066     0.00019413  8975.8      72.735      259.12      0.90102     16384       16          
[1m(BM_SPMM_Grid<double, batchlas::Backend::CUDA>)   [0m1024    16      2       512     0       0       1       1       100         0.45125     0.00024270  8975.8      74.359      264.91      0.88134     16384       16          
[1m(BM_SPMM_Grid<double, batchlas::Backend::CUDA>)   [0m1024    16      2       1024    0       0       1       1       100         0.89168     0.00037140  8975.8      75.261      268.12      0.87078     16384       16          
[1m(BM_SPMM_Grid<double, batchlas::Backend::CUDA>)   [0m1024    16      4       128     0       0       1       1       100         0.18856     0.00018793  18039.      88.976      180.73      1.4731      16384       16          
[1m(BM_SPMM_Grid<double, batchlas::Backend::CUDA>)   [0m1024    16      4       256     0       0       1       1       100         0.35723     0.00017793  18039.      93.929      190.80      1.3954      16384       16          
[1m(BM_SPMM_Grid<double, batchlas::Backend::CUDA>)   [0m1024    16      4       512     0       0       1       1       100         0.70353     0.00022006  18039.      95.389      193.76      1.3741      16384       16          
[1m(BM_SPMM_Grid<double, batchlas::Backend::CUDA>)   [0m1024    16      4       1024    0       0       1       1       100         1.3983      0.0010197   18039.      95.983      194.97      1.3656      16384       16          
[1m(BM_SPMM_Grid<double, batchlas::Backend::CUDA>)   [0m1024    16      8       128     0       0       1       1       100         0.34267     0.00019457  35801.      97.920      123.93      2.6771      16384       16          
[1m(BM_SPMM_Grid<double, batchlas::Backend::CUDA>)   [0m1024    16      8       256     0       0       1       1       100         0.66532     0.00022609  35801.      100.87      127.66      2.5989      16384       16          
[1m(BM_SPMM_Grid<double, batchlas::Backend::CUDA>)   [0m1024    16      8       512     0       0       1       1       100         1.3202      0.0014004   35801.      101.66      128.67      2.5786      16384       16          
[1m(BM_SPMM_Grid<double, batchlas::Backend::CUDA>)   [0m1024    16      8       1024    0       0       1       1       100         2.6855      0.0014881   35801.      99.959      126.51      2.6225      16384       16          
[1m(BM_SPMM_Grid<double, batchlas::Backend::CUDA>)   [0m1024    16      12      128     0       0       1       1       100         0.47441     0.00026520  53883.      106.09      107.20      3.7063      16384       16          
[1m(BM_SPMM_Grid<double, batchlas::Backend::CUDA>)   [0m1024    16      12      256     0       0       1       1       100         0.92605     0.00025058  53883.      108.70      109.83      3.6174      16384       16          
[1m(BM_SPMM_Grid<double, batchlas::Backend::CUDA>)   [0m1024    16      12      512     0       0       1       1       100         1.8548      0.0010764   53883.      108.54      109.67      3.6227      16384       16          
[1m(BM_SPMM_Grid<double, batchlas::Backend::CUDA>)   [0m1024    16      12      1024    0       0       1       1       100         3.7523      0.0013127   53883.      107.31      108.43      3.6643      16384       16          
[1m(BM_SPMM_Grid<double, batchlas::Backend::CUDA>)   [0m2048    3       1       128     0       0       1       1       100         0.087665    3.6024e-05  2184.2      17.942      167.46      0.68488     6144        3           
[1m(BM_SPMM_Grid<double, batchlas::Backend::CUDA>)   [0m2048    3       1       256     0       0       1       1       100         0.16444     0.00016703  2184.2      19.130      178.55      0.64236     6144        3           
[1m(BM_SPMM_Grid<double, batchlas::Backend::CUDA>)   [0m2048    3       1       512     0       0       1       1       100         0.31769     0.00016304  2184.2      19.804      184.84      0.62048     6144        3           
[1m(BM_SPMM_Grid<double, batchlas::Backend::CUDA>)   [0m2048    3       1       1024    0       0       1       1       100         0.62590     0.00026951  2184.2      20.104      187.64      0.61123     6144        3           
[1m(BM_SPMM_Grid<double, batchlas::Backend::CUDA>)   [0m2048    3       2       128     0       0       1       1       100         0.089230    4.8279e-05  4415.0      35.254      211.53      0.69711     6144        3           
[1m(BM_SPMM_Grid<double, batchlas::Backend::CUDA>)   [0m2048    3       2       256     0       0       1       1       100         0.16590     0.00016121  4415.0      37.923      227.54      0.64806     6144        3           
[1m(BM_SPMM_Grid<double, batchlas::Backend::CUDA>)   [0m2048    3       2       512     0       0       1       1       100         0.31922     0.00018014  4415.0      39.418      236.51      0.62347     6144        3           
[1m(BM_SPMM_Grid<double, batchlas::Backend::CUDA>)   [0m2048    3       2       1024    0       0       1       1       100         0.62768     0.0023358   4415.0      40.093      240.57      0.61297     6144        3           
[1m(BM_SPMM_Grid<double, batchlas::Backend::CUDA>)   [0m2048    3       4       128     0       0       1       1       100         0.093808    7.3157e-05  8708.1      67.067      290.63      0.73288     6144        3           
[1m(BM_SPMM_Grid<double, batchlas::Backend::CUDA>)   [0m2048    3       4       256     0       0       1       1       100         0.17234     0.00024032  8708.1      73.011      316.39      0.67321     6144        3           
[1m(BM_SPMM_Grid<double, batchlas::Backend::CUDA>)   [0m2048    3       4       512     0       0       1       1       100         0.32876     0.00023665  8708.1      76.547      331.71      0.64211     6144        3           
[1m(BM_SPMM_Grid<double, batchlas::Backend::CUDA>)   [0m2048    3       4       1024    0       0       1       1       100         0.77337     0.0013824   8708.1      65.081      282.02      0.75525     6144        3           
[1m(BM_SPMM_Grid<double, batchlas::Backend::CUDA>)   [0m2048    3       8       128     0       0       1       1       100         0.12887     0.00019111  17237.      97.637      341.73      1.0068      6144        3           
[1m(BM_SPMM_Grid<double, batchlas::Backend::CUDA>)   [0m2048    3       8       256     0       0       1       1       100         0.24053     0.00018090  17237.      104.63      366.19      0.93958     6144        3           
[1m(BM_SPMM_Grid<double, batchlas::Backend::CUDA>)   [0m2048    3       8       512     0       0       1       1       100         0.68805     0.00044177  17237.      73.152      256.03      1.3438      6144        3           
[1m(BM_SPMM_Grid<double, batchlas::Backend::CUDA>)   [0m2048    3       8       1024    0       0       1       1       100         1.4179      0.011930    17237.      70.995      248.48      1.3847      6144        3           
[1m(BM_SPMM_Grid<double, batchlas::Backend::CUDA>)   [0m2048    3       12      128     0       0       1       1       100         0.17382     0.00018617  25776.      108.59      349.90      1.3579      6144        3           
[1m(BM_SPMM_Grid<double, batchlas::Backend::CUDA>)   [0m2048    3       12      256     0       0       1       1       100         0.42310     0.00036716  25776.      89.220      287.49      1.6527      6144        3           
[1m(BM_SPMM_Grid<double, batchlas::Backend::CUDA>)   [0m2048    3       12      512     0       0       1       1       100         1.0646      0.0018378   25776.      70.917      228.51      2.0793      6144        3           
[1m(BM_SPMM_Grid<double, batchlas::Backend::CUDA>)   [0m2048    3       12      1024    0       0       1       1       100         2.1115      0.0027245   25776.      71.511      230.43      2.0620      6144        3           
[1m(BM_SPMM_Grid<double, batchlas::Backend::CUDA>)   [0m2048    16      1       128     0       0       1       1       100         0.15990     0.00020838  9037.6      52.462      347.56      1.2492      32768       16          
[1m(BM_SPMM_Grid<double, batchlas::Backend::CUDA>)   [0m2048    16      1       256     0       0       1       1       100         0.31390     0.0021152   9037.6      53.448      354.09      1.2262      32768       16          
[1m(BM_SPMM_Grid<double, batchlas::Backend::CUDA>)   [0m2048    16      1       512     0       0       1       1       100         0.61681     0.00041574  9037.6      54.400      360.40      1.2047      32768       16          
[1m(BM_SPMM_Grid<double, batchlas::Backend::CUDA>)   [0m2048    16      1       1024    0       0       1       1       100         1.2263      0.0017330   9037.6      54.722      362.54      1.1976      32768       16          
[1m(BM_SPMM_Grid<double, batchlas::Backend::CUDA>)   [0m2048    16      2       128     0       0       1       1       100         0.22126     0.00016729  18192.      75.824      270.13      1.7286      32768       16          
[1m(BM_SPMM_Grid<double, batchlas::Backend::CUDA>)   [0m2048    16      2       256     0       0       1       1       100         0.43428     0.0040151   18192.      77.264      275.26      1.6964      32768       16          
[1m(BM_SPMM_Grid<double, batchlas::Backend::CUDA>)   [0m2048    16      2       512     0       0       1       1       100         0.84999     0.00032192  18192.      78.952      281.27      1.6601      32768       16          
[1m(BM_SPMM_Grid<double, batchlas::Backend::CUDA>)   [0m2048    16      2       1024    0       0       1       1       100         1.6934      0.0015558   18192.      79.260      282.37      1.6537      32768       16          
[1m(BM_SPMM_Grid<double, batchlas::Backend::CUDA>)   [0m2048    16      4       128     0       0       1       1       100         0.34412     0.00019778  36075.      97.509      198.07      2.6884      32768       16          
[1m(BM_SPMM_Grid<double, batchlas::Backend::CUDA>)   [0m2048    16      4       256     0       0       1       1       100         0.67043     0.00025651  36075.      100.10      203.33      2.6189      32768       16          
[1m(BM_SPMM_Grid<double, batchlas::Backend::CUDA>)   [0m2048    16      4       512     0       0       1       1       100         1.3308      0.00078663  36075.      100.85      204.86      2.5993      32768       16          
[1m(BM_SPMM_Grid<double, batchlas::Backend::CUDA>)   [0m2048    16      4       1024    0       0       1       1       100         2.7586      0.0016080   36075.      97.307      197.66      2.6940      32768       16          
[1m(BM_SPMM_Grid<double, batchlas::Backend::CUDA>)   [0m2048    16      8       128     0       0       1       1       100         0.60117     0.00018472  71726.      111.63      141.28      4.6966      32768       16          
[1m(BM_SPMM_Grid<double, batchlas::Backend::CUDA>)   [0m2048    16      8       256     0       0       1       1       100         1.1864      0.00068700  71726.      113.13      143.18      4.6344      32768       16          
[1m(BM_SPMM_Grid<double, batchlas::Backend::CUDA>)   [0m2048    16      8       512     0       0       1       1       100         2.4763      0.031775    71726.      108.40      137.20      4.8365      32768       16          
[1m(BM_SPMM_Grid<double, batchlas::Backend::CUDA>)   [0m2048    16      8       1024    0       0       1       1       78          5.1605      0.017970    71726.      104.04      131.67      5.0395      32768       16          
[1m(BM_SPMM_Grid<double, batchlas::Backend::CUDA>)   [0m2048    16      12      128     0       0       1       1       100         0.86571     0.012903    1.0758e+05  116.28      117.49      6.7633      32768       16          
[1m(BM_SPMM_Grid<double, batchlas::Backend::CUDA>)   [0m2048    16      12      256     0       0       1       1       100         1.7347      0.0025037   1.0758e+05  116.06      117.27      6.7763      32768       16          
[1m(BM_SPMM_Grid<double, batchlas::Backend::CUDA>)   [0m2048    16      12      512     0       0       1       1       100         3.6761      0.013171    1.0758e+05  109.53      110.67      7.1800      32768       16          
[1m(BM_SPMM_Grid<double, batchlas::Backend::CUDA>)   [0m2048    16      12      1024    0       0       1       1       55          7.3226      0.0033873   1.0758e+05  109.98      111.12      7.1509      32768       16          
2775 MHz, 59
