2775 MHz, 58
[1;36mName                                              Arg0    Arg1    Arg2    Arg3    Arg4    Arg5    Arg6    Arg7    Iter        Avg(ms)     Std(ms)     chk         GFLOPS      GB/s        Time (µs) / matrixnnz/item    nnz/row     [0m
[1m(BM_SPMM_Grid<double, batchlas::Backend::CUDA>)   [0m1024    3       2       1       0       0       0       0       100         0.0029872   0.00051028  874.68      4.1136      24.683      2.9872      3072        3           
[1m(BM_SPMM_Grid<double, batchlas::Backend::CUDA>)   [0m1024    3       2       1       0       0       1       0       100         0.0033432   3.1436e-05  2210.6      3.6756      22.055      3.3432      3072        3           
[1m(BM_SPMM_Grid<double, batchlas::Backend::CUDA>)   [0m1024    3       2       1       0       1       0       0       100         0.0029079   5.2281e-05  1.9078e+08  4.2258      30.990      2.9079      3072        3           
[1m(BM_SPMM_Grid<double, batchlas::Backend::CUDA>)   [0m1024    3       2       1       0       1       1       0       100         0.0035917   0.00012177  4.3836e+08  3.4213      25.090      3.5917      3072        3           
[1m(BM_SPMM_Grid<double, batchlas::Backend::CUDA>)   [0m1024    3       2       2       0       0       0       0       100         0.0029140   6.5024e-05  874.68      8.4338      50.606      1.4570      3072        3           
[1m(BM_SPMM_Grid<double, batchlas::Backend::CUDA>)   [0m1024    3       2       2       0       0       1       0       100         0.0034039   0.00035336  2210.6      7.2199      43.322      1.7020      3072        3           
[1m(BM_SPMM_Grid<double, batchlas::Backend::CUDA>)   [0m1024    3       2       2       0       1       0       0       100         0.0029350   4.2186e-05  1.9060e+08  8.3734      61.408      1.4675      3072        3           
[1m(BM_SPMM_Grid<double, batchlas::Backend::CUDA>)   [0m1024    3       2       2       0       1       1       0       100         0.0036337   0.00027272  4.3819e+08  6.7633      49.600      1.8169      3072        3           
[1m(BM_SPMM_Grid<double, batchlas::Backend::CUDA>)   [0m1024    3       2       4       0       0       0       0       100         0.0029579   0.00020624  874.68      16.617      99.708      0.73948     3072        3           
[1m(BM_SPMM_Grid<double, batchlas::Backend::CUDA>)   [0m1024    3       2       4       0       0       1       0       100         0.0033528   1.3439e-05  2210.6      14.660      87.964      0.83820     3072        3           
[1m(BM_SPMM_Grid<double, batchlas::Backend::CUDA>)   [0m1024    3       2       4       0       1       0       0       100         0.0029206   4.8024e-05  1.9078e+08  16.829      123.42      0.73015     3072        3           
[1m(BM_SPMM_Grid<double, batchlas::Backend::CUDA>)   [0m1024    3       2       4       0       1       1       0       100         0.0035639   2.1471e-06  4.3568e+08  13.792      101.14      0.89098     3072        3           
[1m(BM_SPMM_Grid<double, batchlas::Backend::CUDA>)   [0m1024    3       2       8       0       0       0       0       100         0.0029361   4.4499e-05  874.68      33.481      200.90      0.36701     3072        3           
[1m(BM_SPMM_Grid<double, batchlas::Backend::CUDA>)   [0m1024    3       2       8       0       0       1       0       100         0.0037857   6.4490e-05  2210.6      25.967      155.81      0.47321     3072        3           
[1m(BM_SPMM_Grid<double, batchlas::Backend::CUDA>)   [0m1024    3       2       8       0       1       0       0       100         0.0029199   4.2757e-05  1.6791e+08  33.667      246.90      0.36499     3072        3           
[1m(BM_SPMM_Grid<double, batchlas::Backend::CUDA>)   [0m1024    3       2       8       0       1       1       0       100         0.0037153   2.7853e-05  4.3217e+08  26.459      194.04      0.46442     3072        3           
[1m(BM_SPMM_Grid<double, batchlas::Backend::CUDA>)   [0m1024    3       2       16      0       0       0       0       100         0.0029161   6.5839e-05  874.68      67.421      404.55      0.18226     3072        3           
[1m(BM_SPMM_Grid<double, batchlas::Backend::CUDA>)   [0m1024    3       2       16      0       0       1       0       100         0.0036453   1.9861e-06  2210.6      53.934      323.62      0.22783     3072        3           
[1m(BM_SPMM_Grid<double, batchlas::Backend::CUDA>)   [0m1024    3       2       16      0       1       0       0       100         0.0029242   3.8620e-05  1.8982e+08  67.234      493.07      0.18276     3072        3           
[1m(BM_SPMM_Grid<double, batchlas::Backend::CUDA>)   [0m1024    3       2       16      0       1       1       0       100         0.0038785   2.7887e-05  4.2425e+08  50.692      371.76      0.24241     3072        3           
[1m(BM_SPMM_Grid<double, batchlas::Backend::CUDA>)   [0m1024    3       2       32      0       0       0       0       100         0.0029224   6.5957e-05  874.68      134.55      807.37      0.091324    3072        3           
[1m(BM_SPMM_Grid<double, batchlas::Backend::CUDA>)   [0m1024    3       2       32      0       0       1       0       100         0.0041413   0.00036831  2210.6      94.950      569.73      0.12942     3072        3           
[1m(BM_SPMM_Grid<double, batchlas::Backend::CUDA>)   [0m1024    3       2       32      0       1       0       0       100         0.0029354   1.0117e-05  1.8856e+08  133.96      982.39      0.091732    3072        3           
[1m(BM_SPMM_Grid<double, batchlas::Backend::CUDA>)   [0m1024    3       2       32      0       1       1       0       100         0.0043855   0.00027870  4.0503e+08  89.663      657.56      0.13705     3072        3           
[1m(BM_SPMM_Grid<double, batchlas::Backend::CUDA>)   [0m1024    3       2       64      0       0       0       0       100         0.0032315   2.2545e-05  874.68      243.37      1460.3      0.050492    3072        3           
[1m(BM_SPMM_Grid<double, batchlas::Backend::CUDA>)   [0m1024    3       2       64      0       0       1       0       100         0.0049304   0.00011709  2210.6      159.51      957.08      0.077038    3072        3           
[1m(BM_SPMM_Grid<double, batchlas::Backend::CUDA>)   [0m1024    3       2       64      0       1       0       0       100         0.0035206   1.1750e-05  1.7382e+08  223.38      1638.2      0.055009    3072        3           
[1m(BM_SPMM_Grid<double, batchlas::Backend::CUDA>)   [0m1024    3       2       64      0       1       1       0       100         0.0051633   2.1824e-06  3.7795e+08  152.31      1117.0      0.080676    3072        3           
[1m(BM_SPMM_Grid<double, batchlas::Backend::CUDA>)   [0m1024    3       2       128     0       0       0       0       100         0.0044985   5.6303e-06  874.68      349.64      2098.0      0.035145    3072        3           
[1m(BM_SPMM_Grid<double, batchlas::Backend::CUDA>)   [0m1024    3       2       128     0       0       1       0       100         0.0069456   3.2544e-06  2210.6      226.45      1358.8      0.054262    3072        3           
[1m(BM_SPMM_Grid<double, batchlas::Backend::CUDA>)   [0m1024    3       2       128     0       1       0       0       100         0.0050952   0.00033091  1.5125e+08  308.70      2263.9      0.039806    3072        3           
[1m(BM_SPMM_Grid<double, batchlas::Backend::CUDA>)   [0m1024    3       2       128     0       1       1       0       100         0.0073982   6.3743e-06  3.3307e+08  212.60      1559.2      0.057798    3072        3           
2775 MHz, 59
