2775 MHz, 63
[1;36mName                                              Arg0    Arg1    Arg2    Arg3    Arg4    Arg5    Arg6    Arg7    Iter        Avg(ms)     Std(ms)     chk         GFLOPS      GB/s        Time (µs) / matrixnnz/item    nnz/row     [0m
[1m(BM_SPMM_Grid<std::complex<double>, batchlas::Backend::CUDA>)[0m1024    3       2       1       0       0       0       0       100         0.017433    0.00038179  1907.9      2.8196      7.5190      17.433      3072        3           
[1m(BM_SPMM_Grid<std::complex<double>, batchlas::Backend::CUDA>)[0m1024    3       2       1       0       0       1       0       100         0.017847    0.0013632   4985.5      2.7542      7.3446      17.847      3072        3           
[1m(BM_SPMM_Grid<std::complex<double>, batchlas::Backend::CUDA>)[0m1024    3       2       1       0       1       0       0       100         0.014474    2.5909e-05  7.0128e+07  3.3958      11.320      14.474      3072        3           
[1m(BM_SPMM_Grid<std::complex<double>, batchlas::Backend::CUDA>)[0m1024    3       2       1       0       1       1       0       100         0.014612    4.9437e-05  1.8301e+08  3.3639      11.213      14.612      3072        3           
[1m(BM_SPMM_Grid<std::complex<double>, batchlas::Backend::CUDA>)[0m1024    3       2       2       0       0       0       0       100         0.016509    2.5986e-05  1907.9      5.9544      15.879      8.2547      3072        3           
[1m(BM_SPMM_Grid<std::complex<double>, batchlas::Backend::CUDA>)[0m1024    3       2       2       0       0       1       0       100         0.016636    1.7029e-05  4985.5      5.9091      15.758      8.3180      3072        3           
[1m(BM_SPMM_Grid<std::complex<double>, batchlas::Backend::CUDA>)[0m1024    3       2       2       0       1       0       0       100         0.016496    0.0016668   6.7335e+07  5.9594      19.865      8.2478      3072        3           
[1m(BM_SPMM_Grid<std::complex<double>, batchlas::Backend::CUDA>)[0m1024    3       2       2       0       1       1       0       100         0.015435    0.00010939  1.7890e+08  6.3689      21.230      7.7175      3072        3           
[1m(BM_SPMM_Grid<std::complex<double>, batchlas::Backend::CUDA>)[0m1024    3       2       4       0       0       0       0       100         0.016866    0.00011893  1907.9      11.657      31.087      4.2164      3072        3           
[1m(BM_SPMM_Grid<std::complex<double>, batchlas::Backend::CUDA>)[0m1024    3       2       4       0       0       1       0       100         0.017070    2.3040e-05  4985.5      11.518      30.715      4.2674      3072        3           
[1m(BM_SPMM_Grid<std::complex<double>, batchlas::Backend::CUDA>)[0m1024    3       2       4       0       1       0       0       100         0.015822    3.5195e-05  6.6007e+07  12.426      41.422      3.9554      3072        3           
[1m(BM_SPMM_Grid<std::complex<double>, batchlas::Backend::CUDA>)[0m1024    3       2       4       0       1       1       0       100         0.016578    0.00056778  1.7339e+08  11.859      39.532      4.1446      3072        3           
[1m(BM_SPMM_Grid<std::complex<double>, batchlas::Backend::CUDA>)[0m1024    3       2       8       0       0       0       0       100         0.021020    0.00024713  1907.9      18.707      49.887      2.6275      3072        3           
[1m(BM_SPMM_Grid<std::complex<double>, batchlas::Backend::CUDA>)[0m1024    3       2       8       0       0       1       0       100         0.021267    3.8992e-05  4985.5      18.489      49.306      2.6584      3072        3           
[1m(BM_SPMM_Grid<std::complex<double>, batchlas::Backend::CUDA>)[0m1024    3       2       8       0       1       0       0       100         0.019857    0.00019702  5.6742e+07  19.802      66.009      2.4821      3072        3           
[1m(BM_SPMM_Grid<std::complex<double>, batchlas::Backend::CUDA>)[0m1024    3       2       8       0       1       1       0       100         0.018861    0.0012225   1.5720e+08  20.848      69.496      2.3576      3072        3           
[1m(BM_SPMM_Grid<std::complex<double>, batchlas::Backend::CUDA>)[0m1024    3       2       16      0       0       0       0       100         0.024655    0.0014269   1907.9      31.897      85.062      1.5409      3072        3           
[1m(BM_SPMM_Grid<std::complex<double>, batchlas::Backend::CUDA>)[0m1024    3       2       16      0       0       1       0       100         0.021904    0.00032330  4985.5      35.903      95.744      1.3690      3072        3           
[1m(BM_SPMM_Grid<std::complex<double>, batchlas::Backend::CUDA>)[0m1024    3       2       16      0       1       0       0       100         0.021904    0.0013776   5.5857e+07  35.904      119.68      1.3690      3072        3           
[1m(BM_SPMM_Grid<std::complex<double>, batchlas::Backend::CUDA>)[0m1024    3       2       16      0       1       1       0       100         0.024485    0.00017804  1.3064e+08  32.119      107.07      1.5303      3072        3           
[1m(BM_SPMM_Grid<std::complex<double>, batchlas::Backend::CUDA>)[0m1024    3       2       32      0       0       0       0       100         0.028176    0.00010924  1907.9      55.822      148.86      0.88051     3072        3           
[1m(BM_SPMM_Grid<std::complex<double>, batchlas::Backend::CUDA>)[0m1024    3       2       32      0       0       1       0       100         0.028148    3.2040e-05  4985.5      55.878      149.01      0.87963     3072        3           
[1m(BM_SPMM_Grid<std::complex<double>, batchlas::Backend::CUDA>)[0m1024    3       2       32      0       1       0       0       100         0.026765    3.3815e-05  4.7553e+07  58.766      195.89      0.83640     3072        3           
[1m(BM_SPMM_Grid<std::complex<double>, batchlas::Backend::CUDA>)[0m1024    3       2       32      0       1       1       0       100         0.027870    0.0015759   1.2474e+08  56.437      188.13      0.87092     3072        3           
[1m(BM_SPMM_Grid<std::complex<double>, batchlas::Backend::CUDA>)[0m1024    3       2       64      0       0       0       0       100         0.040298    0.0034292   1907.9      78.063      208.17      0.62965     3072        3           
[1m(BM_SPMM_Grid<std::complex<double>, batchlas::Backend::CUDA>)[0m1024    3       2       64      0       0       1       0       100         0.044647    0.0013833   4985.5      70.457      187.89      0.69762     3072        3           
[1m(BM_SPMM_Grid<std::complex<double>, batchlas::Backend::CUDA>)[0m1024    3       2       64      0       1       0       0       100         0.036008    3.2271e-05  3.9067e+07  87.363      291.22      0.56262     3072        3           
[1m(BM_SPMM_Grid<std::complex<double>, batchlas::Backend::CUDA>)[0m1024    3       2       64      0       1       1       0       100         0.036059    4.0583e-05  1.0527e+08  87.237      290.80      0.56343     3072        3           
[1m(BM_SPMM_Grid<std::complex<double>, batchlas::Backend::CUDA>)[0m1024    3       2       128     0       0       0       0       100         0.057084    0.00014205  1907.9      110.21      293.91      0.44597     3072        3           
[1m(BM_SPMM_Grid<std::complex<double>, batchlas::Backend::CUDA>)[0m1024    3       2       128     0       0       1       0       100         0.058209    0.00093689  4985.5      108.08      288.23      0.45476     3072        3           
[1m(BM_SPMM_Grid<std::complex<double>, batchlas::Backend::CUDA>)[0m1024    3       2       128     0       1       0       0       100         0.061466    0.0011064   3.1359e+07  102.36      341.20      0.48020     3072        3           
[1m(BM_SPMM_Grid<std::complex<double>, batchlas::Backend::CUDA>)[0m1024    3       2       128     0       1       1       0       100         0.061959    0.0019771   8.1981e+07  101.54      338.48      0.48405     3072        3           
2775 MHz, 53
