2775 MHz, 55
[1;36mName                                              Arg0    Arg1    Arg2    Arg3    Arg4    Arg5    Arg6    Arg7    Iter        Avg(ms)     Std(ms)     chk         GFLOPS      GB/s        Time (µs) / matrixnnz/item    nnz/row     [0m
[1m(BM_SPMM_Grid<std::complex<double>, batchlas::Backend::CUDA>)[0m1024    3       2       1       0       0       0       0       100         0.0029188   7.2019e-05  1907.9      16.840      44.908      2.9188      3072        3           
[1m(BM_SPMM_Grid<std::complex<double>, batchlas::Backend::CUDA>)[0m1024    3       2       1       0       0       1       0       100         0.0048369   1.7031e-06  4985.5      10.162      27.099      4.8369      3072        3           
[1m(BM_SPMM_Grid<std::complex<double>, batchlas::Backend::CUDA>)[0m1024    3       2       1       0       1       0       0       100         0.0029240   6.1980e-05  3.8161e+08  16.810      56.034      2.9240      3072        3           
[1m(BM_SPMM_Grid<std::complex<double>, batchlas::Backend::CUDA>)[0m1024    3       2       1       0       1       1       0       100         0.0050469   4.4539e-06  8.5948e+08  9.7391      32.464      5.0469      3072        3           
[1m(BM_SPMM_Grid<std::complex<double>, batchlas::Backend::CUDA>)[0m1024    3       2       2       0       0       0       0       100         0.0028908   5.2984e-05  1907.9      34.006      90.684      1.4454      3072        3           
[1m(BM_SPMM_Grid<std::complex<double>, batchlas::Backend::CUDA>)[0m1024    3       2       2       0       0       1       0       100         0.0048606   8.6231e-07  4985.5      20.225      53.934      2.4303      3072        3           
[1m(BM_SPMM_Grid<std::complex<double>, batchlas::Backend::CUDA>)[0m1024    3       2       2       0       1       0       0       100         0.0029298   3.4600e-05  4.1209e+08  33.553      111.85      1.4649      3072        3           
[1m(BM_SPMM_Grid<std::complex<double>, batchlas::Backend::CUDA>)[0m1024    3       2       2       0       1       1       0       100         0.0049966   9.4952e-07  8.6454e+08  19.674      65.582      2.4983      3072        3           
[1m(BM_SPMM_Grid<std::complex<double>, batchlas::Backend::CUDA>)[0m1024    3       2       4       0       0       0       0       100         0.0029236   7.0087e-05  1907.9      67.249      179.34      0.73090     3072        3           
[1m(BM_SPMM_Grid<std::complex<double>, batchlas::Backend::CUDA>)[0m1024    3       2       4       0       0       1       0       100         0.0048970   7.7238e-07  4985.5      40.149      107.07      1.2242      3072        3           
[1m(BM_SPMM_Grid<std::complex<double>, batchlas::Backend::CUDA>)[0m1024    3       2       4       0       1       0       0       100         0.0030240   0.00043314  4.1159e+08  65.017      216.73      0.75599     3072        3           
[1m(BM_SPMM_Grid<std::complex<double>, batchlas::Backend::CUDA>)[0m1024    3       2       4       0       1       1       0       100         0.0050195   6.6993e-07  8.6354e+08  39.169      130.57      1.2549      3072        3           
[1m(BM_SPMM_Grid<std::complex<double>, batchlas::Backend::CUDA>)[0m1024    3       2       8       0       0       0       0       100         0.0029361   2.8827e-05  1907.9      133.93      357.15      0.36701     3072        3           
[1m(BM_SPMM_Grid<std::complex<double>, batchlas::Backend::CUDA>)[0m1024    3       2       8       0       0       1       0       100         0.0050623   1.9876e-06  4985.5      77.675      207.14      0.63279     3072        3           
[1m(BM_SPMM_Grid<std::complex<double>, batchlas::Backend::CUDA>)[0m1024    3       2       8       0       1       0       0       100         0.0030408   0.00021284  4.0837e+08  129.31      431.05      0.38010     3072        3           
[1m(BM_SPMM_Grid<std::complex<double>, batchlas::Backend::CUDA>)[0m1024    3       2       8       0       1       1       0       100         0.0051795   4.3261e-05  8.4619e+08  75.918      253.07      0.64743     3072        3           
[1m(BM_SPMM_Grid<std::complex<double>, batchlas::Backend::CUDA>)[0m1024    3       2       16      0       0       0       0       100         0.0038625   0.00015379  1907.9      203.61      542.98      0.24140     3072        3           
[1m(BM_SPMM_Grid<std::complex<double>, batchlas::Backend::CUDA>)[0m1024    3       2       16      0       0       1       0       100         0.0055995   4.0856e-06  4985.5      140.45      374.54      0.34997     3072        3           
[1m(BM_SPMM_Grid<std::complex<double>, batchlas::Backend::CUDA>)[0m1024    3       2       16      0       1       0       0       100         0.0038892   7.1739e-05  3.6233e+08  202.21      674.04      0.24308     3072        3           
[1m(BM_SPMM_Grid<std::complex<double>, batchlas::Backend::CUDA>)[0m1024    3       2       16      0       1       1       0       100         0.0057106   2.3657e-06  8.1800e+08  137.71      459.06      0.35691     3072        3           
[1m(BM_SPMM_Grid<std::complex<double>, batchlas::Backend::CUDA>)[0m1024    3       2       32      0       0       0       0       100         0.0047145   8.8790e-05  1907.9      333.62      889.69      0.14733     3072        3           
[1m(BM_SPMM_Grid<std::complex<double>, batchlas::Backend::CUDA>)[0m1024    3       2       32      0       0       1       0       100         0.0080021   1.2622e-05  4985.5      196.56      524.17      0.25007     3072        3           
[1m(BM_SPMM_Grid<std::complex<double>, batchlas::Backend::CUDA>)[0m1024    3       2       32      0       1       0       0       100         0.0049579   9.1845e-05  3.3275e+08  317.25      1057.5      0.15493     3072        3           
[1m(BM_SPMM_Grid<std::complex<double>, batchlas::Backend::CUDA>)[0m1024    3       2       32      0       1       1       0       100         0.0080375   4.6585e-06  7.3121e+08  195.69      652.31      0.25117     3072        3           
[1m(BM_SPMM_Grid<std::complex<double>, batchlas::Backend::CUDA>)[0m1024    3       2       64      0       0       0       0       100         0.0074576   0.00010442  1907.9      421.82      1124.9      0.11652     3072        3           
[1m(BM_SPMM_Grid<std::complex<double>, batchlas::Backend::CUDA>)[0m1024    3       2       64      0       0       1       0       100         0.012460    2.8969e-05  4985.5      252.47      673.26      0.19469     3072        3           
[1m(BM_SPMM_Grid<std::complex<double>, batchlas::Backend::CUDA>)[0m1024    3       2       64      0       1       0       0       100         0.0075287   0.00017337  2.8609e+08  417.83      1392.8      0.11764     3072        3           
[1m(BM_SPMM_Grid<std::complex<double>, batchlas::Backend::CUDA>)[0m1024    3       2       64      0       1       1       0       100         0.012602    0.00026705  2.0127e+08  249.62      832.07      0.19691     3072        3           
[1m(BM_SPMM_Grid<std::complex<double>, batchlas::Backend::CUDA>)[0m1024    3       2       128     0       0       0       0       100         0.012862    1.3605e-05  1907.9      489.16      1304.5      0.10048     3072        3           
[1m(BM_SPMM_Grid<std::complex<double>, batchlas::Backend::CUDA>)[0m1024    3       2       128     0       0       1       0       100         0.021856    1.5030e-05  4985.5      287.86      767.65      0.17075     3072        3           
[1m(BM_SPMM_Grid<std::complex<double>, batchlas::Backend::CUDA>)[0m1024    3       2       128     0       1       0       0       100         0.012945    6.7490e-06  7.6081e+07  486.01      1620.1      0.10113     3072        3           
[1m(BM_SPMM_Grid<std::complex<double>, batchlas::Backend::CUDA>)[0m1024    3       2       128     0       1       1       0       100         0.021908    9.9497e-05  1.3937e+08  287.18      957.28      0.17116     3072        3           
2775 MHz, 56
