210 MHz, 42
[1;36mName                                              Arg0    Arg1    Arg2    Arg3    Arg4    Arg5    Arg6    Arg7    Iter        Avg(ms)     Std(ms)     chk         GFLOPS      GB/s        Time (µs) / matrixnnz/item    nnz/row     [0m
[1m(BM_SPMM_Grid<float, batchlas::Backend::CUDA>)    [0m1024    3       2       1       0       0       0       0       100         0.015577    3.2487e-05  874.68      0.78883     2.8926      15.577      3072        3           
[1m(BM_SPMM_Grid<float, batchlas::Backend::CUDA>)    [0m1024    3       2       1       0       0       1       0       100         0.015727    2.6671e-05  2210.6      0.78135     2.8652      15.727      3072        3           
[1m(BM_SPMM_Grid<float, batchlas::Backend::CUDA>)    [0m1024    3       2       1       0       1       0       0       100         0.014244    3.1991e-05  3.2675e+07  0.86269     3.7386      14.244      3072        3           
[1m(BM_SPMM_Grid<float, batchlas::Backend::CUDA>)    [0m1024    3       2       1       0       1       1       0       100         0.014761    3.4351e-05  8.0652e+07  0.83246     3.6076      14.761      3072        3           
[1m(BM_SPMM_Grid<float, batchlas::Backend::CUDA>)    [0m1024    3       2       2       0       0       0       0       100         0.016869    2.2241e-05  874.68      1.4568      5.3422      8.4347      3072        3           
[1m(BM_SPMM_Grid<float, batchlas::Backend::CUDA>)    [0m1024    3       2       2       0       0       1       0       100         0.015088    0.00025435  2210.6      1.6289      5.9730      7.5439      3072        3           
[1m(BM_SPMM_Grid<float, batchlas::Backend::CUDA>)    [0m1024    3       2       2       0       1       0       0       100         0.013701    2.3446e-05  3.4186e+07  1.7938      7.7735      6.8504      3072        3           
[1m(BM_SPMM_Grid<float, batchlas::Backend::CUDA>)    [0m1024    3       2       2       0       1       1       0       100         0.013748    1.7178e-05  8.5480e+07  1.7876      7.7471      6.8738      3072        3           
[1m(BM_SPMM_Grid<float, batchlas::Backend::CUDA>)    [0m1024    3       2       4       0       0       0       0       100         0.015302    2.1060e-05  874.68      3.2121      11.779      3.8255      3072        3           
[1m(BM_SPMM_Grid<float, batchlas::Backend::CUDA>)    [0m1024    3       2       4       0       0       1       0       100         0.015378    1.8407e-05  2210.6      3.1962      11.720      3.8446      3072        3           
[1m(BM_SPMM_Grid<float, batchlas::Backend::CUDA>)    [0m1024    3       2       4       0       1       0       0       100         0.014151    1.8042e-05  3.2794e+07  3.4733      15.052      3.5378      3072        3           
[1m(BM_SPMM_Grid<float, batchlas::Backend::CUDA>)    [0m1024    3       2       4       0       1       1       0       100         0.014227    1.6305e-05  8.2934e+07  3.4549      14.972      3.5567      3072        3           
[1m(BM_SPMM_Grid<float, batchlas::Backend::CUDA>)    [0m1024    3       2       8       0       0       0       0       100         0.016078    3.6048e-05  874.68      6.1144      22.421      2.0097      3072        3           
[1m(BM_SPMM_Grid<float, batchlas::Backend::CUDA>)    [0m1024    3       2       8       0       0       1       0       100         0.016265    2.4795e-05  2210.6      6.0440      22.163      2.0331      3072        3           
[1m(BM_SPMM_Grid<float, batchlas::Backend::CUDA>)    [0m1024    3       2       8       0       1       0       0       100         0.015032    2.1030e-05  3.1744e+07  6.5395      28.340      1.8790      3072        3           
[1m(BM_SPMM_Grid<float, batchlas::Backend::CUDA>)    [0m1024    3       2       8       0       1       1       0       100         0.015085    2.1589e-05  8.0422e+07  6.5166      28.241      1.8856      3072        3           
[1m(BM_SPMM_Grid<float, batchlas::Backend::CUDA>)    [0m1024    3       2       16      0       0       0       0       100         0.018048    2.1886e-05  874.68      10.894      39.947      1.1280      3072        3           
[1m(BM_SPMM_Grid<float, batchlas::Backend::CUDA>)    [0m1024    3       2       16      0       0       1       0       100         0.018080    2.5161e-05  2210.6      10.874      39.876      1.1300      3072        3           
[1m(BM_SPMM_Grid<float, batchlas::Backend::CUDA>)    [0m1024    3       2       16      0       1       0       0       100         0.016713    2.6000e-05  2.9337e+07  11.764      50.980      1.0446      3072        3           
[1m(BM_SPMM_Grid<float, batchlas::Backend::CUDA>)    [0m1024    3       2       16      0       1       1       0       100         0.016716    3.2895e-05  7.4339e+07  11.762      50.972      1.0447      3072        3           
[1m(BM_SPMM_Grid<float, batchlas::Backend::CUDA>)    [0m1024    3       2       32      0       0       0       0       100         0.021249    0.00014852  874.68      18.505      67.859      0.66402     3072        3           
[1m(BM_SPMM_Grid<float, batchlas::Backend::CUDA>)    [0m1024    3       2       32      0       0       1       0       100         0.021392    2.5988e-05  2210.6      18.381      67.403      0.66852     3072        3           
[1m(BM_SPMM_Grid<float, batchlas::Backend::CUDA>)    [0m1024    3       2       32      0       1       0       0       100         0.019947    2.0593e-05  2.6146e+07  19.713      85.429      0.62334     3072        3           
[1m(BM_SPMM_Grid<float, batchlas::Backend::CUDA>)    [0m1024    3       2       32      0       1       1       0       100         0.020044    2.1033e-05  6.5868e+07  19.618      85.016      0.62638     3072        3           
[1m(BM_SPMM_Grid<float, batchlas::Backend::CUDA>)    [0m1024    3       2       64      0       0       0       0       100         0.029582    2.1518e-05  874.68      26.585      97.487      0.46221     3072        3           
[1m(BM_SPMM_Grid<float, batchlas::Backend::CUDA>)    [0m1024    3       2       64      0       0       1       0       100         0.029779    2.4664e-05  2210.6      26.409      96.841      0.46530     3072        3           
[1m(BM_SPMM_Grid<float, batchlas::Backend::CUDA>)    [0m1024    3       2       64      0       1       0       0       100         0.028207    2.7444e-05  2.1059e+07  27.881      120.83      0.44073     3072        3           
[1m(BM_SPMM_Grid<float, batchlas::Backend::CUDA>)    [0m1024    3       2       64      0       1       1       0       100         0.028378    2.4923e-05  5.3187e+07  27.712      120.10      0.44341     3072        3           
[1m(BM_SPMM_Grid<float, batchlas::Backend::CUDA>)    [0m1024    3       2       128     0       0       0       0       100         0.047956    2.6653e-05  874.68      32.798      120.27      0.37465     3072        3           
[1m(BM_SPMM_Grid<float, batchlas::Backend::CUDA>)    [0m1024    3       2       128     0       0       1       0       100         0.048621    3.2892e-05  2210.6      32.350      118.63      0.37985     3072        3           
[1m(BM_SPMM_Grid<float, batchlas::Backend::CUDA>)    [0m1024    3       2       128     0       1       0       0       100         0.046374    0.00011899  1.6357e+07  33.917      146.98      0.36230     3072        3           
[1m(BM_SPMM_Grid<float, batchlas::Backend::CUDA>)    [0m1024    3       2       128     0       1       1       0       100         0.047001    4.0765e-05  4.1002e+07  33.464      145.02      0.36720     3072        3           
2790 MHz, 46
