2775 MHz, 63
[1;36mName                                              Arg0    Arg1    Arg2    Arg3    Arg4    Arg5    Arg6    Arg7    Iter        Avg(ms)     Std(ms)     chk         GFLOPS      GB/s        Time (µs) / matrixnnz/item    nnz/row     [0m
[1m(BM_SPMM_Grid<std::complex<float>, batchlas::Backend::CUDA>)[0m1024    3       2       1       0       0       0       0       100         0.016087    0.00064093  1907.9      3.0553      4.5833      16.087      3072        3           
[1m(BM_SPMM_Grid<std::complex<float>, batchlas::Backend::CUDA>)[0m1024    3       2       1       0       0       1       0       100         0.015491    0.0019281   4985.5      3.1729      4.7596      15.491      3072        3           
[1m(BM_SPMM_Grid<std::complex<float>, batchlas::Backend::CUDA>)[0m1024    3       2       1       0       1       0       0       100         0.013615    0.00034574  7.7348e+07  3.6101      6.6189      13.615      3072        3           
[1m(BM_SPMM_Grid<std::complex<float>, batchlas::Backend::CUDA>)[0m1024    3       2       1       0       1       1       0       100         0.015170    0.00085975  1.9318e+08  3.2400      5.9402      15.170      3072        3           
[1m(BM_SPMM_Grid<std::complex<float>, batchlas::Backend::CUDA>)[0m1024    3       2       2       0       0       0       0       100         0.017484    0.0016245   1907.9      5.6225      8.4342      8.7421      3072        3           
[1m(BM_SPMM_Grid<std::complex<float>, batchlas::Backend::CUDA>)[0m1024    3       2       2       0       0       1       0       100         0.017216    9.7996e-05  4985.5      5.7100      8.5654      8.6081      3072        3           
[1m(BM_SPMM_Grid<std::complex<float>, batchlas::Backend::CUDA>)[0m1024    3       2       2       0       1       0       0       100         0.015754    0.00029358  6.6587e+07  6.2399      11.440      7.8771      3072        3           
[1m(BM_SPMM_Grid<std::complex<float>, batchlas::Backend::CUDA>)[0m1024    3       2       2       0       1       1       0       100         0.015954    3.1869e-05  1.7216e+08  6.1615      11.297      7.9772      3072        3           
[1m(BM_SPMM_Grid<std::complex<float>, batchlas::Backend::CUDA>)[0m1024    3       2       4       0       0       0       0       100         0.015269    2.4303e-05  1907.9      12.877      19.316      3.8171      3072        3           
[1m(BM_SPMM_Grid<std::complex<float>, batchlas::Backend::CUDA>)[0m1024    3       2       4       0       0       1       0       100         0.015591    0.00012160  4985.5      12.611      18.917      3.8977      3072        3           
[1m(BM_SPMM_Grid<std::complex<float>, batchlas::Backend::CUDA>)[0m1024    3       2       4       0       1       0       0       100         0.014327    3.0011e-05  7.1029e+07  13.722      25.159      3.5819      3072        3           
[1m(BM_SPMM_Grid<std::complex<float>, batchlas::Backend::CUDA>)[0m1024    3       2       4       0       1       1       0       100         0.014526    0.0010151   1.8660e+08  13.535      24.815      3.6315      3072        3           
[1m(BM_SPMM_Grid<std::complex<float>, batchlas::Backend::CUDA>)[0m1024    3       2       8       0       0       0       0       100         0.016188    2.2896e-05  1907.9      24.291      36.439      2.0235      3072        3           
[1m(BM_SPMM_Grid<std::complex<float>, batchlas::Backend::CUDA>)[0m1024    3       2       8       0       0       1       0       100         0.016444    2.8386e-05  4985.5      23.913      35.871      2.0555      3072        3           
[1m(BM_SPMM_Grid<std::complex<float>, batchlas::Backend::CUDA>)[0m1024    3       2       8       0       1       0       0       100         0.015084    0.00053046  6.9472e+07  26.068      47.794      1.8855      3072        3           
[1m(BM_SPMM_Grid<std::complex<float>, batchlas::Backend::CUDA>)[0m1024    3       2       8       0       1       1       0       100         0.015376    5.5488e-05  1.7743e+08  25.573      46.887      1.9220      3072        3           
[1m(BM_SPMM_Grid<std::complex<float>, batchlas::Backend::CUDA>)[0m1024    3       2       16      0       0       0       0       100         0.017658    2.4872e-05  1907.9      44.536      66.808      1.1036      3072        3           
[1m(BM_SPMM_Grid<std::complex<float>, batchlas::Backend::CUDA>)[0m1024    3       2       16      0       0       1       0       100         0.017690    2.7855e-05  4985.5      44.455      66.686      1.1057      3072        3           
[1m(BM_SPMM_Grid<std::complex<float>, batchlas::Backend::CUDA>)[0m1024    3       2       16      0       1       0       0       100         0.016601    3.0291e-05  6.4374e+07  47.372      86.853      1.0376      3072        3           
[1m(BM_SPMM_Grid<std::complex<float>, batchlas::Backend::CUDA>)[0m1024    3       2       16      0       1       1       0       100         0.016634    2.5623e-05  1.6881e+08  47.279      86.682      1.0396      3072        3           
[1m(BM_SPMM_Grid<std::complex<float>, batchlas::Backend::CUDA>)[0m1024    3       2       32      0       0       0       0       100         0.021456    3.1891e-05  1907.9      73.305      109.96      0.67051     3072        3           
[1m(BM_SPMM_Grid<std::complex<float>, batchlas::Backend::CUDA>)[0m1024    3       2       32      0       0       1       0       100         0.021571    1.9998e-05  4985.5      72.917      109.38      0.67408     3072        3           
[1m(BM_SPMM_Grid<std::complex<float>, batchlas::Backend::CUDA>)[0m1024    3       2       32      0       1       0       0       100         0.020073    2.3640e-05  5.6696e+07  78.357      143.66      0.62728     3072        3           
[1m(BM_SPMM_Grid<std::complex<float>, batchlas::Backend::CUDA>)[0m1024    3       2       32      0       1       1       0       100         0.020158    3.3066e-05  1.4787e+08  78.028      143.06      0.62993     3072        3           
[1m(BM_SPMM_Grid<std::complex<float>, batchlas::Backend::CUDA>)[0m1024    3       2       64      0       0       0       0       100         0.030081    2.4117e-05  1907.9      104.58      156.87      0.47001     3072        3           
[1m(BM_SPMM_Grid<std::complex<float>, batchlas::Backend::CUDA>)[0m1024    3       2       64      0       0       1       0       100         0.030336    2.0996e-05  4985.5      103.70      155.55      0.47399     3072        3           
[1m(BM_SPMM_Grid<std::complex<float>, batchlas::Backend::CUDA>)[0m1024    3       2       64      0       1       0       0       100         0.028463    2.5629e-05  4.5768e+07  110.52      202.63      0.44473     3072        3           
[1m(BM_SPMM_Grid<std::complex<float>, batchlas::Backend::CUDA>)[0m1024    3       2       64      0       1       1       0       100         0.028630    2.2326e-05  1.1947e+08  109.87      201.45      0.44735     3072        3           
[1m(BM_SPMM_Grid<std::complex<float>, batchlas::Backend::CUDA>)[0m1024    3       2       128     0       0       0       0       100         0.048450    2.5576e-05  1907.9      129.85      194.79      0.37852     3072        3           
[1m(BM_SPMM_Grid<std::complex<float>, batchlas::Backend::CUDA>)[0m1024    3       2       128     0       0       1       0       100         0.048563    2.5493e-05  4985.5      129.55      194.34      0.37940     3072        3           
[1m(BM_SPMM_Grid<std::complex<float>, batchlas::Backend::CUDA>)[0m1024    3       2       128     0       1       0       0       100         0.046247    2.4948e-05  3.5678e+07  136.04      249.42      0.36131     3072        3           
[1m(BM_SPMM_Grid<std::complex<float>, batchlas::Backend::CUDA>)[0m1024    3       2       128     0       1       1       0       100         0.046454    0.00011644  9.3069e+07  135.43      248.31      0.36292     3072        3           
2775 MHz, 51
