2775 MHz, 54
[1;36mName                                              Arg0    Arg1    Arg2    Arg3    Arg4    Arg5    Arg6    Arg7    Iter        Avg(ms)     Std(ms)     chk         GFLOPS      GB/s        Time (µs) / matrixnnz/item    nnz/row     [0m
[1m(BM_SPMM_Grid<float, batchlas::Backend::CUDA>)    [0m1024    3       2       1       0       0       0       0       100         0.0038332   0.00017171  874.68      3.2056      11.755      3.8332      3072        3           
[1m(BM_SPMM_Grid<float, batchlas::Backend::CUDA>)    [0m1024    3       2       1       0       0       1       0       100         0.0028753   0.00010187  2210.6      4.2737      15.672      2.8753      3072        3           
[1m(BM_SPMM_Grid<float, batchlas::Backend::CUDA>)    [0m1024    3       2       1       0       1       0       0       100         0.0028507   4.7097e-05  1.9388e+08  4.3105      18.680      2.8507      3072        3           
[1m(BM_SPMM_Grid<float, batchlas::Backend::CUDA>)    [0m1024    3       2       1       0       1       1       0       100         0.0029074   1.1911e-05  4.7922e+08  4.2265      18.316      2.9074      3072        3           
[1m(BM_SPMM_Grid<float, batchlas::Backend::CUDA>)    [0m1024    3       2       2       0       0       0       0       100         0.0028660   3.4605e-05  874.68      8.5750      31.444      1.4330      3072        3           
[1m(BM_SPMM_Grid<float, batchlas::Backend::CUDA>)    [0m1024    3       2       2       0       0       1       0       100         0.0028667   5.2285e-05  2210.6      8.5730      31.437      1.4333      3072        3           
[1m(BM_SPMM_Grid<float, batchlas::Backend::CUDA>)    [0m1024    3       2       2       0       1       0       0       100         0.0028658   3.7547e-05  1.9370e+08  8.5756      37.164      1.4329      3072        3           
[1m(BM_SPMM_Grid<float, batchlas::Backend::CUDA>)    [0m1024    3       2       2       0       1       1       0       100         0.0028705   4.9154e-05  4.8252e+08  8.5615      37.102      1.4353      3072        3           
[1m(BM_SPMM_Grid<float, batchlas::Backend::CUDA>)    [0m1024    3       2       4       0       0       0       0       100         0.0028913   0.00011602  874.68      17.000      62.338      0.72284     3072        3           
[1m(BM_SPMM_Grid<float, batchlas::Backend::CUDA>)    [0m1024    3       2       4       0       0       1       0       100         0.0028560   6.4853e-05  2210.6      17.210      63.110      0.71399     3072        3           
[1m(BM_SPMM_Grid<float, batchlas::Backend::CUDA>)    [0m1024    3       2       4       0       1       0       0       100         0.0028382   5.0057e-05  1.9374e+08  17.318      75.049      0.70956     3072        3           
[1m(BM_SPMM_Grid<float, batchlas::Backend::CUDA>)    [0m1024    3       2       4       0       1       1       0       100         0.0029095   0.00010518  4.8100e+08  16.893      73.210      0.72738     3072        3           
[1m(BM_SPMM_Grid<float, batchlas::Backend::CUDA>)    [0m1024    3       2       8       0       0       0       0       100         0.0028627   3.4425e-05  874.68      34.340      125.93      0.35783     3072        3           
[1m(BM_SPMM_Grid<float, batchlas::Backend::CUDA>)    [0m1024    3       2       8       0       0       1       0       100         0.0028706   2.1809e-05  2210.6      34.245      125.58      0.35883     3072        3           
[1m(BM_SPMM_Grid<float, batchlas::Backend::CUDA>)    [0m1024    3       2       8       0       1       0       0       100         0.0028844   0.00010700  1.9286e+08  34.082      147.70      0.36054     3072        3           
[1m(BM_SPMM_Grid<float, batchlas::Backend::CUDA>)    [0m1024    3       2       8       0       1       1       0       100         0.0030103   9.9936e-06  4.7324e+08  32.656      141.52      0.37629     3072        3           
[1m(BM_SPMM_Grid<float, batchlas::Backend::CUDA>)    [0m1024    3       2       16      0       0       0       0       100         0.0028568   5.2350e-05  874.68      68.820      252.36      0.17855     3072        3           
[1m(BM_SPMM_Grid<float, batchlas::Backend::CUDA>)    [0m1024    3       2       16      0       0       1       0       100         0.0030292   1.7273e-06  2210.6      64.904      238.00      0.18933     3072        3           
[1m(BM_SPMM_Grid<float, batchlas::Backend::CUDA>)    [0m1024    3       2       16      0       1       0       0       100         0.0028713   2.9786e-05  1.9151e+08  68.472      296.74      0.17946     3072        3           
[1m(BM_SPMM_Grid<float, batchlas::Backend::CUDA>)    [0m1024    3       2       16      0       1       1       0       100         0.0032514   1.1498e-05  4.5798e+08  60.469      262.05      0.20321     3072        3           
[1m(BM_SPMM_Grid<float, batchlas::Backend::CUDA>)    [0m1024    3       2       32      0       0       0       0       100         0.0028796   2.4910e-05  874.68      136.55      500.73      0.089988    3072        3           
[1m(BM_SPMM_Grid<float, batchlas::Backend::CUDA>)    [0m1024    3       2       32      0       0       1       0       100         0.0032725   1.4225e-06  2210.6      120.16      440.61      0.10227     3072        3           
[1m(BM_SPMM_Grid<float, batchlas::Backend::CUDA>)    [0m1024    3       2       32      0       1       0       0       100         0.0028646   3.1847e-05  1.9246e+08  137.27      594.86      0.089520    3072        3           
[1m(BM_SPMM_Grid<float, batchlas::Backend::CUDA>)    [0m1024    3       2       32      0       1       1       0       100         0.0035002   0.00033140  4.4562e+08  112.34      486.84      0.10938     3072        3           
[1m(BM_SPMM_Grid<float, batchlas::Backend::CUDA>)    [0m1024    3       2       64      0       0       0       0       100         0.0028776   3.1036e-05  874.68      273.29      1002.2      0.044963    3072        3           
[1m(BM_SPMM_Grid<float, batchlas::Backend::CUDA>)    [0m1024    3       2       64      0       0       1       0       100         0.0039325   0.00026428  2210.6      199.98      733.33      0.061446    3072        3           
[1m(BM_SPMM_Grid<float, batchlas::Backend::CUDA>)    [0m1024    3       2       64      0       1       0       0       100         0.0028917   0.00018126  1.8474e+08  271.96      1178.6      0.045183    3072        3           
[1m(BM_SPMM_Grid<float, batchlas::Backend::CUDA>)    [0m1024    3       2       64      0       1       1       0       100         0.0038213   1.6713e-06  4.2717e+08  205.80      891.87      0.059708    3072        3           
[1m(BM_SPMM_Grid<float, batchlas::Backend::CUDA>)    [0m1024    3       2       128     0       0       0       0       100         0.0031066   2.7521e-05  874.68      506.30      1856.6      0.024270    3072        3           
[1m(BM_SPMM_Grid<float, batchlas::Backend::CUDA>)    [0m1024    3       2       128     0       0       1       0       100         0.0042915   1.4726e-05  2210.6      366.50      1344.0      0.033528    3072        3           
[1m(BM_SPMM_Grid<float, batchlas::Backend::CUDA>)    [0m1024    3       2       128     0       1       0       0       100         0.0033757   2.6778e-06  1.7798e+08  465.94      2019.2      0.026372    3072        3           
[1m(BM_SPMM_Grid<float, batchlas::Backend::CUDA>)    [0m1024    3       2       128     0       1       1       0       100         0.0044781   0.00036423  3.9431e+08  351.24      1522.1      0.034985    3072        3           
2775 MHz, 53
