2760 MHz, 71
[1;36mName                                              Arg0    Arg1    Arg2    Arg3    Arg4    Arg5    Arg6    Arg7    Iter        Avg(ms)     Std(ms)     chk         GFLOPS      GB/s        Time (µs) / matrixnnz/item    nnz/row     [0m
[1m(BM_SPMM_Grid<float, batchlas::Backend::CUDA>)    [0m2048    16      8       512     1       0       0       0       100         0.23384     0.00017893  15785.      1147.9      878.89      0.45673     32768       16          
[1m(BM_SPMM_Grid<float, batchlas::Backend::CUDA>)    [0m2048    16      8       512     1       0       1       0       100         0.35723     0.00024873  71614.      751.43      575.32      0.69772     32768       16          
[1m(BM_SPMM_Grid<float, batchlas::Backend::CUDA>)    [0m2048    16      9       512     1       0       0       0       100         0.23988     0.0011147   17642.      1258.9      891.73      0.46852     32768       16          
[1m(BM_SPMM_Grid<float, batchlas::Backend::CUDA>)    [0m2048    16      9       512     1       0       1       0       100         0.40852     0.00027620  80546.      739.24      523.63      0.79788     32768       16          
[1m(BM_SPMM_Grid<float, batchlas::Backend::CUDA>)    [0m2048    16      12      512     1       0       0       0       100         0.27035     0.00017099  23546.      1489.4      884.32      0.52803     32768       16          
[1m(BM_SPMM_Grid<float, batchlas::Backend::CUDA>)    [0m2048    16      12      512     1       0       1       0       100         0.48185     0.00083218  1.0743e+05  835.65      496.17      0.94111     32768       16          
[1m(BM_SPMM_Grid<float, batchlas::Backend::CUDA>)    [0m2048    16      16      512     1       0       0       0       100         0.47335     0.00082648  31310.      1134.2      575.97      0.92450     32768       16          
[1m(BM_SPMM_Grid<float, batchlas::Backend::CUDA>)    [0m2048    16      16      512     1       0       1       0       100         0.61789     0.0019212   1.4283e+05  868.87      441.23      1.2068      32768       16          
[1m(BM_SPMM_Grid<float, batchlas::Backend::CUDA>)    [0m2048    16      17      512     1       0       0       0       100         0.34876     0.00025758  33370.      1635.6      805.77      0.68117     32768       16          
[1m(BM_SPMM_Grid<float, batchlas::Backend::CUDA>)    [0m2048    16      17      512     1       0       1       0       100         0.72978     0.0048375   1.5166e+05  781.64      385.07      1.4254      32768       16          
[1m(BM_SPMM_Grid<float, batchlas::Backend::CUDA>)    [0m2048    16      20      512     1       0       0       0       100         0.38324     0.0019279   39083.      1751.1      798.93      0.74852     32768       16          
[1m(BM_SPMM_Grid<float, batchlas::Backend::CUDA>)    [0m2048    16      20      512     1       0       1       0       100         0.80929     0.0095576   1.7828e+05  829.23      378.34      1.5807      32768       16          
[1m(BM_SPMM_Grid<float, batchlas::Backend::CUDA>)    [0m2048    16      25      512     1       0       0       0       100         0.43995     0.0017261   48901.      1906.7      791.29      0.85928     32768       16          
[1m(BM_SPMM_Grid<float, batchlas::Backend::CUDA>)    [0m2048    16      25      512     1       0       1       0       100         1.0767      0.0030355   2.2285e+05  779.08      323.32      2.1030      32768       16          
[1m(BM_SPMM_Grid<float, batchlas::Backend::CUDA>)    [0m2048    16      32      512     1       0       0       0       100         1.6709      0.0089378   62657.      642.62      243.49      3.2634      32768       16          
[1m(BM_SPMM_Grid<float, batchlas::Backend::CUDA>)    [0m2048    16      32      512     1       0       1       0       100         1.6877      0.0091350   2.8597e+05  636.22      241.07      3.2963      32768       16          
[1m(BM_SPMM_Grid<float, batchlas::Backend::CUDA>)    [0m2048    16      50      512     1       0       0       0       100         1.1757      0.0027259   98451.      1427.0      474.47      2.2963      32768       16          
[1m(BM_SPMM_Grid<float, batchlas::Backend::CUDA>)    [0m2048    16      50      512     1       0       1       0       100         2.2444      0.0028448   4.4685e+05  747.51      248.55      4.3836      32768       16          
2760 MHz, 71
