2760 MHz, 68
[1;36mName                                              Arg0    Arg1    Arg2    Arg3    Arg4    Arg5    Arg6    Arg7    Iter        Avg(ms)     Std(ms)     chk         GFLOPS      GB/s        Time (µs) / matrixnnz/item    nnz/row     [0m
[1m(BM_SPMM_Grid<float, batchlas::Backend::CUDA>)    [0m2048    16      8       512     1       0       0       0       100         0.57574     0.00035837  15785.      466.25      356.97      1.1245      32768       16          
[1m(BM_SPMM_Grid<float, batchlas::Backend::CUDA>)    [0m2048    16      8       512     1       0       1       0       100         0.70734     0.00050631  71614.      379.50      290.56      1.3815      32768       16          
[1m(BM_SPMM_Grid<float, batchlas::Backend::CUDA>)    [0m2048    16      9       512     1       0       0       0       100         0.59363     0.00035843  17642.      508.72      360.34      1.1594      32768       16          
[1m(BM_SPMM_Grid<float, batchlas::Backend::CUDA>)    [0m2048    16      9       512     1       0       1       0       100         0.86452     0.00031838  80546.      349.32      247.43      1.6885      32768       16          
[1m(BM_SPMM_Grid<float, batchlas::Backend::CUDA>)    [0m2048    16      12      512     1       0       0       0       100         0.66957     0.0013986   23546.      601.36      357.06      1.3078      32768       16          
[1m(BM_SPMM_Grid<float, batchlas::Backend::CUDA>)    [0m2048    16      12      512     1       0       1       0       100         0.96688     0.025250    1.0743e+05  416.45      247.27      1.8884      32768       16          
[1m(BM_SPMM_Grid<float, batchlas::Backend::CUDA>)    [0m2048    16      16      512     1       0       0       0       100         0.86820     0.010411    31310.      618.37      314.02      1.6957      32768       16          
[1m(BM_SPMM_Grid<float, batchlas::Backend::CUDA>)    [0m2048    16      16      512     1       0       1       0       100         1.2874      0.045742    1.4283e+05  417.03      211.77      2.5144      32768       16          
[1m(BM_SPMM_Grid<float, batchlas::Backend::CUDA>)    [0m2048    16      17      512     1       0       0       0       100         0.96913     0.00083112  33370.      588.60      289.97      1.8928      32768       16          
[1m(BM_SPMM_Grid<float, batchlas::Backend::CUDA>)    [0m2048    16      17      512     1       0       1       0       100         1.5075      0.0074582   1.5166e+05  378.40      186.42      2.9443      32768       16          
[1m(BM_SPMM_Grid<float, batchlas::Backend::CUDA>)    [0m2048    16      20      512     1       0       0       0       100         1.0406      0.0014910   39083.      644.90      294.24      2.0324      32768       16          
[1m(BM_SPMM_Grid<float, batchlas::Backend::CUDA>)    [0m2048    16      20      512     1       0       1       0       100         1.8784      0.0033155   1.7828e+05  357.27      163.01      3.6687      32768       16          
[1m(BM_SPMM_Grid<float, batchlas::Backend::CUDA>)    [0m2048    16      25      512     1       0       0       0       100         1.1417      0.0016881   48901.      734.77      304.93      2.2298      32768       16          
[1m(BM_SPMM_Grid<float, batchlas::Backend::CUDA>)    [0m2048    16      25      512     1       0       1       0       100         2.1244      0.0025003   2.2285e+05  394.88      163.87      4.1492      32768       16          
[1m(BM_SPMM_Grid<float, batchlas::Backend::CUDA>)    [0m2048    16      32      512     1       0       0       0       100         1.7883      0.00095426  62657.      600.43      227.51      3.4928      32768       16          
[1m(BM_SPMM_Grid<float, batchlas::Backend::CUDA>)    [0m2048    16      32      512     1       0       1       0       100         2.5260      0.023930    2.8597e+05  425.07      161.06      4.9337      32768       16          
[1m(BM_SPMM_Grid<float, batchlas::Backend::CUDA>)    [0m2048    16      50      512     1       0       0       0       100         2.0589      0.018404    98451.      814.87      270.94      4.0213      32768       16          
[1m(BM_SPMM_Grid<float, batchlas::Backend::CUDA>)    [0m2048    16      50      512     1       0       1       0       93          4.3056      0.027688    4.4685e+05  389.66      129.56      8.4094      32768       16          
2760 MHz, 71
