2760 MHz, 69
[1;36mName                                              Arg0    Arg1    Arg2    Arg3    Arg4    Arg5    Arg6    Arg7    Iter        Avg(ms)     Std(ms)     chk         GFLOPS      GB/s        Time (µs) / matrixnnz/item    nnz/row     [0m
[1m(BM_SPMM_Grid<std::complex<float>, batchlas::Backend::CUDA>)[0m2048    16      8       512     1       0       0       0       100         0.58877     0.0013071   34891.      1823.7      577.04      1.1499      32768       16          
[1m(BM_SPMM_Grid<std::complex<float>, batchlas::Backend::CUDA>)[0m2048    16      8       512     1       0       1       0       100         0.75174     0.00062069  2.0418e+05  1428.3      451.94      1.4682      32768       16          
[1m(BM_SPMM_Grid<std::complex<float>, batchlas::Backend::CUDA>)[0m2048    16      9       512     1       0       0       0       100         0.61578     0.0010928   39141.      1961.7      578.97      1.2027      32768       16          
[1m(BM_SPMM_Grid<std::complex<float>, batchlas::Backend::CUDA>)[0m2048    16      9       512     1       0       1       0       100         1.1946      0.0027162   2.2992e+05  1011.2      298.45      2.3331      32768       16          
[1m(BM_SPMM_Grid<std::complex<float>, batchlas::Backend::CUDA>)[0m2048    16      12      512     1       0       0       0       100         0.79447     0.0026208   52154.      2027.3      512.10      1.5517      32768       16          
[1m(BM_SPMM_Grid<std::complex<float>, batchlas::Backend::CUDA>)[0m2048    16      12      512     1       0       1       0       100         1.2467      0.0056264   3.0719e+05  1291.9      326.35      2.4349      32768       16          
[1m(BM_SPMM_Grid<std::complex<float>, batchlas::Backend::CUDA>)[0m2048    16      16      512     1       0       0       0       100         1.8534      0.0047938   69771.      1158.7      255.73      3.6199      32768       16          
[1m(BM_SPMM_Grid<std::complex<float>, batchlas::Backend::CUDA>)[0m2048    16      16      512     1       0       1       0       100         1.7179      0.0051424   4.0754e+05  1250.1      275.89      3.3553      32768       16          
[1m(BM_SPMM_Grid<std::complex<float>, batchlas::Backend::CUDA>)[0m2048    16      17      512     1       0       0       0       100         1.7615      0.0097027   73932.      1295.3      278.59      3.4404      32768       16          
[1m(BM_SPMM_Grid<std::complex<float>, batchlas::Backend::CUDA>)[0m2048    16      17      512     1       0       1       0       100         2.1724      0.0056439   4.3342e+05  1050.3      225.90      4.2429      32768       16          
[1m(BM_SPMM_Grid<std::complex<float>, batchlas::Backend::CUDA>)[0m2048    16      20      512     1       0       0       0       100         1.8891      0.022043    86755.      1421.0      286.42      3.6896      32768       16          
[1m(BM_SPMM_Grid<std::complex<float>, batchlas::Backend::CUDA>)[0m2048    16      20      512     1       0       1       0       100         2.0893      0.0072982   5.0908e+05  1284.8      258.97      4.0806      32768       16          
[1m(BM_SPMM_Grid<std::complex<float>, batchlas::Backend::CUDA>)[0m2048    16      25      512     1       0       0       0       100         3.0476      0.010003    1.0896e+05  1101.0      205.06      5.9524      32768       16          
[1m(BM_SPMM_Grid<std::complex<float>, batchlas::Backend::CUDA>)[0m2048    16      25      512     1       0       1       0       100         3.1359      0.023400    6.3730e+05  1070.0      199.29      6.1249      32768       16          
[1m(BM_SPMM_Grid<std::complex<float>, batchlas::Backend::CUDA>)[0m2048    16      32      512     1       0       0       0       100         3.6331      0.011597    1.3966e+05  1182.2      204.34      7.0960      32768       16          
[1m(BM_SPMM_Grid<std::complex<float>, batchlas::Backend::CUDA>)[0m2048    16      32      512     1       0       1       0       100         3.3592      0.0032937   8.1510e+05  1278.6      221.00      6.5610      32768       16          
[1m(BM_SPMM_Grid<std::complex<float>, batchlas::Backend::CUDA>)[0m2048    16      50      512     1       0       0       0       69          5.8161      0.071109    2.1880e+05  1153.8      179.57      11.360      32768       16          
[1m(BM_SPMM_Grid<std::complex<float>, batchlas::Backend::CUDA>)[0m2048    16      50      512     1       0       1       0       67          5.9828      0.012809    1.2760e+06  1121.7      174.57      11.685      32768       16          
2760 MHz, 68
