trsm ortho grid: 9 of 54 cells dropped, over the 6.0 GB cap:
    n=32 q=4096 batch=2048 (8.6 GB)
    n=64 q=4096 batch=2048 (17.3 GB)
    n=128 q=1024 batch=2048 (9.1 GB)
    n=128 q=4096 batch=512 (8.7 GB)
    n=128 q=4096 batch=2048 (34.9 GB)
    n=256 q=256 batch=2048 (6.4 GB)
    n=256 q=1024 batch=2048 (19.3 GB)
    n=256 q=4096 batch=512 (17.7 GB)
    n=256 q=4096 batch=2048 (70.9 GB)
trsm route forced: vendor -> vendor:auto
[1;36mName                                              Arg0    Arg1    Arg2    Iter        Avg(ms)     Std(ms)     GFLOPS      Time (us) / matrix[0m
[1m(BM_TRSM_OrthoLeft<float, batchlas::Backend::CUDA>)[0m8       256     128     200         0.021128    0.00088233  99.259      0.16506     
[1m(BM_TRSM_OrthoLeft<float, batchlas::Backend::CUDA>)[0m8       256     512     200         0.031532    0.0011173   266.04      0.061586    
[1m(BM_TRSM_OrthoLeft<float, batchlas::Backend::CUDA>)[0m8       256     2048    200         0.075579    0.0010278   443.97      0.036904    
[1m(BM_TRSM_OrthoLeft<float, batchlas::Backend::CUDA>)[0m8       1024    128     200         0.031239    0.00095819  268.53      0.24406     
[1m(BM_TRSM_OrthoLeft<float, batchlas::Backend::CUDA>)[0m8       1024    512     200         0.074395    0.0010352   451.03      0.14530     
[1m(BM_TRSM_OrthoLeft<float, batchlas::Backend::CUDA>)[0m8       1024    2048    200         0.25430     0.0088628   527.80      0.12417     
[1m(BM_TRSM_OrthoLeft<float, batchlas::Backend::CUDA>)[0m8       4096    128     200         0.074389    0.00096704  451.07      0.58116     
[1m(BM_TRSM_OrthoLeft<float, batchlas::Backend::CUDA>)[0m8       4096    512     200         0.25166     0.0080073   533.34      0.49151     
[1m(BM_TRSM_OrthoLeft<float, batchlas::Backend::CUDA>)[0m8       4096    2048    200         0.95477     0.012882    562.30      0.46620     
[1m(BM_TRSM_OrthoLeft<float, batchlas::Backend::CUDA>)[0m16      256     128     200         0.024944    0.00070867  336.29      0.19488     
[1m(BM_TRSM_OrthoLeft<float, batchlas::Backend::CUDA>)[0m16      256     512     200         0.048696    0.0010231   689.06      0.095109    
[1m(BM_TRSM_OrthoLeft<float, batchlas::Backend::CUDA>)[0m16      256     2048    200         0.14458     0.0040178   928.33      0.070595    
[1m(BM_TRSM_OrthoLeft<float, batchlas::Backend::CUDA>)[0m16      1024    128     200         0.048707    0.00083248  688.90      0.38053     
[1m(BM_TRSM_OrthoLeft<float, batchlas::Backend::CUDA>)[0m16      1024    512     200         0.14366     0.0048482   934.27      0.28059     
[1m(BM_TRSM_OrthoLeft<float, batchlas::Backend::CUDA>)[0m16      1024    2048    200         0.54008     0.011135    994.05      0.26371     
[1m(BM_TRSM_OrthoLeft<float, batchlas::Backend::CUDA>)[0m16      4096    128     200         0.14300     0.0046566   938.57      1.1172      
[1m(BM_TRSM_OrthoLeft<float, batchlas::Backend::CUDA>)[0m16      4096    512     200         0.53493     0.010606    1003.6      1.0448      
[1m(BM_TRSM_OrthoLeft<float, batchlas::Backend::CUDA>)[0m16      4096    2048    97          2.0646      0.066935    1040.1      1.0081      
[1m(BM_TRSM_OrthoLeft<float, batchlas::Backend::CUDA>)[0m32      256     128     200         0.038290    0.00097850  876.32      0.29914     
[1m(BM_TRSM_OrthoLeft<float, batchlas::Backend::CUDA>)[0m32      256     512     200         0.098528    0.0011917   1362.2      0.19244     
[1m(BM_TRSM_OrthoLeft<float, batchlas::Backend::CUDA>)[0m32      256     2048    200         0.35566     0.0088811   1509.5      0.17366     
[1m(BM_TRSM_OrthoLeft<float, batchlas::Backend::CUDA>)[0m32      1024    128     200         0.098552    0.0011663   1361.9      0.76994     
[1m(BM_TRSM_OrthoLeft<float, batchlas::Backend::CUDA>)[0m32      1024    512     200         0.35250     0.0089139   1523.1      0.68847     
[1m(BM_TRSM_OrthoLeft<float, batchlas::Backend::CUDA>)[0m32      1024    2048    152         1.3217      0.061259    1624.8      0.64537     
[1m(BM_TRSM_OrthoLeft<float, batchlas::Backend::CUDA>)[0m32      4096    128     200         0.34811     0.0089939   1542.2      2.7196      
[1m(BM_TRSM_OrthoLeft<float, batchlas::Backend::CUDA>)[0m32      4096    512     153         1.3098      0.059664    1639.5      2.5583      
[1m(BM_TRSM_OrthoLeft<float, batchlas::Backend::CUDA>)[0m64      256     128     200         0.076672    0.0011318   1750.5      0.59900     
[1m(BM_TRSM_OrthoLeft<float, batchlas::Backend::CUDA>)[0m64      256     512     200         0.24539     0.0063156   2187.9      0.47927     
[1m(BM_TRSM_OrthoLeft<float, batchlas::Backend::CUDA>)[0m64      256     2048    200         0.94387     0.011307    2275.2      0.46087     
[1m(BM_TRSM_OrthoLeft<float, batchlas::Backend::CUDA>)[0m64      1024    128     200         0.24790     0.0065683   2165.7      1.9367      
[1m(BM_TRSM_OrthoLeft<float, batchlas::Backend::CUDA>)[0m64      1024    512     200         0.94835     0.011224    2264.5      1.8522      
[1m(BM_TRSM_OrthoLeft<float, batchlas::Backend::CUDA>)[0m64      1024    2048    55          3.6608      0.10949     2346.4      1.7875      
[1m(BM_TRSM_OrthoLeft<float, batchlas::Backend::CUDA>)[0m64      4096    128     200         0.94120     0.011774    2281.6      7.3531      
[1m(BM_TRSM_OrthoLeft<float, batchlas::Backend::CUDA>)[0m64      4096    512     55          3.6439      0.10874     2357.3      7.1171      
[1m(BM_TRSM_OrthoLeft<float, batchlas::Backend::CUDA>)[0m128     256     128     200         0.16082     0.0040656   3338.3      1.2564      
[1m(BM_TRSM_OrthoLeft<float, batchlas::Backend::CUDA>)[0m128     256     512     200         0.59604     0.0080102   3602.9      1.1641      
[1m(BM_TRSM_OrthoLeft<float, batchlas::Backend::CUDA>)[0m128     256     2048    85          2.3680      0.087764    3627.5      1.1563      
[1m(BM_TRSM_OrthoLeft<float, batchlas::Backend::CUDA>)[0m128     1024    128     200         0.59312     0.0089150   3620.6      4.6338      
[1m(BM_TRSM_OrthoLeft<float, batchlas::Backend::CUDA>)[0m128     1024    512     85          2.3534      0.085041    3650.0      4.5965      
[1m(BM_TRSM_OrthoLeft<float, batchlas::Backend::CUDA>)[0m128     4096    128     86          2.3302      0.087423    3686.3      18.205      
[1m(BM_TRSM_OrthoLeft<float, batchlas::Backend::CUDA>)[0m256     256     128     200         0.35565     0.0080101   6038.2      2.7785      
[1m(BM_TRSM_OrthoLeft<float, batchlas::Backend::CUDA>)[0m256     256     512     129         1.5542      0.041730    5526.8      3.0356      
[1m(BM_TRSM_OrthoLeft<float, batchlas::Backend::CUDA>)[0m256     1024    128     130         1.5395      0.041396    5579.7      12.027      
[1m(BM_TRSM_OrthoLeft<float, batchlas::Backend::CUDA>)[0m256     1024    512     33          6.1363      0.17331     5599.4      11.985      
[1m(BM_TRSM_OrthoLeft<float, batchlas::Backend::CUDA>)[0m256     4096    128     33          6.1075      0.18958     5625.8      47.715      
[1m(BM_TRSM_OrthoLeft<double, batchlas::Backend::CUDA>)[0m8       256     128     200         0.047033    0.00084628  44.589      0.36744     
[1m(BM_TRSM_OrthoLeft<double, batchlas::Backend::CUDA>)[0m8       256     512     200         0.13691     0.0021938   61.270      0.26741     
[1m(BM_TRSM_OrthoLeft<double, batchlas::Backend::CUDA>)[0m8       256     2048    200         0.49977     0.0069329   67.140      0.24403     
[1m(BM_TRSM_OrthoLeft<double, batchlas::Backend::CUDA>)[0m8       1024    128     200         0.13724     0.0042079   61.123      1.0722      
[1m(BM_TRSM_OrthoLeft<double, batchlas::Backend::CUDA>)[0m8       1024    512     200         0.49871     0.0073972   67.282      0.97405     
[1m(BM_TRSM_OrthoLeft<double, batchlas::Backend::CUDA>)[0m8       1024    2048    103         1.9494      0.054727    68.852      0.95183     
[1m(BM_TRSM_OrthoLeft<double, batchlas::Backend::CUDA>)[0m8       4096    128     200         0.49847     0.0070077   67.315      3.8943      
[1m(BM_TRSM_OrthoLeft<double, batchlas::Backend::CUDA>)[0m8       4096    512     103         1.9478      0.055105    68.908      3.8042      
[1m(BM_TRSM_OrthoLeft<double, batchlas::Backend::CUDA>)[0m8       4096    2048    26          7.7624      0.22295     69.163      3.7902      
[1m(BM_TRSM_OrthoLeft<double, batchlas::Backend::CUDA>)[0m16      256     128     200         0.080399    0.0010161   104.34      0.62811     
[1m(BM_TRSM_OrthoLeft<double, batchlas::Backend::CUDA>)[0m16      256     512     200         0.27073     0.0054642   123.94      0.52877     
[1m(BM_TRSM_OrthoLeft<double, batchlas::Backend::CUDA>)[0m16      256     2048    194         1.0355      0.037411    129.61      0.50563     
[1m(BM_TRSM_OrthoLeft<double, batchlas::Backend::CUDA>)[0m16      1024    128     200         0.27037     0.0053161   124.11      2.1123      
[1m(BM_TRSM_OrthoLeft<double, batchlas::Backend::CUDA>)[0m16      1024    512     194         1.0342      0.035168    129.78      2.0199      
[1m(BM_TRSM_OrthoLeft<double, batchlas::Backend::CUDA>)[0m16      1024    2048    49          4.1114      0.15318     130.58      2.0075      
[1m(BM_TRSM_OrthoLeft<double, batchlas::Backend::CUDA>)[0m16      4096    128     194         1.0353      0.042301    129.64      8.0884      
[1m(BM_TRSM_OrthoLeft<double, batchlas::Backend::CUDA>)[0m16      4096    512     49          4.0883      0.097859    131.32      7.9849      
[1m(BM_TRSM_OrthoLeft<double, batchlas::Backend::CUDA>)[0m16      4096    2048    13          16.405      0.27387     130.90      8.0105      
[1m(BM_TRSM_OrthoLeft<double, batchlas::Backend::CUDA>)[0m32      256     128     200         0.15869     0.0039842   211.45      1.2397      
[1m(BM_TRSM_OrthoLeft<double, batchlas::Backend::CUDA>)[0m32      256     512     200         0.58168     0.0074924   230.74      1.1361      
[1m(BM_TRSM_OrthoLeft<double, batchlas::Backend::CUDA>)[0m32      256     2048    88          2.2843      0.071025    235.02      1.1154      
[1m(BM_TRSM_OrthoLeft<double, batchlas::Backend::CUDA>)[0m32      1024    128     200         0.58220     0.0076728   230.54      4.5484      
[1m(BM_TRSM_OrthoLeft<double, batchlas::Backend::CUDA>)[0m32      1024    512     88          2.2873      0.079852    234.72      4.4674      
[1m(BM_TRSM_OrthoLeft<double, batchlas::Backend::CUDA>)[0m32      1024    2048    22          9.1640      0.25797     234.34      4.4746      
[1m(BM_TRSM_OrthoLeft<double, batchlas::Backend::CUDA>)[0m32      4096    128     88          2.2867      0.079693    234.78      17.865      
[1m(BM_TRSM_OrthoLeft<double, batchlas::Backend::CUDA>)[0m32      4096    512     22          9.1555      0.25177     234.56      17.882      
[1m(BM_TRSM_OrthoLeft<double, batchlas::Backend::CUDA>)[0m64      256     128     200         0.35833     0.0060983   374.56      2.7995      
[1m(BM_TRSM_OrthoLeft<double, batchlas::Backend::CUDA>)[0m64      256     512     145         1.3794      0.040805    389.19      2.6942      
[1m(BM_TRSM_OrthoLeft<double, batchlas::Backend::CUDA>)[0m64      256     2048    37          5.5074      0.20453     389.93      2.6892      
[1m(BM_TRSM_OrthoLeft<double, batchlas::Backend::CUDA>)[0m64      1024    128     145         1.3796      0.040848    389.15      10.778      
[1m(BM_TRSM_OrthoLeft<double, batchlas::Backend::CUDA>)[0m64      1024    512     37          5.5164      0.21180     389.29      10.774      
[1m(BM_TRSM_OrthoLeft<double, batchlas::Backend::CUDA>)[0m64      1024    2048    10          21.969      0.27940     391.01      10.727      
[1m(BM_TRSM_OrthoLeft<double, batchlas::Backend::CUDA>)[0m64      4096    128     37          5.5074      0.19574     389.93      43.027      
[1m(BM_TRSM_OrthoLeft<double, batchlas::Backend::CUDA>)[0m64      4096    512     10          21.966      0.27582     391.06      42.901      
[1m(BM_TRSM_OrthoLeft<double, batchlas::Backend::CUDA>)[0m128     256     128     200         0.93307     0.0089354   575.38      7.2896      
[1m(BM_TRSM_OrthoLeft<double, batchlas::Backend::CUDA>)[0m128     256     512     55          3.6566      0.083048    587.29      7.1418      
[1m(BM_TRSM_OrthoLeft<double, batchlas::Backend::CUDA>)[0m128     256     2048    14          14.576      0.22823     589.30      7.1174      
[1m(BM_TRSM_OrthoLeft<double, batchlas::Backend::CUDA>)[0m128     1024    128     55          3.6566      0.071921    587.29      28.567      
[1m(BM_TRSM_OrthoLeft<double, batchlas::Backend::CUDA>)[0m128     1024    512     14          14.660      0.27007     585.96      28.632      
[1m(BM_TRSM_OrthoLeft<double, batchlas::Backend::CUDA>)[0m128     4096    128     14          14.666      0.26820     585.69      114.58      
[1m(BM_TRSM_OrthoLeft<double, batchlas::Backend::CUDA>)[0m256     256     128     73          2.7505      0.059457    780.76      21.488      
[1m(BM_TRSM_OrthoLeft<double, batchlas::Backend::CUDA>)[0m256     256     512     19          10.917      0.23066     786.86      21.322      
[1m(BM_TRSM_OrthoLeft<double, batchlas::Backend::CUDA>)[0m256     1024    128     19          10.899      0.22140     788.11      85.152      
[1m(BM_TRSM_OrthoLeft<double, batchlas::Backend::CUDA>)[0m256     1024    512     10          43.502      0.28790     789.85      84.965      
[1m(BM_TRSM_OrthoLeft<double, batchlas::Backend::CUDA>)[0m256     4096    128     10          43.477      0.24632     790.30      339.66      
[1m(BM_TRSM_OrthoLeft<std::complex<float>, batchlas::Backend::CUDA>)[0m8       256     128     200         0.018504    0.00052887  113.33      0.14457     
[1m(BM_TRSM_OrthoLeft<std::complex<float>, batchlas::Backend::CUDA>)[0m8       256     512     200         0.038970    0.00063093  215.26      0.076113    
[1m(BM_TRSM_OrthoLeft<std::complex<float>, batchlas::Backend::CUDA>)[0m8       256     2048    200         0.13928     0.0037212   240.92      0.068007    
[1m(BM_TRSM_OrthoLeft<std::complex<float>, batchlas::Backend::CUDA>)[0m8       1024    128     200         0.040047    0.00064033  209.47      0.31287     
[1m(BM_TRSM_OrthoLeft<std::complex<float>, batchlas::Backend::CUDA>)[0m8       1024    512     200         0.14028     0.0027040   239.20      0.27398     
[1m(BM_TRSM_OrthoLeft<std::complex<float>, batchlas::Backend::CUDA>)[0m8       1024    2048    200         0.53562     0.0075688   250.58      0.26153     
[1m(BM_TRSM_OrthoLeft<std::complex<float>, batchlas::Backend::CUDA>)[0m8       4096    128     200         0.14025     0.0040099   239.25      1.0957      
[1m(BM_TRSM_OrthoLeft<std::complex<float>, batchlas::Backend::CUDA>)[0m8       4096    512     200         0.52899     0.0075540   253.72      1.0332      
[1m(BM_TRSM_OrthoLeft<std::complex<float>, batchlas::Backend::CUDA>)[0m8       4096    2048    100         2.0083      0.052726    267.33      0.98060     
[1m(BM_TRSM_OrthoLeft<std::complex<float>, batchlas::Backend::CUDA>)[0m16      256     128     200         0.074587    0.00078706  112.47      0.58271     
[1m(BM_TRSM_OrthoLeft<std::complex<float>, batchlas::Backend::CUDA>)[0m16      256     512     200         0.18417     0.0037485   182.19      0.35971     
[1m(BM_TRSM_OrthoLeft<std::complex<float>, batchlas::Backend::CUDA>)[0m16      256     2048    200         0.82488     0.0081105   162.71      0.40277     
[1m(BM_TRSM_OrthoLeft<std::complex<float>, batchlas::Backend::CUDA>)[0m16      1024    128     200         0.18105     0.0037624   185.33      1.4145      
[1m(BM_TRSM_OrthoLeft<std::complex<float>, batchlas::Backend::CUDA>)[0m16      1024    512     200         0.81366     0.0080945   164.96      1.5892      
[1m(BM_TRSM_OrthoLeft<std::complex<float>, batchlas::Backend::CUDA>)[0m16      1024    2048    65          3.0958      0.12652     173.42      1.5116      
[1m(BM_TRSM_OrthoLeft<std::complex<float>, batchlas::Backend::CUDA>)[0m16      4096    128     200         0.81489     0.0081183   164.71      6.3664      
[1m(BM_TRSM_OrthoLeft<std::complex<float>, batchlas::Backend::CUDA>)[0m16      4096    512     65          3.1112      0.10201     172.56      6.0766      
[1m(BM_TRSM_OrthoLeft<std::complex<float>, batchlas::Backend::CUDA>)[0m16      4096    2048    17          12.161      0.25920     176.58      5.9381      
[1m(BM_TRSM_OrthoLeft<std::complex<float>, batchlas::Backend::CUDA>)[0m32      256     128     200         0.24331     0.0050423   137.91      1.9008      
[1m(BM_TRSM_OrthoLeft<std::complex<float>, batchlas::Backend::CUDA>)[0m32      256     512     200         0.67650     0.0074958   198.40      1.3213      
[1m(BM_TRSM_OrthoLeft<std::complex<float>, batchlas::Backend::CUDA>)[0m32      256     2048    62          3.2686      0.087928    164.25      1.5960      
[1m(BM_TRSM_OrthoLeft<std::complex<float>, batchlas::Backend::CUDA>)[0m32      1024    128     200         0.67914     0.0076939   197.63      5.3058      
[1m(BM_TRSM_OrthoLeft<std::complex<float>, batchlas::Backend::CUDA>)[0m32      1024    512     63          3.2289      0.091354    166.27      6.3064      
[1m(BM_TRSM_OrthoLeft<std::complex<float>, batchlas::Backend::CUDA>)[0m32      1024    2048    16          13.224      0.28614     162.40      6.4568      
[1m(BM_TRSM_OrthoLeft<std::complex<float>, batchlas::Backend::CUDA>)[0m32      4096    128     63          3.2196      0.096582    166.75      25.153      
[1m(BM_TRSM_OrthoLeft<std::complex<float>, batchlas::Backend::CUDA>)[0m32      4096    512     15          13.446      0.22211     159.71      26.262      
[1m(BM_TRSM_OrthoLeft<std::complex<float>, batchlas::Backend::CUDA>)[0m64      256     128     200         0.91857     0.0078484   146.12      7.1764      
[1m(BM_TRSM_OrthoLeft<std::complex<float>, batchlas::Backend::CUDA>)[0m64      256     512     72          2.7785      0.085500    193.23      5.4267      
[1m(BM_TRSM_OrthoLeft<std::complex<float>, batchlas::Backend::CUDA>)[0m64      256     2048    16          12.703      0.34223     169.05      6.2026      
[1m(BM_TRSM_OrthoLeft<std::complex<float>, batchlas::Backend::CUDA>)[0m64      1024    128     72          2.7809      0.087728    193.06      21.726      
[1m(BM_TRSM_OrthoLeft<std::complex<float>, batchlas::Backend::CUDA>)[0m64      1024    512     16          12.587      0.31646     170.61      24.584      
[1m(BM_TRSM_OrthoLeft<std::complex<float>, batchlas::Backend::CUDA>)[0m64      1024    2048    10          52.111      0.37138     164.84      25.445      
[1m(BM_TRSM_OrthoLeft<std::complex<float>, batchlas::Backend::CUDA>)[0m64      4096    128     16          12.585      0.30434     170.64      98.317      
[1m(BM_TRSM_OrthoLeft<std::complex<float>, batchlas::Backend::CUDA>)[0m64      4096    512     10          52.160      0.34560     164.69      101.87      
[1m(BM_TRSM_OrthoLeft<std::complex<float>, batchlas::Backend::CUDA>)[0m128     256     128     57          3.5534      0.071280    151.09      27.761      
[1m(BM_TRSM_OrthoLeft<std::complex<float>, batchlas::Backend::CUDA>)[0m128     256     512     10          27.813      0.23480     77.212      54.322      
[1m(BM_TRSM_OrthoLeft<std::complex<float>, batchlas::Backend::CUDA>)[0m128     256     2048    10          125.91      2.2321      68.221      61.481      
[1m(BM_TRSM_OrthoLeft<std::complex<float>, batchlas::Backend::CUDA>)[0m128     1024    128     10          26.134      0.30628     82.173      204.17      
[1m(BM_TRSM_OrthoLeft<std::complex<float>, batchlas::Backend::CUDA>)[0m128     1024    512     10          118.43      2.8637      72.533      231.31      
[1m(BM_TRSM_OrthoLeft<std::complex<float>, batchlas::Backend::CUDA>)[0m128     4096    128     10          116.22      2.5482      73.910      907.98      
[1m(BM_TRSM_OrthoLeft<std::complex<float>, batchlas::Backend::CUDA>)[0m256     256     128     15          14.183      0.26911     151.41      110.81      
[1m(BM_TRSM_OrthoLeft<std::complex<float>, batchlas::Backend::CUDA>)[0m256     256     512     10          143.64      0.35766     59.803      280.54      
[1m(BM_TRSM_OrthoLeft<std::complex<float>, batchlas::Backend::CUDA>)[0m256     1024    128     10          134.42      0.47346     63.904      1050.2      
[1m(BM_TRSM_OrthoLeft<std::complex<float>, batchlas::Backend::CUDA>)[0m256     1024    512     10          571.63      4.4769      60.109      1116.5      
[1m(BM_TRSM_OrthoLeft<std::complex<float>, batchlas::Backend::CUDA>)[0m256     4096    128     10          552.63      3.7172      62.175      4317.4      
[1m(BM_TRSM_OrthoLeft<std::complex<double>, batchlas::Backend::CUDA>)[0m8       256     128     200         0.19353     0.0042782   10.836      1.5119      
[1m(BM_TRSM_OrthoLeft<std::complex<double>, batchlas::Backend::CUDA>)[0m8       256     512     200         0.19806     0.0044631   42.353      0.38684     
[1m(BM_TRSM_OrthoLeft<std::complex<double>, batchlas::Backend::CUDA>)[0m8       256     2048    200         0.77498     0.0078255   43.297      0.37841     
[1m(BM_TRSM_OrthoLeft<std::complex<double>, batchlas::Backend::CUDA>)[0m8       1024    128     200         0.19793     0.0043335   42.381      1.5463      
[1m(BM_TRSM_OrthoLeft<std::complex<double>, batchlas::Backend::CUDA>)[0m8       1024    512     200         0.77713     0.0077831   43.178      1.5178      
[1m(BM_TRSM_OrthoLeft<std::complex<double>, batchlas::Backend::CUDA>)[0m8       1024    2048    66          3.0356      0.081711    44.215      1.4822      
[1m(BM_TRSM_OrthoLeft<std::complex<double>, batchlas::Backend::CUDA>)[0m8       4096    128     200         0.77635     0.0079624   43.221      6.0652      
[1m(BM_TRSM_OrthoLeft<std::complex<double>, batchlas::Backend::CUDA>)[0m8       4096    512     66          3.0340      0.079004    44.238      5.9258      
[1m(BM_TRSM_OrthoLeft<std::complex<double>, batchlas::Backend::CUDA>)[0m8       4096    2048    17          12.115      0.22241     44.316      5.9153      
[1m(BM_TRSM_OrthoLeft<std::complex<double>, batchlas::Backend::CUDA>)[0m16      256     128     200         0.56182     0.0068412   14.931      4.3893      
[1m(BM_TRSM_OrthoLeft<std::complex<double>, batchlas::Backend::CUDA>)[0m16      256     512     200         0.56659     0.0071117   59.222      1.1066      
[1m(BM_TRSM_OrthoLeft<std::complex<double>, batchlas::Backend::CUDA>)[0m16      256     2048    89          2.2582      0.071441    59.436      1.1026      
[1m(BM_TRSM_OrthoLeft<std::complex<double>, batchlas::Backend::CUDA>)[0m16      1024    128     200         0.56673     0.0070891   59.207      4.4276      
[1m(BM_TRSM_OrthoLeft<std::complex<double>, batchlas::Backend::CUDA>)[0m16      1024    512     89          2.2631      0.070189    59.308      4.4201      
[1m(BM_TRSM_OrthoLeft<std::complex<double>, batchlas::Backend::CUDA>)[0m16      1024    2048    23          9.0470      0.25647     59.343      4.4175      
[1m(BM_TRSM_OrthoLeft<std::complex<double>, batchlas::Backend::CUDA>)[0m16      4096    128     89          2.2663      0.088756    59.223      17.705      
[1m(BM_TRSM_OrthoLeft<std::complex<double>, batchlas::Backend::CUDA>)[0m16      4096    512     23          9.0431      0.24492     59.368      17.662      
[1m(BM_TRSM_OrthoLeft<std::complex<double>, batchlas::Backend::CUDA>)[0m16      4096    2048    10          36.024      0.044273    59.612      17.590      
[1m(BM_TRSM_OrthoLeft<std::complex<double>, batchlas::Backend::CUDA>)[0m32      256     128     109         1.8467      0.043932    18.169      14.428      
[1m(BM_TRSM_OrthoLeft<std::complex<double>, batchlas::Backend::CUDA>)[0m32      256     512     108         1.8547      0.043803    72.365      3.6225      
[1m(BM_TRSM_OrthoLeft<std::complex<double>, batchlas::Backend::CUDA>)[0m32      256     2048    27          7.5057      0.25453     71.529      3.6649      
[1m(BM_TRSM_OrthoLeft<std::complex<double>, batchlas::Backend::CUDA>)[0m32      1024    128     108         1.8559      0.043417    72.318      14.499      
[1m(BM_TRSM_OrthoLeft<std::complex<double>, batchlas::Backend::CUDA>)[0m32      1024    512     27          7.4895      0.24115     71.683      14.628      
[1m(BM_TRSM_OrthoLeft<std::complex<double>, batchlas::Backend::CUDA>)[0m32      1024    2048    10          30.001      0.069699    71.581      14.649      
[1m(BM_TRSM_OrthoLeft<std::complex<double>, batchlas::Backend::CUDA>)[0m32      4096    128     27          7.4760      0.21366     71.813      58.406      
[1m(BM_TRSM_OrthoLeft<std::complex<double>, batchlas::Backend::CUDA>)[0m32      4096    512     10          29.968      0.041848    71.660      58.531      
[1m(BM_TRSM_OrthoLeft<std::complex<double>, batchlas::Backend::CUDA>)[0m64      256     128     31          6.6384      0.15749     20.218      51.863      
[1m(BM_TRSM_OrthoLeft<std::complex<double>, batchlas::Backend::CUDA>)[0m64      256     512     15          14.304      0.29306     37.533      27.937      
[1m(BM_TRSM_OrthoLeft<std::complex<double>, batchlas::Backend::CUDA>)[0m64      256     2048    10          55.850      0.27215     38.451      27.271      
[1m(BM_TRSM_OrthoLeft<std::complex<double>, batchlas::Backend::CUDA>)[0m64      1024    128     15          13.899      0.26651     38.627      108.59      
[1m(BM_TRSM_OrthoLeft<std::complex<double>, batchlas::Backend::CUDA>)[0m64      1024    512     10          54.664      0.35987     39.286      106.76      
[1m(BM_TRSM_OrthoLeft<std::complex<double>, batchlas::Backend::CUDA>)[0m64      1024    2048    10          209.76      0.44453     40.951      102.42      
[1m(BM_TRSM_OrthoLeft<std::complex<double>, batchlas::Backend::CUDA>)[0m64      4096    128     10          54.305      0.21331     39.545      424.26      
[1m(BM_TRSM_OrthoLeft<std::complex<double>, batchlas::Backend::CUDA>)[0m64      4096    512     10          207.75      0.72850     41.348      405.75      
[1m(BM_TRSM_OrthoLeft<std::complex<double>, batchlas::Backend::CUDA>)[0m128     256     128     10          25.081      0.17301     21.405      195.95      
[1m(BM_TRSM_OrthoLeft<std::complex<double>, batchlas::Backend::CUDA>)[0m128     256     512     10          70.742      0.35675     30.356      138.17      
[1m(BM_TRSM_OrthoLeft<std::complex<double>, batchlas::Backend::CUDA>)[0m128     256     2048    10          281.95      0.57535     30.466      137.67      
[1m(BM_TRSM_OrthoLeft<std::complex<double>, batchlas::Backend::CUDA>)[0m128     1024    128     10          68.898      0.22221     31.169      538.27      
[1m(BM_TRSM_OrthoLeft<std::complex<double>, batchlas::Backend::CUDA>)[0m128     1024    512     10          273.31      0.46505     31.429      533.81      
[1m(BM_TRSM_OrthoLeft<std::complex<double>, batchlas::Backend::CUDA>)[0m128     4096    128     10          270.70      0.49287     31.733      2114.8      
[1m(BM_TRSM_OrthoLeft<std::complex<double>, batchlas::Backend::CUDA>)[0m256     256     128     10          97.162      0.15644     22.102      759.08      
[1m(BM_TRSM_OrthoLeft<std::complex<double>, batchlas::Backend::CUDA>)[0m256     256     512     10          295.84      0.43727     29.036      577.82      
[1m(BM_TRSM_OrthoLeft<std::complex<double>, batchlas::Backend::CUDA>)[0m256     1024    128     10          289.01      0.31359     29.722      2257.9      
[1m(BM_TRSM_OrthoLeft<std::complex<double>, batchlas::Backend::CUDA>)[0m256     1024    512     10          1154.7      0.81190     29.756      2255.3      
[1m(BM_TRSM_OrthoLeft<std::complex<double>, batchlas::Backend::CUDA>)[0m256     4096    128     10          1148.1      0.49612     29.927      8969.6      
gpu_guard: GPU 0 exclusive for the whole run (SM clock was 210 MHz at start)
