trsm ortho grid: 9 of 54 cells dropped, over the 6.0 GB cap:
    n=32 q=4096 batch=2048 (8.6 GB)
    n=64 q=4096 batch=2048 (17.3 GB)
    n=128 q=1024 batch=2048 (9.1 GB)
    n=128 q=4096 batch=512 (8.7 GB)
    n=128 q=4096 batch=2048 (34.9 GB)
    n=256 q=256 batch=2048 (6.4 GB)
    n=256 q=1024 batch=2048 (19.3 GB)
    n=256 q=4096 batch=512 (17.7 GB)
    n=256 q=4096 batch=2048 (70.9 GB)
trsm route forced: native -> native:auto
[1;36mName                                              Arg0    Arg1    Arg2    Iter        Avg(ms)     Std(ms)     GFLOPS      Time (us) / matrix[0m
[1m(BM_TRSM_OrthoLeft<float, batchlas::Backend::CUDA>)[0m8       256     128     200         0.0086335   0.00023175  242.91      0.067449    
[1m(BM_TRSM_OrthoLeft<float, batchlas::Backend::CUDA>)[0m8       256     512     200         0.011433    0.00063361  733.75      0.022329    
[1m(BM_TRSM_OrthoLeft<float, batchlas::Backend::CUDA>)[0m8       256     2048    200         0.021132    0.00072745  1587.8      0.010318    
[1m(BM_TRSM_OrthoLeft<float, batchlas::Backend::CUDA>)[0m8       1024    128     200         0.010979    0.00043133  764.06      0.085773    
[1m(BM_TRSM_OrthoLeft<float, batchlas::Backend::CUDA>)[0m8       1024    512     200         0.021347    0.00072026  1571.9      0.041693    
[1m(BM_TRSM_OrthoLeft<float, batchlas::Backend::CUDA>)[0m8       1024    2048    200         0.13630     0.0049222   984.71      0.066554    
[1m(BM_TRSM_OrthoLeft<float, batchlas::Backend::CUDA>)[0m8       4096    128     200         0.021545    0.0010257   1557.4      0.16832     
[1m(BM_TRSM_OrthoLeft<float, batchlas::Backend::CUDA>)[0m8       4096    512     200         0.13478     0.0052950   995.86      0.26323     
[1m(BM_TRSM_OrthoLeft<float, batchlas::Backend::CUDA>)[0m8       4096    2048    200         0.59341     0.0077436   904.72      0.28975     
[1m(BM_TRSM_OrthoLeft<float, batchlas::Backend::CUDA>)[0m16      256     128     200         0.016093    0.00054435  521.25      0.12573     
[1m(BM_TRSM_OrthoLeft<float, batchlas::Backend::CUDA>)[0m16      256     512     200         0.036221    0.00061912  926.37      0.070745    
[1m(BM_TRSM_OrthoLeft<float, batchlas::Backend::CUDA>)[0m16      256     2048    200         0.10133     0.0033138   1324.5      0.049478    
[1m(BM_TRSM_OrthoLeft<float, batchlas::Backend::CUDA>)[0m16      1024    128     200         0.035915    0.00062256  934.27      0.28059     
[1m(BM_TRSM_OrthoLeft<float, batchlas::Backend::CUDA>)[0m16      1024    512     200         0.10164     0.0033230   1320.5      0.19851     
[1m(BM_TRSM_OrthoLeft<float, batchlas::Backend::CUDA>)[0m16      1024    2048    200         0.36653     0.0067791   1464.7      0.17897     
[1m(BM_TRSM_OrthoLeft<float, batchlas::Backend::CUDA>)[0m16      4096    128     200         0.10126     0.0032810   1325.4      0.79111     
[1m(BM_TRSM_OrthoLeft<float, batchlas::Backend::CUDA>)[0m16      4096    512     200         0.36970     0.0069586   1452.2      0.72206     
[1m(BM_TRSM_OrthoLeft<float, batchlas::Backend::CUDA>)[0m16      4096    2048    143         1.4078      0.043977    1525.4      0.68740     
[1m(BM_TRSM_OrthoLeft<float, batchlas::Backend::CUDA>)[0m32      256     128     200         0.043931    0.00064312  763.81      0.34321     
[1m(BM_TRSM_OrthoLeft<float, batchlas::Backend::CUDA>)[0m32      256     512     200         0.13323     0.0036601   1007.4      0.26021     
[1m(BM_TRSM_OrthoLeft<float, batchlas::Backend::CUDA>)[0m32      256     2048    200         0.48969     0.0069636   1096.3      0.23911     
[1m(BM_TRSM_OrthoLeft<float, batchlas::Backend::CUDA>)[0m32      1024    128     200         0.13326     0.0036442   1007.2      1.0411      
[1m(BM_TRSM_OrthoLeft<float, batchlas::Backend::CUDA>)[0m32      1024    512     200         0.48648     0.0069139   1103.6      0.95015     
[1m(BM_TRSM_OrthoLeft<float, batchlas::Backend::CUDA>)[0m32      1024    2048    107         1.8746      0.045839    1145.6      0.91531     
[1m(BM_TRSM_OrthoLeft<float, batchlas::Backend::CUDA>)[0m32      4096    128     200         0.48632     0.0070658   1104.0      3.7993      
[1m(BM_TRSM_OrthoLeft<float, batchlas::Backend::CUDA>)[0m32      4096    512     107         1.8753      0.047401    1145.1      3.6627      
[1m(BM_TRSM_OrthoLeft<float, batchlas::Backend::CUDA>)[0m64      256     128     200         0.093937    0.00097262  1428.8      0.73388     
[1m(BM_TRSM_OrthoLeft<float, batchlas::Backend::CUDA>)[0m64      256     512     200         0.29442     0.0055238   1823.5      0.57504     
[1m(BM_TRSM_OrthoLeft<float, batchlas::Backend::CUDA>)[0m64      256     2048    169         1.1837      0.036737    1814.2      0.57797     
[1m(BM_TRSM_OrthoLeft<float, batchlas::Backend::CUDA>)[0m64      1024    128     200         0.29517     0.0055582   1818.9      2.3060      
[1m(BM_TRSM_OrthoLeft<float, batchlas::Backend::CUDA>)[0m64      1024    512     171         1.1757      0.036847    1826.6      2.2963      
[1m(BM_TRSM_OrthoLeft<float, batchlas::Backend::CUDA>)[0m64      1024    2048    44          4.6279      0.15704     1856.1      2.2597      
[1m(BM_TRSM_OrthoLeft<float, batchlas::Backend::CUDA>)[0m64      4096    128     170         1.1783      0.037566    1822.5      9.2058      
[1m(BM_TRSM_OrthoLeft<float, batchlas::Backend::CUDA>)[0m64      4096    512     44          4.6322      0.15373     1854.4      9.0473      
[1m(BM_TRSM_OrthoLeft<float, batchlas::Backend::CUDA>)[0m128     256     128     200         0.22511     0.0048879   2385.0      1.7586      
[1m(BM_TRSM_OrthoLeft<float, batchlas::Backend::CUDA>)[0m128     256     512     200         0.75076     0.0083988   2860.4      1.4663      
[1m(BM_TRSM_OrthoLeft<float, batchlas::Backend::CUDA>)[0m128     256     2048    66          3.0602      0.11840     2807.0      1.4942      
[1m(BM_TRSM_OrthoLeft<float, batchlas::Backend::CUDA>)[0m128     1024    128     200         0.74862     0.0081678   2868.6      5.8486      
[1m(BM_TRSM_OrthoLeft<float, batchlas::Backend::CUDA>)[0m128     1024    512     66          3.0333      0.098730    2831.9      5.9244      
[1m(BM_TRSM_OrthoLeft<float, batchlas::Backend::CUDA>)[0m128     4096    128     66          3.0653      0.10364     2802.3      23.948      
[1m(BM_TRSM_OrthoLeft<float, batchlas::Backend::CUDA>)[0m256     256     128     200         0.62060     0.0078003   3460.4      4.8484      
[1m(BM_TRSM_OrthoLeft<float, batchlas::Backend::CUDA>)[0m256     256     512     79          2.5471      0.084212    3372.4      4.9748      
[1m(BM_TRSM_OrthoLeft<float, batchlas::Backend::CUDA>)[0m256     1024    128     82          2.4558      0.072983    3497.9      19.186      
[1m(BM_TRSM_OrthoLeft<float, batchlas::Backend::CUDA>)[0m256     1024    512     20          10.412      0.20390     3300.0      20.336      
[1m(BM_TRSM_OrthoLeft<float, batchlas::Backend::CUDA>)[0m256     4096    128     20          10.389      0.20766     3307.2      81.166      
[1m(BM_TRSM_OrthoLeft<double, batchlas::Backend::CUDA>)[0m8       256     128     200         0.013900    0.00045373  150.87      0.10860     
[1m(BM_TRSM_OrthoLeft<double, batchlas::Backend::CUDA>)[0m8       256     512     200         0.025239    0.00059566  332.37      0.049295    
[1m(BM_TRSM_OrthoLeft<double, batchlas::Backend::CUDA>)[0m8       256     2048    200         0.059066    0.0010207   568.08      0.028841    
[1m(BM_TRSM_OrthoLeft<double, batchlas::Backend::CUDA>)[0m8       1024    128     200         0.025497    0.00073718  329.01      0.19919     
[1m(BM_TRSM_OrthoLeft<double, batchlas::Backend::CUDA>)[0m8       1024    512     200         0.059272    0.00081409  566.11      0.11576     
[1m(BM_TRSM_OrthoLeft<double, batchlas::Backend::CUDA>)[0m8       1024    2048    200         0.30581     0.0065583   438.89      0.14932     
[1m(BM_TRSM_OrthoLeft<double, batchlas::Backend::CUDA>)[0m8       4096    128     200         0.059346    0.0010160   565.40      0.46364     
[1m(BM_TRSM_OrthoLeft<double, batchlas::Backend::CUDA>)[0m8       4096    512     200         0.30622     0.0065262   438.30      0.59809     
[1m(BM_TRSM_OrthoLeft<double, batchlas::Backend::CUDA>)[0m8       4096    2048    168         1.1937      0.040529    449.77      0.58284     
[1m(BM_TRSM_OrthoLeft<double, batchlas::Backend::CUDA>)[0m16      256     128     200         0.030223    0.00066550  277.56      0.23612     
[1m(BM_TRSM_OrthoLeft<double, batchlas::Backend::CUDA>)[0m16      256     512     200         0.090970    0.0010040   368.85      0.17768     
[1m(BM_TRSM_OrthoLeft<double, batchlas::Backend::CUDA>)[0m16      256     2048    200         0.28631     0.0070206   468.79      0.13980     
[1m(BM_TRSM_OrthoLeft<double, batchlas::Backend::CUDA>)[0m16      1024    128     200         0.091346    0.00092325  367.33      0.71364     
[1m(BM_TRSM_OrthoLeft<double, batchlas::Backend::CUDA>)[0m16      1024    512     200         0.28586     0.0067279   469.53      0.55831     
[1m(BM_TRSM_OrthoLeft<double, batchlas::Backend::CUDA>)[0m16      1024    2048    200         1.0034      0.010617    535.03      0.48996     
[1m(BM_TRSM_OrthoLeft<double, batchlas::Backend::CUDA>)[0m16      4096    128     200         0.28621     0.0069149   468.95      2.2360      
[1m(BM_TRSM_OrthoLeft<double, batchlas::Backend::CUDA>)[0m16      4096    512     200         1.0036      0.010826    534.93      1.9602      
[1m(BM_TRSM_OrthoLeft<double, batchlas::Backend::CUDA>)[0m16      4096    2048    52          3.8756      0.099154    554.10      1.8924      
[1m(BM_TRSM_OrthoLeft<double, batchlas::Backend::CUDA>)[0m32      256     128     200         0.066481    0.00077297  504.72      0.51938     
[1m(BM_TRSM_OrthoLeft<double, batchlas::Backend::CUDA>)[0m32      256     512     200         0.22014     0.0042310   609.69      0.42996     
[1m(BM_TRSM_OrthoLeft<double, batchlas::Backend::CUDA>)[0m32      256     2048    200         0.73733     0.0070002   728.13      0.36002     
[1m(BM_TRSM_OrthoLeft<double, batchlas::Backend::CUDA>)[0m32      1024    128     200         0.22041     0.0047386   608.95      1.7219      
[1m(BM_TRSM_OrthoLeft<double, batchlas::Backend::CUDA>)[0m32      1024    512     200         0.72407     0.0083574   741.46      1.4142      
[1m(BM_TRSM_OrthoLeft<double, batchlas::Backend::CUDA>)[0m32      1024    2048    77          2.6027      0.085779    825.09      1.2709      
[1m(BM_TRSM_OrthoLeft<double, batchlas::Backend::CUDA>)[0m32      4096    128     200         0.73282     0.0085591   732.61      5.7252      
[1m(BM_TRSM_OrthoLeft<double, batchlas::Backend::CUDA>)[0m32      4096    512     76          2.6423      0.090262    812.74      5.1607      
[1m(BM_TRSM_OrthoLeft<double, batchlas::Backend::CUDA>)[0m64      256     128     200         0.18837     0.0044126   712.54      1.4716      
[1m(BM_TRSM_OrthoLeft<double, batchlas::Backend::CUDA>)[0m64      256     512     200         0.65558     0.0074632   818.92      1.2804      
[1m(BM_TRSM_OrthoLeft<double, batchlas::Backend::CUDA>)[0m64      256     2048    86          2.3275      0.078206    922.64      1.1365      
[1m(BM_TRSM_OrthoLeft<double, batchlas::Backend::CUDA>)[0m64      1024    128     200         0.65499     0.0076660   819.67      5.1171      
[1m(BM_TRSM_OrthoLeft<double, batchlas::Backend::CUDA>)[0m64      1024    512     87          2.3029      0.077737    932.53      4.4978      
[1m(BM_TRSM_OrthoLeft<double, batchlas::Backend::CUDA>)[0m64      1024    2048    24          8.5713      0.099119    1002.2      4.1852      
[1m(BM_TRSM_OrthoLeft<double, batchlas::Backend::CUDA>)[0m64      4096    128     87          2.3209      0.080962    925.27      18.132      
[1m(BM_TRSM_OrthoLeft<double, batchlas::Backend::CUDA>)[0m64      4096    512     23          8.7656      0.24766     979.96      17.120      
[1m(BM_TRSM_OrthoLeft<double, batchlas::Backend::CUDA>)[0m128     256     128     200         0.57502     0.0074327   933.66      4.4923      
[1m(BM_TRSM_OrthoLeft<double, batchlas::Backend::CUDA>)[0m128     256     512     94          2.1279      0.054946    1009.2      4.1560      
[1m(BM_TRSM_OrthoLeft<double, batchlas::Backend::CUDA>)[0m128     256     2048    26          7.9654      0.18162     1078.4      3.8894      
[1m(BM_TRSM_OrthoLeft<double, batchlas::Backend::CUDA>)[0m128     1024    128     95          2.1214      0.047171    1012.3      16.573      
[1m(BM_TRSM_OrthoLeft<double, batchlas::Backend::CUDA>)[0m128     1024    512     26          7.8903      0.18105     1088.7      15.411      
[1m(BM_TRSM_OrthoLeft<double, batchlas::Backend::CUDA>)[0m128     4096    128     26          7.9045      0.17752     1086.7      61.754      
[1m(BM_TRSM_OrthoLeft<double, batchlas::Backend::CUDA>)[0m256     256     128     102         1.9782      0.045110    1085.6      15.455      
[1m(BM_TRSM_OrthoLeft<double, batchlas::Backend::CUDA>)[0m256     256     512     27          7.5117      0.17541     1143.5      14.671      
[1m(BM_TRSM_OrthoLeft<double, batchlas::Backend::CUDA>)[0m256     1024    128     27          7.5618      0.21229     1136.0      59.077      
[1m(BM_TRSM_OrthoLeft<double, batchlas::Backend::CUDA>)[0m256     1024    512     10          28.887      0.035920    1189.4      56.421      
[1m(BM_TRSM_OrthoLeft<double, batchlas::Backend::CUDA>)[0m256     4096    128     10          28.978      0.017919    1185.7      226.39      
[1m(BM_TRSM_OrthoLeft<std::complex<float>, batchlas::Backend::CUDA>)[0m8       256     128     200         0.014754    0.00051214  142.14      0.11527     
[1m(BM_TRSM_OrthoLeft<std::complex<float>, batchlas::Backend::CUDA>)[0m8       256     512     200         0.036804    0.00066454  227.93      0.071883    
[1m(BM_TRSM_OrthoLeft<std::complex<float>, batchlas::Backend::CUDA>)[0m8       256     2048    200         0.10435     0.0032795   321.57      0.050950    
[1m(BM_TRSM_OrthoLeft<std::complex<float>, batchlas::Backend::CUDA>)[0m8       1024    128     200         0.036409    0.00063607  230.40      0.28444     
[1m(BM_TRSM_OrthoLeft<std::complex<float>, batchlas::Backend::CUDA>)[0m8       1024    512     200         0.10363     0.0036344   323.80      0.20239     
[1m(BM_TRSM_OrthoLeft<std::complex<float>, batchlas::Backend::CUDA>)[0m8       1024    2048    200         0.38189     0.0077647   351.45      0.18647     
[1m(BM_TRSM_OrthoLeft<std::complex<float>, batchlas::Backend::CUDA>)[0m8       4096    128     200         0.10342     0.0035498   324.44      0.80798     
[1m(BM_TRSM_OrthoLeft<std::complex<float>, batchlas::Backend::CUDA>)[0m8       4096    512     200         0.38257     0.0072806   350.83      0.74722     
[1m(BM_TRSM_OrthoLeft<std::complex<float>, batchlas::Backend::CUDA>)[0m8       4096    2048    138         1.4532      0.049099    369.43      0.70959     
[1m(BM_TRSM_OrthoLeft<std::complex<float>, batchlas::Backend::CUDA>)[0m16      256     128     200         0.040302    0.00053852  208.14      0.31486     
[1m(BM_TRSM_OrthoLeft<std::complex<float>, batchlas::Backend::CUDA>)[0m16      256     512     200         0.12906     0.0032898   259.99      0.25207     
[1m(BM_TRSM_OrthoLeft<std::complex<float>, batchlas::Backend::CUDA>)[0m16      256     2048    200         0.48088     0.0071923   279.11      0.23481     
[1m(BM_TRSM_OrthoLeft<std::complex<float>, batchlas::Backend::CUDA>)[0m16      1024    128     200         0.12928     0.0037787   259.54      1.0100      
[1m(BM_TRSM_OrthoLeft<std::complex<float>, batchlas::Backend::CUDA>)[0m16      1024    512     200         0.47856     0.0071130   280.46      0.93468     
[1m(BM_TRSM_OrthoLeft<std::complex<float>, batchlas::Backend::CUDA>)[0m16      1024    2048    109         1.8420      0.048378    291.46      0.89942     
[1m(BM_TRSM_OrthoLeft<std::complex<float>, batchlas::Backend::CUDA>)[0m16      4096    128     200         0.47899     0.0072487   280.21      3.7421      
[1m(BM_TRSM_OrthoLeft<std::complex<float>, batchlas::Backend::CUDA>)[0m16      4096    512     109         1.8418      0.047067    291.49      3.5972      
[1m(BM_TRSM_OrthoLeft<std::complex<float>, batchlas::Backend::CUDA>)[0m16      4096    2048    28          7.3443      0.16964     292.40      3.5861      
[1m(BM_TRSM_OrthoLeft<std::complex<float>, batchlas::Backend::CUDA>)[0m32      256     128     200         0.075367    0.00080116  445.21      0.58880     
[1m(BM_TRSM_OrthoLeft<std::complex<float>, batchlas::Backend::CUDA>)[0m32      256     512     200         0.25006     0.0051831   536.74      0.48840     
[1m(BM_TRSM_OrthoLeft<std::complex<float>, batchlas::Backend::CUDA>)[0m32      256     2048    200         0.97101     0.0099767   552.90      0.47413     
[1m(BM_TRSM_OrthoLeft<std::complex<float>, batchlas::Backend::CUDA>)[0m32      1024    128     200         0.25005     0.0053154   536.76      1.9535      
[1m(BM_TRSM_OrthoLeft<std::complex<float>, batchlas::Backend::CUDA>)[0m32      1024    512     200         0.97166     0.0096774   552.53      1.8978      
[1m(BM_TRSM_OrthoLeft<std::complex<float>, batchlas::Backend::CUDA>)[0m32      1024    2048    53          3.8378      0.090386    559.57      1.8739      
[1m(BM_TRSM_OrthoLeft<std::complex<float>, batchlas::Backend::CUDA>)[0m32      4096    128     200         0.97170     0.0098659   552.51      7.5914      
[1m(BM_TRSM_OrthoLeft<std::complex<float>, batchlas::Backend::CUDA>)[0m32      4096    512     53          3.8390      0.089819    559.38      7.4981      
[1m(BM_TRSM_OrthoLeft<std::complex<float>, batchlas::Backend::CUDA>)[0m64      256     128     200         0.19888     0.0045107   674.87      1.5538      
[1m(BM_TRSM_OrthoLeft<std::complex<float>, batchlas::Backend::CUDA>)[0m64      256     512     200         0.68974     0.0084830   778.37      1.3471      
[1m(BM_TRSM_OrthoLeft<std::complex<float>, batchlas::Backend::CUDA>)[0m64      256     2048    75          2.6791      0.067668    801.56      1.3082      
[1m(BM_TRSM_OrthoLeft<std::complex<float>, batchlas::Backend::CUDA>)[0m64      1024    128     200         0.68956     0.0082497   778.57      5.3872      
[1m(BM_TRSM_OrthoLeft<std::complex<float>, batchlas::Backend::CUDA>)[0m64      1024    512     75          2.6793      0.078099    801.50      5.2331      
[1m(BM_TRSM_OrthoLeft<std::complex<float>, batchlas::Backend::CUDA>)[0m64      1024    2048    19          10.573      0.19807     812.47      5.1624      
[1m(BM_TRSM_OrthoLeft<std::complex<float>, batchlas::Backend::CUDA>)[0m64      4096    128     75          2.6750      0.073985    802.80      20.898      
[1m(BM_TRSM_OrthoLeft<std::complex<float>, batchlas::Backend::CUDA>)[0m64      4096    512     19          10.565      0.21178     813.08      20.634      
[1m(BM_TRSM_OrthoLeft<std::complex<float>, batchlas::Backend::CUDA>)[0m128     256     128     200         0.54333     0.0075388   988.11      4.2448      
[1m(BM_TRSM_OrthoLeft<std::complex<float>, batchlas::Backend::CUDA>)[0m128     256     512     96          2.0975      0.052628    1023.8      4.0966      
[1m(BM_TRSM_OrthoLeft<std::complex<float>, batchlas::Backend::CUDA>)[0m128     256     2048    26          7.9420      0.17997     1081.6      3.8779      
[1m(BM_TRSM_OrthoLeft<std::complex<float>, batchlas::Backend::CUDA>)[0m128     1024    128     96          2.0896      0.052190    1027.7      16.325      
[1m(BM_TRSM_OrthoLeft<std::complex<float>, batchlas::Backend::CUDA>)[0m128     1024    512     26          7.9323      0.17287     1082.9      15.493      
[1m(BM_TRSM_OrthoLeft<std::complex<float>, batchlas::Backend::CUDA>)[0m128     4096    128     26          7.9410      0.19981     1081.7      62.039      
[1m(BM_TRSM_OrthoLeft<std::complex<float>, batchlas::Backend::CUDA>)[0m256     256     128     116         1.7287      0.048818    1242.2      13.506      
[1m(BM_TRSM_OrthoLeft<std::complex<float>, batchlas::Backend::CUDA>)[0m256     256     512     30          6.8124      0.22927     1260.9      13.305      
[1m(BM_TRSM_OrthoLeft<std::complex<float>, batchlas::Backend::CUDA>)[0m256     1024    128     30          6.8035      0.22612     1262.6      53.152      
[1m(BM_TRSM_OrthoLeft<std::complex<float>, batchlas::Backend::CUDA>)[0m256     1024    512     10          26.089      0.19701     1317.0      50.955      
[1m(BM_TRSM_OrthoLeft<std::complex<float>, batchlas::Backend::CUDA>)[0m256     4096    128     10          25.918      0.20248     1325.7      202.48      
[1m(BM_TRSM_OrthoLeft<std::complex<double>, batchlas::Backend::CUDA>)[0m8       256     128     200         0.031891    0.00058895  65.760      0.24915     
[1m(BM_TRSM_OrthoLeft<std::complex<double>, batchlas::Backend::CUDA>)[0m8       256     512     200         0.087078    0.00092554  96.334      0.17007     
[1m(BM_TRSM_OrthoLeft<std::complex<double>, batchlas::Backend::CUDA>)[0m8       256     2048    200         0.27792     0.0072717   120.73      0.13570     
[1m(BM_TRSM_OrthoLeft<std::complex<double>, batchlas::Backend::CUDA>)[0m8       1024    128     200         0.087121    0.00086818  96.287      0.68063     
[1m(BM_TRSM_OrthoLeft<std::complex<double>, batchlas::Backend::CUDA>)[0m8       1024    512     200         0.27762     0.0072610   120.86      0.54223     
[1m(BM_TRSM_OrthoLeft<std::complex<double>, batchlas::Backend::CUDA>)[0m8       1024    2048    200         0.98130     0.010197    136.78      0.47915     
[1m(BM_TRSM_OrthoLeft<std::complex<double>, batchlas::Backend::CUDA>)[0m8       4096    128     200         0.27731     0.0069774   121.00      2.1665      
[1m(BM_TRSM_OrthoLeft<std::complex<double>, batchlas::Backend::CUDA>)[0m8       4096    512     200         0.98169     0.010066    136.72      1.9174      
[1m(BM_TRSM_OrthoLeft<std::complex<double>, batchlas::Backend::CUDA>)[0m8       4096    2048    53          3.8017      0.10383     141.22      1.8563      
[1m(BM_TRSM_OrthoLeft<std::complex<double>, batchlas::Backend::CUDA>)[0m16      256     128     200         0.066783    0.00077232  125.61      0.52174     
[1m(BM_TRSM_OrthoLeft<std::complex<double>, batchlas::Backend::CUDA>)[0m16      256     512     200         0.22968     0.0056715   146.09      0.44859     
[1m(BM_TRSM_OrthoLeft<std::complex<double>, batchlas::Backend::CUDA>)[0m16      256     2048    200         0.76970     0.0062804   174.38      0.37583     
[1m(BM_TRSM_OrthoLeft<std::complex<double>, batchlas::Backend::CUDA>)[0m16      1024    128     200         0.22998     0.0075734   145.90      1.7967      
[1m(BM_TRSM_OrthoLeft<std::complex<double>, batchlas::Backend::CUDA>)[0m16      1024    512     200         0.76986     0.0057240   174.34      1.5036      
[1m(BM_TRSM_OrthoLeft<std::complex<double>, batchlas::Backend::CUDA>)[0m16      1024    2048    72          2.8110      0.074400    190.99      1.3726      
[1m(BM_TRSM_OrthoLeft<std::complex<double>, batchlas::Backend::CUDA>)[0m16      4096    128     200         0.76761     0.0063483   174.85      5.9969      
[1m(BM_TRSM_OrthoLeft<std::complex<double>, batchlas::Backend::CUDA>)[0m16      4096    512     72          2.8101      0.075813    191.05      5.4885      
[1m(BM_TRSM_OrthoLeft<std::complex<double>, batchlas::Backend::CUDA>)[0m16      4096    2048    19          10.842      0.22003     198.06      5.2942      
[1m(BM_TRSM_OrthoLeft<std::complex<double>, batchlas::Backend::CUDA>)[0m32      256     128     200         0.17779     0.0039695   188.74      1.3889      
[1m(BM_TRSM_OrthoLeft<std::complex<double>, batchlas::Backend::CUDA>)[0m32      256     512     200         0.64814     0.0074801   207.08      1.2659      
[1m(BM_TRSM_OrthoLeft<std::complex<double>, batchlas::Backend::CUDA>)[0m32      256     2048    85          2.3759      0.071214    225.97      1.1601      
[1m(BM_TRSM_OrthoLeft<std::complex<double>, batchlas::Backend::CUDA>)[0m32      1024    128     200         0.64437     0.0078527   208.29      5.0341      
[1m(BM_TRSM_OrthoLeft<std::complex<double>, batchlas::Backend::CUDA>)[0m32      1024    512     86          2.3466      0.067766    228.79      4.5832      
[1m(BM_TRSM_OrthoLeft<std::complex<double>, batchlas::Backend::CUDA>)[0m32      1024    2048    23          8.9590      0.22515     239.70      4.3745      
[1m(BM_TRSM_OrthoLeft<std::complex<double>, batchlas::Backend::CUDA>)[0m32      4096    128     85          2.3768      0.089054    225.88      18.569      
[1m(BM_TRSM_OrthoLeft<std::complex<double>, batchlas::Backend::CUDA>)[0m32      4096    512     23          8.9876      0.15982     238.94      17.554      
[1m(BM_TRSM_OrthoLeft<std::complex<double>, batchlas::Backend::CUDA>)[0m64      256     128     188         1.0643      0.033795    126.10      8.3151      
[1m(BM_TRSM_OrthoLeft<std::complex<double>, batchlas::Backend::CUDA>)[0m64      256     512     49          4.1448      0.072814    129.53      8.0954      
[1m(BM_TRSM_OrthoLeft<std::complex<double>, batchlas::Backend::CUDA>)[0m64      256     2048    13          16.200      0.25475     132.56      7.9100      
[1m(BM_TRSM_OrthoLeft<std::complex<double>, batchlas::Backend::CUDA>)[0m64      1024    128     49          4.1358      0.071498    129.81      32.311      
[1m(BM_TRSM_OrthoLeft<std::complex<double>, batchlas::Backend::CUDA>)[0m64      1024    512     13          16.210      0.27729     132.48      31.660      
[1m(BM_TRSM_OrthoLeft<std::complex<double>, batchlas::Backend::CUDA>)[0m64      1024    2048    10          63.942      0.12743     134.34      31.222      
[1m(BM_TRSM_OrthoLeft<std::complex<double>, batchlas::Backend::CUDA>)[0m64      4096    128     13          16.192      0.23271     132.63      126.50      
[1m(BM_TRSM_OrthoLeft<std::complex<double>, batchlas::Backend::CUDA>)[0m64      4096    512     10          63.959      0.10986     134.30      124.92      
[1m(BM_TRSM_OrthoLeft<std::complex<double>, batchlas::Backend::CUDA>)[0m128     256     128     41          4.8968      0.11774     109.64      38.257      
[1m(BM_TRSM_OrthoLeft<std::complex<double>, batchlas::Backend::CUDA>)[0m128     256     512     11          19.451      0.26697     110.41      37.989      
[1m(BM_TRSM_OrthoLeft<std::complex<double>, batchlas::Backend::CUDA>)[0m128     256     2048    10          76.803      0.14060     111.84      37.502      
[1m(BM_TRSM_OrthoLeft<std::complex<double>, batchlas::Backend::CUDA>)[0m128     1024    128     11          19.424      0.25835     110.56      151.75      
[1m(BM_TRSM_OrthoLeft<std::complex<double>, batchlas::Backend::CUDA>)[0m128     1024    512     10          76.870      0.27144     111.75      150.14      
[1m(BM_TRSM_OrthoLeft<std::complex<double>, batchlas::Backend::CUDA>)[0m128     4096    128     10          76.857      0.18681     111.77      600.45      
[1m(BM_TRSM_OrthoLeft<std::complex<double>, batchlas::Backend::CUDA>)[0m256     256     128     10          20.857      0.24437     102.96      162.95      
[1m(BM_TRSM_OrthoLeft<std::complex<double>, batchlas::Backend::CUDA>)[0m256     256     512     10          82.801      0.27080     103.74      161.72      
[1m(BM_TRSM_OrthoLeft<std::complex<double>, batchlas::Backend::CUDA>)[0m256     1024    128     10          82.819      0.26835     103.72      647.03      
[1m(BM_TRSM_OrthoLeft<std::complex<double>, batchlas::Backend::CUDA>)[0m256     1024    512     10          328.66      0.14762     104.55      641.91      
[1m(BM_TRSM_OrthoLeft<std::complex<double>, batchlas::Backend::CUDA>)[0m256     4096    128     10          328.83      0.13435     104.49      2569.0      
gpu_guard: GPU 0 exclusive for the whole run (SM clock was 210 MHz at start)
