[1;36mName                                              Arg0    Arg1    Arg2    Arg3    Iter        Avg(ms)     Std(ms)     Time (µs) / matrix[0m
[1m(BM_Ortho<float, batchlas::Backend::CUDA>)        [0m1024    16      128     0       50          0.20028     0.0092016   1.5647      
[1m(BM_Ortho<float, batchlas::Backend::CUDA>)        [0m1024    16      128     2       50          0.27907     0.014282    2.1802      
[1m(BM_Ortho<float, batchlas::Backend::CUDA>)        [0m1024    16      512     0       50          0.39788     0.010457    0.77711     
[1m(BM_Ortho<float, batchlas::Backend::CUDA>)        [0m1024    16      512     2       50          0.59560     0.012412    1.1633      
[1m(BM_Ortho<float, batchlas::Backend::CUDA>)        [0m1024    32      128     0       50          0.31077     0.0099813   2.4279      
[1m(BM_Ortho<float, batchlas::Backend::CUDA>)        [0m1024    32      128     2       50          0.46298     0.011614    3.6170      
[1m(BM_Ortho<float, batchlas::Backend::CUDA>)        [0m1024    32      512     0       50          0.84431     0.027178    1.6490      
[1m(BM_Ortho<float, batchlas::Backend::CUDA>)        [0m1024    32      512     2       50          1.2622      0.085439    2.4652      
[1m(BM_Ortho<float, batchlas::Backend::CUDA>)        [0m1024    64      128     0       50          0.68069     0.011974    5.3179      
[1m(BM_Ortho<float, batchlas::Backend::CUDA>)        [0m1024    64      128     2       50          1.0276      0.071991    8.0279      
[1m(BM_Ortho<float, batchlas::Backend::CUDA>)        [0m1024    64      512     0       50          3.5254      0.10860     6.8855      
[1m(BM_Ortho<float, batchlas::Backend::CUDA>)        [0m1024    64      512     2       38          5.2837      0.13046     10.320      
[1m(BM_Ortho<float, batchlas::Backend::CUDA>)        [0m1024    128     128     0       50          1.6556      0.038606    12.935      
[1m(BM_Ortho<float, batchlas::Backend::CUDA>)        [0m1024    128     128     2       50          2.6301      0.12551     20.548      
[1m(BM_Ortho<float, batchlas::Backend::CUDA>)        [0m1024    128     512     0       23          8.9856      0.23535     17.550      
[1m(BM_Ortho<float, batchlas::Backend::CUDA>)        [0m1024    128     512     2       15          13.477      0.22810     26.322      
[1m(BM_Ortho<float, batchlas::Backend::CUDA>)        [0m1024    256     128     0       37          5.4231      0.14728     42.368      
[1m(BM_Ortho<float, batchlas::Backend::CUDA>)        [0m1024    256     128     2       25          8.2269      0.18313     64.272      
[1m(BM_Ortho<float, batchlas::Backend::CUDA>)        [0m1024    256     512     0       9           22.326      0.23424     43.605      
[1m(BM_Ortho<float, batchlas::Backend::CUDA>)        [0m1024    256     512     2       6           33.672      0.27337     65.766      
[1m(BM_Ortho<float, batchlas::Backend::CUDA>)        [0m4096    16      128     0       50          0.56598     0.013812    4.4218      
[1m(BM_Ortho<float, batchlas::Backend::CUDA>)        [0m4096    16      128     2       50          0.84425     0.013265    6.5957      
[1m(BM_Ortho<float, batchlas::Backend::CUDA>)        [0m4096    16      512     0       50          2.0205      0.095254    3.9462      
[1m(BM_Ortho<float, batchlas::Backend::CUDA>)        [0m4096    16      512     2       50          3.0372      0.11187     5.9320      
[1m(BM_Ortho<float, batchlas::Backend::CUDA>)        [0m4096    32      128     0       50          1.0866      0.083626    8.4888      
[1m(BM_Ortho<float, batchlas::Backend::CUDA>)        [0m4096    32      128     2       50          1.5884      0.10190     12.409      
[1m(BM_Ortho<float, batchlas::Backend::CUDA>)        [0m4096    32      512     0       37          5.4918      0.15093     10.726      
[1m(BM_Ortho<float, batchlas::Backend::CUDA>)        [0m4096    32      512     2       25          8.2631      0.20357     16.139      
[1m(BM_Ortho<float, batchlas::Backend::CUDA>)        [0m4096    64      128     0       50          3.7455      0.091348    29.262      
[1m(BM_Ortho<float, batchlas::Backend::CUDA>)        [0m4096    64      128     2       36          5.6137      0.12147     43.857      
[1m(BM_Ortho<float, batchlas::Backend::CUDA>)        [0m4096    64      512     0       14          14.618      0.23778     28.552      
[1m(BM_Ortho<float, batchlas::Backend::CUDA>)        [0m4096    64      512     2       10          21.904      0.22286     42.781      
[1m(BM_Ortho<float, batchlas::Backend::CUDA>)        [0m4096    128     128     0       24          8.5367      0.17642     66.693      
[1m(BM_Ortho<float, batchlas::Backend::CUDA>)        [0m4096    128     128     2       16          12.798      0.21726     99.987      
[1m(BM_Ortho<float, batchlas::Backend::CUDA>)        [0m4096    128     512     0       6           33.697      0.20968     65.814      
[1m(BM_Ortho<float, batchlas::Backend::CUDA>)        [0m4096    128     512     2       5           50.734      0.27612     99.091      
[1m(BM_Ortho<float, batchlas::Backend::CUDA>)        [0m4096    256     128     0       10          21.170      0.22069     165.39      
[1m(BM_Ortho<float, batchlas::Backend::CUDA>)        [0m4096    256     128     2       7           32.208      0.39216     251.63      
[1m(BM_Ortho<float, batchlas::Backend::CUDA>)        [0m4096    256     512     0       5           83.135      0.24851     162.37      
[1m(BM_Ortho<float, batchlas::Backend::CUDA>)        [0m4096    256     512     2       5           125.02      0.24301     244.19      
[1m(BM_Ortho<double, batchlas::Backend::CUDA>)       [0m1024    16      128     0       50          1.0127      0.067766    7.9116      
[1m(BM_Ortho<double, batchlas::Backend::CUDA>)       [0m1024    16      128     2       50          1.5136      0.073085    11.825      
[1m(BM_Ortho<double, batchlas::Backend::CUDA>)       [0m1024    16      512     0       50          3.6667      0.10777     7.1616      
[1m(BM_Ortho<double, batchlas::Backend::CUDA>)       [0m1024    16      512     2       37          5.4951      0.12997     10.733      
[1m(BM_Ortho<double, batchlas::Backend::CUDA>)       [0m1024    32      128     0       50          1.6692      0.061647    13.041      
[1m(BM_Ortho<double, batchlas::Backend::CUDA>)       [0m1024    32      128     2       50          2.5075      0.094299    19.590      
[1m(BM_Ortho<double, batchlas::Backend::CUDA>)       [0m1024    32      512     0       33          6.2458      0.16951     12.199      
[1m(BM_Ortho<double, batchlas::Backend::CUDA>)       [0m1024    32      512     2       22          9.3667      0.19114     18.294      
[1m(BM_Ortho<double, batchlas::Backend::CUDA>)       [0m1024    64      128     0       50          3.9616      0.094117    30.950      
[1m(BM_Ortho<double, batchlas::Backend::CUDA>)       [0m1024    64      128     2       34          5.9435      0.13557     46.434      
[1m(BM_Ortho<double, batchlas::Backend::CUDA>)       [0m1024    64      512     0       14          15.204      0.24311     29.696      
[1m(BM_Ortho<double, batchlas::Backend::CUDA>)       [0m1024    64      512     2       9           22.809      0.25319     44.549      
[1m(BM_Ortho<double, batchlas::Backend::CUDA>)       [0m1024    128     128     0       18          11.137      0.17163     87.005      
[1m(BM_Ortho<double, batchlas::Backend::CUDA>)       [0m1024    128     128     2       12          16.684      0.16287     130.34      
[1m(BM_Ortho<double, batchlas::Backend::CUDA>)       [0m1024    128     512     0       5           43.776      0.22872     85.500      
[1m(BM_Ortho<double, batchlas::Backend::CUDA>)       [0m1024    128     512     2       5           65.497      0.090268    127.92      
[1m(BM_Ortho<double, batchlas::Backend::CUDA>)       [0m1024    256     128     0       5           49.099      0.21820     383.59      
[1m(BM_Ortho<double, batchlas::Backend::CUDA>)       [0m1024    256     128     2       5           73.574      0.24010     574.80      
[1m(BM_Ortho<double, batchlas::Backend::CUDA>)       [0m1024    256     512     0       5           194.77      0.062029    380.42      
[1m(BM_Ortho<double, batchlas::Backend::CUDA>)       [0m1024    256     512     2       5           292.48      0.17927     571.25      
[1m(BM_Ortho<double, batchlas::Backend::CUDA>)       [0m4096    16      128     0       50          3.8921      0.098772    30.407      
[1m(BM_Ortho<double, batchlas::Backend::CUDA>)       [0m4096    16      128     2       35          5.8109      0.12390     45.397      
[1m(BM_Ortho<double, batchlas::Backend::CUDA>)       [0m4096    16      512     0       14          14.423      0.19023     28.170      
[1m(BM_Ortho<double, batchlas::Backend::CUDA>)       [0m4096    16      512     2       10          21.641      0.20399     42.268      
[1m(BM_Ortho<double, batchlas::Backend::CUDA>)       [0m4096    32      128     0       31          6.5401      0.13801     51.095      
[1m(BM_Ortho<double, batchlas::Backend::CUDA>)       [0m4096    32      128     2       21          9.8098      0.16898     76.639      
[1m(BM_Ortho<double, batchlas::Backend::CUDA>)       [0m4096    32      512     0       9           24.596      0.22550     48.038      
[1m(BM_Ortho<double, batchlas::Backend::CUDA>)       [0m4096    32      512     2       6           36.885      0.19252     72.042      
[1m(BM_Ortho<double, batchlas::Backend::CUDA>)       [0m4096    64      128     0       13          15.411      0.23593     120.40      
[1m(BM_Ortho<double, batchlas::Backend::CUDA>)       [0m4096    64      128     2       9           23.209      0.21722     181.32      
[1m(BM_Ortho<double, batchlas::Backend::CUDA>)       [0m4096    64      512     0       5           59.760      0.24676     116.72      
[1m(BM_Ortho<double, batchlas::Backend::CUDA>)       [0m4096    64      512     2       5           89.780      0.26560     175.35      
[1m(BM_Ortho<double, batchlas::Backend::CUDA>)       [0m4096    128     128     0       5           43.134      0.23854     336.99      
[1m(BM_Ortho<double, batchlas::Backend::CUDA>)       [0m4096    128     128     2       5           64.670      0.11229     505.23      
[1m(BM_Ortho<double, batchlas::Backend::CUDA>)       [0m4096    128     512     0       5           170.81      0.21077     333.62      
[1m(BM_Ortho<double, batchlas::Backend::CUDA>)       [0m4096    128     512     2       5           256.16      0.35997     500.31      
[1m(BM_Ortho<double, batchlas::Backend::CUDA>)       [0m4096    256     128     0       5           190.00      0.17193     1484.4      
[1m(BM_Ortho<double, batchlas::Backend::CUDA>)       [0m4096    256     128     2       5           285.01      0.20596     2226.6      
[1m(BM_Ortho<double, batchlas::Backend::CUDA>)       [0m4096    256     512     0       5           758.06      0.097335    1480.6      
[1m(BM_Ortho<double, batchlas::Backend::CUDA>)       [0m4096    256     512     2       5           1137.1      0.27307     2220.9      
gpu_guard: GPU 0 exclusive for the whole run (SM clock was 210 MHz at start)
