[1;36mName                                              Arg0    Arg1    Arg2    Arg3    Iter        Avg(ms)     Std(ms)     Time (µs) / matrix[0m
[1m(BM_Ortho<float, batchlas::Backend::CUDA>)        [0m1024    16      128     0       50          0.12476     0.0032876   0.97472     
[1m(BM_Ortho<float, batchlas::Backend::CUDA>)        [0m1024    16      128     2       50          0.17841     0.0091350   1.3939      
[1m(BM_Ortho<float, batchlas::Backend::CUDA>)        [0m1024    16      512     0       50          0.16845     0.0057976   0.32901     
[1m(BM_Ortho<float, batchlas::Backend::CUDA>)        [0m1024    16      512     2       50          0.25225     0.0080048   0.49268     
[1m(BM_Ortho<float, batchlas::Backend::CUDA>)        [0m1024    32      128     0       50          0.16651     0.0057861   1.3009      
[1m(BM_Ortho<float, batchlas::Backend::CUDA>)        [0m1024    32      128     2       50          0.24836     0.0084762   1.9403      
[1m(BM_Ortho<float, batchlas::Backend::CUDA>)        [0m1024    32      512     0       50          0.33445     0.011196    0.65323     
[1m(BM_Ortho<float, batchlas::Backend::CUDA>)        [0m1024    32      512     2       50          0.48172     0.011755    0.94087     
[1m(BM_Ortho<float, batchlas::Backend::CUDA>)        [0m1024    64      128     0       50          0.43114     0.0077229   3.3683      
[1m(BM_Ortho<float, batchlas::Backend::CUDA>)        [0m1024    64      128     2       50          0.65108     0.012155    5.0865      
[1m(BM_Ortho<float, batchlas::Backend::CUDA>)        [0m1024    64      512     0       50          1.7748      0.047859    3.4664      
[1m(BM_Ortho<float, batchlas::Backend::CUDA>)        [0m1024    64      512     2       50          2.6753      0.10325     5.2252      
[1m(BM_Ortho<float, batchlas::Backend::CUDA>)        [0m1024    128     128     0       50          1.4399      0.064359    11.249      
[1m(BM_Ortho<float, batchlas::Backend::CUDA>)        [0m1024    128     128     2       50          2.1807      0.079882    17.037      
[1m(BM_Ortho<float, batchlas::Backend::CUDA>)        [0m1024    128     512     0       33          6.0943      0.19303     11.903      
[1m(BM_Ortho<float, batchlas::Backend::CUDA>)        [0m1024    128     512     2       22          9.1801      0.17296     17.930      
[1m(BM_Ortho<float, batchlas::Backend::CUDA>)        [0m1024    256     128     0       50          3.9215      0.047707    30.637      
[1m(BM_Ortho<float, batchlas::Backend::CUDA>)        [0m1024    256     128     2       34          5.8930      0.11122     46.039      
[1m(BM_Ortho<float, batchlas::Backend::CUDA>)        [0m1024    256     512     0       13          15.718      0.15680     30.700      
[1m(BM_Ortho<float, batchlas::Backend::CUDA>)        [0m1024    256     512     2       9           23.660      0.11833     46.210      
[1m(BM_Ortho<float, batchlas::Backend::CUDA>)        [0m4096    16      128     0       50          0.33328     0.0070140   2.6037      
[1m(BM_Ortho<float, batchlas::Backend::CUDA>)        [0m4096    16      128     2       50          0.49987     0.010998    3.9053      
[1m(BM_Ortho<float, batchlas::Backend::CUDA>)        [0m4096    16      512     0       50          0.97941     0.015186    1.9129      
[1m(BM_Ortho<float, batchlas::Backend::CUDA>)        [0m4096    16      512     2       50          1.4674      0.062605    2.8660      
[1m(BM_Ortho<float, batchlas::Backend::CUDA>)        [0m4096    32      128     0       50          0.56611     0.014054    4.4228      
[1m(BM_Ortho<float, batchlas::Backend::CUDA>)        [0m4096    32      128     2       50          0.81394     0.015669    6.3589      
[1m(BM_Ortho<float, batchlas::Backend::CUDA>)        [0m4096    32      512     0       50          2.0488      0.047241    4.0016      
[1m(BM_Ortho<float, batchlas::Backend::CUDA>)        [0m4096    32      512     2       50          3.0745      0.11375     6.0048      
[1m(BM_Ortho<float, batchlas::Backend::CUDA>)        [0m4096    64      128     0       50          1.9758      0.062797    15.436      
[1m(BM_Ortho<float, batchlas::Backend::CUDA>)        [0m4096    64      128     2       50          2.9556      0.091738    23.091      
[1m(BM_Ortho<float, batchlas::Backend::CUDA>)        [0m4096    64      512     0       29          7.0996      0.11415     13.866      
[1m(BM_Ortho<float, batchlas::Backend::CUDA>)        [0m4096    64      512     2       19          10.682      0.18702     20.863      
[1m(BM_Ortho<float, batchlas::Backend::CUDA>)        [0m4096    128     128     0       34          5.9286      0.16343     46.317      
[1m(BM_Ortho<float, batchlas::Backend::CUDA>)        [0m4096    128     128     2       23          8.9408      0.16825     69.850      
[1m(BM_Ortho<float, batchlas::Backend::CUDA>)        [0m4096    128     512     0       9           23.607      0.34043     46.108      
[1m(BM_Ortho<float, batchlas::Backend::CUDA>)        [0m4096    128     512     2       6           35.855      0.15569     70.029      
[1m(BM_Ortho<float, batchlas::Backend::CUDA>)        [0m4096    256     128     0       14          14.898      0.23986     116.39      
[1m(BM_Ortho<float, batchlas::Backend::CUDA>)        [0m4096    256     128     2       9           22.485      0.23163     175.66      
[1m(BM_Ortho<float, batchlas::Backend::CUDA>)        [0m4096    256     512     0       5           58.753      0.71699     114.75      
[1m(BM_Ortho<float, batchlas::Backend::CUDA>)        [0m4096    256     512     2       5           87.639      1.4627      171.17      
[1m(BM_Ortho<double, batchlas::Backend::CUDA>)       [0m1024    16      128     0       50          0.60004     0.010387    4.6878      
[1m(BM_Ortho<double, batchlas::Backend::CUDA>)       [0m1024    16      128     2       50          0.90100     0.015984    7.0391      
[1m(BM_Ortho<double, batchlas::Backend::CUDA>)       [0m1024    16      512     0       50          2.0672      0.068651    4.0376      
[1m(BM_Ortho<double, batchlas::Backend::CUDA>)       [0m1024    16      512     2       50          3.1081      0.093948    6.0706      
[1m(BM_Ortho<double, batchlas::Backend::CUDA>)       [0m1024    32      128     0       50          0.77994     0.025332    6.0933      
[1m(BM_Ortho<double, batchlas::Backend::CUDA>)       [0m1024    32      128     2       50          1.1710      0.057417    9.1482      
[1m(BM_Ortho<double, batchlas::Backend::CUDA>)       [0m1024    32      512     0       50          2.7445      0.051325    5.3604      
[1m(BM_Ortho<double, batchlas::Backend::CUDA>)       [0m1024    32      512     2       49          4.1319      0.10467     8.0701      
[1m(BM_Ortho<double, batchlas::Backend::CUDA>)       [0m1024    64      128     0       50          2.1718      0.072501    16.967      
[1m(BM_Ortho<double, batchlas::Backend::CUDA>)       [0m1024    64      128     2       50          3.2428      0.081051    25.334      
[1m(BM_Ortho<double, batchlas::Backend::CUDA>)       [0m1024    64      512     0       25          8.1669      0.14682     15.951      
[1m(BM_Ortho<double, batchlas::Backend::CUDA>)       [0m1024    64      512     2       17          12.295      0.19408     24.014      
[1m(BM_Ortho<double, batchlas::Backend::CUDA>)       [0m1024    128     128     0       28          7.3971      0.11852     57.790      
[1m(BM_Ortho<double, batchlas::Backend::CUDA>)       [0m1024    128     128     2       19          11.099      0.15556     86.713      
[1m(BM_Ortho<double, batchlas::Backend::CUDA>)       [0m1024    128     512     0       7           28.968      0.19929     56.578      
[1m(BM_Ortho<double, batchlas::Backend::CUDA>)       [0m1024    128     512     2       5           43.557      0.20533     85.072      
[1m(BM_Ortho<double, batchlas::Backend::CUDA>)       [0m1024    256     128     0       5           40.982      0.29296     320.17      
[1m(BM_Ortho<double, batchlas::Backend::CUDA>)       [0m1024    256     128     2       5           61.378      0.13176     479.52      
[1m(BM_Ortho<double, batchlas::Backend::CUDA>)       [0m1024    256     512     0       5           162.52      0.14624     317.42      
[1m(BM_Ortho<double, batchlas::Backend::CUDA>)       [0m1024    256     512     2       5           243.73      0.24904     476.03      
[1m(BM_Ortho<double, batchlas::Backend::CUDA>)       [0m4096    16      128     0       50          2.2506      0.10701     17.583      
[1m(BM_Ortho<double, batchlas::Backend::CUDA>)       [0m4096    16      128     2       50          3.3215      0.097398    25.949      
[1m(BM_Ortho<double, batchlas::Backend::CUDA>)       [0m4096    16      512     0       27          7.6176      0.11880     14.878      
[1m(BM_Ortho<double, batchlas::Backend::CUDA>)       [0m4096    16      512     2       18          11.542      0.18355     22.543      
[1m(BM_Ortho<double, batchlas::Backend::CUDA>)       [0m4096    32      128     0       50          3.0573      0.080037    23.886      
[1m(BM_Ortho<double, batchlas::Backend::CUDA>)       [0m4096    32      128     2       44          4.5929      0.11746     35.882      
[1m(BM_Ortho<double, batchlas::Backend::CUDA>)       [0m4096    32      512     0       19          10.561      0.19015     20.626      
[1m(BM_Ortho<double, batchlas::Backend::CUDA>)       [0m4096    32      512     2       13          15.829      0.18967     30.917      
[1m(BM_Ortho<double, batchlas::Backend::CUDA>)       [0m4096    64      128     0       24          8.3481      0.15011     65.220      
[1m(BM_Ortho<double, batchlas::Backend::CUDA>)       [0m4096    64      128     2       17          12.516      0.16876     97.785      
[1m(BM_Ortho<double, batchlas::Backend::CUDA>)       [0m4096    64      512     0       7           31.372      0.15812     61.273      
[1m(BM_Ortho<double, batchlas::Backend::CUDA>)       [0m4096    64      512     2       5           47.180      0.23960     92.148      
[1m(BM_Ortho<double, batchlas::Backend::CUDA>)       [0m4096    128     128     0       8           28.188      0.16537     220.22      
[1m(BM_Ortho<double, batchlas::Backend::CUDA>)       [0m4096    128     128     2       5           42.370      0.19327     331.01      
[1m(BM_Ortho<double, batchlas::Backend::CUDA>)       [0m4096    128     512     0       5           111.24      0.28851     217.26      
[1m(BM_Ortho<double, batchlas::Backend::CUDA>)       [0m4096    128     512     2       5           166.79      0.14881     325.76      
[1m(BM_Ortho<double, batchlas::Backend::CUDA>)       [0m4096    256     128     0       5           157.35      0.19565     1229.3      
[1m(BM_Ortho<double, batchlas::Backend::CUDA>)       [0m4096    256     128     2       5           236.03      0.10640     1844.0      
[1m(BM_Ortho<double, batchlas::Backend::CUDA>)       [0m4096    256     512     0       5           624.60      0.075923    1219.9      
[1m(BM_Ortho<double, batchlas::Backend::CUDA>)       [0m4096    256     512     2       5           936.63      0.051189    1829.4      
gpu_guard: GPU 0 exclusive for the whole run (SM clock was 210 MHz at start)
