[1;36mName                                              Arg0    Arg1    Arg2    Arg3    Iter        Avg(ms)     Std(ms)     Time (µs) / matrix[0m
[1m(BM_Ortho<float, batchlas::Backend::CUDA>)        [0m1024    16      128     0       50          0.12503     0.0036766   0.97679     
[1m(BM_Ortho<float, batchlas::Backend::CUDA>)        [0m1024    16      128     2       50          0.18627     0.0067500   1.4552      
[1m(BM_Ortho<float, batchlas::Backend::CUDA>)        [0m1024    16      512     0       50          0.16909     0.0073670   0.33025     
[1m(BM_Ortho<float, batchlas::Backend::CUDA>)        [0m1024    16      512     2       50          0.25384     0.010980    0.49578     
[1m(BM_Ortho<float, batchlas::Backend::CUDA>)        [0m1024    32      128     0       50          0.16627     0.0044936   1.2990      
[1m(BM_Ortho<float, batchlas::Backend::CUDA>)        [0m1024    32      128     2       50          0.24911     0.0098535   1.9461      
[1m(BM_Ortho<float, batchlas::Backend::CUDA>)        [0m1024    32      512     0       50          0.33333     0.011456    0.65104     
[1m(BM_Ortho<float, batchlas::Backend::CUDA>)        [0m1024    32      512     2       50          0.48401     0.014263    0.94533     
[1m(BM_Ortho<float, batchlas::Backend::CUDA>)        [0m1024    64      128     0       50          0.43125     0.0083854   3.3691      
[1m(BM_Ortho<float, batchlas::Backend::CUDA>)        [0m1024    64      128     2       50          0.65311     0.016970    5.1025      
[1m(BM_Ortho<float, batchlas::Backend::CUDA>)        [0m1024    64      512     0       50          1.7776      0.041944    3.4718      
[1m(BM_Ortho<float, batchlas::Backend::CUDA>)        [0m1024    64      512     2       50          2.6642      0.096103    5.2035      
[1m(BM_Ortho<float, batchlas::Backend::CUDA>)        [0m1024    128     128     0       50          1.4439      0.037910    11.280      
[1m(BM_Ortho<float, batchlas::Backend::CUDA>)        [0m1024    128     128     2       50          2.1790      0.063836    17.023      
[1m(BM_Ortho<float, batchlas::Backend::CUDA>)        [0m1024    128     512     0       33          6.0675      0.17742     11.851      
[1m(BM_Ortho<float, batchlas::Backend::CUDA>)        [0m1024    128     512     2       22          9.1356      0.17252     17.843      
[1m(BM_Ortho<float, batchlas::Backend::CUDA>)        [0m1024    256     128     0       50          3.9291      0.089784    30.696      
[1m(BM_Ortho<float, batchlas::Backend::CUDA>)        [0m1024    256     128     2       34          5.8849      0.12446     45.976      
[1m(BM_Ortho<float, batchlas::Backend::CUDA>)        [0m1024    256     512     0       13          15.703      0.21300     30.671      
[1m(BM_Ortho<float, batchlas::Backend::CUDA>)        [0m1024    256     512     2       9           23.659      0.14166     46.209      
[1m(BM_Ortho<float, batchlas::Backend::CUDA>)        [0m4096    16      128     0       50          0.33536     0.012020    2.6200      
[1m(BM_Ortho<float, batchlas::Backend::CUDA>)        [0m4096    16      128     2       50          0.49768     0.0095754   3.8882      
[1m(BM_Ortho<float, batchlas::Backend::CUDA>)        [0m4096    16      512     0       50          0.97878     0.013922    1.9117      
[1m(BM_Ortho<float, batchlas::Backend::CUDA>)        [0m4096    16      512     2       50          1.4642      0.076292    2.8598      
[1m(BM_Ortho<float, batchlas::Backend::CUDA>)        [0m4096    32      128     0       50          0.56303     0.011989    4.3987      
[1m(BM_Ortho<float, batchlas::Backend::CUDA>)        [0m4096    32      128     2       50          0.80597     0.015986    6.2967      
[1m(BM_Ortho<float, batchlas::Backend::CUDA>)        [0m4096    32      512     0       50          2.0438      0.062503    3.9918      
[1m(BM_Ortho<float, batchlas::Backend::CUDA>)        [0m4096    32      512     2       50          3.0387      0.092219    5.9350      
[1m(BM_Ortho<float, batchlas::Backend::CUDA>)        [0m4096    64      128     0       50          1.9627      0.048498    15.333      
[1m(BM_Ortho<float, batchlas::Backend::CUDA>)        [0m4096    64      128     2       50          2.9608      0.082712    23.132      
[1m(BM_Ortho<float, batchlas::Backend::CUDA>)        [0m4096    64      512     0       28          7.1509      0.20302     13.967      
[1m(BM_Ortho<float, batchlas::Backend::CUDA>)        [0m4096    64      512     2       19          10.696      0.18183     20.891      
[1m(BM_Ortho<float, batchlas::Backend::CUDA>)        [0m4096    128     128     0       34          5.9647      0.17039     46.599      
[1m(BM_Ortho<float, batchlas::Backend::CUDA>)        [0m4096    128     128     2       23          8.9483      0.23009     69.908      
[1m(BM_Ortho<float, batchlas::Backend::CUDA>)        [0m4096    128     512     0       9           23.791      0.32321     46.466      
[1m(BM_Ortho<float, batchlas::Backend::CUDA>)        [0m4096    128     512     2       6           35.938      0.14598     70.192      
[1m(BM_Ortho<float, batchlas::Backend::CUDA>)        [0m4096    256     128     0       14          14.848      0.22052     116.00      
[1m(BM_Ortho<float, batchlas::Backend::CUDA>)        [0m4096    256     128     2       9           22.482      0.21614     175.64      
[1m(BM_Ortho<float, batchlas::Backend::CUDA>)        [0m4096    256     512     0       5           58.514      0.46665     114.28      
[1m(BM_Ortho<float, batchlas::Backend::CUDA>)        [0m4096    256     512     2       5           88.384      0.59335     172.63      
[1m(BM_Ortho<double, batchlas::Backend::CUDA>)       [0m1024    16      128     0       50          0.59783     0.0093608   4.6706      
[1m(BM_Ortho<double, batchlas::Backend::CUDA>)       [0m1024    16      128     2       50          0.89774     0.014318    7.0136      
[1m(BM_Ortho<double, batchlas::Backend::CUDA>)       [0m1024    16      512     0       50          2.0577      0.059632    4.0189      
[1m(BM_Ortho<double, batchlas::Backend::CUDA>)       [0m1024    16      512     2       50          3.0950      0.099883    6.0450      
[1m(BM_Ortho<double, batchlas::Backend::CUDA>)       [0m1024    32      128     0       50          0.77801     0.011230    6.0782      
[1m(BM_Ortho<double, batchlas::Backend::CUDA>)       [0m1024    32      128     2       50          1.1668      0.053838    9.1153      
[1m(BM_Ortho<double, batchlas::Backend::CUDA>)       [0m1024    32      512     0       50          2.7509      0.091673    5.3728      
[1m(BM_Ortho<double, batchlas::Backend::CUDA>)       [0m1024    32      512     2       49          4.1203      0.095155    8.0475      
[1m(BM_Ortho<double, batchlas::Backend::CUDA>)       [0m1024    64      128     0       50          2.1607      0.063465    16.881      
[1m(BM_Ortho<double, batchlas::Backend::CUDA>)       [0m1024    64      128     2       50          3.2278      0.077372    25.217      
[1m(BM_Ortho<double, batchlas::Backend::CUDA>)       [0m1024    64      512     0       25          8.1613      0.15623     15.940      
[1m(BM_Ortho<double, batchlas::Backend::CUDA>)       [0m1024    64      512     2       17          12.268      0.19374     23.961      
[1m(BM_Ortho<double, batchlas::Backend::CUDA>)       [0m1024    128     128     0       28          7.3948      0.15021     57.772      
[1m(BM_Ortho<double, batchlas::Backend::CUDA>)       [0m1024    128     128     2       18          11.114      0.19860     86.827      
[1m(BM_Ortho<double, batchlas::Backend::CUDA>)       [0m1024    128     512     0       7           28.892      0.20013     56.430      
[1m(BM_Ortho<double, batchlas::Backend::CUDA>)       [0m1024    128     512     2       5           43.377      0.15285     84.721      
[1m(BM_Ortho<double, batchlas::Backend::CUDA>)       [0m1024    256     128     0       5           40.806      0.14733     318.80      
[1m(BM_Ortho<double, batchlas::Backend::CUDA>)       [0m1024    256     128     2       5           61.248      0.25663     478.50      
[1m(BM_Ortho<double, batchlas::Backend::CUDA>)       [0m1024    256     512     0       5           161.95      0.22174     316.32      
[1m(BM_Ortho<double, batchlas::Backend::CUDA>)       [0m1024    256     512     2       5           243.20      0.25085     475.01      
[1m(BM_Ortho<double, batchlas::Backend::CUDA>)       [0m4096    16      128     0       50          2.1991      0.070780    17.180      
[1m(BM_Ortho<double, batchlas::Backend::CUDA>)       [0m4096    16      128     2       50          3.2960      0.11765     25.750      
[1m(BM_Ortho<double, batchlas::Backend::CUDA>)       [0m4096    16      512     0       27          7.6305      0.13536     14.903      
[1m(BM_Ortho<double, batchlas::Backend::CUDA>)       [0m4096    16      512     2       18          11.566      0.19988     22.589      
[1m(BM_Ortho<double, batchlas::Backend::CUDA>)       [0m4096    32      128     0       50          3.0564      0.090078    23.878      
[1m(BM_Ortho<double, batchlas::Backend::CUDA>)       [0m4096    32      128     2       44          4.5768      0.10610     35.756      
[1m(BM_Ortho<double, batchlas::Backend::CUDA>)       [0m4096    32      512     0       19          10.562      0.19970     20.629      
[1m(BM_Ortho<double, batchlas::Backend::CUDA>)       [0m4096    32      512     2       13          15.809      0.18735     30.877      
[1m(BM_Ortho<double, batchlas::Backend::CUDA>)       [0m4096    64      128     0       24          8.3362      0.13795     65.126      
[1m(BM_Ortho<double, batchlas::Backend::CUDA>)       [0m4096    64      128     2       16          12.520      0.18215     97.810      
[1m(BM_Ortho<double, batchlas::Backend::CUDA>)       [0m4096    64      512     0       7           31.463      0.018850    61.452      
[1m(BM_Ortho<double, batchlas::Backend::CUDA>)       [0m4096    64      512     2       5           47.148      0.24174     92.086      
[1m(BM_Ortho<double, batchlas::Backend::CUDA>)       [0m4096    128     128     0       8           28.208      0.16623     220.38      
[1m(BM_Ortho<double, batchlas::Backend::CUDA>)       [0m4096    128     128     2       5           42.240      0.12113     330.00      
[1m(BM_Ortho<double, batchlas::Backend::CUDA>)       [0m4096    128     512     0       5           110.96      0.25763     216.73      
[1m(BM_Ortho<double, batchlas::Backend::CUDA>)       [0m4096    128     512     2       5           166.85      0.28964     325.88      
[1m(BM_Ortho<double, batchlas::Backend::CUDA>)       [0m4096    256     128     0       5           157.05      0.26445     1226.9      
[1m(BM_Ortho<double, batchlas::Backend::CUDA>)       [0m4096    256     128     2       5           235.63      0.10182     1840.9      
[1m(BM_Ortho<double, batchlas::Backend::CUDA>)       [0m4096    256     512     0       5           624.34      0.19059     1219.4      
[1m(BM_Ortho<double, batchlas::Backend::CUDA>)       [0m4096    256     512     2       5           936.56      0.37499     1829.2      
gpu_guard: GPU 0 exclusive for the whole run (SM clock was 210 MHz at start)
