trsm ortho grid: 9 of 54 cells dropped, over the 6.0 GB cap:
    n=32 q=4096 batch=2048 (8.6 GB)
    n=64 q=4096 batch=2048 (17.3 GB)
    n=128 q=1024 batch=2048 (9.1 GB)
    n=128 q=4096 batch=512 (8.7 GB)
    n=128 q=4096 batch=2048 (34.9 GB)
    n=256 q=256 batch=2048 (6.4 GB)
    n=256 q=1024 batch=2048 (19.3 GB)
    n=256 q=4096 batch=512 (17.7 GB)
    n=256 q=4096 batch=2048 (70.9 GB)
trsm route forced: vendor -> vendor:auto
[1;36mName                                              Arg0    Arg1    Arg2    Iter        Avg(ms)     Std(ms)     GFLOPS      Time (us) / matrix[0m
[1m(BM_TRSM_OrthoRight<float, batchlas::Backend::CUDA>)[0m8       256     128     200         0.021207    0.00079641  98.890      0.16568     
[1m(BM_TRSM_OrthoRight<float, batchlas::Backend::CUDA>)[0m8       256     512     200         0.031697    0.0015143   264.65      0.061907    
[1m(BM_TRSM_OrthoRight<float, batchlas::Backend::CUDA>)[0m8       256     2048    200         0.075932    0.0011379   441.90      0.037076    
[1m(BM_TRSM_OrthoRight<float, batchlas::Backend::CUDA>)[0m8       1024    128     200         0.031184    0.00081858  269.01      0.24362     
[1m(BM_TRSM_OrthoRight<float, batchlas::Backend::CUDA>)[0m8       1024    512     200         0.074456    0.0010078   450.66      0.14542     
[1m(BM_TRSM_OrthoRight<float, batchlas::Backend::CUDA>)[0m8       1024    2048    200         0.26081     0.0085845   514.63      0.12735     
[1m(BM_TRSM_OrthoRight<float, batchlas::Backend::CUDA>)[0m8       4096    128     200         0.074589    0.0010347   449.86      0.58273     
[1m(BM_TRSM_OrthoRight<float, batchlas::Backend::CUDA>)[0m8       4096    512     200         0.25878     0.0076851   518.66      0.50542     
[1m(BM_TRSM_OrthoRight<float, batchlas::Backend::CUDA>)[0m8       4096    2048    200         0.96688     0.012552    555.26      0.47211     
[1m(BM_TRSM_OrthoRight<float, batchlas::Backend::CUDA>)[0m16      256     128     200         0.025015    0.00076998  335.35      0.19543     
[1m(BM_TRSM_OrthoRight<float, batchlas::Backend::CUDA>)[0m16      256     512     200         0.048781    0.00099443  687.86      0.095275    
[1m(BM_TRSM_OrthoRight<float, batchlas::Backend::CUDA>)[0m16      256     2048    200         0.14514     0.0046449   924.76      0.070868    
[1m(BM_TRSM_OrthoRight<float, batchlas::Backend::CUDA>)[0m16      1024    128     200         0.048770    0.00092442  688.01      0.38102     
[1m(BM_TRSM_OrthoRight<float, batchlas::Backend::CUDA>)[0m16      1024    512     200         0.14394     0.0054610   932.44      0.28114     
[1m(BM_TRSM_OrthoRight<float, batchlas::Backend::CUDA>)[0m16      1024    2048    200         0.83926     0.010450    639.70      0.40979     
[1m(BM_TRSM_OrthoRight<float, batchlas::Backend::CUDA>)[0m16      4096    128     200         0.14365     0.0043093   934.36      1.1222      
[1m(BM_TRSM_OrthoRight<float, batchlas::Backend::CUDA>)[0m16      4096    512     200         0.86393     0.010387    621.43      1.6874      
[1m(BM_TRSM_OrthoRight<float, batchlas::Backend::CUDA>)[0m16      4096    2048    60          3.3462      0.10516     641.76      1.6339      
[1m(BM_TRSM_OrthoRight<float, batchlas::Backend::CUDA>)[0m32      256     128     200         0.038055    0.00085230  881.73      0.29731     
[1m(BM_TRSM_OrthoRight<float, batchlas::Backend::CUDA>)[0m32      256     512     200         0.098425    0.0010819   1363.7      0.19224     
[1m(BM_TRSM_OrthoRight<float, batchlas::Backend::CUDA>)[0m32      256     2048    200         0.61804     0.0095229   868.66      0.30178     
[1m(BM_TRSM_OrthoRight<float, batchlas::Backend::CUDA>)[0m32      1024    128     200         0.098340    0.0028512   1364.8      0.76828     
[1m(BM_TRSM_OrthoRight<float, batchlas::Backend::CUDA>)[0m32      1024    512     200         0.58674     0.0087478   915.00      1.1460      
[1m(BM_TRSM_OrthoRight<float, batchlas::Backend::CUDA>)[0m32      1024    2048    85          2.3609      0.087379    909.61      1.1528      
[1m(BM_TRSM_OrthoRight<float, batchlas::Backend::CUDA>)[0m32      4096    128     200         0.58754     0.011147    913.75      4.5902      
[1m(BM_TRSM_OrthoRight<float, batchlas::Backend::CUDA>)[0m32      4096    512     83          2.4255      0.090139    885.40      4.7372      
[1m(BM_TRSM_OrthoRight<float, batchlas::Backend::CUDA>)[0m64      256     128     200         0.077481    0.0013288   1732.3      0.60532     
[1m(BM_TRSM_OrthoRight<float, batchlas::Backend::CUDA>)[0m64      256     512     200         0.24904     0.0067429   2155.7      0.48641     
[1m(BM_TRSM_OrthoRight<float, batchlas::Backend::CUDA>)[0m64      256     2048    114         1.7598      0.051718    1220.3      0.85926     
[1m(BM_TRSM_OrthoRight<float, batchlas::Backend::CUDA>)[0m64      1024    128     200         0.25215     0.0060933   2129.2      1.9699      
[1m(BM_TRSM_OrthoRight<float, batchlas::Backend::CUDA>)[0m64      1024    512     117         1.7098      0.049719    1256.0      3.3395      
[1m(BM_TRSM_OrthoRight<float, batchlas::Backend::CUDA>)[0m64      1024    2048    31          6.6206      0.22298     1297.5      3.2327      
[1m(BM_TRSM_OrthoRight<float, batchlas::Backend::CUDA>)[0m64      4096    128     118         1.7008      0.050655    1262.6      13.287      
[1m(BM_TRSM_OrthoRight<float, batchlas::Backend::CUDA>)[0m64      4096    512     31          6.6192      0.21222     1297.7      12.928      
[1m(BM_TRSM_OrthoRight<float, batchlas::Backend::CUDA>)[0m128     256     128     200         0.15853     0.0045910   3386.5      1.2385      
[1m(BM_TRSM_OrthoRight<float, batchlas::Backend::CUDA>)[0m128     256     512     200         0.88603     0.011709    2423.7      1.7305      
[1m(BM_TRSM_OrthoRight<float, batchlas::Backend::CUDA>)[0m128     256     2048    50          4.0432      0.079718    2124.5      1.9742      
[1m(BM_TRSM_OrthoRight<float, batchlas::Backend::CUDA>)[0m128     1024    128     200         0.86782     0.011607    2474.6      6.7799      
[1m(BM_TRSM_OrthoRight<float, batchlas::Backend::CUDA>)[0m128     1024    512     51          3.9266      0.088141    2187.6      7.6691      
[1m(BM_TRSM_OrthoRight<float, batchlas::Backend::CUDA>)[0m128     4096    128     52          3.8489      0.083798    2231.8      30.070      
[1m(BM_TRSM_OrthoRight<float, batchlas::Backend::CUDA>)[0m256     256     128     200         0.35477     0.0074257   6053.2      2.7716      
[1m(BM_TRSM_OrthoRight<float, batchlas::Backend::CUDA>)[0m256     256     512     92          2.1860      0.075923    3929.4      4.2696      
[1m(BM_TRSM_OrthoRight<float, batchlas::Backend::CUDA>)[0m256     1024    128     96          2.1022      0.053184    4086.3      16.423      
[1m(BM_TRSM_OrthoRight<float, batchlas::Backend::CUDA>)[0m256     1024    512     23          8.9129      0.23856     3855.1      17.408      
[1m(BM_TRSM_OrthoRight<float, batchlas::Backend::CUDA>)[0m256     4096    128     24          8.6269      0.21432     3982.8      67.398      
[1m(BM_TRSM_OrthoRight<double, batchlas::Backend::CUDA>)[0m8       256     128     200         0.046881    0.00085801  44.733      0.36626     
[1m(BM_TRSM_OrthoRight<double, batchlas::Backend::CUDA>)[0m8       256     512     200         0.13664     0.0036770   61.393      0.26687     
[1m(BM_TRSM_OrthoRight<double, batchlas::Backend::CUDA>)[0m8       256     2048    200         0.49702     0.0066123   67.511      0.24268     
[1m(BM_TRSM_OrthoRight<double, batchlas::Backend::CUDA>)[0m8       1024    128     200         0.13660     0.0037231   61.408      1.0672      
[1m(BM_TRSM_OrthoRight<double, batchlas::Backend::CUDA>)[0m8       1024    512     200         0.49609     0.0070076   67.638      0.96892     
[1m(BM_TRSM_OrthoRight<double, batchlas::Backend::CUDA>)[0m8       1024    2048    104         1.9394      0.054673    69.207      0.94696     
[1m(BM_TRSM_OrthoRight<double, batchlas::Backend::CUDA>)[0m8       4096    128     200         0.49591     0.0067459   67.663      3.8743      
[1m(BM_TRSM_OrthoRight<double, batchlas::Backend::CUDA>)[0m8       4096    512     104         1.9390      0.054659    69.219      3.7872      
[1m(BM_TRSM_OrthoRight<double, batchlas::Backend::CUDA>)[0m8       4096    2048    26          7.7656      0.22433     69.135      3.7918      
[1m(BM_TRSM_OrthoRight<double, batchlas::Backend::CUDA>)[0m16      256     128     200         0.080240    0.0010225   104.54      0.62687     
[1m(BM_TRSM_OrthoRight<double, batchlas::Backend::CUDA>)[0m16      256     512     200         0.26986     0.0047917   124.34      0.52706     
[1m(BM_TRSM_OrthoRight<double, batchlas::Backend::CUDA>)[0m16      256     2048    194         1.0358      0.035092    129.58      0.50574     
[1m(BM_TRSM_OrthoRight<double, batchlas::Backend::CUDA>)[0m16      1024    128     200         0.27088     0.0063774   123.87      2.1163      
[1m(BM_TRSM_OrthoRight<double, batchlas::Backend::CUDA>)[0m16      1024    512     194         1.0360      0.045746    129.56      2.0234      
[1m(BM_TRSM_OrthoRight<double, batchlas::Backend::CUDA>)[0m16      1024    2048    49          4.0958      0.10277     131.08      1.9999      
[1m(BM_TRSM_OrthoRight<double, batchlas::Backend::CUDA>)[0m16      4096    128     194         1.0343      0.039052    129.76      8.0806      
[1m(BM_TRSM_OrthoRight<double, batchlas::Backend::CUDA>)[0m16      4096    512     49          4.0912      0.094842    131.23      7.9907      
[1m(BM_TRSM_OrthoRight<double, batchlas::Backend::CUDA>)[0m16      4096    2048    13          16.391      0.25836     131.01      8.0036      
[1m(BM_TRSM_OrthoRight<double, batchlas::Backend::CUDA>)[0m32      256     128     200         0.15847     0.0038012   211.74      1.2381      
[1m(BM_TRSM_OrthoRight<double, batchlas::Backend::CUDA>)[0m32      256     512     200         0.58175     0.0075778   230.71      1.1362      
[1m(BM_TRSM_OrthoRight<double, batchlas::Backend::CUDA>)[0m32      256     2048    88          2.2885      0.070535    234.60      1.1174      
[1m(BM_TRSM_OrthoRight<double, batchlas::Backend::CUDA>)[0m32      1024    128     200         0.58164     0.0077203   230.76      4.5441      
[1m(BM_TRSM_OrthoRight<double, batchlas::Backend::CUDA>)[0m32      1024    512     88          2.2853      0.073427    234.93      4.4634      
[1m(BM_TRSM_OrthoRight<double, batchlas::Backend::CUDA>)[0m32      1024    2048    22          9.1190      0.22129     235.49      4.4526      
[1m(BM_TRSM_OrthoRight<double, batchlas::Backend::CUDA>)[0m32      4096    128     88          2.2932      0.076457    234.11      17.916      
[1m(BM_TRSM_OrthoRight<double, batchlas::Backend::CUDA>)[0m32      4096    512     22          9.1440      0.23613     234.85      17.859      
[1m(BM_TRSM_OrthoRight<double, batchlas::Backend::CUDA>)[0m64      256     128     200         0.35798     0.0063284   374.93      2.7967      
[1m(BM_TRSM_OrthoRight<double, batchlas::Backend::CUDA>)[0m64      256     512     144         1.3933      0.044466    385.32      2.7213      
[1m(BM_TRSM_OrthoRight<double, batchlas::Backend::CUDA>)[0m64      256     2048    37          5.5119      0.18446     389.61      2.6914      
[1m(BM_TRSM_OrthoRight<double, batchlas::Backend::CUDA>)[0m64      1024    128     144         1.3920      0.038242    385.68      10.875      
[1m(BM_TRSM_OrthoRight<double, batchlas::Backend::CUDA>)[0m64      1024    512     37          5.5189      0.19881     389.11      10.779      
[1m(BM_TRSM_OrthoRight<double, batchlas::Backend::CUDA>)[0m64      1024    2048    10          21.964      0.25625     391.08      10.725      
[1m(BM_TRSM_OrthoRight<double, batchlas::Backend::CUDA>)[0m64      4096    128     37          5.5122      0.18305     389.59      43.064      
[1m(BM_TRSM_OrthoRight<double, batchlas::Backend::CUDA>)[0m64      4096    512     10          21.945      0.25952     391.42      42.862      
[1m(BM_TRSM_OrthoRight<double, batchlas::Backend::CUDA>)[0m128     256     128     200         0.93312     0.0086401   575.35      7.2900      
[1m(BM_TRSM_OrthoRight<double, batchlas::Backend::CUDA>)[0m128     256     512     55          3.6664      0.082202    585.72      7.1609      
[1m(BM_TRSM_OrthoRight<double, batchlas::Backend::CUDA>)[0m128     256     2048    14          14.667      0.27328     585.68      7.1615      
[1m(BM_TRSM_OrthoRight<double, batchlas::Backend::CUDA>)[0m128     1024    128     55          3.6671      0.072560    585.60      28.650      
[1m(BM_TRSM_OrthoRight<double, batchlas::Backend::CUDA>)[0m128     1024    512     14          14.611      0.23530     587.90      28.538      
[1m(BM_TRSM_OrthoRight<double, batchlas::Backend::CUDA>)[0m128     4096    128     14          14.593      0.24429     588.62      114.01      
[1m(BM_TRSM_OrthoRight<double, batchlas::Backend::CUDA>)[0m256     256     128     73          2.7551      0.065211    779.44      21.525      
[1m(BM_TRSM_OrthoRight<double, batchlas::Backend::CUDA>)[0m256     256     512     19          10.881      0.19668     789.45      21.252      
[1m(BM_TRSM_OrthoRight<double, batchlas::Backend::CUDA>)[0m256     1024    128     19          10.915      0.24612     786.98      85.274      
[1m(BM_TRSM_OrthoRight<double, batchlas::Backend::CUDA>)[0m256     1024    512     10          43.445      0.25879     790.87      84.854      
[1m(BM_TRSM_OrthoRight<double, batchlas::Backend::CUDA>)[0m256     4096    128     10          43.455      0.26055     790.69      339.49      
[1m(BM_TRSM_OrthoRight<std::complex<float>, batchlas::Backend::CUDA>)[0m8       256     128     200         0.013049    0.00050823  160.71      0.10195     
[1m(BM_TRSM_OrthoRight<std::complex<float>, batchlas::Backend::CUDA>)[0m8       256     512     200         0.015409    0.00050153  544.38      0.030097    
[1m(BM_TRSM_OrthoRight<std::complex<float>, batchlas::Backend::CUDA>)[0m8       256     2048    200         0.036584    0.00076200  917.20      0.017863    
[1m(BM_TRSM_OrthoRight<std::complex<float>, batchlas::Backend::CUDA>)[0m8       1024    128     200         0.016185    0.00054056  518.28      0.12645     
[1m(BM_TRSM_OrthoRight<std::complex<float>, batchlas::Backend::CUDA>)[0m8       1024    512     200         0.038788    0.00076806  865.08      0.075758    
[1m(BM_TRSM_OrthoRight<std::complex<float>, batchlas::Backend::CUDA>)[0m8       1024    2048    200         0.31145     0.0063112   430.95      0.15207     
[1m(BM_TRSM_OrthoRight<std::complex<float>, batchlas::Backend::CUDA>)[0m8       4096    128     200         0.037588    0.00070901  892.70      0.29365     
[1m(BM_TRSM_OrthoRight<std::complex<float>, batchlas::Backend::CUDA>)[0m8       4096    512     200         0.31067     0.0062602   432.02      0.60679     
[1m(BM_TRSM_OrthoRight<std::complex<float>, batchlas::Backend::CUDA>)[0m8       4096    2048    167         1.2027      0.042608    446.39      0.58725     
[1m(BM_TRSM_OrthoRight<std::complex<float>, batchlas::Backend::CUDA>)[0m16      256     128     200         0.025283    0.00054136  331.79      0.19752     
[1m(BM_TRSM_OrthoRight<std::complex<float>, batchlas::Backend::CUDA>)[0m16      256     512     200         0.034120    0.00068738  983.43      0.066640    
[1m(BM_TRSM_OrthoRight<std::complex<float>, batchlas::Backend::CUDA>)[0m16      256     2048    200         0.16722     0.0050481   802.66      0.081648    
[1m(BM_TRSM_OrthoRight<std::complex<float>, batchlas::Backend::CUDA>)[0m16      1024    128     200         0.034384    0.00062800  975.89      0.26862     
[1m(BM_TRSM_OrthoRight<std::complex<float>, batchlas::Backend::CUDA>)[0m16      1024    512     200         0.16250     0.0051587   825.94      0.31739     
[1m(BM_TRSM_OrthoRight<std::complex<float>, batchlas::Backend::CUDA>)[0m16      1024    2048    200         0.62968     0.0078226   852.60      0.30746     
[1m(BM_TRSM_OrthoRight<std::complex<float>, batchlas::Backend::CUDA>)[0m16      4096    128     200         0.15995     0.0065542   839.14      1.2496      
[1m(BM_TRSM_OrthoRight<std::complex<float>, batchlas::Backend::CUDA>)[0m16      4096    512     200         0.63330     0.0077925   847.74      1.2369      
[1m(BM_TRSM_OrthoRight<std::complex<float>, batchlas::Backend::CUDA>)[0m16      4096    2048    82          2.4432      0.087742    878.96      1.1930      
[1m(BM_TRSM_OrthoRight<std::complex<float>, batchlas::Backend::CUDA>)[0m32      256     128     200         0.083706    0.00082244  400.86      0.65395     
[1m(BM_TRSM_OrthoRight<std::complex<float>, batchlas::Backend::CUDA>)[0m32      256     512     200         0.13385     0.0032122   1002.7      0.26143     
[1m(BM_TRSM_OrthoRight<std::complex<float>, batchlas::Backend::CUDA>)[0m32      256     2048    200         0.54629     0.0075995   982.76      0.26674     
[1m(BM_TRSM_OrthoRight<std::complex<float>, batchlas::Backend::CUDA>)[0m32      1024    128     200         0.12031     0.0041949   1115.6      0.93992     
[1m(BM_TRSM_OrthoRight<std::complex<float>, batchlas::Backend::CUDA>)[0m32      1024    512     200         0.53712     0.0079781   999.54      1.0491      
[1m(BM_TRSM_OrthoRight<std::complex<float>, batchlas::Backend::CUDA>)[0m32      1024    2048    106         1.8928      0.058819    1134.6      0.92421     
[1m(BM_TRSM_OrthoRight<std::complex<float>, batchlas::Backend::CUDA>)[0m32      4096    128     200         0.52185     0.0077244   1028.8      4.0769      
[1m(BM_TRSM_OrthoRight<std::complex<float>, batchlas::Backend::CUDA>)[0m32      4096    512     107         1.8791      0.048590    1142.8      3.6702      
[1m(BM_TRSM_OrthoRight<std::complex<float>, batchlas::Backend::CUDA>)[0m64      256     128     200         0.33331     0.0054619   402.68      2.6040      
[1m(BM_TRSM_OrthoRight<std::complex<float>, batchlas::Backend::CUDA>)[0m64      256     512     200         0.52992     0.0092431   1013.1      1.0350      
[1m(BM_TRSM_OrthoRight<std::complex<float>, batchlas::Backend::CUDA>)[0m64      256     2048    64          3.1627      0.13371     679.01      1.5443      
[1m(BM_TRSM_OrthoRight<std::complex<float>, batchlas::Backend::CUDA>)[0m64      1024    128     200         0.51330     0.0082949   1045.9      4.0102      
[1m(BM_TRSM_OrthoRight<std::complex<float>, batchlas::Backend::CUDA>)[0m64      1024    512     80          2.5184      0.093961    852.71      4.9188      
[1m(BM_TRSM_OrthoRight<std::complex<float>, batchlas::Backend::CUDA>)[0m64      1024    2048    23          9.0391      0.24204     950.30      4.4136      
[1m(BM_TRSM_OrthoRight<std::complex<float>, batchlas::Backend::CUDA>)[0m64      4096    128     84          2.4086      0.090954    891.59      18.817      
[1m(BM_TRSM_OrthoRight<std::complex<float>, batchlas::Backend::CUDA>)[0m64      4096    512     25          8.1410      0.37098     1055.1      15.900      
[1m(BM_TRSM_OrthoRight<std::complex<float>, batchlas::Backend::CUDA>)[0m128     256     128     128         1.5678      0.043053    342.43      12.249      
[1m(BM_TRSM_OrthoRight<std::complex<float>, batchlas::Backend::CUDA>)[0m128     256     512     31          6.6447      0.20132     323.19      12.978      
[1m(BM_TRSM_OrthoRight<std::complex<float>, batchlas::Backend::CUDA>)[0m128     256     2048    10          30.984      0.069224    277.24      15.129      
[1m(BM_TRSM_OrthoRight<std::complex<float>, batchlas::Backend::CUDA>)[0m128     1024    128     35          5.7710      0.23303     372.12      45.086      
[1m(BM_TRSM_OrthoRight<std::complex<float>, batchlas::Backend::CUDA>)[0m128     1024    512     10          28.689      0.27296     299.42      56.033      
[1m(BM_TRSM_OrthoRight<std::complex<float>, batchlas::Backend::CUDA>)[0m128     4096    128     10          28.196      0.28314     304.65      220.28      
[1m(BM_TRSM_OrthoRight<std::complex<float>, batchlas::Backend::CUDA>)[0m256     256     128     32          6.3839      0.15167     336.39      49.874      
[1m(BM_TRSM_OrthoRight<std::complex<float>, batchlas::Backend::CUDA>)[0m256     256     512     10          36.082      0.19834     238.07      70.472      
[1m(BM_TRSM_OrthoRight<std::complex<float>, batchlas::Backend::CUDA>)[0m256     1024    128     10          34.751      0.10500     247.19      271.49      
[1m(BM_TRSM_OrthoRight<std::complex<float>, batchlas::Backend::CUDA>)[0m256     1024    512     10          142.81      0.49157     240.59      278.94      
[1m(BM_TRSM_OrthoRight<std::complex<float>, batchlas::Backend::CUDA>)[0m256     4096    128     10          141.54      0.32912     242.76      1105.8      
[1m(BM_TRSM_OrthoRight<std::complex<double>, batchlas::Backend::CUDA>)[0m8       256     128     200         0.19334     0.0042758   10.847      1.5105      
[1m(BM_TRSM_OrthoRight<std::complex<double>, batchlas::Backend::CUDA>)[0m8       256     512     200         0.19373     0.0044495   43.300      0.37838     
[1m(BM_TRSM_OrthoRight<std::complex<double>, batchlas::Backend::CUDA>)[0m8       256     2048    200         0.75799     0.0082996   44.268      0.37011     
[1m(BM_TRSM_OrthoRight<std::complex<double>, batchlas::Backend::CUDA>)[0m8       1024    128     200         0.19369     0.0044283   43.310      1.5132      
[1m(BM_TRSM_OrthoRight<std::complex<double>, batchlas::Backend::CUDA>)[0m8       1024    512     200         0.75728     0.0077890   44.309      1.4791      
[1m(BM_TRSM_OrthoRight<std::complex<double>, batchlas::Backend::CUDA>)[0m8       1024    2048    67          3.0177      0.090484    44.477      1.4735      
[1m(BM_TRSM_OrthoRight<std::complex<double>, batchlas::Backend::CUDA>)[0m8       4096    128     200         0.75736     0.0082857   44.304      5.9169      
[1m(BM_TRSM_OrthoRight<std::complex<double>, batchlas::Backend::CUDA>)[0m8       4096    512     67          3.0254      0.099134    44.364      5.9089      
[1m(BM_TRSM_OrthoRight<std::complex<double>, batchlas::Backend::CUDA>)[0m8       4096    2048    17          12.144      0.24440     44.209      5.9296      
[1m(BM_TRSM_OrthoRight<std::complex<double>, batchlas::Backend::CUDA>)[0m16      256     128     200         0.56231     0.0068231   14.918      4.3931      
[1m(BM_TRSM_OrthoRight<std::complex<double>, batchlas::Backend::CUDA>)[0m16      256     512     200         0.56367     0.0070522   59.529      1.1009      
[1m(BM_TRSM_OrthoRight<std::complex<double>, batchlas::Backend::CUDA>)[0m16      256     2048    90          2.2414      0.064305    59.880      1.0945      
[1m(BM_TRSM_OrthoRight<std::complex<double>, batchlas::Backend::CUDA>)[0m16      1024    128     200         0.56284     0.0064593   59.616      4.3972      
[1m(BM_TRSM_OrthoRight<std::complex<double>, batchlas::Backend::CUDA>)[0m16      1024    512     90          2.2467      0.080094    59.739      4.3881      
[1m(BM_TRSM_OrthoRight<std::complex<double>, batchlas::Backend::CUDA>)[0m16      1024    2048    23          9.0139      0.23096     59.560      4.4013      
[1m(BM_TRSM_OrthoRight<std::complex<double>, batchlas::Backend::CUDA>)[0m16      4096    128     90          2.2449      0.070686    59.789      17.538      
[1m(BM_TRSM_OrthoRight<std::complex<double>, batchlas::Backend::CUDA>)[0m16      4096    512     23          9.0091      0.22085     59.592      17.596      
[1m(BM_TRSM_OrthoRight<std::complex<double>, batchlas::Backend::CUDA>)[0m16      4096    2048    10          36.058      0.091799    59.557      17.606      
[1m(BM_TRSM_OrthoRight<std::complex<double>, batchlas::Backend::CUDA>)[0m32      256     128     109         1.8482      0.041169    18.155      14.439      
[1m(BM_TRSM_OrthoRight<std::complex<double>, batchlas::Backend::CUDA>)[0m32      256     512     108         1.8545      0.041491    72.373      3.6221      
[1m(BM_TRSM_OrthoRight<std::complex<double>, batchlas::Backend::CUDA>)[0m32      256     2048    27          7.4724      0.21009     71.848      3.6486      
[1m(BM_TRSM_OrthoRight<std::complex<double>, batchlas::Backend::CUDA>)[0m32      1024    128     108         1.8563      0.046259    72.306      14.502      
[1m(BM_TRSM_OrthoRight<std::complex<double>, batchlas::Backend::CUDA>)[0m32      1024    512     27          7.4674      0.21635     71.895      14.585      
[1m(BM_TRSM_OrthoRight<std::complex<double>, batchlas::Backend::CUDA>)[0m32      1024    2048    10          29.945      0.016932    71.714      14.622      
[1m(BM_TRSM_OrthoRight<std::complex<double>, batchlas::Backend::CUDA>)[0m32      4096    128     27          7.4553      0.20042     72.012      58.245      
[1m(BM_TRSM_OrthoRight<std::complex<double>, batchlas::Backend::CUDA>)[0m32      4096    512     10          29.940      0.0094505   71.727      58.476      
[1m(BM_TRSM_OrthoRight<std::complex<double>, batchlas::Backend::CUDA>)[0m64      256     128     31          6.6459      0.13842     20.195      51.921      
[1m(BM_TRSM_OrthoRight<std::complex<double>, batchlas::Backend::CUDA>)[0m64      256     512     30          6.6828      0.16853     80.336      13.052      
[1m(BM_TRSM_OrthoRight<std::complex<double>, batchlas::Backend::CUDA>)[0m64      256     2048    10          26.826      0.16869     80.052      13.099      
[1m(BM_TRSM_OrthoRight<std::complex<double>, batchlas::Backend::CUDA>)[0m64      1024    128     30          6.6960      0.17863     80.178      52.312      
[1m(BM_TRSM_OrthoRight<std::complex<double>, batchlas::Backend::CUDA>)[0m64      1024    512     10          26.779      0.21149     80.194      52.302      
[1m(BM_TRSM_OrthoRight<std::complex<double>, batchlas::Backend::CUDA>)[0m64      1024    2048    10          107.25      0.21607     80.092      52.369      
[1m(BM_TRSM_OrthoRight<std::complex<double>, batchlas::Backend::CUDA>)[0m64      4096    128     10          26.808      0.17824     80.106      209.44      
[1m(BM_TRSM_OrthoRight<std::complex<double>, batchlas::Backend::CUDA>)[0m64      4096    512     10          107.30      0.21163     80.053      209.58      
[1m(BM_TRSM_OrthoRight<std::complex<double>, batchlas::Backend::CUDA>)[0m128     256     128     10          25.101      0.17267     21.388      196.10      
[1m(BM_TRSM_OrthoRight<std::complex<double>, batchlas::Backend::CUDA>)[0m128     256     512     10          25.250      0.24213     85.049      49.316      
[1m(BM_TRSM_OrthoRight<std::complex<double>, batchlas::Backend::CUDA>)[0m128     256     2048    10          101.12      0.058352    84.946      49.376      
[1m(BM_TRSM_OrthoRight<std::complex<double>, batchlas::Backend::CUDA>)[0m128     1024    128     10          25.224      0.23723     85.137      197.06      
[1m(BM_TRSM_OrthoRight<std::complex<double>, batchlas::Backend::CUDA>)[0m128     1024    512     10          101.13      0.075465    84.941      197.52      
[1m(BM_TRSM_OrthoRight<std::complex<double>, batchlas::Backend::CUDA>)[0m128     4096    128     10          101.14      0.077854    84.934      790.13      
[1m(BM_TRSM_OrthoRight<std::complex<double>, batchlas::Backend::CUDA>)[0m256     256     128     10          97.460      0.12018     22.035      761.41      
[1m(BM_TRSM_OrthoRight<std::complex<double>, batchlas::Backend::CUDA>)[0m256     256     512     10          97.968      0.17880     87.681      191.34      
[1m(BM_TRSM_OrthoRight<std::complex<double>, batchlas::Backend::CUDA>)[0m256     1024    128     10          98.128      0.021823    87.538      766.62      
[1m(BM_TRSM_OrthoRight<std::complex<double>, batchlas::Backend::CUDA>)[0m256     1024    512     10          392.30      0.23323     87.585      766.21      
[1m(BM_TRSM_OrthoRight<std::complex<double>, batchlas::Backend::CUDA>)[0m256     4096    128     10          392.24      0.19905     87.600      3064.3      
gpu_guard: GPU 0 exclusive for the whole run (SM clock was 210 MHz at start)
