trsm ortho grid: 9 of 54 cells dropped, over the 6.0 GB cap:
    n=32 q=4096 batch=2048 (8.6 GB)
    n=64 q=4096 batch=2048 (17.3 GB)
    n=128 q=1024 batch=2048 (9.1 GB)
    n=128 q=4096 batch=512 (8.7 GB)
    n=128 q=4096 batch=2048 (34.9 GB)
    n=256 q=256 batch=2048 (6.4 GB)
    n=256 q=1024 batch=2048 (19.3 GB)
    n=256 q=4096 batch=512 (17.7 GB)
    n=256 q=4096 batch=2048 (70.9 GB)
trsm route forced: native -> native:auto
[1;36mName                                              Arg0    Arg1    Arg2    Iter        Avg(ms)     Std(ms)     GFLOPS      Time (us) / matrix[0m
[1m(BM_TRSM_OrthoRight<float, batchlas::Backend::CUDA>)[0m8       256     128     200         0.0089311   0.00021406  234.81      0.069774    
[1m(BM_TRSM_OrthoRight<float, batchlas::Backend::CUDA>)[0m8       256     512     200         0.010389    0.00054149  807.46      0.020291    
[1m(BM_TRSM_OrthoRight<float, batchlas::Backend::CUDA>)[0m8       256     2048    200         0.016544    0.00053702  2028.2      0.0080783   
[1m(BM_TRSM_OrthoRight<float, batchlas::Backend::CUDA>)[0m8       1024    128     200         0.010135    0.00055013  827.67      0.079182    
[1m(BM_TRSM_OrthoRight<float, batchlas::Backend::CUDA>)[0m8       1024    512     200         0.016576    0.00059096  2024.3      0.032375    
[1m(BM_TRSM_OrthoRight<float, batchlas::Backend::CUDA>)[0m8       1024    2048    200         0.13511     0.0047061   993.43      0.065969    
[1m(BM_TRSM_OrthoRight<float, batchlas::Backend::CUDA>)[0m8       4096    128     200         0.016708    0.00060466  2008.3      0.13053     
[1m(BM_TRSM_OrthoRight<float, batchlas::Backend::CUDA>)[0m8       4096    512     200         0.13332     0.0047460   1006.8      0.26038     
[1m(BM_TRSM_OrthoRight<float, batchlas::Backend::CUDA>)[0m8       4096    2048    200         0.59695     0.0074154   899.36      0.29148     
[1m(BM_TRSM_OrthoRight<float, batchlas::Backend::CUDA>)[0m16      256     128     200         0.010836    0.00053856  774.14      0.084656    
[1m(BM_TRSM_OrthoRight<float, batchlas::Backend::CUDA>)[0m16      256     512     200         0.014408    0.00060539  2328.9      0.028140    
[1m(BM_TRSM_OrthoRight<float, batchlas::Backend::CUDA>)[0m16      256     2048    200         0.028973    0.00072423  4632.6      0.014147    
[1m(BM_TRSM_OrthoRight<float, batchlas::Backend::CUDA>)[0m16      1024    128     200         0.014280    0.00051255  2349.8      0.11156     
[1m(BM_TRSM_OrthoRight<float, batchlas::Backend::CUDA>)[0m16      1024    512     200         0.028891    0.00065574  4645.7      0.056428    
[1m(BM_TRSM_OrthoRight<float, batchlas::Backend::CUDA>)[0m16      1024    2048    200         0.30695     0.0062652   1749.1      0.14988     
[1m(BM_TRSM_OrthoRight<float, batchlas::Backend::CUDA>)[0m16      4096    128     200         0.029180    0.00076823  4599.6      0.22797     
[1m(BM_TRSM_OrthoRight<float, batchlas::Backend::CUDA>)[0m16      4096    512     200         0.30487     0.0063501   1761.0      0.59546     
[1m(BM_TRSM_OrthoRight<float, batchlas::Backend::CUDA>)[0m16      4096    2048    168         1.1960      0.044640    1795.6      0.58397     
[1m(BM_TRSM_OrthoRight<float, batchlas::Backend::CUDA>)[0m32      256     128     200         0.017231    0.00058106  1947.3      0.13462     
[1m(BM_TRSM_OrthoRight<float, batchlas::Backend::CUDA>)[0m32      256     512     200         0.028021    0.00060677  4789.9      0.054728    
[1m(BM_TRSM_OrthoRight<float, batchlas::Backend::CUDA>)[0m32      256     2048    200         0.17946     0.0051203   2991.7      0.087625    
[1m(BM_TRSM_OrthoRight<float, batchlas::Backend::CUDA>)[0m32      1024    128     200         0.027963    0.00062860  4799.8      0.21846     
[1m(BM_TRSM_OrthoRight<float, batchlas::Backend::CUDA>)[0m32      1024    512     200         0.16741     0.0050568   3206.8      0.32698     
[1m(BM_TRSM_OrthoRight<float, batchlas::Backend::CUDA>)[0m32      1024    2048    200         0.66354     0.0080988   3236.4      0.32399     
[1m(BM_TRSM_OrthoRight<float, batchlas::Backend::CUDA>)[0m32      4096    128     200         0.16751     0.0050165   3204.9      1.3087      
[1m(BM_TRSM_OrthoRight<float, batchlas::Backend::CUDA>)[0m32      4096    512     200         0.67145     0.0078903   3198.3      1.3114      
[1m(BM_TRSM_OrthoRight<float, batchlas::Backend::CUDA>)[0m64      256     128     200         0.050060    0.00068650  2681.2      0.39109     
[1m(BM_TRSM_OrthoRight<float, batchlas::Backend::CUDA>)[0m64      256     512     200         0.12879     0.0056571   4168.5      0.25155     
[1m(BM_TRSM_OrthoRight<float, batchlas::Backend::CUDA>)[0m64      256     2048    200         0.73874     0.0079678   2907.0      0.36071     
[1m(BM_TRSM_OrthoRight<float, batchlas::Backend::CUDA>)[0m64      1024    128     200         0.12854     0.0041571   4176.7      1.0042      
[1m(BM_TRSM_OrthoRight<float, batchlas::Backend::CUDA>)[0m64      1024    512     200         0.71970     0.0079767   2983.9      1.4057      
[1m(BM_TRSM_OrthoRight<float, batchlas::Backend::CUDA>)[0m64      1024    2048    70          2.8707      0.11632     2992.3      1.4017      
[1m(BM_TRSM_OrthoRight<float, batchlas::Backend::CUDA>)[0m64      4096    128     200         0.72068     0.0079043   2979.8      5.6303      
[1m(BM_TRSM_OrthoRight<float, batchlas::Backend::CUDA>)[0m64      4096    512     70          2.8668      0.11305     2996.4      5.5992      
[1m(BM_TRSM_OrthoRight<float, batchlas::Backend::CUDA>)[0m128     256     128     200         0.16335     0.0042552   3286.6      1.2762      
[1m(BM_TRSM_OrthoRight<float, batchlas::Backend::CUDA>)[0m128     256     512     200         0.55971     0.0078605   3836.8      1.0932      
[1m(BM_TRSM_OrthoRight<float, batchlas::Backend::CUDA>)[0m128     256     2048    79          2.5552      0.071712    3361.8      1.2477      
[1m(BM_TRSM_OrthoRight<float, batchlas::Backend::CUDA>)[0m128     1024    128     200         0.55451     0.0078233   3872.8      4.3321      
[1m(BM_TRSM_OrthoRight<float, batchlas::Backend::CUDA>)[0m128     1024    512     81          2.4933      0.091131    3445.1      4.8698      
[1m(BM_TRSM_OrthoRight<float, batchlas::Backend::CUDA>)[0m128     4096    128     80          2.5042      0.085256    3430.3      19.564      
[1m(BM_TRSM_OrthoRight<float, batchlas::Backend::CUDA>)[0m256     256     128     200         0.34647     0.0064827   6198.2      2.7068      
[1m(BM_TRSM_OrthoRight<float, batchlas::Backend::CUDA>)[0m256     256     512     148         1.3536      0.039486    6346.0      2.6437      
[1m(BM_TRSM_OrthoRight<float, batchlas::Backend::CUDA>)[0m256     1024    128     155         1.2919      0.036808    6649.0      10.093      
[1m(BM_TRSM_OrthoRight<float, batchlas::Backend::CUDA>)[0m256     1024    512     36          5.5984      0.19374     6137.4      10.934      
[1m(BM_TRSM_OrthoRight<float, batchlas::Backend::CUDA>)[0m256     4096    128     37          5.4799      0.10020     6270.1      42.812      
[1m(BM_TRSM_OrthoRight<double, batchlas::Backend::CUDA>)[0m8       256     128     200         0.010523    0.00050458  199.29      0.082211    
[1m(BM_TRSM_OrthoRight<double, batchlas::Backend::CUDA>)[0m8       256     512     200         0.018684    0.00059621  448.98      0.036491    
[1m(BM_TRSM_OrthoRight<double, batchlas::Backend::CUDA>)[0m8       256     2048    200         0.051669    0.00078660  649.41      0.025229    
[1m(BM_TRSM_OrthoRight<double, batchlas::Backend::CUDA>)[0m8       1024    128     200         0.018690    0.00062430  448.83      0.14602     
[1m(BM_TRSM_OrthoRight<double, batchlas::Backend::CUDA>)[0m8       1024    512     200         0.051627    0.00088068  649.93      0.10083     
[1m(BM_TRSM_OrthoRight<double, batchlas::Backend::CUDA>)[0m8       1024    2048    200         0.30490     0.0069493   440.20      0.14888     
[1m(BM_TRSM_OrthoRight<double, batchlas::Backend::CUDA>)[0m8       4096    128     200         0.051584    0.00086556  650.48      0.40300     
[1m(BM_TRSM_OrthoRight<double, batchlas::Backend::CUDA>)[0m8       4096    512     200         0.30436     0.0063241   440.98      0.59445     
[1m(BM_TRSM_OrthoRight<double, batchlas::Backend::CUDA>)[0m8       4096    2048    168         1.1942      0.043314    449.57      0.58309     
[1m(BM_TRSM_OrthoRight<double, batchlas::Backend::CUDA>)[0m16      256     128     200         0.017845    0.00066142  470.08      0.13941     
[1m(BM_TRSM_OrthoRight<double, batchlas::Backend::CUDA>)[0m16      256     512     200         0.046427    0.00089479  722.73      0.090678    
[1m(BM_TRSM_OrthoRight<double, batchlas::Backend::CUDA>)[0m16      256     2048    200         0.16875     0.0080249   795.37      0.082397    
[1m(BM_TRSM_OrthoRight<double, batchlas::Backend::CUDA>)[0m16      1024    128     200         0.046454    0.00079576  722.32      0.36292     
[1m(BM_TRSM_OrthoRight<double, batchlas::Backend::CUDA>)[0m16      1024    512     200         0.16809     0.0078934   798.49      0.32830     
[1m(BM_TRSM_OrthoRight<double, batchlas::Backend::CUDA>)[0m16      1024    2048    200         0.64122     0.011873    837.26      0.31310     
[1m(BM_TRSM_OrthoRight<double, batchlas::Backend::CUDA>)[0m16      4096    128     200         0.16848     0.0082485   796.63      1.3163      
[1m(BM_TRSM_OrthoRight<double, batchlas::Backend::CUDA>)[0m16      4096    512     200         0.63930     0.012195    839.78      1.2486      
[1m(BM_TRSM_OrthoRight<double, batchlas::Backend::CUDA>)[0m16      4096    2048    81          2.4773      0.10714     866.85      1.2096      
[1m(BM_TRSM_OrthoRight<double, batchlas::Backend::CUDA>)[0m32      256     128     200         0.043404    0.00066843  773.06      0.33910     
[1m(BM_TRSM_OrthoRight<double, batchlas::Backend::CUDA>)[0m32      256     512     200         0.13757     0.0039942   975.63      0.26869     
[1m(BM_TRSM_OrthoRight<double, batchlas::Backend::CUDA>)[0m32      256     2048    200         0.57873     0.0072463   927.67      0.28258     
[1m(BM_TRSM_OrthoRight<double, batchlas::Backend::CUDA>)[0m32      1024    128     200         0.13892     0.0038666   966.18      1.0853      
[1m(BM_TRSM_OrthoRight<double, batchlas::Backend::CUDA>)[0m32      1024    512     200         0.56779     0.0079217   945.54      1.1090      
[1m(BM_TRSM_OrthoRight<double, batchlas::Backend::CUDA>)[0m32      1024    2048    93          2.1691      0.097519    990.05      1.0591      
[1m(BM_TRSM_OrthoRight<double, batchlas::Backend::CUDA>)[0m32      4096    128     200         0.56056     0.0077529   957.74      4.3794      
[1m(BM_TRSM_OrthoRight<double, batchlas::Backend::CUDA>)[0m32      4096    512     95          2.1273      0.071996    1009.5      4.1549      
[1m(BM_TRSM_OrthoRight<double, batchlas::Backend::CUDA>)[0m64      256     128     200         0.13679     0.0037662   981.20      1.0687      
[1m(BM_TRSM_OrthoRight<double, batchlas::Backend::CUDA>)[0m64      256     512     200         0.50005     0.0074739   1073.6      0.97667     
[1m(BM_TRSM_OrthoRight<double, batchlas::Backend::CUDA>)[0m64      256     2048    100         2.0136      0.048714    1066.5      0.98319     
[1m(BM_TRSM_OrthoRight<double, batchlas::Backend::CUDA>)[0m64      1024    128     200         0.49645     0.0072538   1081.4      3.8785      
[1m(BM_TRSM_OrthoRight<double, batchlas::Backend::CUDA>)[0m64      1024    512     101         1.9906      0.048366    1078.8      3.8879      
[1m(BM_TRSM_OrthoRight<double, batchlas::Backend::CUDA>)[0m64      1024    2048    26          7.9504      0.19277     1080.4      3.8820      
[1m(BM_TRSM_OrthoRight<double, batchlas::Backend::CUDA>)[0m64      4096    128     102         1.9697      0.047450    1090.3      15.388      
[1m(BM_TRSM_OrthoRight<double, batchlas::Backend::CUDA>)[0m64      4096    512     26          7.7316      0.16848     1111.0      15.101      
[1m(BM_TRSM_OrthoRight<double, batchlas::Backend::CUDA>)[0m128     256     128     200         0.47267     0.0068828   1135.8      3.6927      
[1m(BM_TRSM_OrthoRight<double, batchlas::Backend::CUDA>)[0m128     256     512     111         1.8050      0.045054    1189.8      3.5254      
[1m(BM_TRSM_OrthoRight<double, batchlas::Backend::CUDA>)[0m128     256     2048    28          7.2456      0.15166     1185.5      3.5379      
[1m(BM_TRSM_OrthoRight<double, batchlas::Backend::CUDA>)[0m128     1024    128     112         1.7971      0.044251    1195.0      14.040      
[1m(BM_TRSM_OrthoRight<double, batchlas::Backend::CUDA>)[0m128     1024    512     28          7.2236      0.16632     1189.1      14.109      
[1m(BM_TRSM_OrthoRight<double, batchlas::Backend::CUDA>)[0m128     4096    128     28          7.2213      0.24660     1189.5      56.417      
[1m(BM_TRSM_OrthoRight<double, batchlas::Backend::CUDA>)[0m256     256     128     115         1.7425      0.042033    1232.4      13.614      
[1m(BM_TRSM_OrthoRight<double, batchlas::Backend::CUDA>)[0m256     256     512     30          6.7699      0.17543     1268.8      13.222      
[1m(BM_TRSM_OrthoRight<double, batchlas::Backend::CUDA>)[0m256     1024    128     30          6.7568      0.17946     1271.3      52.788      
[1m(BM_TRSM_OrthoRight<double, batchlas::Backend::CUDA>)[0m256     1024    512     10          27.076      0.19569     1269.0      52.883      
[1m(BM_TRSM_OrthoRight<double, batchlas::Backend::CUDA>)[0m256     4096    128     10          27.029      0.22464     1271.2      211.16      
[1m(BM_TRSM_OrthoRight<std::complex<float>, batchlas::Backend::CUDA>)[0m8       256     128     200         0.0095528   0.00022242  219.53      0.074631    
[1m(BM_TRSM_OrthoRight<std::complex<float>, batchlas::Backend::CUDA>)[0m8       256     512     200         0.012828    0.00061280  653.95      0.025054    
[1m(BM_TRSM_OrthoRight<std::complex<float>, batchlas::Backend::CUDA>)[0m8       256     2048    200         0.025300    0.00074103  1326.3      0.012353    
[1m(BM_TRSM_OrthoRight<std::complex<float>, batchlas::Backend::CUDA>)[0m8       1024    128     200         0.012590    0.00044798  666.28      0.098361    
[1m(BM_TRSM_OrthoRight<std::complex<float>, batchlas::Backend::CUDA>)[0m8       1024    512     200         0.025551    0.00077718  1313.2      0.049905    
[1m(BM_TRSM_OrthoRight<std::complex<float>, batchlas::Backend::CUDA>)[0m8       1024    2048    200         0.30508     0.0066123   439.94      0.14897     
[1m(BM_TRSM_OrthoRight<std::complex<float>, batchlas::Backend::CUDA>)[0m8       4096    128     200         0.025014    0.00070021  1341.4      0.19542     
[1m(BM_TRSM_OrthoRight<std::complex<float>, batchlas::Backend::CUDA>)[0m8       4096    512     200         0.30357     0.0064403   442.12      0.59292     
[1m(BM_TRSM_OrthoRight<std::complex<float>, batchlas::Backend::CUDA>)[0m8       4096    2048    168         1.1963      0.043718    448.79      0.58411     
[1m(BM_TRSM_OrthoRight<std::complex<float>, batchlas::Backend::CUDA>)[0m16      256     128     200         0.012336    0.00060528  680.00      0.096377    
[1m(BM_TRSM_OrthoRight<std::complex<float>, batchlas::Backend::CUDA>)[0m16      256     512     200         0.020608    0.00065211  1628.2      0.040250    
[1m(BM_TRSM_OrthoRight<std::complex<float>, batchlas::Backend::CUDA>)[0m16      256     2048    200         0.14390     0.0051131   932.71      0.070264    
[1m(BM_TRSM_OrthoRight<std::complex<float>, batchlas::Backend::CUDA>)[0m16      1024    128     200         0.020423    0.00056571  1643.0      0.15956     
[1m(BM_TRSM_OrthoRight<std::complex<float>, batchlas::Backend::CUDA>)[0m16      1024    512     200         0.14028     0.0048203   956.79      0.27398     
[1m(BM_TRSM_OrthoRight<std::complex<float>, batchlas::Backend::CUDA>)[0m16      1024    2048    200         0.60377     0.0073935   889.20      0.29481     
[1m(BM_TRSM_OrthoRight<std::complex<float>, batchlas::Backend::CUDA>)[0m16      4096    128     200         0.13999     0.0047893   958.75      1.0937      
[1m(BM_TRSM_OrthoRight<std::complex<float>, batchlas::Backend::CUDA>)[0m16      4096    512     200         0.60246     0.0077778   891.13      1.1767      
[1m(BM_TRSM_OrthoRight<std::complex<float>, batchlas::Backend::CUDA>)[0m16      4096    2048    84          2.3896      0.087793    898.69      1.1668      
[1m(BM_TRSM_OrthoRight<std::complex<float>, batchlas::Backend::CUDA>)[0m32      256     128     200         0.021809    0.00056068  1538.6      0.17038     
[1m(BM_TRSM_OrthoRight<std::complex<float>, batchlas::Backend::CUDA>)[0m32      256     512     200         0.055866    0.00089519  2402.5      0.10911     
[1m(BM_TRSM_OrthoRight<std::complex<float>, batchlas::Backend::CUDA>)[0m32      256     2048    200         0.35553     0.0069562   1510.1      0.17360     
[1m(BM_TRSM_OrthoRight<std::complex<float>, batchlas::Backend::CUDA>)[0m32      1024    128     200         0.055855    0.00092200  2403.0      0.43636     
[1m(BM_TRSM_OrthoRight<std::complex<float>, batchlas::Backend::CUDA>)[0m32      1024    512     200         0.34485     0.0068192   1556.8      0.67354     
[1m(BM_TRSM_OrthoRight<std::complex<float>, batchlas::Backend::CUDA>)[0m32      1024    2048    152         1.3184      0.045433    1628.8      0.64376     
[1m(BM_TRSM_OrthoRight<std::complex<float>, batchlas::Backend::CUDA>)[0m32      4096    128     200         0.34744     0.0069929   1545.2      2.7144      
[1m(BM_TRSM_OrthoRight<std::complex<float>, batchlas::Backend::CUDA>)[0m32      4096    512     152         1.3228      0.047240    1623.5      2.5836      
[1m(BM_TRSM_OrthoRight<std::complex<float>, batchlas::Backend::CUDA>)[0m64      256     128     200         0.080116    0.00082894  1675.3      0.62591     
[1m(BM_TRSM_OrthoRight<std::complex<float>, batchlas::Backend::CUDA>)[0m64      256     512     200         0.29856     0.0063246   1798.2      0.58312     
[1m(BM_TRSM_OrthoRight<std::complex<float>, batchlas::Backend::CUDA>)[0m64      256     2048    149         1.3525      0.042913    1587.8      0.66039     
[1m(BM_TRSM_OrthoRight<std::complex<float>, batchlas::Backend::CUDA>)[0m64      1024    128     200         0.29813     0.0063483   1800.8      2.3291      
[1m(BM_TRSM_OrthoRight<std::complex<float>, batchlas::Backend::CUDA>)[0m64      1024    512     152         1.3204      0.039273    1626.4      2.5789      
[1m(BM_TRSM_OrthoRight<std::complex<float>, batchlas::Backend::CUDA>)[0m64      1024    2048    39          5.1991      0.15252     1652.2      2.5386      
[1m(BM_TRSM_OrthoRight<std::complex<float>, batchlas::Backend::CUDA>)[0m64      4096    128     151         1.3258      0.043304    1619.8      10.357      
[1m(BM_TRSM_OrthoRight<std::complex<float>, batchlas::Backend::CUDA>)[0m64      4096    512     39          5.1933      0.14868     1654.0      10.143      
[1m(BM_TRSM_OrthoRight<std::complex<float>, batchlas::Backend::CUDA>)[0m128     256     128     200         0.29920     0.0062696   1794.3      2.3375      
[1m(BM_TRSM_OrthoRight<std::complex<float>, batchlas::Backend::CUDA>)[0m128     256     512     173         1.1620      0.036645    1848.1      2.2696      
[1m(BM_TRSM_OrthoRight<std::complex<float>, batchlas::Backend::CUDA>)[0m128     256     2048    41          4.9181      0.16812     1746.6      2.4014      
[1m(BM_TRSM_OrthoRight<std::complex<float>, batchlas::Backend::CUDA>)[0m128     1024    128     173         1.1574      0.038856    1855.5      9.0420      
[1m(BM_TRSM_OrthoRight<std::complex<float>, batchlas::Backend::CUDA>)[0m128     1024    512     42          4.8741      0.16839     1762.4      9.5197      
[1m(BM_TRSM_OrthoRight<std::complex<float>, batchlas::Backend::CUDA>)[0m128     4096    128     41          4.8801      0.18524     1760.2      38.126      
[1m(BM_TRSM_OrthoRight<std::complex<float>, batchlas::Backend::CUDA>)[0m256     256     128     173         1.1586      0.038316    1853.5      9.0514      
[1m(BM_TRSM_OrthoRight<std::complex<float>, batchlas::Backend::CUDA>)[0m256     256     512     45          4.5052      0.15941     1906.7      8.7991      
[1m(BM_TRSM_OrthoRight<std::complex<float>, batchlas::Backend::CUDA>)[0m256     1024    128     45          4.4927      0.17775     1912.0      35.099      
[1m(BM_TRSM_OrthoRight<std::complex<float>, batchlas::Backend::CUDA>)[0m256     1024    512     11          18.318      0.26812     1875.7      35.777      
[1m(BM_TRSM_OrthoRight<std::complex<float>, batchlas::Backend::CUDA>)[0m256     4096    128     11          18.326      0.26871     1875.0      143.17      
[1m(BM_TRSM_OrthoRight<std::complex<double>, batchlas::Backend::CUDA>)[0m8       256     128     200         0.019598    0.00051084  107.01      0.15311     
[1m(BM_TRSM_OrthoRight<std::complex<double>, batchlas::Backend::CUDA>)[0m8       256     512     200         0.048949    0.00077191  171.37      0.095604    
[1m(BM_TRSM_OrthoRight<std::complex<double>, batchlas::Backend::CUDA>)[0m8       256     2048    200         0.17480     0.0067537   191.96      0.085350    
[1m(BM_TRSM_OrthoRight<std::complex<double>, batchlas::Backend::CUDA>)[0m8       1024    128     200         0.048951    0.00080219  171.37      0.38243     
[1m(BM_TRSM_OrthoRight<std::complex<double>, batchlas::Backend::CUDA>)[0m8       1024    512     200         0.17506     0.0068616   191.67      0.34192     
[1m(BM_TRSM_OrthoRight<std::complex<double>, batchlas::Backend::CUDA>)[0m8       1024    2048    200         0.66674     0.010190    201.30      0.32556     
[1m(BM_TRSM_OrthoRight<std::complex<double>, batchlas::Backend::CUDA>)[0m8       4096    128     200         0.17479     0.0070591   191.97      1.3656      
[1m(BM_TRSM_OrthoRight<std::complex<double>, batchlas::Backend::CUDA>)[0m8       4096    512     200         0.66350     0.0099290   202.29      1.2959      
[1m(BM_TRSM_OrthoRight<std::complex<double>, batchlas::Backend::CUDA>)[0m8       4096    2048    77          2.6074      0.094335    205.90      1.2731      
[1m(BM_TRSM_OrthoRight<std::complex<double>, batchlas::Backend::CUDA>)[0m16      256     128     200         0.043666    0.00069745  192.11      0.34114     
[1m(BM_TRSM_OrthoRight<std::complex<double>, batchlas::Backend::CUDA>)[0m16      256     512     200         0.15162     0.0089149   221.31      0.29612     
[1m(BM_TRSM_OrthoRight<std::complex<double>, batchlas::Backend::CUDA>)[0m16      256     2048    200         0.58184     0.012962    230.68      0.28410     
[1m(BM_TRSM_OrthoRight<std::complex<double>, batchlas::Backend::CUDA>)[0m16      1024    128     200         0.15358     0.0090462   218.49      1.1998      
[1m(BM_TRSM_OrthoRight<std::complex<double>, batchlas::Backend::CUDA>)[0m16      1024    512     200         0.58010     0.011724    231.37      1.1330      
[1m(BM_TRSM_OrthoRight<std::complex<double>, batchlas::Backend::CUDA>)[0m16      1024    2048    90          2.2301      0.088561    240.74      1.0889      
[1m(BM_TRSM_OrthoRight<std::complex<double>, batchlas::Backend::CUDA>)[0m16      4096    128     200         0.57860     0.012263    231.97      4.5203      
[1m(BM_TRSM_OrthoRight<std::complex<double>, batchlas::Backend::CUDA>)[0m16      4096    512     90          2.2299      0.096503    240.76      4.3552      
[1m(BM_TRSM_OrthoRight<std::complex<double>, batchlas::Backend::CUDA>)[0m16      4096    2048    23          8.8199      0.20052     243.48      4.3066      
[1m(BM_TRSM_OrthoRight<std::complex<double>, batchlas::Backend::CUDA>)[0m32      256     128     200         0.12879     0.0029242   260.54      1.0061      
[1m(BM_TRSM_OrthoRight<std::complex<double>, batchlas::Backend::CUDA>)[0m32      256     512     200         0.49278     0.0090611   272.37      0.96246     
[1m(BM_TRSM_OrthoRight<std::complex<double>, batchlas::Backend::CUDA>)[0m32      256     2048    105         1.9186      0.051904    279.83      0.93680     
[1m(BM_TRSM_OrthoRight<std::complex<double>, batchlas::Backend::CUDA>)[0m32      1024    128     200         0.48919     0.0077179   274.37      3.8218      
[1m(BM_TRSM_OrthoRight<std::complex<double>, batchlas::Backend::CUDA>)[0m32      1024    512     105         1.9101      0.050306    281.06      3.7308      
[1m(BM_TRSM_OrthoRight<std::complex<double>, batchlas::Backend::CUDA>)[0m32      1024    2048    27          7.5754      0.16602     283.48      3.6989      
[1m(BM_TRSM_OrthoRight<std::complex<double>, batchlas::Backend::CUDA>)[0m32      4096    128     105         1.9052      0.049086    281.79      14.885      
[1m(BM_TRSM_OrthoRight<std::complex<double>, batchlas::Backend::CUDA>)[0m32      4096    512     27          7.5818      0.19757     283.24      14.808      
[1m(BM_TRSM_OrthoRight<std::complex<double>, batchlas::Backend::CUDA>)[0m64      256     128     200         0.97356     0.0083339   137.86      7.6059      
[1m(BM_TRSM_OrthoRight<std::complex<double>, batchlas::Backend::CUDA>)[0m64      256     512     52          3.8827      0.081350    138.27      7.5834      
[1m(BM_TRSM_OrthoRight<std::complex<double>, batchlas::Backend::CUDA>)[0m64      256     2048    13          15.594      0.29419     137.71      7.6143      
[1m(BM_TRSM_OrthoRight<std::complex<double>, batchlas::Backend::CUDA>)[0m64      1024    128     52          3.8738      0.069822    138.59      30.264      
[1m(BM_TRSM_OrthoRight<std::complex<double>, batchlas::Backend::CUDA>)[0m64      1024    512     13          15.409      0.14536     139.37      30.096      
[1m(BM_TRSM_OrthoRight<std::complex<double>, batchlas::Backend::CUDA>)[0m64      1024    2048    10          61.701      0.028492    139.22      30.127      
[1m(BM_TRSM_OrthoRight<std::complex<double>, batchlas::Backend::CUDA>)[0m64      4096    128     13          15.465      0.27258     138.86      120.82      
[1m(BM_TRSM_OrthoRight<std::complex<double>, batchlas::Backend::CUDA>)[0m64      4096    512     10          61.649      0.015684    139.34      120.41      
[1m(BM_TRSM_OrthoRight<std::complex<double>, batchlas::Backend::CUDA>)[0m128     256     128     43          4.7393      0.14420     113.28      37.026      
[1m(BM_TRSM_OrthoRight<std::complex<double>, batchlas::Backend::CUDA>)[0m128     256     512     11          18.932      0.24188     113.43      36.976      
[1m(BM_TRSM_OrthoRight<std::complex<double>, batchlas::Backend::CUDA>)[0m128     256     2048    10          75.552      0.24716     113.70      36.891      
[1m(BM_TRSM_OrthoRight<std::complex<double>, batchlas::Backend::CUDA>)[0m128     1024    128     11          18.919      0.24528     113.51      147.81      
[1m(BM_TRSM_OrthoRight<std::complex<double>, batchlas::Backend::CUDA>)[0m128     1024    512     10          75.451      0.11414     113.85      147.36      
[1m(BM_TRSM_OrthoRight<std::complex<double>, batchlas::Backend::CUDA>)[0m128     4096    128     10          75.547      0.20943     113.70      590.21      
[1m(BM_TRSM_OrthoRight<std::complex<double>, batchlas::Backend::CUDA>)[0m256     256     128     10          20.553      0.29147     104.48      160.57      
[1m(BM_TRSM_OrthoRight<std::complex<double>, batchlas::Backend::CUDA>)[0m256     256     512     10          81.953      0.19833     104.82      160.06      
[1m(BM_TRSM_OrthoRight<std::complex<double>, batchlas::Backend::CUDA>)[0m256     1024    128     10          81.972      0.27594     104.79      640.41      
[1m(BM_TRSM_OrthoRight<std::complex<double>, batchlas::Backend::CUDA>)[0m256     1024    512     10          327.47      0.11922     104.92      639.60      
[1m(BM_TRSM_OrthoRight<std::complex<double>, batchlas::Backend::CUDA>)[0m256     4096    128     10          327.29      0.22910     104.98      2556.9      
gpu_guard: GPU 0 exclusive for the whole run (SM clock was 210 MHz at start)
