trsm ortho grid: 9 of 54 cells dropped, over the 6.0 GB cap:
    n=32 q=4096 batch=2048 (8.6 GB)
    n=64 q=4096 batch=2048 (17.3 GB)
    n=128 q=1024 batch=2048 (9.1 GB)
    n=128 q=4096 batch=512 (8.7 GB)
    n=128 q=4096 batch=2048 (34.9 GB)
    n=256 q=256 batch=2048 (6.4 GB)
    n=256 q=1024 batch=2048 (19.3 GB)
    n=256 q=4096 batch=512 (17.7 GB)
    n=256 q=4096 batch=2048 (70.9 GB)
trsm route forced: vendor -> vendor:auto
[1;36mName                                              Arg0    Arg1    Arg2    Iter        Avg(ms)     Std(ms)     GFLOPS      Time (us) / matrix[0m
[1m(BM_TRSM_StarvedRight<float, batchlas::Backend::CUDA>)[0m8       32      1       100         0.0065713   6.1716e-05  0.31166     6.5713      
[1m(BM_TRSM_StarvedRight<float, batchlas::Backend::CUDA>)[0m8       32      8       100         0.018820    0.00045049  0.87055     2.3525      
[1m(BM_TRSM_StarvedRight<float, batchlas::Backend::CUDA>)[0m8       32      32      100         0.018782    0.00036189  3.4893      0.58693     
[1m(BM_TRSM_StarvedRight<float, batchlas::Backend::CUDA>)[0m8       128     1       100         0.0067111   0.00030343  1.2207      6.7111      
[1m(BM_TRSM_StarvedRight<float, batchlas::Backend::CUDA>)[0m8       128     8       100         0.017593    0.00033428  3.7252      2.1991      
[1m(BM_TRSM_StarvedRight<float, batchlas::Backend::CUDA>)[0m8       128     32      100         0.017713    0.00054189  14.800      0.55352     
[1m(BM_TRSM_StarvedRight<float, batchlas::Backend::CUDA>)[0m32      32      1       100         0.0093571   3.0559e-05  3.5019      9.3571      
[1m(BM_TRSM_StarvedRight<float, batchlas::Backend::CUDA>)[0m32      32      8       100         0.040814    0.0012315   6.4229      5.1017      
[1m(BM_TRSM_StarvedRight<float, batchlas::Backend::CUDA>)[0m32      32      32      100         0.040023    0.00013849  26.199      1.2507      
[1m(BM_TRSM_StarvedRight<float, batchlas::Backend::CUDA>)[0m32      128     1       100         0.0089440   4.4778e-05  14.655      8.9440      
[1m(BM_TRSM_StarvedRight<float, batchlas::Backend::CUDA>)[0m32      128     8       100         0.022446    0.00012231  46.715      2.8058      
[1m(BM_TRSM_StarvedRight<float, batchlas::Backend::CUDA>)[0m32      128     32      100         0.022899    0.00042753  183.16      0.71560     
[1m(BM_TRSM_StarvedRight<float, batchlas::Backend::CUDA>)[0m128     32      1       100         0.029948    0.00098114  17.507      29.948      
[1m(BM_TRSM_StarvedRight<float, batchlas::Backend::CUDA>)[0m128     32      8       100         0.059236    0.00012007  70.807      7.4045      
[1m(BM_TRSM_StarvedRight<float, batchlas::Backend::CUDA>)[0m128     32      32      100         0.059443    0.00015341  282.24      1.8576      
[1m(BM_TRSM_StarvedRight<float, batchlas::Backend::CUDA>)[0m128     128     1       100         0.028863    8.2912e-05  72.659      28.863      
[1m(BM_TRSM_StarvedRight<float, batchlas::Backend::CUDA>)[0m128     128     8       100         0.059451    0.00014645  282.20      7.4314      
[1m(BM_TRSM_StarvedRight<float, batchlas::Backend::CUDA>)[0m128     128     32      100         0.060566    0.00014358  1108.0      1.8927      
[1m(BM_TRSM_StarvedRight<double, batchlas::Backend::CUDA>)[0m8       32      1       100         0.0096060   3.0591e-05  0.21320     9.6060      
[1m(BM_TRSM_StarvedRight<double, batchlas::Backend::CUDA>)[0m8       32      8       100         0.025988    0.00014957  0.63045     3.2485      
[1m(BM_TRSM_StarvedRight<double, batchlas::Backend::CUDA>)[0m8       32      32      100         0.025985    0.00025621  2.5221      0.81203     
[1m(BM_TRSM_StarvedRight<double, batchlas::Backend::CUDA>)[0m8       128     1       100         0.0096355   6.2364e-05  0.85019     9.6355      
[1m(BM_TRSM_StarvedRight<double, batchlas::Backend::CUDA>)[0m8       128     8       100         0.020604    0.00015561  3.1807      2.5755      
[1m(BM_TRSM_StarvedRight<double, batchlas::Backend::CUDA>)[0m8       128     32      100         0.020879    0.00012845  12.555      0.65248     
[1m(BM_TRSM_StarvedRight<double, batchlas::Backend::CUDA>)[0m32      32      1       100         0.022233    0.00059902  1.4738      22.233      
[1m(BM_TRSM_StarvedRight<double, batchlas::Backend::CUDA>)[0m32      32      8       100         0.036201    0.00011376  7.2413      4.5251      
[1m(BM_TRSM_StarvedRight<double, batchlas::Backend::CUDA>)[0m32      32      32      100         0.036275    0.00011834  28.907      1.1336      
[1m(BM_TRSM_StarvedRight<double, batchlas::Backend::CUDA>)[0m32      128     1       100         0.021863    5.2693e-05  5.9951      21.863      
[1m(BM_TRSM_StarvedRight<double, batchlas::Backend::CUDA>)[0m32      128     8       100         0.036230    0.00011702  28.943      4.5287      
[1m(BM_TRSM_StarvedRight<double, batchlas::Backend::CUDA>)[0m32      128     32      100         0.036372    7.8032e-05  115.32      1.1366      
[1m(BM_TRSM_StarvedRight<double, batchlas::Backend::CUDA>)[0m128     32      1       100         0.095563    5.0127e-05  5.4863      95.563      
[1m(BM_TRSM_StarvedRight<double, batchlas::Backend::CUDA>)[0m128     32      8       100         0.13731     0.00024194  30.547      17.163      
[1m(BM_TRSM_StarvedRight<double, batchlas::Backend::CUDA>)[0m128     32      32      100         0.13751     0.00037908  122.01      4.2971      
[1m(BM_TRSM_StarvedRight<double, batchlas::Backend::CUDA>)[0m128     128     1       100         0.095634    0.00018010  21.929      95.634      
[1m(BM_TRSM_StarvedRight<double, batchlas::Backend::CUDA>)[0m128     128     8       100         0.13744     0.00014234  122.07      17.180      
[1m(BM_TRSM_StarvedRight<double, batchlas::Backend::CUDA>)[0m128     128     32      100         0.15204     0.00018952  441.39      4.7512      
[1m(BM_TRSM_StarvedRight<std::complex<float>, batchlas::Backend::CUDA>)[0m8       32      1       100         0.011495    4.8241e-05  0.17816     11.495      
[1m(BM_TRSM_StarvedRight<std::complex<float>, batchlas::Backend::CUDA>)[0m8       32      8       100         0.011882    7.3939e-05  1.3789      1.4852      
[1m(BM_TRSM_StarvedRight<std::complex<float>, batchlas::Backend::CUDA>)[0m8       32      32      100         0.012673    0.00010901  5.1712      0.39604     
[1m(BM_TRSM_StarvedRight<std::complex<float>, batchlas::Backend::CUDA>)[0m8       128     1       100         0.011613    4.2176e-05  0.70545     11.613      
[1m(BM_TRSM_StarvedRight<std::complex<float>, batchlas::Backend::CUDA>)[0m8       128     8       100         0.012628    8.0349e-05  5.1898      1.5785      
[1m(BM_TRSM_StarvedRight<std::complex<float>, batchlas::Backend::CUDA>)[0m8       128     32      100         0.012540    5.0157e-05  20.904      0.39188     
[1m(BM_TRSM_StarvedRight<std::complex<float>, batchlas::Backend::CUDA>)[0m32      32      1       100         0.055991    8.7630e-05  0.58523     55.991      
[1m(BM_TRSM_StarvedRight<std::complex<float>, batchlas::Backend::CUDA>)[0m32      32      8       100         0.059001    7.2884e-05  4.4431      7.3751      
[1m(BM_TRSM_StarvedRight<std::complex<float>, batchlas::Backend::CUDA>)[0m32      32      32      100         0.086196    0.00024320  12.165      2.6936      
[1m(BM_TRSM_StarvedRight<std::complex<float>, batchlas::Backend::CUDA>)[0m32      128     1       100         0.056656    5.0904e-05  2.3135      56.656      
[1m(BM_TRSM_StarvedRight<std::complex<float>, batchlas::Backend::CUDA>)[0m32      128     8       100         0.081431    0.00012557  12.877      10.179      
[1m(BM_TRSM_StarvedRight<std::complex<float>, batchlas::Backend::CUDA>)[0m32      128     32      100         0.081848    0.00016835  51.245      2.5577      
[1m(BM_TRSM_StarvedRight<std::complex<float>, batchlas::Backend::CUDA>)[0m128     32      1       100         0.67260     0.00060620  0.77949     672.60      
[1m(BM_TRSM_StarvedRight<std::complex<float>, batchlas::Backend::CUDA>)[0m128     32      8       82          1.2226      0.0015216   3.4308      152.82      
[1m(BM_TRSM_StarvedRight<std::complex<float>, batchlas::Backend::CUDA>)[0m128     32      32      77          1.3028      0.0014451   12.878      40.711      
[1m(BM_TRSM_StarvedRight<std::complex<float>, batchlas::Backend::CUDA>)[0m128     128     1       100         0.95473     0.0028314   2.1966      954.73      
[1m(BM_TRSM_StarvedRight<std::complex<float>, batchlas::Backend::CUDA>)[0m128     128     8       79          1.2768      0.0011426   13.140      159.60      
[1m(BM_TRSM_StarvedRight<std::complex<float>, batchlas::Backend::CUDA>)[0m128     128     32      78          1.2952      0.00087450  51.812      40.476      
[1m(BM_TRSM_StarvedRight<std::complex<double>, batchlas::Backend::CUDA>)[0m8       32      1       100         0.022932    0.00014892  0.089308    22.932      
[1m(BM_TRSM_StarvedRight<std::complex<double>, batchlas::Backend::CUDA>)[0m8       32      8       100         0.052748    9.2852e-05  0.31061     6.5935      
[1m(BM_TRSM_StarvedRight<std::complex<double>, batchlas::Backend::CUDA>)[0m8       32      32      100         0.19071     0.00017407  0.34364     5.9596      
[1m(BM_TRSM_StarvedRight<std::complex<double>, batchlas::Backend::CUDA>)[0m8       128     1       100         0.032045    0.00015751  0.25564     32.045      
[1m(BM_TRSM_StarvedRight<std::complex<double>, batchlas::Backend::CUDA>)[0m8       128     8       100         0.19071     0.00019834  0.34364     23.839      
[1m(BM_TRSM_StarvedRight<std::complex<double>, batchlas::Backend::CUDA>)[0m8       128     32      100         0.19101     0.00014499  1.3724      5.9689      
[1m(BM_TRSM_StarvedRight<std::complex<double>, batchlas::Backend::CUDA>)[0m32      32      1       100         0.16273     0.00014379  0.20137     162.73      
[1m(BM_TRSM_StarvedRight<std::complex<double>, batchlas::Backend::CUDA>)[0m32      32      8       100         0.46095     0.00054011  0.56870     57.619      
[1m(BM_TRSM_StarvedRight<std::complex<double>, batchlas::Backend::CUDA>)[0m32      32      32      55          1.8244      0.0022479   0.57475     57.012      
[1m(BM_TRSM_StarvedRight<std::complex<double>, batchlas::Backend::CUDA>)[0m32      128     1       100         0.25994     0.00030566  0.50425     259.94      
[1m(BM_TRSM_StarvedRight<std::complex<double>, batchlas::Backend::CUDA>)[0m32      128     8       55          1.8233      0.00023074  0.57509     227.92      
[1m(BM_TRSM_StarvedRight<std::complex<double>, batchlas::Backend::CUDA>)[0m32      128     32      55          1.8265      0.00065394  2.2963      57.079      
[1m(BM_TRSM_StarvedRight<std::complex<double>, batchlas::Backend::CUDA>)[0m128     32      1       48          2.0914      0.0017144   0.25069     2091.4      
[1m(BM_TRSM_StarvedRight<std::complex<double>, batchlas::Backend::CUDA>)[0m128     32      8       17          6.1539      0.0018656   0.68157     769.24      
[1m(BM_TRSM_StarvedRight<std::complex<double>, batchlas::Backend::CUDA>)[0m128     32      32      10          24.590      0.0016958   0.68227     768.45      
[1m(BM_TRSM_StarvedRight<std::complex<double>, batchlas::Backend::CUDA>)[0m128     128     1       30          3.4482      0.012621    0.60819     3448.2      
[1m(BM_TRSM_StarvedRight<std::complex<double>, batchlas::Backend::CUDA>)[0m128     128     8       10          24.599      0.0034394   0.68204     3074.8      
[1m(BM_TRSM_StarvedRight<std::complex<double>, batchlas::Backend::CUDA>)[0m128     128     32      10          24.639      0.0038622   2.7237      769.97      
gpu_guard: GPU 1 exclusive for the whole run (SM clock was 210 MHz at start)
