trsm ortho grid: 9 of 54 cells dropped, over the 6.0 GB cap:
    n=32 q=4096 batch=2048 (8.6 GB)
    n=64 q=4096 batch=2048 (17.3 GB)
    n=128 q=1024 batch=2048 (9.1 GB)
    n=128 q=4096 batch=512 (8.7 GB)
    n=128 q=4096 batch=2048 (34.9 GB)
    n=256 q=256 batch=2048 (6.4 GB)
    n=256 q=1024 batch=2048 (19.3 GB)
    n=256 q=4096 batch=512 (17.7 GB)
    n=256 q=4096 batch=2048 (70.9 GB)
trsm route forced: vendor -> vendor:auto
[1;36mName                                              Arg0    Arg1    Arg2    Iter        Avg(ms)     Std(ms)     GFLOPS      Time (us) / matrix[0m
[1m(BM_TRSM_StarvedLeft<float, batchlas::Backend::CUDA>)[0m8       32      1       100         0.0065801   4.7970e-05  0.31124     6.5801      
[1m(BM_TRSM_StarvedLeft<float, batchlas::Backend::CUDA>)[0m8       32      8       100         0.019020    0.00073791  0.86143     2.3774      
[1m(BM_TRSM_StarvedLeft<float, batchlas::Backend::CUDA>)[0m8       32      32      100         0.019090    0.00082269  3.4329      0.59657     
[1m(BM_TRSM_StarvedLeft<float, batchlas::Backend::CUDA>)[0m8       128     1       100         0.0066128   0.00020547  1.2388      6.6128      
[1m(BM_TRSM_StarvedLeft<float, batchlas::Backend::CUDA>)[0m8       128     8       100         0.017590    8.4652e-05  3.7258      2.1987      
[1m(BM_TRSM_StarvedLeft<float, batchlas::Backend::CUDA>)[0m8       128     32      100         0.017670    0.00022120  14.836      0.55218     
[1m(BM_TRSM_StarvedLeft<float, batchlas::Backend::CUDA>)[0m32      32      1       100         0.0080208   2.6545e-05  4.0854      8.0208      
[1m(BM_TRSM_StarvedLeft<float, batchlas::Backend::CUDA>)[0m32      32      8       100         0.022403    0.00020615  11.701      2.8003      
[1m(BM_TRSM_StarvedLeft<float, batchlas::Backend::CUDA>)[0m32      32      32      100         0.022550    0.00015584  46.500      0.70469     
[1m(BM_TRSM_StarvedLeft<float, batchlas::Backend::CUDA>)[0m32      128     1       100         0.0080789   0.00016773  16.224      8.0789      
[1m(BM_TRSM_StarvedLeft<float, batchlas::Backend::CUDA>)[0m32      128     8       100         0.022428    0.00015980  46.752      2.8036      
[1m(BM_TRSM_StarvedLeft<float, batchlas::Backend::CUDA>)[0m32      128     32      100         0.022581    0.00025048  185.74      0.70566     
[1m(BM_TRSM_StarvedLeft<float, batchlas::Backend::CUDA>)[0m128     32      1       100         0.017811    0.00048883  29.436      17.811      
[1m(BM_TRSM_StarvedLeft<float, batchlas::Backend::CUDA>)[0m128     32      8       100         0.059474    0.00024318  70.523      7.4342      
[1m(BM_TRSM_StarvedLeft<float, batchlas::Backend::CUDA>)[0m128     32      32      100         0.059613    0.00020935  281.43      1.8629      
[1m(BM_TRSM_StarvedLeft<float, batchlas::Backend::CUDA>)[0m128     128     1       100         0.017566    0.00016023  119.39      17.566      
[1m(BM_TRSM_StarvedLeft<float, batchlas::Backend::CUDA>)[0m128     128     8       100         0.060728    0.0015262   276.27      7.5910      
[1m(BM_TRSM_StarvedLeft<float, batchlas::Backend::CUDA>)[0m128     128     32      100         0.060030    0.00015858  1117.9      1.8759      
[1m(BM_TRSM_StarvedLeft<double, batchlas::Backend::CUDA>)[0m8       32      1       100         0.0095839   3.5708e-05  0.21369     9.5839      
[1m(BM_TRSM_StarvedLeft<double, batchlas::Backend::CUDA>)[0m8       32      8       100         0.020817    0.00012539  0.78704     2.6021      
[1m(BM_TRSM_StarvedLeft<double, batchlas::Backend::CUDA>)[0m8       32      32      100         0.020949    0.00010666  3.1284      0.65464     
[1m(BM_TRSM_StarvedLeft<double, batchlas::Backend::CUDA>)[0m8       128     1       100         0.010087    3.2104e-05  0.81211     10.087      
[1m(BM_TRSM_StarvedLeft<double, batchlas::Backend::CUDA>)[0m8       128     8       100         0.021444    0.0010986   3.0562      2.6804      
[1m(BM_TRSM_StarvedLeft<double, batchlas::Backend::CUDA>)[0m8       128     32      100         0.021315    0.00010089  12.298      0.66610     
[1m(BM_TRSM_StarvedLeft<double, batchlas::Backend::CUDA>)[0m32      32      1       100         0.022673    0.00082614  1.4453      22.673      
[1m(BM_TRSM_StarvedLeft<double, batchlas::Backend::CUDA>)[0m32      32      8       100         0.036601    0.00096022  7.1622      4.5751      
[1m(BM_TRSM_StarvedLeft<double, batchlas::Backend::CUDA>)[0m32      32      32      100         0.036676    0.00089893  28.590      1.1461      
[1m(BM_TRSM_StarvedLeft<double, batchlas::Backend::CUDA>)[0m32      128     1       100         0.021866    0.00010450  5.9943      21.866      
[1m(BM_TRSM_StarvedLeft<double, batchlas::Backend::CUDA>)[0m32      128     8       100         0.036582    0.00095010  28.663      4.5728      
[1m(BM_TRSM_StarvedLeft<double, batchlas::Backend::CUDA>)[0m32      128     32      100         0.036571    0.00014918  114.69      1.1428      
[1m(BM_TRSM_StarvedLeft<double, batchlas::Backend::CUDA>)[0m128     32      1       100         0.095830    0.00029950  5.4710      95.830      
[1m(BM_TRSM_StarvedLeft<double, batchlas::Backend::CUDA>)[0m128     32      8       100         0.13761     0.00036423  30.479      17.201      
[1m(BM_TRSM_StarvedLeft<double, batchlas::Backend::CUDA>)[0m128     32      32      100         0.13765     0.00020889  121.88      4.3015      
[1m(BM_TRSM_StarvedLeft<double, batchlas::Backend::CUDA>)[0m128     128     1       100         0.095801    4.6976e-05  21.891      95.801      
[1m(BM_TRSM_StarvedLeft<double, batchlas::Backend::CUDA>)[0m128     128     8       100         0.15140     0.00024097  110.81      18.925      
[1m(BM_TRSM_StarvedLeft<double, batchlas::Backend::CUDA>)[0m128     128     32      100         0.15252     0.00083911  440.00      4.7662      
[1m(BM_TRSM_StarvedLeft<std::complex<float>, batchlas::Backend::CUDA>)[0m8       32      1       100         0.011752    5.8046e-05  0.17427     11.752      
[1m(BM_TRSM_StarvedLeft<std::complex<float>, batchlas::Backend::CUDA>)[0m8       32      8       100         0.013332    7.3249e-05  1.2290      1.6664      
[1m(BM_TRSM_StarvedLeft<std::complex<float>, batchlas::Backend::CUDA>)[0m8       32      32      100         0.017396    4.3455e-05  3.7673      0.54363     
[1m(BM_TRSM_StarvedLeft<std::complex<float>, batchlas::Backend::CUDA>)[0m8       128     1       100         0.012247    6.7899e-05  0.66891     12.247      
[1m(BM_TRSM_StarvedLeft<std::complex<float>, batchlas::Backend::CUDA>)[0m8       128     8       100         0.017581    6.7882e-05  3.7276      2.1976      
[1m(BM_TRSM_StarvedLeft<std::complex<float>, batchlas::Backend::CUDA>)[0m8       128     32      100         0.017777    8.1112e-05  14.746      0.55553     
[1m(BM_TRSM_StarvedLeft<std::complex<float>, batchlas::Backend::CUDA>)[0m32      32      1       100         0.079208    5.9211e-05  0.41369     79.208      
[1m(BM_TRSM_StarvedLeft<std::complex<float>, batchlas::Backend::CUDA>)[0m32      32      8       100         0.12807     0.00029734  2.0468      16.009      
[1m(BM_TRSM_StarvedLeft<std::complex<float>, batchlas::Backend::CUDA>)[0m32      32      32      100         0.23601     0.00027796  4.4430      7.3752      
[1m(BM_TRSM_StarvedLeft<std::complex<float>, batchlas::Backend::CUDA>)[0m32      128     1       100         0.085815    9.8281e-05  1.5274      85.815      
[1m(BM_TRSM_StarvedLeft<std::complex<float>, batchlas::Backend::CUDA>)[0m32      128     8       100         0.23624     0.00035925  4.4386      29.530      
[1m(BM_TRSM_StarvedLeft<std::complex<float>, batchlas::Backend::CUDA>)[0m32      128     32      100         0.23656     0.00035171  17.731      7.3925      
[1m(BM_TRSM_StarvedLeft<std::complex<float>, batchlas::Backend::CUDA>)[0m128     32      1       100         0.97585     0.00033219  0.53726     975.85      
[1m(BM_TRSM_StarvedLeft<std::complex<float>, batchlas::Backend::CUDA>)[0m128     32      8       55          1.8331      0.0024279   2.2880      229.14      
[1m(BM_TRSM_StarvedLeft<std::complex<float>, batchlas::Backend::CUDA>)[0m128     32      32      30          3.3345      0.0042428   5.0314      104.20      
[1m(BM_TRSM_StarvedLeft<std::complex<float>, batchlas::Backend::CUDA>)[0m128     128     1       81          1.2392      0.0014839   1.6924      1239.2      
[1m(BM_TRSM_StarvedLeft<std::complex<float>, batchlas::Backend::CUDA>)[0m128     128     8       30          3.3399      0.013318    5.0233      417.48      
[1m(BM_TRSM_StarvedLeft<std::complex<float>, batchlas::Backend::CUDA>)[0m128     128     32      30          3.3402      0.010766    20.091      104.38      
[1m(BM_TRSM_StarvedLeft<std::complex<double>, batchlas::Backend::CUDA>)[0m8       32      1       100         0.025388    0.0010514   0.080669    25.388      
[1m(BM_TRSM_StarvedLeft<std::complex<double>, batchlas::Backend::CUDA>)[0m8       32      8       100         0.052965    6.2866e-05  0.30934     6.6206      
[1m(BM_TRSM_StarvedLeft<std::complex<double>, batchlas::Backend::CUDA>)[0m8       32      32      100         0.19076     0.00029461  0.34354     5.9614      
[1m(BM_TRSM_StarvedLeft<std::complex<double>, batchlas::Backend::CUDA>)[0m8       128     1       100         0.032423    7.0427e-05  0.25266     32.423      
[1m(BM_TRSM_StarvedLeft<std::complex<double>, batchlas::Backend::CUDA>)[0m8       128     8       100         0.19086     0.00031103  0.34337     23.857      
[1m(BM_TRSM_StarvedLeft<std::complex<double>, batchlas::Backend::CUDA>)[0m8       128     32      100         0.19119     0.00030365  1.3711      5.9746      
[1m(BM_TRSM_StarvedLeft<std::complex<double>, batchlas::Backend::CUDA>)[0m32      32      1       100         0.17236     0.00031044  0.19011     172.36      
[1m(BM_TRSM_StarvedLeft<std::complex<double>, batchlas::Backend::CUDA>)[0m32      32      8       100         0.45981     0.00052219  0.57011     57.477      
[1m(BM_TRSM_StarvedLeft<std::complex<double>, batchlas::Backend::CUDA>)[0m32      32      32      55          1.8192      0.0012697   0.57640     56.849      
[1m(BM_TRSM_StarvedLeft<std::complex<double>, batchlas::Backend::CUDA>)[0m32      128     1       100         0.25801     0.00035441  0.50802     258.01      
[1m(BM_TRSM_StarvedLeft<std::complex<double>, batchlas::Backend::CUDA>)[0m32      128     8       55          1.8189      0.00037578  0.57650     227.36      
[1m(BM_TRSM_StarvedLeft<std::complex<double>, batchlas::Backend::CUDA>)[0m32      128     32      55          1.8214      0.00030854  2.3028      56.920      
[1m(BM_TRSM_StarvedLeft<std::complex<double>, batchlas::Backend::CUDA>)[0m128     32      1       47          2.1700      0.00056451  0.24160     2170.0      
[1m(BM_TRSM_StarvedLeft<std::complex<double>, batchlas::Backend::CUDA>)[0m128     32      8       17          6.1296      0.0014201   0.68427     766.20      
[1m(BM_TRSM_StarvedLeft<std::complex<double>, batchlas::Backend::CUDA>)[0m128     32      32      10          24.504      0.0034526   0.68467     765.75      
[1m(BM_TRSM_StarvedLeft<std::complex<double>, batchlas::Backend::CUDA>)[0m128     128     1       29          3.5197      0.0067903   0.59583     3519.7      
[1m(BM_TRSM_StarvedLeft<std::complex<double>, batchlas::Backend::CUDA>)[0m128     128     8       10          24.502      0.0016432   0.68473     3062.8      
[1m(BM_TRSM_StarvedLeft<std::complex<double>, batchlas::Backend::CUDA>)[0m128     128     32      10          24.542      0.0011007   2.7344      766.95      
gpu_guard: GPU 1 exclusive for the whole run (SM clock was 210 MHz at start)
