== float vendor 1024 3 2 512 0 0 1 0
Time (%),Total Time (ns),Instances,Avg (ns),Med (ns),Min (ns),Max (ns),StdDev (ns),Name
57.9,96226226,939,102477.3,101569.0,101121,112194,2657.2,"void cusparse::csrmm_alg1_kernel<(bool)0, (bool)1, (bool)1, int, int, float, float, float, float>(cusparse::KernelCoeffs<T9>, T4, T4, int, int, long, long, const T5 *, T5, int, const T4 *, const T6 *, const T7 *, T4, long, T8 *, T4, long, const T4 *, int)"
33.4,55493346,939,59098.3,55553.0,55233,454374,14585.0,"void cusparse::<unnamed>::csr_partition_kernel<int, int>(const T1 *, T2, T1, T1, T2, long, T2 *, T2)"
5.9,9806723,1,9806723.0,9806723.0,9806723,9806723,0.0,_ZTSZZN9QueueImpl12parallel_forIZNK8batchlas10MatrixViewIfLNS1_12MatrixFormatE1EE28fill_random_sparse_hermitianILS3_1EQ15CsrMatrixFormatIXTL0__EEEE5EventRK5QueuefjfbEUlmE1_EEN4sycl3_V15eventEmOT_ENKUlvE_clEvEUlNSC_2idILi1EEEE_
1.7,2850914,939,3036.1,3072.0,2816,3136,89.9,"void cusparse::matrix_scalar_multiply_kernel<cusparse::MatrixWiseMulPolicy, (bool)1, long, float, float>(T3, T3, T3, long, cusparse::KernelCoeff<T4>, T5 *)"
0.7,1143599,1,1143599.0,1143599.0,1143599,1143599,0.0,_ZTSZZN9QueueImpl12parallel_forIZNK8batchlas10MatrixViewIfLNS1_12MatrixFormatE1EE28fill_random_sparse_hermitianILS3_1EQ15CsrMatrixFormatIXTL0__EEEE5EventRK5QueuefjfbEUlmE0_EEN4sycl3_V15eventEmOT_ENKUlvE_clEvEUlNSC_2idILi1EEEE_
0.2,400069,1,400069.0,400069.0,400069,400069,0.0,_ZTSZNK8batchlas10MatrixViewIfLNS_12MatrixFormatE0EE11fill_randomILS1_0EQ17DenseMatrixFormatIXTL0__EEEE5EventRK5QueuebjEUlN4sycl3_V17nd_itemILi1EEEE_
0.2,350245,1,350245.0,350245.0,350245,350245,0.0,_ZTSZZN9QueueImpl12parallel_forIZNK8batchlas10MatrixViewIfLNS1_12MatrixFormatE1EE28fill_random_sparse_hermitianILS3_1EQ15CsrMatrixFormatIXTL0__EEEE5EventRK5QueuefjfbEUlmE_EEN4sycl3_V15eventEmOT_ENKUlvE_clEvEUlNSC_2idILi1EEEE_
== float vendor 1024 3 2 4096 0 0 1 0
Time (%),Total Time (ns),Instances,Avg (ns),Med (ns),Min (ns),Max (ns),StdDev (ns),Name
52.3,100523593,126,797806.3,792394.0,791947,867148,19046.0,"void cusparse::csrmm_alg1_kernel<(bool)0, (bool)1, (bool)1, int, int, float, float, float, float>(cusparse::KernelCoeffs<T9>, T4, T4, int, int, long, long, const T5 *, T5, int, const T4 *, const T6 *, const T7 *, T4, long, T8 *, T4, long, const T4 *, int)"
29.4,56466487,126,448146.7,425158.0,424582,1302354,92774.4,"void cusparse::<unnamed>::csr_partition_kernel<int, int>(const T1 *, T2, T1, T1, T2, long, T2 *, T2)"
9.5,18345046,1,18345046.0,18345046.0,18345046,18345046,0.0,_ZTSZZN9QueueImpl12parallel_forIZNK8batchlas10MatrixViewIfLNS1_12MatrixFormatE1EE28fill_random_sparse_hermitianILS3_1EQ15CsrMatrixFormatIXTL0__EEEE5EventRK5QueuefjfbEUlmE1_EEN4sycl3_V15eventEmOT_ENKUlvE_clEvEUlNSC_2idILi1EEEE_
5.0,9621473,1,9621473.0,9621473.0,9621473,9621473,0.0,_ZTSZZN9QueueImpl12parallel_forIZNK8batchlas10MatrixViewIfLNS1_12MatrixFormatE1EE28fill_random_sparse_hermitianILS3_1EQ15CsrMatrixFormatIXTL0__EEEE5EventRK5QueuefjfbEUlmE0_EEN4sycl3_V15eventEmOT_ENKUlvE_clEvEUlNSC_2idILi1EEEE_
2.6,4953475,1,4953475.0,4953475.0,4953475,4953475,0.0,_ZTSZNK8batchlas10MatrixViewIfLNS_12MatrixFormatE0EE11fill_randomILS1_0EQ17DenseMatrixFormatIXTL0__EEEE5EventRK5QueuebjEUlN4sycl3_V17nd_itemILi1EEEE_
1.1,2201244,126,17470.2,17472.0,17408,17889,44.9,"void cusparse::matrix_scalar_multiply_kernel<cusparse::MatrixWiseMulPolicy, (bool)1, long, float, float>(T3, T3, T3, long, cusparse::KernelCoeff<T4>, T5 *)"
0.1,177794,1,177794.0,177794.0,177794,177794,0.0,_ZTSZZN9QueueImpl12parallel_forIZNK8batchlas10MatrixViewIfLNS1_12MatrixFormatE1EE28fill_random_sparse_hermitianILS3_1EQ15CsrMatrixFormatIXTL0__EEEE5EventRK5QueuefjfbEUlmE_EEN4sycl3_V15eventEmOT_ENKUlvE_clEvEUlNSC_2idILi1EEEE_
== float vendor 1024 16 12 512 0 0 1 0
Time (%),Total Time (ns),Instances,Avg (ns),Med (ns),Min (ns),Max (ns),StdDev (ns),Name
59.7,132813087,267,497427.3,484583.0,479207,544359,19310.9,"void cusparse::csrmm_alg1_kernel<(bool)0, (bool)1, (bool)1, int, int, float, float, float, float>(cusparse::KernelCoeffs<T9>, T4, T4, int, int, long, long, const T5 *, T5, int, const T4 *, const T6 *, const T7 *, T4, long, T8 *, T4, long, const T4 *, int)"
20.3,45148118,267,169094.1,169186.0,162434,291588,7828.7,"void cusparse::<unnamed>::csr_partition_kernel<int, int>(const T1 *, T2, T1, T1, T2, long, T2 *, T2)"
17.2,38288867,1,38288867.0,38288867.0,38288867,38288867,0.0,_ZTSZZN9QueueImpl12parallel_forIZNK8batchlas10MatrixViewIfLNS1_12MatrixFormatE1EE28fill_random_sparse_hermitianILS3_1EQ15CsrMatrixFormatIXTL0__EEEE5EventRK5QueuefjfbEUlmE1_EEN4sycl3_V15eventEmOT_ENKUlvE_clEvEUlNSC_2idILi1EEEE_
1.2,2778058,267,10404.7,10144.0,10080,11744,378.6,"void cusparse::matrix_scalar_multiply_kernel<cusparse::MatrixWiseMulPolicy, (bool)1, long, float, float>(T3, T3, T3, long, cusparse::KernelCoeff<T4>, T5 *)"
0.8,1721143,1,1721143.0,1721143.0,1721143,1721143,0.0,_ZTSZZN9QueueImpl12parallel_forIZNK8batchlas10MatrixViewIfLNS1_12MatrixFormatE1EE28fill_random_sparse_hermitianILS3_1EQ15CsrMatrixFormatIXTL0__EEEE5EventRK5QueuefjfbEUlmE0_EEN4sycl3_V15eventEmOT_ENKUlvE_clEvEUlNSC_2idILi1EEEE_
0.6,1357427,1,1357427.0,1357427.0,1357427,1357427,0.0,_ZTSZNK8batchlas10MatrixViewIfLNS_12MatrixFormatE0EE11fill_randomILS1_0EQ17DenseMatrixFormatIXTL0__EEEE5EventRK5QueuebjEUlN4sycl3_V17nd_itemILi1EEEE_
0.2,448550,1,448550.0,448550.0,448550,448550,0.0,_ZTSZZN9QueueImpl12parallel_forIZNK8batchlas10MatrixViewIfLNS1_12MatrixFormatE1EE28fill_random_sparse_hermitianILS3_1EQ15CsrMatrixFormatIXTL0__EEEE5EventRK5QueuefjfbEUlmE_EEN4sycl3_V15eventEmOT_ENKUlvE_clEvEUlNSC_2idILi1EEEE_
== float vendor 2048 16 25 128 0 0 1 0
Time (%),Total Time (ns),Instances,Avg (ns),Med (ns),Min (ns),Max (ns),StdDev (ns),Name
71.5,170406196,211,807612.3,815051.0,750794,847691,21001.6,"void cusparse::csrmm_alg1_kernel<(bool)0, (bool)1, (bool)1, int, int, float, float, float, float>(cusparse::KernelCoeffs<T9>, T4, T4, int, int, long, long, const T5 *, T5, int, const T4 *, const T6 *, const T7 *, T4, long, T8 *, T4, long, const T4 *, int)"
17.4,41404845,1,41404845.0,41404845.0,41404845,41404845,0.0,_ZTSZZN9QueueImpl12parallel_forIZNK8batchlas10MatrixViewIfLNS1_12MatrixFormatE1EE28fill_random_sparse_hermitianILS3_1EQ15CsrMatrixFormatIXTL0__EEEE5EventRK5QueuefjfbEUlmE1_EEN4sycl3_V15eventEmOT_ENKUlvE_clEvEUlNSC_2idILi1EEEE_
8.2,19478626,211,92315.8,91937.0,87810,222019,9085.0,"void cusparse::<unnamed>::csr_partition_kernel<int, int>(const T1 *, T2, T1, T1, T2, long, T2 *, T2)"
1.2,2964327,1,2964327.0,2964327.0,2964327,2964327,0.0,_ZTSZNK8batchlas10MatrixViewIfLNS_12MatrixFormatE0EE11fill_randomILS1_0EQ17DenseMatrixFormatIXTL0__EEEE5EventRK5QueuebjEUlN4sycl3_V17nd_itemILi1EEEE_
1.0,2374689,211,11254.5,11360.0,10528,12384,282.5,"void cusparse::matrix_scalar_multiply_kernel<cusparse::MatrixWiseMulPolicy, (bool)1, long, float, float>(T3, T3, T3, long, cusparse::KernelCoeff<T4>, T5 *)"
0.6,1384339,1,1384339.0,1384339.0,1384339,1384339,0.0,_ZTSZZN9QueueImpl12parallel_forIZNK8batchlas10MatrixViewIfLNS1_12MatrixFormatE1EE28fill_random_sparse_hermitianILS3_1EQ15CsrMatrixFormatIXTL0__EEEE5EventRK5QueuefjfbEUlmE0_EEN4sycl3_V15eventEmOT_ENKUlvE_clEvEUlNSC_2idILi1EEEE_
0.2,384741,1,384741.0,384741.0,384741,384741,0.0,_ZTSZZN9QueueImpl12parallel_forIZNK8batchlas10MatrixViewIfLNS1_12MatrixFormatE1EE28fill_random_sparse_hermitianILS3_1EQ15CsrMatrixFormatIXTL0__EEEE5EventRK5QueuefjfbEUlmE_EEN4sycl3_V15eventEmOT_ENKUlvE_clEvEUlNSC_2idILi1EEEE_
== float vendor 2048 16 25 128 0 0 1 1
Time (%),Total Time (ns),Instances,Avg (ns),Med (ns),Min (ns),Max (ns),StdDev (ns),Name
74.1,162662895,86,1891429.0,1897497.5,1761911,1914873,26992.8,"void cusparse::csrmm_alg1_kernel<(bool)1, (bool)1, (bool)1, int, int, float, float, float, float>(cusparse::KernelCoeffs<T9>, T4, T4, int, int, long, long, const T5 *, T5, int, const T4 *, const T6 *, const T7 *, T4, long, T8 *, T4, long, const T4 *, int)"
19.1,41874228,1,41874228.0,41874228.0,41874228,41874228,0.0,_ZTSZZN9QueueImpl12parallel_forIZNK8batchlas10MatrixViewIfLNS1_12MatrixFormatE1EE28fill_random_sparse_hermitianILS3_1EQ15CsrMatrixFormatIXTL0__EEEE5EventRK5QueuefjfbEUlmE1_EEN4sycl3_V15eventEmOT_ENKUlvE_clEvEUlNSC_2idILi1EEEE_
3.6,7932871,86,92242.7,91873.5,87969,167074,8338.9,"void cusparse::<unnamed>::csr_partition_kernel<int, int>(const T1 *, T2, T1, T1, T2, long, T2 *, T2)"
1.7,3812212,1,3812212.0,3812212.0,3812212,3812212,0.0,_ZTSZNK8batchlas10MatrixViewIfLNS_12MatrixFormatE0EE11fill_randomILS1_0EQ17DenseMatrixFormatIXTL0__EEEE5EventRK5QueuebjEUlN4sycl3_V17nd_itemILi1EEEE_
0.8,1798360,1,1798360.0,1798360.0,1798360,1798360,0.0,_ZTSZZN9QueueImpl12parallel_forIZNK8batchlas10MatrixViewIfLNS1_12MatrixFormatE1EE28fill_random_sparse_hermitianILS3_1EQ15CsrMatrixFormatIXTL0__EEEE5EventRK5QueuefjfbEUlmE0_EEN4sycl3_V15eventEmOT_ENKUlvE_clEvEUlNSC_2idILi1EEEE_
0.4,975884,86,11347.5,11360.0,10560,12224,178.8,"void cusparse::matrix_scalar_multiply_kernel<cusparse::MatrixWiseMulPolicy, (bool)1, long, float, float>(T3, T3, T3, long, cusparse::KernelCoeff<T4>, T5 *)"
0.1,324260,1,324260.0,324260.0,324260,324260,0.0,_ZTSZZN9QueueImpl12parallel_forIZNK8batchlas10MatrixViewIfLNS1_12MatrixFormatE1EE28fill_random_sparse_hermitianILS3_1EQ15CsrMatrixFormatIXTL0__EEEE5EventRK5QueuefjfbEUlmE_EEN4sycl3_V15eventEmOT_ENKUlvE_clEvEUlNSC_2idILi1EEEE_
== float native:direct 1024 3 2 512 0 0 1 0
Time (%),Total Time (ns),Instances,Avg (ns),Med (ns),Min (ns),Max (ns),StdDev (ns),Name
91.1,135688097,12069,11242.7,11232.0,10912,12576,135.3,"Typeinfo name for batchlas::sycl_spmm::<unnamed>::SpmmGatherKernel<float, (int)2>"
7.0,10420396,1,10420396.0,10420396.0,10420396,10420396,0.0,_ZTSZZN9QueueImpl12parallel_forIZNK8batchlas10MatrixViewIfLNS1_12MatrixFormatE1EE28fill_random_sparse_hermitianILS3_1EQ15CsrMatrixFormatIXTL0__EEEE5EventRK5QueuefjfbEUlmE1_EEN4sycl3_V15eventEmOT_ENKUlvE_clEvEUlNSC_2idILi1EEEE_
0.9,1382802,1,1382802.0,1382802.0,1382802,1382802,0.0,_ZTSZZN9QueueImpl12parallel_forIZNK8batchlas10MatrixViewIfLNS1_12MatrixFormatE1EE28fill_random_sparse_hermitianILS3_1EQ15CsrMatrixFormatIXTL0__EEEE5EventRK5QueuefjfbEUlmE0_EEN4sycl3_V15eventEmOT_ENKUlvE_clEvEUlNSC_2idILi1EEEE_
0.8,1239697,1,1239697.0,1239697.0,1239697,1239697,0.0,_ZTSZNK8batchlas10MatrixViewIfLNS_12MatrixFormatE0EE11fill_randomILS1_0EQ17DenseMatrixFormatIXTL0__EEEE5EventRK5QueuebjEUlN4sycl3_V17nd_itemILi1EEEE_
0.2,246468,1,246468.0,246468.0,246468,246468,0.0,_ZTSZZN9QueueImpl12parallel_forIZNK8batchlas10MatrixViewIfLNS1_12MatrixFormatE1EE28fill_random_sparse_hermitianILS3_1EQ15CsrMatrixFormatIXTL0__EEEE5EventRK5QueuefjfbEUlmE_EEN4sycl3_V15eventEmOT_ENKUlvE_clEvEUlNSC_2idILi1EEEE_
== float native:direct 1024 3 2 4096 0 0 1 0
Time (%),Total Time (ns),Instances,Avg (ns),Med (ns),Min (ns),Max (ns),StdDev (ns),Name
84.3,158082316,787,200867.0,200803.0,200163,204770,354.4,"Typeinfo name for batchlas::sycl_spmm::<unnamed>::SpmmGatherKernel<float, (int)2>"
9.1,17161735,1,17161735.0,17161735.0,17161735,17161735,0.0,_ZTSZZN9QueueImpl12parallel_forIZNK8batchlas10MatrixViewIfLNS1_12MatrixFormatE1EE28fill_random_sparse_hermitianILS3_1EQ15CsrMatrixFormatIXTL0__EEEE5EventRK5QueuefjfbEUlmE1_EEN4sycl3_V15eventEmOT_ENKUlvE_clEvEUlNSC_2idILi1EEEE_
4.2,7949643,1,7949643.0,7949643.0,7949643,7949643,0.0,_ZTSZZN9QueueImpl12parallel_forIZNK8batchlas10MatrixViewIfLNS1_12MatrixFormatE1EE28fill_random_sparse_hermitianILS3_1EQ15CsrMatrixFormatIXTL0__EEEE5EventRK5QueuefjfbEUlmE0_EEN4sycl3_V15eventEmOT_ENKUlvE_clEvEUlNSC_2idILi1EEEE_
2.2,4157592,1,4157592.0,4157592.0,4157592,4157592,0.0,_ZTSZNK8batchlas10MatrixViewIfLNS_12MatrixFormatE0EE11fill_randomILS1_0EQ17DenseMatrixFormatIXTL0__EEEE5EventRK5QueuebjEUlN4sycl3_V17nd_itemILi1EEEE_
0.1,241603,1,241603.0,241603.0,241603,241603,0.0,_ZTSZZN9QueueImpl12parallel_forIZNK8batchlas10MatrixViewIfLNS1_12MatrixFormatE1EE28fill_random_sparse_hermitianILS3_1EQ15CsrMatrixFormatIXTL0__EEEE5EventRK5QueuefjfbEUlmE_EEN4sycl3_V15eventEmOT_ENKUlvE_clEvEUlNSC_2idILi1EEEE_
== float native:direct 1024 16 12 512 0 0 1 0
Time (%),Total Time (ns),Instances,Avg (ns),Med (ns),Min (ns),Max (ns),StdDev (ns),Name
78.2,160247686,619,258881.6,258852.0,247619,262499,1060.2,"Typeinfo name for batchlas::sycl_spmm::<unnamed>::SpmmGatherKernel<float, (int)16>"
18.9,38744808,1,38744808.0,38744808.0,38744808,38744808,0.0,_ZTSZZN9QueueImpl12parallel_forIZNK8batchlas10MatrixViewIfLNS1_12MatrixFormatE1EE28fill_random_sparse_hermitianILS3_1EQ15CsrMatrixFormatIXTL0__EEEE5EventRK5QueuefjfbEUlmE1_EEN4sycl3_V15eventEmOT_ENKUlvE_clEvEUlNSC_2idILi1EEEE_
1.8,3778067,1,3778067.0,3778067.0,3778067,3778067,0.0,_ZTSZNK8batchlas10MatrixViewIfLNS_12MatrixFormatE0EE11fill_randomILS1_0EQ17DenseMatrixFormatIXTL0__EEEE5EventRK5QueuebjEUlN4sycl3_V17nd_itemILi1EEEE_
0.9,1860793,1,1860793.0,1860793.0,1860793,1860793,0.0,_ZTSZZN9QueueImpl12parallel_forIZNK8batchlas10MatrixViewIfLNS1_12MatrixFormatE1EE28fill_random_sparse_hermitianILS3_1EQ15CsrMatrixFormatIXTL0__EEEE5EventRK5QueuefjfbEUlmE0_EEN4sycl3_V15eventEmOT_ENKUlvE_clEvEUlNSC_2idILi1EEEE_
0.1,184802,1,184802.0,184802.0,184802,184802,0.0,_ZTSZZN9QueueImpl12parallel_forIZNK8batchlas10MatrixViewIfLNS1_12MatrixFormatE1EE28fill_random_sparse_hermitianILS3_1EQ15CsrMatrixFormatIXTL0__EEEE5EventRK5QueuefjfbEUlmE_EEN4sycl3_V15eventEmOT_ENKUlvE_clEvEUlNSC_2idILi1EEEE_
== float native:direct 2048 16 25 128 0 0 1 0
Time (%),Total Time (ns),Instances,Avg (ns),Med (ns),Min (ns),Max (ns),StdDev (ns),Name
78.1,164321276,475,345939.5,339268.0,328164,375621,12726.2,"Typeinfo name for batchlas::sycl_spmm::<unnamed>::SpmmGatherKernel<float, (int)16>"
19.6,41306283,1,41306283.0,41306283.0,41306283,41306283,0.0,_ZTSZZN9QueueImpl12parallel_forIZNK8batchlas10MatrixViewIfLNS1_12MatrixFormatE1EE28fill_random_sparse_hermitianILS3_1EQ15CsrMatrixFormatIXTL0__EEEE5EventRK5QueuefjfbEUlmE1_EEN4sycl3_V15eventEmOT_ENKUlvE_clEvEUlNSC_2idILi1EEEE_
1.5,3248011,1,3248011.0,3248011.0,3248011,3248011,0.0,_ZTSZNK8batchlas10MatrixViewIfLNS_12MatrixFormatE0EE11fill_randomILS1_0EQ17DenseMatrixFormatIXTL0__EEEE5EventRK5QueuebjEUlN4sycl3_V17nd_itemILi1EEEE_
0.6,1169520,1,1169520.0,1169520.0,1169520,1169520,0.0,_ZTSZZN9QueueImpl12parallel_forIZNK8batchlas10MatrixViewIfLNS1_12MatrixFormatE1EE28fill_random_sparse_hermitianILS3_1EQ15CsrMatrixFormatIXTL0__EEEE5EventRK5QueuefjfbEUlmE0_EEN4sycl3_V15eventEmOT_ENKUlvE_clEvEUlNSC_2idILi1EEEE_
0.2,340549,1,340549.0,340549.0,340549,340549,0.0,_ZTSZZN9QueueImpl12parallel_forIZNK8batchlas10MatrixViewIfLNS1_12MatrixFormatE1EE28fill_random_sparse_hermitianILS3_1EQ15CsrMatrixFormatIXTL0__EEEE5EventRK5QueuefjfbEUlmE_EEN4sycl3_V15eventEmOT_ENKUlvE_clEvEUlNSC_2idILi1EEEE_
== float native:direct 2048 16 25 128 0 0 1 1
Time (%),Total Time (ns),Instances,Avg (ns),Med (ns),Min (ns),Max (ns),StdDev (ns),Name
77.1,167909966,78,2152691.9,2160029.0,1990074,2208574,30301.2,Typeinfo name for batchlas::sycl_spmm::<unnamed>::SpmmScatterKernel<float>
19.7,42956033,1,42956033.0,42956033.0,42956033,42956033,0.0,_ZTSZZN9QueueImpl12parallel_forIZNK8batchlas10MatrixViewIfLNS1_12MatrixFormatE1EE28fill_random_sparse_hermitianILS3_1EQ15CsrMatrixFormatIXTL0__EEEE5EventRK5QueuefjfbEUlmE1_EEN4sycl3_V15eventEmOT_ENKUlvE_clEvEUlNSC_2idILi1EEEE_
1.7,3698130,1,3698130.0,3698130.0,3698130,3698130,0.0,_ZTSZNK8batchlas10MatrixViewIfLNS_12MatrixFormatE0EE11fill_randomILS1_0EQ17DenseMatrixFormatIXTL0__EEEE5EventRK5QueuebjEUlN4sycl3_V17nd_itemILi1EEEE_
0.8,1734774,78,22240.7,22273.0,20225,23233,271.3,Typeinfo name for batchlas::sycl_spmm::<unnamed>::SpmmScaleKernel<float>
0.6,1208848,1,1208848.0,1208848.0,1208848,1208848,0.0,_ZTSZZN9QueueImpl12parallel_forIZNK8batchlas10MatrixViewIfLNS1_12MatrixFormatE1EE28fill_random_sparse_hermitianILS3_1EQ15CsrMatrixFormatIXTL0__EEEE5EventRK5QueuefjfbEUlmE0_EEN4sycl3_V15eventEmOT_ENKUlvE_clEvEUlNSC_2idILi1EEEE_
0.1,267300,1,267300.0,267300.0,267300,267300,0.0,_ZTSZZN9QueueImpl12parallel_forIZNK8batchlas10MatrixViewIfLNS1_12MatrixFormatE1EE28fill_random_sparse_hermitianILS3_1EQ15CsrMatrixFormatIXTL0__EEEE5EventRK5QueuefjfbEUlmE_EEN4sycl3_V15eventEmOT_ENKUlvE_clEvEUlNSC_2idILi1EEEE_
NSYS complete
