trsm ortho grid: 9 of 54 cells dropped, over the 6.0 GB cap:
    n=32 q=4096 batch=2048 (8.6 GB)
    n=64 q=4096 batch=2048 (17.3 GB)
    n=128 q=1024 batch=2048 (9.1 GB)
    n=128 q=4096 batch=512 (8.7 GB)
    n=128 q=4096 batch=2048 (34.9 GB)
    n=256 q=256 batch=2048 (6.4 GB)
    n=256 q=1024 batch=2048 (19.3 GB)
    n=256 q=4096 batch=512 (17.7 GB)
    n=256 q=4096 batch=2048 (70.9 GB)
trsm route forced: vendor -> vendor:auto
[1;36mName                                              Arg0    Arg1    Arg2    Iter        Avg(ms)     Std(ms)     GFLOPS      Time (us) / matrix[0m
[1m(BM_TRSM_OrthoLeft<float, batchlas::Backend::CUDA>)[0m8       256     128     200         0.020558    0.00012931  102.01      0.16061     
[1m(BM_TRSM_OrthoLeft<float, batchlas::Backend::CUDA>)[0m8       256     512     200         0.030772    0.00059194  272.60      0.060102    
[1m(BM_TRSM_OrthoLeft<float, batchlas::Backend::CUDA>)[0m8       256     2048    200         0.074813    0.00018471  448.51      0.036530    
[1m(BM_TRSM_OrthoLeft<float, batchlas::Backend::CUDA>)[0m8       1024    128     200         0.030597    0.00014449  274.17      0.23904     
[1m(BM_TRSM_OrthoLeft<float, batchlas::Backend::CUDA>)[0m8       1024    512     200         0.073505    9.5555e-05  456.49      0.14356     
[1m(BM_TRSM_OrthoLeft<float, batchlas::Backend::CUDA>)[0m8       1024    2048    200         0.25165     0.00061458  533.34      0.12288     
[1m(BM_TRSM_OrthoLeft<float, batchlas::Backend::CUDA>)[0m8       4096    128     200         0.073874    0.00011518  454.21      0.57714     
[1m(BM_TRSM_OrthoLeft<float, batchlas::Backend::CUDA>)[0m8       4096    512     200         0.25073     0.0021807   535.30      0.48971     
[1m(BM_TRSM_OrthoLeft<float, batchlas::Backend::CUDA>)[0m8       4096    2048    200         0.94760     0.0040973   566.56      0.46269     
[1m(BM_TRSM_OrthoLeft<float, batchlas::Backend::CUDA>)[0m16      256     128     200         0.024755    0.00073638  338.86      0.19340     
[1m(BM_TRSM_OrthoLeft<float, batchlas::Backend::CUDA>)[0m16      256     512     200         0.048310    0.00071547  694.57      0.094355    
[1m(BM_TRSM_OrthoLeft<float, batchlas::Backend::CUDA>)[0m16      256     2048    200         0.14440     0.0014340   929.48      0.070508    
[1m(BM_TRSM_OrthoLeft<float, batchlas::Backend::CUDA>)[0m16      1024    128     200         0.048308    0.00012198  694.59      0.37741     
[1m(BM_TRSM_OrthoLeft<float, batchlas::Backend::CUDA>)[0m16      1024    512     200         0.14257     0.00015199  941.38      0.27847     
[1m(BM_TRSM_OrthoLeft<float, batchlas::Backend::CUDA>)[0m16      1024    2048    200         0.53607     0.00090187  1001.5      0.26175     
[1m(BM_TRSM_OrthoLeft<float, batchlas::Backend::CUDA>)[0m16      4096    128     200         0.14234     0.00026763  942.92      1.1120      
[1m(BM_TRSM_OrthoLeft<float, batchlas::Backend::CUDA>)[0m16      4096    512     200         0.53113     0.00030609  1010.8      1.0374      
[1m(BM_TRSM_OrthoLeft<float, batchlas::Backend::CUDA>)[0m16      4096    2048    98          2.0482      0.0010012   1048.5      1.0001      
[1m(BM_TRSM_OrthoLeft<float, batchlas::Backend::CUDA>)[0m32      256     128     200         0.037678    6.3112e-05  890.55      0.29436     
[1m(BM_TRSM_OrthoLeft<float, batchlas::Backend::CUDA>)[0m32      256     512     200         0.097664    6.4682e-05  1374.3      0.19075     
[1m(BM_TRSM_OrthoLeft<float, batchlas::Backend::CUDA>)[0m32      256     2048    200         0.35139     0.0012841   1527.9      0.17158     
[1m(BM_TRSM_OrthoLeft<float, batchlas::Backend::CUDA>)[0m32      1024    128     200         0.097817    0.00010225  1372.1      0.76419     
[1m(BM_TRSM_OrthoLeft<float, batchlas::Backend::CUDA>)[0m32      1024    512     200         0.34975     0.00050314  1535.0      0.68311     
[1m(BM_TRSM_OrthoLeft<float, batchlas::Backend::CUDA>)[0m32      1024    2048    153         1.3113      0.0014159   1637.7      0.64028     
[1m(BM_TRSM_OrthoLeft<float, batchlas::Backend::CUDA>)[0m32      4096    128     200         0.34520     0.0012083   1555.2      2.6969      
[1m(BM_TRSM_OrthoLeft<float, batchlas::Backend::CUDA>)[0m32      4096    512     154         1.3007      0.0084924   1651.0      2.5405      
[1m(BM_TRSM_OrthoLeft<float, batchlas::Backend::CUDA>)[0m64      256     128     200         0.076309    0.00046955  1758.9      0.59616     
[1m(BM_TRSM_OrthoLeft<float, batchlas::Backend::CUDA>)[0m64      256     512     200         0.24461     0.00094641  2194.8      0.47775     
[1m(BM_TRSM_OrthoLeft<float, batchlas::Backend::CUDA>)[0m64      256     2048    200         0.93964     0.0028127   2285.4      0.45881     
[1m(BM_TRSM_OrthoLeft<float, batchlas::Backend::CUDA>)[0m64      1024    128     200         0.24978     0.00089807  2149.4      1.9514      
[1m(BM_TRSM_OrthoLeft<float, batchlas::Backend::CUDA>)[0m64      1024    512     200         0.94389     0.0044767   2275.1      1.8435      
[1m(BM_TRSM_OrthoLeft<float, batchlas::Backend::CUDA>)[0m64      1024    2048    56          3.6308      0.023379    2365.8      1.7729      
[1m(BM_TRSM_OrthoLeft<float, batchlas::Backend::CUDA>)[0m64      4096    128     200         0.93717     0.0030885   2291.5      7.3216      
[1m(BM_TRSM_OrthoLeft<float, batchlas::Backend::CUDA>)[0m64      4096    512     56          3.6130      0.014290    2377.5      7.0567      
[1m(BM_TRSM_OrthoLeft<float, batchlas::Backend::CUDA>)[0m128     256     128     200         0.15908     0.0028389   3374.8      1.2428      
[1m(BM_TRSM_OrthoLeft<float, batchlas::Backend::CUDA>)[0m128     256     512     200         0.59173     0.0017102   3629.2      1.1557      
[1m(BM_TRSM_OrthoLeft<float, batchlas::Backend::CUDA>)[0m128     256     2048    86          2.3480      0.0056108   3658.4      1.1465      
[1m(BM_TRSM_OrthoLeft<float, batchlas::Backend::CUDA>)[0m128     1024    128     200         0.58978     0.0013485   3641.2      4.6077      
[1m(BM_TRSM_OrthoLeft<float, batchlas::Backend::CUDA>)[0m128     1024    512     86          2.3319      0.0025552   3683.7      4.5545      
[1m(BM_TRSM_OrthoLeft<float, batchlas::Backend::CUDA>)[0m128     4096    128     87          2.3057      0.0017305   3725.6      18.013      
[1m(BM_TRSM_OrthoLeft<float, batchlas::Backend::CUDA>)[0m256     256     128     200         0.36135     0.0014702   5942.9      2.8231      
[1m(BM_TRSM_OrthoLeft<float, batchlas::Backend::CUDA>)[0m256     256     512     130         1.5426      0.0036804   5568.3      3.0130      
[1m(BM_TRSM_OrthoLeft<float, batchlas::Backend::CUDA>)[0m256     1024    128     131         1.5275      0.0045981   5623.5      11.934      
[1m(BM_TRSM_OrthoLeft<float, batchlas::Backend::CUDA>)[0m256     1024    512     33          6.0709      0.021123    5659.8      11.857      
[1m(BM_TRSM_OrthoLeft<float, batchlas::Backend::CUDA>)[0m256     4096    128     34          6.0303      0.0096226   5697.9      47.112      
[1m(BM_TRSM_OrthoLeft<double, batchlas::Backend::CUDA>)[0m8       256     128     200         0.046577    6.8422e-05  45.026      0.36388     
[1m(BM_TRSM_OrthoLeft<double, batchlas::Backend::CUDA>)[0m8       256     512     200         0.13667     0.00016518  61.380      0.26693     
[1m(BM_TRSM_OrthoLeft<double, batchlas::Backend::CUDA>)[0m8       256     2048    200         0.49822     0.00023438  67.349      0.24327     
[1m(BM_TRSM_OrthoLeft<double, batchlas::Backend::CUDA>)[0m8       1024    128     200         0.13667     0.00018445  61.377      1.0678      
[1m(BM_TRSM_OrthoLeft<double, batchlas::Backend::CUDA>)[0m8       1024    512     200         0.49664     0.00028966  67.563      0.97000     
[1m(BM_TRSM_OrthoLeft<double, batchlas::Backend::CUDA>)[0m8       1024    2048    104         1.9401      0.00068775  69.180      0.94732     
[1m(BM_TRSM_OrthoLeft<double, batchlas::Backend::CUDA>)[0m8       4096    128     200         0.49721     0.00035521  67.485      3.8845      
[1m(BM_TRSM_OrthoLeft<double, batchlas::Backend::CUDA>)[0m8       4096    512     104         1.9387      0.00062112  69.232      3.7865      
[1m(BM_TRSM_OrthoLeft<double, batchlas::Backend::CUDA>)[0m8       4096    2048    26          7.6946      0.00061512  69.773      3.7571      
[1m(BM_TRSM_OrthoLeft<double, batchlas::Backend::CUDA>)[0m16      256     128     200         0.080468    0.0011314   104.25      0.62865     
[1m(BM_TRSM_OrthoLeft<double, batchlas::Backend::CUDA>)[0m16      256     512     200         0.27124     0.0012377   123.71      0.52977     
[1m(BM_TRSM_OrthoLeft<double, batchlas::Backend::CUDA>)[0m16      256     2048    193         1.0399      0.011929    129.07      0.50775     
[1m(BM_TRSM_OrthoLeft<double, batchlas::Backend::CUDA>)[0m16      1024    128     200         0.27189     0.0030063   123.41      2.1242      
[1m(BM_TRSM_OrthoLeft<double, batchlas::Backend::CUDA>)[0m16      1024    512     193         1.0389      0.011648    129.20      2.0290      
[1m(BM_TRSM_OrthoLeft<double, batchlas::Backend::CUDA>)[0m16      1024    2048    49          4.0850      0.0064189   131.42      1.9946      
[1m(BM_TRSM_OrthoLeft<double, batchlas::Backend::CUDA>)[0m16      4096    128     194         1.0321      0.0015468   130.05      8.0630      
[1m(BM_TRSM_OrthoLeft<double, batchlas::Backend::CUDA>)[0m16      4096    512     50          4.0746      0.014399    131.76      7.9582      
[1m(BM_TRSM_OrthoLeft<double, batchlas::Backend::CUDA>)[0m16      4096    2048    13          16.214      0.0030679   132.44      7.9171      
[1m(BM_TRSM_OrthoLeft<double, batchlas::Backend::CUDA>)[0m32      256     128     200         0.15816     0.00026483  212.16      1.2356      
[1m(BM_TRSM_OrthoLeft<double, batchlas::Backend::CUDA>)[0m32      256     512     200         0.58057     0.0018877   231.18      1.1339      
[1m(BM_TRSM_OrthoLeft<double, batchlas::Backend::CUDA>)[0m32      256     2048    88          2.2760      0.014992    235.88      1.1113      
[1m(BM_TRSM_OrthoLeft<double, batchlas::Backend::CUDA>)[0m32      1024    128     200         0.58072     0.0010934   231.12      4.5368      
[1m(BM_TRSM_OrthoLeft<double, batchlas::Backend::CUDA>)[0m32      1024    512     89          2.2711      0.00076950  236.40      4.4357      
[1m(BM_TRSM_OrthoLeft<double, batchlas::Backend::CUDA>)[0m32      1024    2048    23          9.0227      0.00079821  238.01      4.4056      
[1m(BM_TRSM_OrthoLeft<double, batchlas::Backend::CUDA>)[0m32      4096    128     89          2.2710      0.00048698  236.40      17.742      
[1m(BM_TRSM_OrthoLeft<double, batchlas::Backend::CUDA>)[0m32      4096    512     23          9.0226      0.00069629  238.01      17.622      
[1m(BM_TRSM_OrthoLeft<double, batchlas::Backend::CUDA>)[0m64      256     128     200         0.35739     0.0013893   375.55      2.7921      
[1m(BM_TRSM_OrthoLeft<double, batchlas::Backend::CUDA>)[0m64      256     512     146         1.3729      0.00088613  391.06      2.6814      
[1m(BM_TRSM_OrthoLeft<double, batchlas::Backend::CUDA>)[0m64      256     2048    37          5.4288      0.00076920  395.58      2.6508      
[1m(BM_TRSM_OrthoLeft<double, batchlas::Backend::CUDA>)[0m64      1024    128     146         1.3728      0.00065237  391.08      10.725      
[1m(BM_TRSM_OrthoLeft<double, batchlas::Backend::CUDA>)[0m64      1024    512     37          5.4279      0.00095033  395.64      10.601      
[1m(BM_TRSM_OrthoLeft<double, batchlas::Backend::CUDA>)[0m64      1024    2048    10          21.645      0.0038798   396.86      10.569      
[1m(BM_TRSM_OrthoLeft<double, batchlas::Backend::CUDA>)[0m64      4096    128     37          5.4299      0.0015170   395.49      42.421      
[1m(BM_TRSM_OrthoLeft<double, batchlas::Backend::CUDA>)[0m64      4096    512     10          21.646      0.0018113   396.84      42.277      
[1m(BM_TRSM_OrthoLeft<double, batchlas::Backend::CUDA>)[0m128     256     128     200         0.93125     0.00028871  576.51      7.2754      
[1m(BM_TRSM_OrthoLeft<double, batchlas::Backend::CUDA>)[0m128     256     512     55          3.6392      0.0016886   590.09      7.1079      
[1m(BM_TRSM_OrthoLeft<double, batchlas::Backend::CUDA>)[0m128     256     2048    14          14.437      0.0011252   595.00      7.0493      
[1m(BM_TRSM_OrthoLeft<double, batchlas::Backend::CUDA>)[0m128     1024    128     55          3.6398      0.0012053   590.01      28.436      
[1m(BM_TRSM_OrthoLeft<double, batchlas::Backend::CUDA>)[0m128     1024    512     14          14.436      0.0026859   595.05      28.195      
[1m(BM_TRSM_OrthoLeft<double, batchlas::Backend::CUDA>)[0m128     4096    128     14          14.432      0.0021757   595.20      112.75      
[1m(BM_TRSM_OrthoLeft<double, batchlas::Backend::CUDA>)[0m256     256     128     73          2.7446      0.010571    782.45      21.442      
[1m(BM_TRSM_OrthoLeft<double, batchlas::Backend::CUDA>)[0m256     256     512     19          10.792      0.0074350   795.94      21.078      
[1m(BM_TRSM_OrthoLeft<double, batchlas::Backend::CUDA>)[0m256     1024    128     19          10.797      0.014679    795.59      84.351      
[1m(BM_TRSM_OrthoLeft<double, batchlas::Backend::CUDA>)[0m256     1024    512     10          42.918      0.031233    800.60      83.824      
[1m(BM_TRSM_OrthoLeft<double, batchlas::Backend::CUDA>)[0m256     4096    128     10          42.906      0.011037    800.81      335.21      
[1m(BM_TRSM_OrthoLeft<std::complex<float>, batchlas::Backend::CUDA>)[0m8       256     128     200         0.018419    0.00012046  113.86      0.14390     
[1m(BM_TRSM_OrthoLeft<std::complex<float>, batchlas::Backend::CUDA>)[0m8       256     512     200         0.038831    0.00021954  216.03      0.075842    
[1m(BM_TRSM_OrthoLeft<std::complex<float>, batchlas::Backend::CUDA>)[0m8       256     2048    200         0.13887     0.00026206  241.63      0.067807    
[1m(BM_TRSM_OrthoLeft<std::complex<float>, batchlas::Backend::CUDA>)[0m8       1024    128     200         0.039846    8.6701e-05  210.53      0.31130     
[1m(BM_TRSM_OrthoLeft<std::complex<float>, batchlas::Backend::CUDA>)[0m8       1024    512     200         0.13568     0.00031451  247.31      0.26500     
[1m(BM_TRSM_OrthoLeft<std::complex<float>, batchlas::Backend::CUDA>)[0m8       1024    2048    200         0.53233     0.00048191  252.13      0.25993     
[1m(BM_TRSM_OrthoLeft<std::complex<float>, batchlas::Backend::CUDA>)[0m8       4096    128     200         0.13977     0.00025606  240.07      1.0920      
[1m(BM_TRSM_OrthoLeft<std::complex<float>, batchlas::Backend::CUDA>)[0m8       4096    512     200         0.52729     0.00050106  254.54      1.0299      
[1m(BM_TRSM_OrthoLeft<std::complex<float>, batchlas::Backend::CUDA>)[0m8       4096    2048    101         1.9952      0.0027860   269.08      0.97422     
[1m(BM_TRSM_OrthoLeft<std::complex<float>, batchlas::Backend::CUDA>)[0m16      256     128     200         0.074297    4.5163e-05  112.91      0.58045     
[1m(BM_TRSM_OrthoLeft<std::complex<float>, batchlas::Backend::CUDA>)[0m16      256     512     200         0.18354     0.00022809  182.82      0.35847     
[1m(BM_TRSM_OrthoLeft<std::complex<float>, batchlas::Backend::CUDA>)[0m16      256     2048    200         0.83001     0.0012980   161.71      0.40528     
[1m(BM_TRSM_OrthoLeft<std::complex<float>, batchlas::Backend::CUDA>)[0m16      1024    128     200         0.18055     0.00026214  185.85      1.4105      
[1m(BM_TRSM_OrthoLeft<std::complex<float>, batchlas::Backend::CUDA>)[0m16      1024    512     200         0.80615     0.00099564  166.49      1.5745      
[1m(BM_TRSM_OrthoLeft<std::complex<float>, batchlas::Backend::CUDA>)[0m16      1024    2048    66          3.0629      0.012550    175.28      1.4955      
[1m(BM_TRSM_OrthoLeft<std::complex<float>, batchlas::Backend::CUDA>)[0m16      4096    128     200         0.80619     0.00088184  166.48      6.2984      
[1m(BM_TRSM_OrthoLeft<std::complex<float>, batchlas::Backend::CUDA>)[0m16      4096    512     65          3.0842      0.012821    174.07      6.0238      
[1m(BM_TRSM_OrthoLeft<std::complex<float>, batchlas::Backend::CUDA>)[0m16      4096    2048    17          11.927      0.023066    180.06      5.8236      
[1m(BM_TRSM_OrthoLeft<std::complex<float>, batchlas::Backend::CUDA>)[0m32      256     128     200         0.24278     0.00024006  138.21      1.8967      
[1m(BM_TRSM_OrthoLeft<std::complex<float>, batchlas::Backend::CUDA>)[0m32      256     512     200         0.68181     0.0017488   196.86      1.3317      
[1m(BM_TRSM_OrthoLeft<std::complex<float>, batchlas::Backend::CUDA>)[0m32      256     2048    62          3.2439      0.026694    165.50      1.5839      
[1m(BM_TRSM_OrthoLeft<std::complex<float>, batchlas::Backend::CUDA>)[0m32      1024    128     200         0.67142     0.00098973  199.90      5.2455      
[1m(BM_TRSM_OrthoLeft<std::complex<float>, batchlas::Backend::CUDA>)[0m32      1024    512     63          3.2120      0.030952    167.14      6.2735      
[1m(BM_TRSM_OrthoLeft<std::complex<float>, batchlas::Backend::CUDA>)[0m32      1024    2048    16          13.140      0.14137     163.43      6.4162      
[1m(BM_TRSM_OrthoLeft<std::complex<float>, batchlas::Backend::CUDA>)[0m32      4096    128     64          3.1548      0.027277    170.17      24.647      
[1m(BM_TRSM_OrthoLeft<std::complex<float>, batchlas::Backend::CUDA>)[0m32      4096    512     16          13.258      0.050307    161.97      25.895      
[1m(BM_TRSM_OrthoLeft<std::complex<float>, batchlas::Backend::CUDA>)[0m64      256     128     200         0.91633     0.0015767   146.47      7.1588      
[1m(BM_TRSM_OrthoLeft<std::complex<float>, batchlas::Backend::CUDA>)[0m64      256     512     73          2.7528      0.016643    195.03      5.3766      
[1m(BM_TRSM_OrthoLeft<std::complex<float>, batchlas::Backend::CUDA>)[0m64      256     2048    16          12.533      0.047347    171.35      6.1197      
[1m(BM_TRSM_OrthoLeft<std::complex<float>, batchlas::Backend::CUDA>)[0m64      1024    128     73          2.7581      0.040462    194.65      21.548      
[1m(BM_TRSM_OrthoLeft<std::complex<float>, batchlas::Backend::CUDA>)[0m64      1024    512     17          12.423      0.050643    172.87      24.263      
[1m(BM_TRSM_OrthoLeft<std::complex<float>, batchlas::Backend::CUDA>)[0m64      1024    2048    10          51.524      0.040912    166.72      25.158      
[1m(BM_TRSM_OrthoLeft<std::complex<float>, batchlas::Backend::CUDA>)[0m64      4096    128     17          12.425      0.099246    172.83      97.073      
[1m(BM_TRSM_OrthoLeft<std::complex<float>, batchlas::Backend::CUDA>)[0m64      4096    512     10          51.558      0.12218     166.61      100.70      
[1m(BM_TRSM_OrthoLeft<std::complex<float>, batchlas::Backend::CUDA>)[0m128     256     128     57          3.5409      0.021188    151.62      27.663      
[1m(BM_TRSM_OrthoLeft<std::complex<float>, batchlas::Backend::CUDA>)[0m128     256     512     10          27.312      0.039981    78.628      53.344      
[1m(BM_TRSM_OrthoLeft<std::complex<float>, batchlas::Backend::CUDA>)[0m128     256     2048    10          123.91      0.30147     69.324      60.503      
[1m(BM_TRSM_OrthoLeft<std::complex<float>, batchlas::Backend::CUDA>)[0m128     1024    128     10          25.684      0.070400    83.610      200.66      
[1m(BM_TRSM_OrthoLeft<std::complex<float>, batchlas::Backend::CUDA>)[0m128     1024    512     10          116.61      0.26457     73.662      227.76      
[1m(BM_TRSM_OrthoLeft<std::complex<float>, batchlas::Backend::CUDA>)[0m128     4096    128     10          114.36      0.55725     75.110      893.47      
[1m(BM_TRSM_OrthoLeft<std::complex<float>, batchlas::Backend::CUDA>)[0m256     256     128     15          13.950      0.062915    153.94      108.99      
[1m(BM_TRSM_OrthoLeft<std::complex<float>, batchlas::Backend::CUDA>)[0m256     256     512     10          141.30      0.42273     60.794      275.97      
[1m(BM_TRSM_OrthoLeft<std::complex<float>, batchlas::Backend::CUDA>)[0m256     1024    128     10          132.47      0.18372     64.843      1034.9      
[1m(BM_TRSM_OrthoLeft<std::complex<float>, batchlas::Backend::CUDA>)[0m256     1024    512     10          565.74      1.2465      60.734      1105.0      
[1m(BM_TRSM_OrthoLeft<std::complex<float>, batchlas::Backend::CUDA>)[0m256     4096    128     10          546.48      2.1648      62.874      4269.4      
[1m(BM_TRSM_OrthoLeft<std::complex<double>, batchlas::Backend::CUDA>)[0m8       256     128     200         0.19314     0.00012179  10.858      1.5089      
[1m(BM_TRSM_OrthoLeft<std::complex<double>, batchlas::Backend::CUDA>)[0m8       256     512     200         0.19742     0.00015458  42.490      0.38560     
[1m(BM_TRSM_OrthoLeft<std::complex<double>, batchlas::Backend::CUDA>)[0m8       256     2048    200         0.77124     0.0016645   43.507      0.37658     
[1m(BM_TRSM_OrthoLeft<std::complex<double>, batchlas::Backend::CUDA>)[0m8       1024    128     200         0.19736     0.00014489  42.503      1.5419      
[1m(BM_TRSM_OrthoLeft<std::complex<double>, batchlas::Backend::CUDA>)[0m8       1024    512     200         0.77347     0.0014681   43.382      1.5107      
[1m(BM_TRSM_OrthoLeft<std::complex<double>, batchlas::Backend::CUDA>)[0m8       1024    2048    67          3.0164      0.0015370   44.496      1.4728      
[1m(BM_TRSM_OrthoLeft<std::complex<double>, batchlas::Backend::CUDA>)[0m8       4096    128     200         0.77384     0.00040816  43.361      6.0456      
[1m(BM_TRSM_OrthoLeft<std::complex<double>, batchlas::Backend::CUDA>)[0m8       4096    512     67          3.0158      0.0015416   44.504      5.8903      
[1m(BM_TRSM_OrthoLeft<std::complex<double>, batchlas::Backend::CUDA>)[0m8       4096    2048    17          11.987      0.0021536   44.786      5.8532      
[1m(BM_TRSM_OrthoLeft<std::complex<double>, batchlas::Backend::CUDA>)[0m16      256     128     200         0.56083     0.00013370  14.958      4.3815      
[1m(BM_TRSM_OrthoLeft<std::complex<double>, batchlas::Backend::CUDA>)[0m16      256     512     200         0.56492     0.00017968  59.397      1.1034      
[1m(BM_TRSM_OrthoLeft<std::complex<double>, batchlas::Backend::CUDA>)[0m16      256     2048    90          2.2467      0.023780    59.739      1.0970      
[1m(BM_TRSM_OrthoLeft<std::complex<double>, batchlas::Backend::CUDA>)[0m16      1024    128     200         0.56489     0.00014395  59.400      4.4132      
[1m(BM_TRSM_OrthoLeft<std::complex<double>, batchlas::Backend::CUDA>)[0m16      1024    512     89          2.2479      0.0015420   59.709      4.3903      
[1m(BM_TRSM_OrthoLeft<std::complex<double>, batchlas::Backend::CUDA>)[0m16      1024    2048    23          8.9039      0.0023803   60.296      4.3476      
[1m(BM_TRSM_OrthoLeft<std::complex<double>, batchlas::Backend::CUDA>)[0m16      4096    128     89          2.2476      0.0010468   59.715      17.560      
[1m(BM_TRSM_OrthoLeft<std::complex<double>, batchlas::Backend::CUDA>)[0m16      4096    512     23          8.9051      0.0030969   60.288      17.393      
[1m(BM_TRSM_OrthoLeft<std::complex<double>, batchlas::Backend::CUDA>)[0m16      4096    2048    10          35.531      0.0038109   60.440      17.349      
[1m(BM_TRSM_OrthoLeft<std::complex<double>, batchlas::Backend::CUDA>)[0m32      256     128     109         1.8423      0.00032589  18.213      14.393      
[1m(BM_TRSM_OrthoLeft<std::complex<double>, batchlas::Backend::CUDA>)[0m32      256     512     109         1.8490      0.00090593  72.587      3.6114      
[1m(BM_TRSM_OrthoLeft<std::complex<double>, batchlas::Backend::CUDA>)[0m32      256     2048    28          7.3772      0.0012770   72.774      3.6022      
[1m(BM_TRSM_OrthoLeft<std::complex<double>, batchlas::Backend::CUDA>)[0m32      1024    128     109         1.8497      0.00065809  72.563      14.451      
[1m(BM_TRSM_OrthoLeft<std::complex<double>, batchlas::Backend::CUDA>)[0m32      1024    512     28          7.3800      0.0012877   72.747      14.414      
[1m(BM_TRSM_OrthoLeft<std::complex<double>, batchlas::Backend::CUDA>)[0m32      1024    2048    10          29.423      0.0010947   72.987      14.367      
[1m(BM_TRSM_OrthoLeft<std::complex<double>, batchlas::Backend::CUDA>)[0m32      4096    128     28          7.3778      0.0015182   72.768      57.639      
[1m(BM_TRSM_OrthoLeft<std::complex<double>, batchlas::Backend::CUDA>)[0m32      4096    512     10          29.423      0.0020170   72.987      57.466      
[1m(BM_TRSM_OrthoLeft<std::complex<double>, batchlas::Backend::CUDA>)[0m64      256     128     31          6.5904      0.00042862  20.365      51.488      
[1m(BM_TRSM_OrthoLeft<std::complex<double>, batchlas::Backend::CUDA>)[0m64      256     512     15          13.974      0.041670    38.418      27.294      
[1m(BM_TRSM_OrthoLeft<std::complex<double>, batchlas::Backend::CUDA>)[0m64      256     2048    10          54.854      0.12071     39.149      26.784      
[1m(BM_TRSM_OrthoLeft<std::complex<double>, batchlas::Backend::CUDA>)[0m64      1024    128     15          13.844      0.11635     38.779      108.16      
[1m(BM_TRSM_OrthoLeft<std::complex<double>, batchlas::Backend::CUDA>)[0m64      1024    512     10          53.675      0.11310     40.009      104.83      
[1m(BM_TRSM_OrthoLeft<std::complex<double>, batchlas::Backend::CUDA>)[0m64      1024    2048    10          205.48      0.53273     41.803      100.33      
[1m(BM_TRSM_OrthoLeft<std::complex<double>, batchlas::Backend::CUDA>)[0m64      4096    128     10          53.445      0.20030     40.181      417.54      
[1m(BM_TRSM_OrthoLeft<std::complex<double>, batchlas::Backend::CUDA>)[0m64      4096    512     10          203.97      0.92353     42.113      398.39      
[1m(BM_TRSM_OrthoLeft<std::complex<double>, batchlas::Backend::CUDA>)[0m128     256     128     10          24.825      0.0012194   21.626      193.95      
[1m(BM_TRSM_OrthoLeft<std::complex<double>, batchlas::Backend::CUDA>)[0m128     256     512     10          69.755      0.12630     30.786      136.24      
[1m(BM_TRSM_OrthoLeft<std::complex<double>, batchlas::Backend::CUDA>)[0m128     256     2048    10          276.62      0.28092     31.053      135.07      
[1m(BM_TRSM_OrthoLeft<std::complex<double>, batchlas::Backend::CUDA>)[0m128     1024    128     10          67.711      0.18280     31.715      528.99      
[1m(BM_TRSM_OrthoLeft<std::complex<double>, batchlas::Backend::CUDA>)[0m128     1024    512     10          267.34      0.75579     32.132      522.14      
[1m(BM_TRSM_OrthoLeft<std::complex<double>, batchlas::Backend::CUDA>)[0m128     4096    128     10          266.02      0.36137     32.290      2078.3      
[1m(BM_TRSM_OrthoLeft<std::complex<double>, batchlas::Backend::CUDA>)[0m256     256     128     10          96.256      0.0028937   22.310      752.00      
[1m(BM_TRSM_OrthoLeft<std::complex<double>, batchlas::Backend::CUDA>)[0m256     256     512     10          290.17      0.30362     29.603      566.73      
[1m(BM_TRSM_OrthoLeft<std::complex<double>, batchlas::Backend::CUDA>)[0m256     1024    128     10          284.00      0.33884     30.246      2218.8      
[1m(BM_TRSM_OrthoLeft<std::complex<double>, batchlas::Backend::CUDA>)[0m256     1024    512     10          1133.4      0.72127     30.316      2213.7      
[1m(BM_TRSM_OrthoLeft<std::complex<double>, batchlas::Backend::CUDA>)[0m256     4096    128     10          1128.7      0.69198     30.441      8818.2      
gpu_guard: GPU 1 exclusive for the whole run (SM clock was 210 MHz at start)
