trsm ortho grid: 9 of 54 cells dropped, over the 6.0 GB cap:
    n=32 q=4096 batch=2048 (8.6 GB)
    n=64 q=4096 batch=2048 (17.3 GB)
    n=128 q=1024 batch=2048 (9.1 GB)
    n=128 q=4096 batch=512 (8.7 GB)
    n=128 q=4096 batch=2048 (34.9 GB)
    n=256 q=256 batch=2048 (6.4 GB)
    n=256 q=1024 batch=2048 (19.3 GB)
    n=256 q=4096 batch=512 (17.7 GB)
    n=256 q=4096 batch=2048 (70.9 GB)
trsm route forced: native -> native:auto
[1;36mName                                              Arg0    Arg1    Arg2    Iter        Avg(ms)     Std(ms)     GFLOPS      Time (us) / matrix[0m
[1m(BM_TRSM_OrthoLeft<float, batchlas::Backend::CUDA>)[0m8       256     128     200         0.0095768   0.00018386  218.98      0.074819    
[1m(BM_TRSM_OrthoLeft<float, batchlas::Backend::CUDA>)[0m8       256     512     200         0.011127    0.00093911  753.89      0.021733    
[1m(BM_TRSM_OrthoLeft<float, batchlas::Backend::CUDA>)[0m8       256     2048    200         0.019930    0.00081335  1683.6      0.0097315   
[1m(BM_TRSM_OrthoLeft<float, batchlas::Backend::CUDA>)[0m8       1024    128     200         0.010767    0.00015340  779.13      0.084114    
[1m(BM_TRSM_OrthoLeft<float, batchlas::Backend::CUDA>)[0m8       1024    512     200         0.019927    0.00046791  1683.9      0.038920    
[1m(BM_TRSM_OrthoLeft<float, batchlas::Backend::CUDA>)[0m8       1024    2048    200         0.13773     0.00085891  974.48      0.067253    
[1m(BM_TRSM_OrthoLeft<float, batchlas::Backend::CUDA>)[0m8       4096    128     200         0.020003    0.00069235  1677.4      0.15628     
[1m(BM_TRSM_OrthoLeft<float, batchlas::Backend::CUDA>)[0m8       4096    512     200         0.13811     0.0027444   971.80      0.26975     
[1m(BM_TRSM_OrthoLeft<float, batchlas::Backend::CUDA>)[0m8       4096    2048    200         0.59364     0.0041068   904.36      0.28987     
[1m(BM_TRSM_OrthoLeft<float, batchlas::Backend::CUDA>)[0m16      256     128     200         0.012119    4.6819e-05  692.18      0.094680    
[1m(BM_TRSM_OrthoLeft<float, batchlas::Backend::CUDA>)[0m16      256     512     200         0.015329    5.8437e-05  2188.9      0.029940    
[1m(BM_TRSM_OrthoLeft<float, batchlas::Backend::CUDA>)[0m16      256     2048    200         0.035829    6.8708e-05  3746.0      0.017495    
[1m(BM_TRSM_OrthoLeft<float, batchlas::Backend::CUDA>)[0m16      1024    128     200         0.015329    6.1372e-05  2189.0      0.11976     
[1m(BM_TRSM_OrthoLeft<float, batchlas::Backend::CUDA>)[0m16      1024    512     200         0.035920    0.00010558  3736.6      0.070156    
[1m(BM_TRSM_OrthoLeft<float, batchlas::Backend::CUDA>)[0m16      1024    2048    200         0.30671     0.00046874  1750.4      0.14976     
[1m(BM_TRSM_OrthoLeft<float, batchlas::Backend::CUDA>)[0m16      4096    128     200         0.035841    8.8290e-05  3744.8      0.28001     
[1m(BM_TRSM_OrthoLeft<float, batchlas::Backend::CUDA>)[0m16      4096    512     200         0.30359     0.00036619  1768.4      0.59294     
[1m(BM_TRSM_OrthoLeft<float, batchlas::Backend::CUDA>)[0m16      4096    2048    169         1.1863      0.0017379   1810.2      0.57927     
[1m(BM_TRSM_OrthoLeft<float, batchlas::Backend::CUDA>)[0m32      256     128     200         0.021104    0.00025612  1589.9      0.16488     
[1m(BM_TRSM_OrthoLeft<float, batchlas::Backend::CUDA>)[0m32      256     512     200         0.030522    5.2609e-05  4397.4      0.059613    
[1m(BM_TRSM_OrthoLeft<float, batchlas::Backend::CUDA>)[0m32      256     2048    200         0.16473     0.00039697  3259.0      0.080436    
[1m(BM_TRSM_OrthoLeft<float, batchlas::Backend::CUDA>)[0m32      1024    128     200         0.030931    4.9986e-05  4339.3      0.24165     
[1m(BM_TRSM_OrthoLeft<float, batchlas::Backend::CUDA>)[0m32      1024    512     200         0.14982     0.00036671  3583.4      0.29262     
[1m(BM_TRSM_OrthoLeft<float, batchlas::Backend::CUDA>)[0m32      1024    2048    200         0.61489     0.00079829  3492.5      0.30024     
[1m(BM_TRSM_OrthoLeft<float, batchlas::Backend::CUDA>)[0m32      4096    128     200         0.14481     0.00036458  3707.5      1.1313      
[1m(BM_TRSM_OrthoLeft<float, batchlas::Backend::CUDA>)[0m32      4096    512     200         0.61089     0.00041267  3515.3      1.1931      
[1m(BM_TRSM_OrthoLeft<float, batchlas::Backend::CUDA>)[0m64      256     128     200         0.051303    0.00031872  2616.2      0.40081     
[1m(BM_TRSM_OrthoLeft<float, batchlas::Backend::CUDA>)[0m64      256     512     200         0.10080     0.00016584  5326.2      0.19687     
[1m(BM_TRSM_OrthoLeft<float, batchlas::Backend::CUDA>)[0m64      256     2048    200         0.55999     0.00081218  3834.9      0.27343     
[1m(BM_TRSM_OrthoLeft<float, batchlas::Backend::CUDA>)[0m64      1024    128     200         0.10064     0.00024176  5334.4      0.78627     
[1m(BM_TRSM_OrthoLeft<float, batchlas::Backend::CUDA>)[0m64      1024    512     200         0.54210     0.00061960  3961.4      1.0588      
[1m(BM_TRSM_OrthoLeft<float, batchlas::Backend::CUDA>)[0m64      1024    2048    93          2.1546      0.011180    3986.8      1.0521      
[1m(BM_TRSM_OrthoLeft<float, batchlas::Backend::CUDA>)[0m64      4096    128     200         0.53753     0.00050135  3995.1      4.1995      
[1m(BM_TRSM_OrthoLeft<float, batchlas::Backend::CUDA>)[0m64      4096    512     93          2.1551      0.012584    3985.9      4.2091      
[1m(BM_TRSM_OrthoLeft<float, batchlas::Backend::CUDA>)[0m128     256     128     200         0.13388     0.0028880   4010.0      1.0460      
[1m(BM_TRSM_OrthoLeft<float, batchlas::Backend::CUDA>)[0m128     256     512     200         0.35434     0.00046459  6060.6      0.69206     
[1m(BM_TRSM_OrthoLeft<float, batchlas::Backend::CUDA>)[0m128     256     2048    116         1.7304      0.0040868   4964.2      0.84490     
[1m(BM_TRSM_OrthoLeft<float, batchlas::Backend::CUDA>)[0m128     1024    128     200         0.34984     0.0031334   6138.5      2.7331      
[1m(BM_TRSM_OrthoLeft<float, batchlas::Backend::CUDA>)[0m128     1024    512     120         1.6706      0.0031497   5141.8      3.2629      
[1m(BM_TRSM_OrthoLeft<float, batchlas::Backend::CUDA>)[0m128     4096    128     118         1.6981      0.010009    5058.5      13.267      
[1m(BM_TRSM_OrthoLeft<float, batchlas::Backend::CUDA>)[0m256     256     128     200         0.44825     0.00094170  4790.8      3.5020      
[1m(BM_TRSM_OrthoLeft<float, batchlas::Backend::CUDA>)[0m256     256     512     116         1.7386      0.0045833   4940.7      3.3957      
[1m(BM_TRSM_OrthoLeft<float, batchlas::Backend::CUDA>)[0m256     1024    128     122         1.6405      0.0039423   5236.1      12.817      
[1m(BM_TRSM_OrthoLeft<float, batchlas::Backend::CUDA>)[0m256     1024    512     26          7.9488      0.011812    4322.6      15.525      
[1m(BM_TRSM_OrthoLeft<float, batchlas::Backend::CUDA>)[0m256     4096    128     26          7.8992      0.0089092   4349.8      61.712      
[1m(BM_TRSM_OrthoLeft<double, batchlas::Backend::CUDA>)[0m8       256     128     200         0.011656    5.4306e-05  179.92      0.091063    
[1m(BM_TRSM_OrthoLeft<double, batchlas::Backend::CUDA>)[0m8       256     512     200         0.020582    7.1438e-05  407.56      0.040200    
[1m(BM_TRSM_OrthoLeft<double, batchlas::Backend::CUDA>)[0m8       256     2048    200         0.055851    9.2510e-05  600.78      0.027271    
[1m(BM_TRSM_OrthoLeft<double, batchlas::Backend::CUDA>)[0m8       1024    128     200         0.020608    6.3313e-05  407.05      0.16100     
[1m(BM_TRSM_OrthoLeft<double, batchlas::Backend::CUDA>)[0m8       1024    512     200         0.056187    8.5471e-05  597.19      0.10974     
[1m(BM_TRSM_OrthoLeft<double, batchlas::Backend::CUDA>)[0m8       1024    2048    200         0.31149     0.00083703  430.89      0.15210     
[1m(BM_TRSM_OrthoLeft<double, batchlas::Backend::CUDA>)[0m8       4096    128     200         0.055949    0.00010096  599.74      0.43710     
[1m(BM_TRSM_OrthoLeft<double, batchlas::Backend::CUDA>)[0m8       4096    512     200         0.31159     0.00092090  430.75      0.60857     
[1m(BM_TRSM_OrthoLeft<double, batchlas::Backend::CUDA>)[0m8       4096    2048    168         1.1941      0.0020419   449.61      0.58305     
[1m(BM_TRSM_OrthoLeft<double, batchlas::Backend::CUDA>)[0m16      256     128     200         0.020014    5.7730e-05  419.13      0.15636     
[1m(BM_TRSM_OrthoLeft<double, batchlas::Backend::CUDA>)[0m16      256     512     200         0.044750    7.9162e-05  749.81      0.087403    
[1m(BM_TRSM_OrthoLeft<double, batchlas::Backend::CUDA>)[0m16      256     2048    200         0.17751     0.00048082  756.10      0.086676    
[1m(BM_TRSM_OrthoLeft<double, batchlas::Backend::CUDA>)[0m16      1024    128     200         0.044643    5.3312e-05  751.61      0.34878     
[1m(BM_TRSM_OrthoLeft<double, batchlas::Backend::CUDA>)[0m16      1024    512     200         0.17737     0.00048187  756.70      0.34643     
[1m(BM_TRSM_OrthoLeft<double, batchlas::Backend::CUDA>)[0m16      1024    2048    200         0.63274     0.00072300  848.49      0.30895     
[1m(BM_TRSM_OrthoLeft<double, batchlas::Backend::CUDA>)[0m16      4096    128     200         0.17441     0.00046435  769.55      1.3626      
[1m(BM_TRSM_OrthoLeft<double, batchlas::Backend::CUDA>)[0m16      4096    512     200         0.63402     0.0010581   846.77      1.2383      
[1m(BM_TRSM_OrthoLeft<double, batchlas::Backend::CUDA>)[0m16      4096    2048    83          2.4099      0.0021556   891.10      1.1767      
[1m(BM_TRSM_OrthoLeft<double, batchlas::Backend::CUDA>)[0m32      256     128     200         0.047337    5.0950e-05  708.84      0.36982     
[1m(BM_TRSM_OrthoLeft<double, batchlas::Backend::CUDA>)[0m32      256     512     200         0.14145     9.1915e-05  948.90      0.27626     
[1m(BM_TRSM_OrthoLeft<double, batchlas::Backend::CUDA>)[0m32      256     2048    200         0.61082     0.00097854  878.94      0.29825     
[1m(BM_TRSM_OrthoLeft<double, batchlas::Backend::CUDA>)[0m32      1024    128     200         0.14163     0.00012012  947.69      1.1065      
[1m(BM_TRSM_OrthoLeft<double, batchlas::Backend::CUDA>)[0m32      1024    512     200         0.61273     0.0013871   876.20      1.1967      
[1m(BM_TRSM_OrthoLeft<double, batchlas::Backend::CUDA>)[0m32      1024    2048    90          2.2229      0.040333    966.05      1.0854      
[1m(BM_TRSM_OrthoLeft<double, batchlas::Backend::CUDA>)[0m32      4096    128     200         0.61050     0.0012831   879.39      4.7695      
[1m(BM_TRSM_OrthoLeft<double, batchlas::Backend::CUDA>)[0m32      4096    512     89          2.2605      0.034007    950.00      4.4151      
[1m(BM_TRSM_OrthoLeft<double, batchlas::Backend::CUDA>)[0m64      256     128     200         0.14524     0.00015572  924.13      1.1347      
[1m(BM_TRSM_OrthoLeft<double, batchlas::Backend::CUDA>)[0m64      256     512     200         0.51152     0.00024220  1049.6      0.99905     
[1m(BM_TRSM_OrthoLeft<double, batchlas::Backend::CUDA>)[0m64      256     2048    96          2.0910      0.015548    1027.0      1.0210      
[1m(BM_TRSM_OrthoLeft<double, batchlas::Backend::CUDA>)[0m64      1024    128     200         0.50960     0.0013907   1053.5      3.9813      
[1m(BM_TRSM_OrthoLeft<double, batchlas::Backend::CUDA>)[0m64      1024    512     96          2.0865      0.010348    1029.2      4.0751      
[1m(BM_TRSM_OrthoLeft<double, batchlas::Backend::CUDA>)[0m64      1024    2048    26          7.9209      0.055535    1084.5      3.8676      
[1m(BM_TRSM_OrthoLeft<double, batchlas::Backend::CUDA>)[0m64      4096    128     96          2.0890      0.013643    1028.0      16.320      
[1m(BM_TRSM_OrthoLeft<double, batchlas::Backend::CUDA>)[0m64      4096    512     26          7.9927      0.043178    1074.7      15.611      
[1m(BM_TRSM_OrthoLeft<double, batchlas::Backend::CUDA>)[0m128     256     128     200         0.49934     0.00078292  1075.2      3.9011      
[1m(BM_TRSM_OrthoLeft<double, batchlas::Backend::CUDA>)[0m128     256     512     106         1.8959      0.0016019   1132.7      3.7030      
[1m(BM_TRSM_OrthoLeft<double, batchlas::Backend::CUDA>)[0m128     256     2048    27          7.6049      0.0092645   1129.5      3.7133      
[1m(BM_TRSM_OrthoLeft<double, batchlas::Backend::CUDA>)[0m128     1024    128     107         1.8864      0.0018869   1138.4      14.737      
[1m(BM_TRSM_OrthoLeft<double, batchlas::Backend::CUDA>)[0m128     1024    512     27          7.5846      0.0060459   1132.5      14.814      
[1m(BM_TRSM_OrthoLeft<double, batchlas::Backend::CUDA>)[0m128     4096    128     27          7.6004      0.0070279   1130.2      59.378      
[1m(BM_TRSM_OrthoLeft<double, batchlas::Backend::CUDA>)[0m256     256     128     110         1.8211      0.0019275   1179.2      14.228      
[1m(BM_TRSM_OrthoLeft<double, batchlas::Backend::CUDA>)[0m256     256     512     29          6.9956      0.0029787   1227.9      13.663      
[1m(BM_TRSM_OrthoLeft<double, batchlas::Backend::CUDA>)[0m256     1024    128     29          6.9860      0.0021418   1229.6      54.578      
[1m(BM_TRSM_OrthoLeft<double, batchlas::Backend::CUDA>)[0m256     1024    512     10          27.841      0.021393    1234.2      54.376      
[1m(BM_TRSM_OrthoLeft<double, batchlas::Backend::CUDA>)[0m256     4096    128     10          27.885      0.0050963   1232.2      217.85      
[1m(BM_TRSM_OrthoLeft<std::complex<float>, batchlas::Backend::CUDA>)[0m8       256     128     200         0.014643    7.6635e-05  143.22      0.11439     
[1m(BM_TRSM_OrthoLeft<std::complex<float>, batchlas::Backend::CUDA>)[0m8       256     512     200         0.036703    0.00011280  228.55      0.071685    
[1m(BM_TRSM_OrthoLeft<std::complex<float>, batchlas::Backend::CUDA>)[0m8       256     2048    200         0.10364     0.00029637  323.75      0.050607    
[1m(BM_TRSM_OrthoLeft<std::complex<float>, batchlas::Backend::CUDA>)[0m8       1024    128     200         0.036351    8.3379e-05  230.77      0.28399     
[1m(BM_TRSM_OrthoLeft<std::complex<float>, batchlas::Backend::CUDA>)[0m8       1024    512     200         0.10336     0.00031037  324.64      0.20187     
[1m(BM_TRSM_OrthoLeft<std::complex<float>, batchlas::Backend::CUDA>)[0m8       1024    2048    200         0.37948     0.00050844  353.69      0.18529     
[1m(BM_TRSM_OrthoLeft<std::complex<float>, batchlas::Backend::CUDA>)[0m8       4096    128     200         0.10301     0.00037753  325.74      0.80475     
[1m(BM_TRSM_OrthoLeft<std::complex<float>, batchlas::Backend::CUDA>)[0m8       4096    512     200         0.37991     0.00053186  353.29      0.74201     
[1m(BM_TRSM_OrthoLeft<std::complex<float>, batchlas::Backend::CUDA>)[0m8       4096    2048    139         1.4420      0.0029667   372.30      0.70412     
[1m(BM_TRSM_OrthoLeft<std::complex<float>, batchlas::Backend::CUDA>)[0m16      256     128     200         0.040290    0.00010864  208.21      0.31476     
[1m(BM_TRSM_OrthoLeft<std::complex<float>, batchlas::Backend::CUDA>)[0m16      256     512     200         0.12903     0.00049665  260.05      0.25201     
[1m(BM_TRSM_OrthoLeft<std::complex<float>, batchlas::Backend::CUDA>)[0m16      256     2048    200         0.47622     0.00075087  281.84      0.23253     
[1m(BM_TRSM_OrthoLeft<std::complex<float>, batchlas::Backend::CUDA>)[0m16      1024    128     200         0.12852     0.00049436  261.07      1.0041      
[1m(BM_TRSM_OrthoLeft<std::complex<float>, batchlas::Backend::CUDA>)[0m16      1024    512     200         0.47684     0.00072590  281.47      0.93132     
[1m(BM_TRSM_OrthoLeft<std::complex<float>, batchlas::Backend::CUDA>)[0m16      1024    2048    110         1.8330      0.0037119   292.89      0.89503     
[1m(BM_TRSM_OrthoLeft<std::complex<float>, batchlas::Backend::CUDA>)[0m16      4096    128     200         0.47705     0.00076880  281.35      3.7270      
[1m(BM_TRSM_OrthoLeft<std::complex<float>, batchlas::Backend::CUDA>)[0m16      4096    512     109         1.8354      0.0038626   292.51      3.5847      
[1m(BM_TRSM_OrthoLeft<std::complex<float>, batchlas::Backend::CUDA>)[0m16      4096    2048    28          7.2634      0.0073233   295.66      3.5466      
[1m(BM_TRSM_OrthoLeft<std::complex<float>, batchlas::Backend::CUDA>)[0m32      256     128     200         0.075078    0.00015810  446.93      0.58655     
[1m(BM_TRSM_OrthoLeft<std::complex<float>, batchlas::Backend::CUDA>)[0m32      256     512     200         0.24948     0.00058077  538.00      0.48726     
[1m(BM_TRSM_OrthoLeft<std::complex<float>, batchlas::Backend::CUDA>)[0m32      256     2048    200         0.96520     0.0021357   556.23      0.47129     
[1m(BM_TRSM_OrthoLeft<std::complex<float>, batchlas::Backend::CUDA>)[0m32      1024    128     200         0.24837     0.00050605  540.39      1.9404      
[1m(BM_TRSM_OrthoLeft<std::complex<float>, batchlas::Backend::CUDA>)[0m32      1024    512     200         0.96604     0.0022662   555.75      1.8868      
[1m(BM_TRSM_OrthoLeft<std::complex<float>, batchlas::Backend::CUDA>)[0m32      1024    2048    53          3.8049      0.011311    564.39      1.8579      
[1m(BM_TRSM_OrthoLeft<std::complex<float>, batchlas::Backend::CUDA>)[0m32      4096    128     200         0.96728     0.0020791   555.03      7.5569      
[1m(BM_TRSM_OrthoLeft<std::complex<float>, batchlas::Backend::CUDA>)[0m32      4096    512     53          3.8077      0.013777    563.99      7.4369      
[1m(BM_TRSM_OrthoLeft<std::complex<float>, batchlas::Backend::CUDA>)[0m64      256     128     200         0.19698     0.0010184   681.37      1.5389      
[1m(BM_TRSM_OrthoLeft<std::complex<float>, batchlas::Backend::CUDA>)[0m64      256     512     200         0.68425     0.0020671   784.62      1.3364      
[1m(BM_TRSM_OrthoLeft<std::complex<float>, batchlas::Backend::CUDA>)[0m64      256     2048    75          2.6674      0.018995    805.08      1.3025      
[1m(BM_TRSM_OrthoLeft<std::complex<float>, batchlas::Backend::CUDA>)[0m64      1024    128     200         0.68319     0.0014212   785.83      5.3374      
[1m(BM_TRSM_OrthoLeft<std::complex<float>, batchlas::Backend::CUDA>)[0m64      1024    512     76          2.6649      0.012513    805.84      5.2049      
[1m(BM_TRSM_OrthoLeft<std::complex<float>, batchlas::Backend::CUDA>)[0m64      1024    2048    20          10.484      0.045752    819.37      5.1190      
[1m(BM_TRSM_OrthoLeft<std::complex<float>, batchlas::Backend::CUDA>)[0m64      4096    128     76          2.6606      0.011208    807.14      20.786      
[1m(BM_TRSM_OrthoLeft<std::complex<float>, batchlas::Backend::CUDA>)[0m64      4096    512     20          10.451      0.026244    821.95      20.412      
[1m(BM_TRSM_OrthoLeft<std::complex<float>, batchlas::Backend::CUDA>)[0m128     256     128     200         0.54143     0.00055986  991.59      4.2299      
[1m(BM_TRSM_OrthoLeft<std::complex<float>, batchlas::Backend::CUDA>)[0m128     256     512     96          2.0837      0.0082601   1030.6      4.0697      
[1m(BM_TRSM_OrthoLeft<std::complex<float>, batchlas::Backend::CUDA>)[0m128     256     2048    26          7.8824      0.014267    1089.8      3.8488      
[1m(BM_TRSM_OrthoLeft<std::complex<float>, batchlas::Backend::CUDA>)[0m128     1024    128     97          2.0740      0.0076801   1035.4      16.203      
[1m(BM_TRSM_OrthoLeft<std::complex<float>, batchlas::Backend::CUDA>)[0m128     1024    512     26          7.8648      0.015592    1092.2      15.361      
[1m(BM_TRSM_OrthoLeft<std::complex<float>, batchlas::Backend::CUDA>)[0m128     4096    128     26          7.8548      0.014474    1093.6      61.365      
[1m(BM_TRSM_OrthoLeft<std::complex<float>, batchlas::Backend::CUDA>)[0m256     256     128     116         1.7327      0.0045262   1239.4      13.536      
[1m(BM_TRSM_OrthoLeft<std::complex<float>, batchlas::Backend::CUDA>)[0m256     256     512     30          6.7419      0.018226    1274.1      13.168      
[1m(BM_TRSM_OrthoLeft<std::complex<float>, batchlas::Backend::CUDA>)[0m256     1024    128     30          6.7183      0.014965    1278.6      52.486      
[1m(BM_TRSM_OrthoLeft<std::complex<float>, batchlas::Backend::CUDA>)[0m256     1024    512     10          25.707      0.021415    1336.6      50.210      
[1m(BM_TRSM_OrthoLeft<std::complex<float>, batchlas::Backend::CUDA>)[0m256     4096    128     10          25.544      0.054542    1345.1      199.56      
[1m(BM_TRSM_OrthoLeft<std::complex<double>, batchlas::Backend::CUDA>)[0m8       256     128     200         0.031927    8.0626e-05  65.686      0.24943     
[1m(BM_TRSM_OrthoLeft<std::complex<double>, batchlas::Backend::CUDA>)[0m8       256     512     200         0.086607    9.2702e-05  96.858      0.16915     
[1m(BM_TRSM_OrthoLeft<std::complex<double>, batchlas::Backend::CUDA>)[0m8       256     2048    200         0.27658     0.00062975  121.32      0.13505     
[1m(BM_TRSM_OrthoLeft<std::complex<double>, batchlas::Backend::CUDA>)[0m8       1024    128     200         0.087115    0.00059852  96.294      0.68059     
[1m(BM_TRSM_OrthoLeft<std::complex<double>, batchlas::Backend::CUDA>)[0m8       1024    512     200         0.27722     0.0019164   121.04      0.54145     
[1m(BM_TRSM_OrthoLeft<std::complex<double>, batchlas::Backend::CUDA>)[0m8       1024    2048    200         0.97976     0.0030135   136.99      0.47840     
[1m(BM_TRSM_OrthoLeft<std::complex<double>, batchlas::Backend::CUDA>)[0m8       4096    128     200         0.27652     0.00065925  121.34      2.1603      
[1m(BM_TRSM_OrthoLeft<std::complex<double>, batchlas::Backend::CUDA>)[0m8       4096    512     200         0.97889     0.0014258   137.11      1.9119      
[1m(BM_TRSM_OrthoLeft<std::complex<double>, batchlas::Backend::CUDA>)[0m8       4096    2048    53          3.7769      0.0034462   142.14      1.8442      
[1m(BM_TRSM_OrthoLeft<std::complex<double>, batchlas::Backend::CUDA>)[0m16      256     128     200         0.066958    0.0010629   125.28      0.52311     
[1m(BM_TRSM_OrthoLeft<std::complex<double>, batchlas::Backend::CUDA>)[0m16      256     512     200         0.22725     0.00023439  147.66      0.44384     
[1m(BM_TRSM_OrthoLeft<std::complex<double>, batchlas::Backend::CUDA>)[0m16      256     2048    200         0.76795     0.0015280   174.77      0.37498     
[1m(BM_TRSM_OrthoLeft<std::complex<double>, batchlas::Backend::CUDA>)[0m16      1024    128     200         0.22746     0.00023566  147.52      1.7770      
[1m(BM_TRSM_OrthoLeft<std::complex<double>, batchlas::Backend::CUDA>)[0m16      1024    512     200         0.77071     0.0018862   174.15      1.5053      
[1m(BM_TRSM_OrthoLeft<std::complex<double>, batchlas::Backend::CUDA>)[0m16      1024    2048    71          2.8204      0.015795    190.35      1.3771      
[1m(BM_TRSM_OrthoLeft<std::complex<double>, batchlas::Backend::CUDA>)[0m16      4096    128     200         0.76738     0.0020372   174.90      5.9951      
[1m(BM_TRSM_OrthoLeft<std::complex<double>, batchlas::Backend::CUDA>)[0m16      4096    512     72          2.8033      0.018165    191.51      5.4752      
[1m(BM_TRSM_OrthoLeft<std::complex<double>, batchlas::Backend::CUDA>)[0m16      4096    2048    19          10.935      0.077470    196.38      5.3396      
[1m(BM_TRSM_OrthoLeft<std::complex<double>, batchlas::Backend::CUDA>)[0m32      256     128     200         0.17841     0.00026625  188.07      1.3939      
[1m(BM_TRSM_OrthoLeft<std::complex<double>, batchlas::Backend::CUDA>)[0m32      256     512     200         0.64644     0.00059297  207.63      1.2626      
[1m(BM_TRSM_OrthoLeft<std::complex<double>, batchlas::Backend::CUDA>)[0m32      256     2048    85          2.3616      0.016762    227.33      1.1531      
[1m(BM_TRSM_OrthoLeft<std::complex<double>, batchlas::Backend::CUDA>)[0m32      1024    128     200         0.64391     0.00066685  208.44      5.0305      
[1m(BM_TRSM_OrthoLeft<std::complex<double>, batchlas::Backend::CUDA>)[0m32      1024    512     86          2.3408      0.012224    229.36      4.5718      
[1m(BM_TRSM_OrthoLeft<std::complex<double>, batchlas::Backend::CUDA>)[0m32      1024    2048    23          8.8378      0.046365    242.99      4.3153      
[1m(BM_TRSM_OrthoLeft<std::complex<double>, batchlas::Backend::CUDA>)[0m32      4096    128     85          2.3564      0.014427    227.83      18.409      
[1m(BM_TRSM_OrthoLeft<std::complex<double>, batchlas::Backend::CUDA>)[0m32      4096    512     23          8.8945      0.036362    241.44      17.372      
[1m(BM_TRSM_OrthoLeft<std::complex<double>, batchlas::Backend::CUDA>)[0m64      256     128     190         1.0575      0.00064070  126.92      8.2614      
[1m(BM_TRSM_OrthoLeft<std::complex<double>, batchlas::Backend::CUDA>)[0m64      256     512     49          4.1297      0.0047868   130.00      8.0658      
[1m(BM_TRSM_OrthoLeft<std::complex<double>, batchlas::Backend::CUDA>)[0m64      256     2048    13          16.021      0.0053609   134.04      7.8228      
[1m(BM_TRSM_OrthoLeft<std::complex<double>, batchlas::Backend::CUDA>)[0m64      1024    128     49          4.1262      0.0049477   130.11      32.236      
[1m(BM_TRSM_OrthoLeft<std::complex<double>, batchlas::Backend::CUDA>)[0m64      1024    512     13          15.999      0.013271    134.23      31.248      
[1m(BM_TRSM_OrthoLeft<std::complex<double>, batchlas::Backend::CUDA>)[0m64      1024    2048    10          63.030      0.068421    136.28      30.776      
[1m(BM_TRSM_OrthoLeft<std::complex<double>, batchlas::Backend::CUDA>)[0m64      4096    128     13          16.011      0.020184    134.13      125.09      
[1m(BM_TRSM_OrthoLeft<std::complex<double>, batchlas::Backend::CUDA>)[0m64      4096    512     10          63.218      0.045071    135.88      123.47      
[1m(BM_TRSM_OrthoLeft<std::complex<double>, batchlas::Backend::CUDA>)[0m128     256     128     42          4.8721      0.0045966   110.19      38.063      
[1m(BM_TRSM_OrthoLeft<std::complex<double>, batchlas::Backend::CUDA>)[0m128     256     512     11          19.225      0.0045214   111.70      37.550      
[1m(BM_TRSM_OrthoLeft<std::complex<double>, batchlas::Backend::CUDA>)[0m128     256     2048    10          75.874      0.026367    113.21      37.048      
[1m(BM_TRSM_OrthoLeft<std::complex<double>, batchlas::Backend::CUDA>)[0m128     1024    128     11          19.214      0.0066424   111.77      150.11      
[1m(BM_TRSM_OrthoLeft<std::complex<double>, batchlas::Backend::CUDA>)[0m128     1024    512     10          75.862      0.021493    113.23      148.17      
[1m(BM_TRSM_OrthoLeft<std::complex<double>, batchlas::Backend::CUDA>)[0m128     4096    128     10          75.929      0.031360    113.13      593.19      
[1m(BM_TRSM_OrthoLeft<std::complex<double>, batchlas::Backend::CUDA>)[0m256     256     128     10          20.593      0.0020239   104.28      160.89      
[1m(BM_TRSM_OrthoLeft<std::complex<double>, batchlas::Backend::CUDA>)[0m256     256     512     10          81.763      0.0074157   105.06      159.69      
[1m(BM_TRSM_OrthoLeft<std::complex<double>, batchlas::Backend::CUDA>)[0m256     1024    128     10          81.759      0.0036998   105.06      638.74      
[1m(BM_TRSM_OrthoLeft<std::complex<double>, batchlas::Backend::CUDA>)[0m256     1024    512     10          324.89      0.063828    105.76      634.56      
[1m(BM_TRSM_OrthoLeft<std::complex<double>, batchlas::Backend::CUDA>)[0m256     4096    128     10          324.88      0.028635    105.76      2538.1      
gpu_guard: GPU 1 exclusive for the whole run (SM clock was 210 MHz at start)
