[1;36mName                                              Arg0    Arg1    Arg2    Arg3    Arg4    Iter        Avg(ms)     Std(ms)     Time (µs) / matrix[0m
[1m(BM_Ortho<float, batchlas::Backend::CUDA>)        [0m16      1024    128     0       1       50          0.14991     0.00048852  1.1712      
[1m(BM_Ortho<float, batchlas::Backend::CUDA>)        [0m16      1024    128     2       1       50          0.22277     0.0038460   1.7404      
[1m(BM_Ortho<float, batchlas::Backend::CUDA>)        [0m16      1024    512     0       1       50          0.19552     0.0011128   0.38187     
[1m(BM_Ortho<float, batchlas::Backend::CUDA>)        [0m16      1024    512     2       1       50          0.29512     0.0027736   0.57641     
[1m(BM_Ortho<float, batchlas::Backend::CUDA>)        [0m16      4096    128     0       1       50          0.43429     0.00033875  3.3929      
[1m(BM_Ortho<float, batchlas::Backend::CUDA>)        [0m16      4096    128     2       1       50          0.65172     0.00041226  5.0916      
[1m(BM_Ortho<float, batchlas::Backend::CUDA>)        [0m16      4096    512     0       1       50          1.0270      0.038470    2.0058      
[1m(BM_Ortho<float, batchlas::Backend::CUDA>)        [0m16      4096    512     2       1       50          1.5325      0.033950    2.9932      
[1m(BM_Ortho<float, batchlas::Backend::CUDA>)        [0m32      1024    128     0       1       50          0.18766     0.0025886   1.4661      
[1m(BM_Ortho<float, batchlas::Backend::CUDA>)        [0m32      1024    128     2       1       50          0.28198     0.0068463   2.2030      
[1m(BM_Ortho<float, batchlas::Backend::CUDA>)        [0m32      1024    512     0       1       50          0.37045     0.012944    0.72353     
[1m(BM_Ortho<float, batchlas::Backend::CUDA>)        [0m32      1024    512     2       1       50          0.53622     0.00057391  1.0473      
[1m(BM_Ortho<float, batchlas::Backend::CUDA>)        [0m32      4096    128     0       1       50          0.64472     0.0017906   5.0369      
[1m(BM_Ortho<float, batchlas::Backend::CUDA>)        [0m32      4096    128     2       1       50          0.93212     0.00047953  7.2822      
[1m(BM_Ortho<float, batchlas::Backend::CUDA>)        [0m32      4096    512     0       1       50          1.8384      0.0029107   3.5907      
[1m(BM_Ortho<float, batchlas::Backend::CUDA>)        [0m32      4096    512     2       1       50          2.7479      0.0020491   5.3671      
[1m(BM_Ortho<float, batchlas::Backend::CUDA>)        [0m64      1024    128     0       1       50          0.37057     0.00024498  2.8951      
[1m(BM_Ortho<float, batchlas::Backend::CUDA>)        [0m64      1024    128     2       1       50          0.55396     0.00031630  4.3278      
[1m(BM_Ortho<float, batchlas::Backend::CUDA>)        [0m64      1024    512     0       1       50          1.4220      0.0024323   2.7773      
[1m(BM_Ortho<float, batchlas::Backend::CUDA>)        [0m64      1024    512     2       1       50          2.1361      0.0026363   4.1720      
[1m(BM_Ortho<float, batchlas::Backend::CUDA>)        [0m64      4096    128     0       1       50          1.6378      0.0025024   12.796      
[1m(BM_Ortho<float, batchlas::Backend::CUDA>)        [0m64      4096    128     2       1       50          2.4513      0.0028061   19.151      
[1m(BM_Ortho<float, batchlas::Backend::CUDA>)        [0m64      4096    512     0       1       37          5.5545      0.0031723   10.849      
[1m(BM_Ortho<float, batchlas::Backend::CUDA>)        [0m64      4096    512     2       1       25          8.3307      0.0042002   16.271      
[1m(BM_Ortho<float, batchlas::Backend::CUDA>)        [0m128     1024    128     0       1       50          1.0046      0.0027204   7.8486      
[1m(BM_Ortho<float, batchlas::Backend::CUDA>)        [0m128     1024    128     2       1       50          1.5015      0.0017767   11.730      
[1m(BM_Ortho<float, batchlas::Backend::CUDA>)        [0m128     1024    512     0       1       47          4.3220      0.0040765   8.4414      
[1m(BM_Ortho<float, batchlas::Backend::CUDA>)        [0m128     1024    512     2       1       31          6.5213      0.053672    12.737      
[1m(BM_Ortho<float, batchlas::Backend::CUDA>)        [0m128     4096    128     0       1       48          4.2521      0.0042909   33.220      
[1m(BM_Ortho<float, batchlas::Backend::CUDA>)        [0m128     4096    128     2       1       32          6.3694      0.0066182   49.761      
[1m(BM_Ortho<float, batchlas::Backend::CUDA>)        [0m128     4096    512     0       1       13          16.462      0.080216    32.152      
[1m(BM_Ortho<float, batchlas::Backend::CUDA>)        [0m128     4096    512     2       1       9           24.806      0.054887    48.449      
[1m(BM_Ortho<float, batchlas::Backend::CUDA>)        [0m256     1024    128     0       1       46          4.3502      0.021133    33.986      
[1m(BM_Ortho<float, batchlas::Backend::CUDA>)        [0m256     1024    128     2       1       31          6.5660      0.027848    51.297      
[1m(BM_Ortho<float, batchlas::Backend::CUDA>)        [0m256     1024    512     0       1       11          19.634      0.030887    38.349      
[1m(BM_Ortho<float, batchlas::Backend::CUDA>)        [0m256     1024    512     2       1       7           29.586      0.076985    57.785      
[1m(BM_Ortho<float, batchlas::Backend::CUDA>)        [0m256     4096    128     0       1       11          18.841      0.055815    147.19      
[1m(BM_Ortho<float, batchlas::Backend::CUDA>)        [0m256     4096    128     2       1       8           28.279      0.069830    220.93      
[1m(BM_Ortho<float, batchlas::Backend::CUDA>)        [0m256     4096    512     0       1       5           76.340      0.42435     149.10      
[1m(BM_Ortho<float, batchlas::Backend::CUDA>)        [0m256     4096    512     2       1       5           114.38      0.70315     223.40      
[1m(BM_Ortho<double, batchlas::Backend::CUDA>)       [0m16      1024    128     0       1       50          0.56195     0.00036606  4.3902      
[1m(BM_Ortho<double, batchlas::Backend::CUDA>)       [0m16      1024    128     2       1       50          0.84635     0.0017231   6.6121      
[1m(BM_Ortho<double, batchlas::Backend::CUDA>)       [0m16      1024    512     0       1       50          1.9207      0.0032679   3.7513      
[1m(BM_Ortho<double, batchlas::Backend::CUDA>)       [0m16      1024    512     2       1       50          2.9329      0.0052885   5.7283      
[1m(BM_Ortho<double, batchlas::Backend::CUDA>)       [0m16      4096    128     0       1       50          2.1359      0.0041939   16.687      
[1m(BM_Ortho<double, batchlas::Backend::CUDA>)       [0m16      4096    128     2       1       50          3.2189      0.0050799   25.147      
[1m(BM_Ortho<double, batchlas::Backend::CUDA>)       [0m16      4096    512     0       1       27          7.5750      0.011882    14.795      
[1m(BM_Ortho<double, batchlas::Backend::CUDA>)       [0m16      4096    512     2       1       18          11.687      0.016125    22.827      
[1m(BM_Ortho<double, batchlas::Backend::CUDA>)       [0m32      1024    128     0       1       50          0.78364     0.00022750  6.1222      
[1m(BM_Ortho<double, batchlas::Backend::CUDA>)       [0m32      1024    128     2       1       50          1.1753      0.0015656   9.1819      
[1m(BM_Ortho<double, batchlas::Backend::CUDA>)       [0m32      1024    512     0       1       50          2.7931      0.0060953   5.4553      
[1m(BM_Ortho<double, batchlas::Backend::CUDA>)       [0m32      1024    512     2       1       48          4.1909      0.013503    8.1853      
[1m(BM_Ortho<double, batchlas::Backend::CUDA>)       [0m32      4096    128     0       1       50          3.0880      0.0061487   24.125      
[1m(BM_Ortho<double, batchlas::Backend::CUDA>)       [0m32      4096    128     2       1       44          4.6182      0.010253    36.080      
[1m(BM_Ortho<double, batchlas::Backend::CUDA>)       [0m32      4096    512     0       1       19          10.692      0.044058    20.883      
[1m(BM_Ortho<double, batchlas::Backend::CUDA>)       [0m32      4096    512     2       1       13          16.009      0.063429    31.268      
[1m(BM_Ortho<double, batchlas::Backend::CUDA>)       [0m64      1024    128     0       1       50          2.1687      0.0011271   16.943      
[1m(BM_Ortho<double, batchlas::Backend::CUDA>)       [0m64      1024    128     2       1       50          3.2570      0.026339    25.445      
[1m(BM_Ortho<double, batchlas::Backend::CUDA>)       [0m64      1024    512     0       1       24          8.3421      0.022413    16.293      
[1m(BM_Ortho<double, batchlas::Backend::CUDA>)       [0m64      1024    512     2       1       16          12.562      0.054486    24.535      
[1m(BM_Ortho<double, batchlas::Backend::CUDA>)       [0m64      4096    128     0       1       24          8.4890      0.043408    66.320      
[1m(BM_Ortho<double, batchlas::Backend::CUDA>)       [0m64      4096    128     2       1       16          12.775      0.092006    99.808      
[1m(BM_Ortho<double, batchlas::Backend::CUDA>)       [0m64      4096    512     0       1       7           31.738      0.051175    61.988      
[1m(BM_Ortho<double, batchlas::Backend::CUDA>)       [0m64      4096    512     2       1       5           47.582      0.093486    92.933      
[1m(BM_Ortho<double, batchlas::Backend::CUDA>)       [0m128     1024    128     0       1       27          7.6049      0.026068    59.414      
[1m(BM_Ortho<double, batchlas::Backend::CUDA>)       [0m128     1024    128     2       1       18          11.465      0.030399    89.571      
[1m(BM_Ortho<double, batchlas::Backend::CUDA>)       [0m128     1024    512     0       1       7           29.802      0.013465    58.206      
[1m(BM_Ortho<double, batchlas::Backend::CUDA>)       [0m128     1024    512     2       1       5           44.899      0.043558    87.694      
[1m(BM_Ortho<double, batchlas::Backend::CUDA>)       [0m128     4096    128     0       1       7           29.007      0.043502    226.61      
[1m(BM_Ortho<double, batchlas::Backend::CUDA>)       [0m128     4096    128     2       1       5           43.556      0.045228    340.28      
[1m(BM_Ortho<double, batchlas::Backend::CUDA>)       [0m128     4096    512     0       1       5           114.05      0.083245    222.75      
[1m(BM_Ortho<double, batchlas::Backend::CUDA>)       [0m128     4096    512     2       1       5           171.41      0.18643     334.79      
[1m(BM_Ortho<double, batchlas::Backend::CUDA>)       [0m256     1024    128     0       1       5           41.798      0.092619    326.55      
[1m(BM_Ortho<double, batchlas::Backend::CUDA>)       [0m256     1024    128     2       1       5           62.908      0.019868    491.47      
[1m(BM_Ortho<double, batchlas::Backend::CUDA>)       [0m256     1024    512     0       1       5           164.29      0.28924     320.89      
[1m(BM_Ortho<double, batchlas::Backend::CUDA>)       [0m256     1024    512     2       1       5           248.22      0.57110     484.81      
[1m(BM_Ortho<double, batchlas::Backend::CUDA>)       [0m256     4096    128     0       1       5           159.88      0.25358     1249.0      
[1m(BM_Ortho<double, batchlas::Backend::CUDA>)       [0m256     4096    128     2       1       5           240.49      0.56650     1878.8      
[1m(BM_Ortho<double, batchlas::Backend::CUDA>)       [0m256     4096    512     0       1       5           634.95      2.1266      1240.1      
[1m(BM_Ortho<double, batchlas::Backend::CUDA>)       [0m256     4096    512     2       1       5           957.66      2.0578      1870.4      
gpu_guard: GPU 1 exclusive for the whole run (SM clock was 210 MHz at start)
