[1;36mName                                              Arg0    Arg1    Arg2    Arg3    Arg4    Iter        Avg(ms)     Std(ms)     Time (µs) / matrix[0m
[1m(BM_Ortho<float, batchlas::Backend::CUDA>)        [0m16      1024    128     0       1       50          0.15224     0.014763    1.1894      
[1m(BM_Ortho<float, batchlas::Backend::CUDA>)        [0m16      1024    128     2       1       50          0.22085     0.017789    1.7254      
[1m(BM_Ortho<float, batchlas::Backend::CUDA>)        [0m16      1024    512     0       1       50          0.19537     0.00030409  0.38158     
[1m(BM_Ortho<float, batchlas::Backend::CUDA>)        [0m16      1024    512     2       1       50          0.29495     0.0033316   0.57608     
[1m(BM_Ortho<float, batchlas::Backend::CUDA>)        [0m16      4096    128     0       1       50          0.43391     0.0010548   3.3899      
[1m(BM_Ortho<float, batchlas::Backend::CUDA>)        [0m16      4096    128     2       1       50          0.65537     0.013605    5.1201      
[1m(BM_Ortho<float, batchlas::Backend::CUDA>)        [0m16      4096    512     0       1       50          1.0221      0.016873    1.9962      
[1m(BM_Ortho<float, batchlas::Backend::CUDA>)        [0m16      4096    512     2       1       50          1.5592      0.053697    3.0453      
[1m(BM_Ortho<float, batchlas::Backend::CUDA>)        [0m32      1024    128     0       1       50          0.19012     0.0059416   1.4853      
[1m(BM_Ortho<float, batchlas::Backend::CUDA>)        [0m32      1024    128     2       1       50          0.27980     0.0013889   2.1859      
[1m(BM_Ortho<float, batchlas::Backend::CUDA>)        [0m32      1024    512     0       1       50          0.36652     0.00050985  0.71587     
[1m(BM_Ortho<float, batchlas::Backend::CUDA>)        [0m32      1024    512     2       1       50          0.53610     0.0014244   1.0471      
[1m(BM_Ortho<float, batchlas::Backend::CUDA>)        [0m32      4096    128     0       1       50          0.64580     0.00032618  5.0453      
[1m(BM_Ortho<float, batchlas::Backend::CUDA>)        [0m32      4096    128     2       1       50          0.93160     0.00049464  7.2782      
[1m(BM_Ortho<float, batchlas::Backend::CUDA>)        [0m32      4096    512     0       1       50          1.8377      0.0020093   3.5892      
[1m(BM_Ortho<float, batchlas::Backend::CUDA>)        [0m32      4096    512     2       1       50          2.7484      0.0025313   5.3680      
[1m(BM_Ortho<float, batchlas::Backend::CUDA>)        [0m64      1024    128     0       1       50          0.37066     0.00021872  2.8958      
[1m(BM_Ortho<float, batchlas::Backend::CUDA>)        [0m64      1024    128     2       1       50          0.55509     0.00033876  4.3366      
[1m(BM_Ortho<float, batchlas::Backend::CUDA>)        [0m64      1024    512     0       1       50          1.4263      0.0045060   2.7858      
[1m(BM_Ortho<float, batchlas::Backend::CUDA>)        [0m64      1024    512     2       1       50          2.1450      0.0030027   4.1895      
[1m(BM_Ortho<float, batchlas::Backend::CUDA>)        [0m64      4096    128     0       1       50          1.6352      0.0026819   12.775      
[1m(BM_Ortho<float, batchlas::Backend::CUDA>)        [0m64      4096    128     2       1       50          2.4540      0.0026670   19.172      
[1m(BM_Ortho<float, batchlas::Backend::CUDA>)        [0m64      4096    512     0       1       37          5.5527      0.0035372   10.845      
[1m(BM_Ortho<float, batchlas::Backend::CUDA>)        [0m64      4096    512     2       1       25          8.3331      0.0081428   16.276      
[1m(BM_Ortho<float, batchlas::Backend::CUDA>)        [0m128     1024    128     0       1       50          1.0049      0.0014007   7.8506      
[1m(BM_Ortho<float, batchlas::Backend::CUDA>)        [0m128     1024    128     2       1       50          1.4996      0.0020014   11.716      
[1m(BM_Ortho<float, batchlas::Backend::CUDA>)        [0m128     1024    512     0       1       47          4.3212      0.0074329   8.4398      
[1m(BM_Ortho<float, batchlas::Backend::CUDA>)        [0m128     1024    512     2       1       31          6.4755      0.0067183   12.647      
[1m(BM_Ortho<float, batchlas::Backend::CUDA>)        [0m128     4096    128     0       1       48          4.2539      0.0056820   33.234      
[1m(BM_Ortho<float, batchlas::Backend::CUDA>)        [0m128     4096    128     2       1       32          6.3832      0.0061208   49.869      
[1m(BM_Ortho<float, batchlas::Backend::CUDA>)        [0m128     4096    512     0       1       13          16.437      0.064304    32.104      
[1m(BM_Ortho<float, batchlas::Backend::CUDA>)        [0m128     4096    512     2       1       9           24.894      0.056847    48.620      
[1m(BM_Ortho<float, batchlas::Backend::CUDA>)        [0m256     1024    128     0       1       50          4.0816      0.0089326   31.888      
[1m(BM_Ortho<float, batchlas::Backend::CUDA>)        [0m256     1024    128     2       1       33          6.1389      0.028319    47.960      
[1m(BM_Ortho<float, batchlas::Backend::CUDA>)        [0m256     1024    512     0       1       13          16.113      0.23828     31.471      
[1m(BM_Ortho<float, batchlas::Backend::CUDA>)        [0m256     1024    512     2       1       9           23.915      0.14423     46.709      
[1m(BM_Ortho<float, batchlas::Backend::CUDA>)        [0m256     4096    128     0       1       13          15.417      0.15086     120.44      
[1m(BM_Ortho<float, batchlas::Backend::CUDA>)        [0m256     4096    128     2       1       9           23.377      0.16330     182.63      
[1m(BM_Ortho<float, batchlas::Backend::CUDA>)        [0m256     4096    512     0       1       5           61.049      0.81607     119.24      
[1m(BM_Ortho<float, batchlas::Backend::CUDA>)        [0m256     4096    512     2       1       5           90.203      1.8645      176.18      
[1m(BM_Ortho<double, batchlas::Backend::CUDA>)       [0m16      1024    128     0       1       50          0.56295     0.0027482   4.3981      
[1m(BM_Ortho<double, batchlas::Backend::CUDA>)       [0m16      1024    128     2       1       50          0.84744     0.0032209   6.6207      
[1m(BM_Ortho<double, batchlas::Backend::CUDA>)       [0m16      1024    512     0       1       50          1.9205      0.0033065   3.7510      
[1m(BM_Ortho<double, batchlas::Backend::CUDA>)       [0m16      1024    512     2       1       50          2.9343      0.0049640   5.7310      
[1m(BM_Ortho<double, batchlas::Backend::CUDA>)       [0m16      4096    128     0       1       50          2.1379      0.0045072   16.702      
[1m(BM_Ortho<double, batchlas::Backend::CUDA>)       [0m16      4096    128     2       1       50          3.2202      0.0054437   25.158      
[1m(BM_Ortho<double, batchlas::Backend::CUDA>)       [0m16      4096    512     0       1       27          7.5663      0.014037    14.778      
[1m(BM_Ortho<double, batchlas::Backend::CUDA>)       [0m16      4096    512     2       1       18          11.703      0.022001    22.858      
[1m(BM_Ortho<double, batchlas::Backend::CUDA>)       [0m32      1024    128     0       1       50          0.78378     0.00017356  6.1233      
[1m(BM_Ortho<double, batchlas::Backend::CUDA>)       [0m32      1024    128     2       1       50          1.1754      0.00069751  9.1827      
[1m(BM_Ortho<double, batchlas::Backend::CUDA>)       [0m32      1024    512     0       1       50          2.7903      0.0057762   5.4498      
[1m(BM_Ortho<double, batchlas::Backend::CUDA>)       [0m32      1024    512     2       1       48          4.1899      0.0089782   8.1834      
[1m(BM_Ortho<double, batchlas::Backend::CUDA>)       [0m32      4096    128     0       1       50          3.0912      0.0092031   24.150      
[1m(BM_Ortho<double, batchlas::Backend::CUDA>)       [0m32      4096    128     2       1       44          4.6380      0.015772    36.235      
[1m(BM_Ortho<double, batchlas::Backend::CUDA>)       [0m32      4096    512     0       1       19          10.693      0.042051    20.885      
[1m(BM_Ortho<double, batchlas::Backend::CUDA>)       [0m32      4096    512     2       1       13          16.026      0.048816    31.301      
[1m(BM_Ortho<double, batchlas::Backend::CUDA>)       [0m64      1024    128     0       1       50          2.1689      0.0010226   16.945      
[1m(BM_Ortho<double, batchlas::Backend::CUDA>)       [0m64      1024    128     2       1       50          3.2483      0.020293    25.377      
[1m(BM_Ortho<double, batchlas::Backend::CUDA>)       [0m64      1024    512     0       1       24          8.3379      0.017215    16.285      
[1m(BM_Ortho<double, batchlas::Backend::CUDA>)       [0m64      1024    512     2       1       16          12.546      0.034723    24.505      
[1m(BM_Ortho<double, batchlas::Backend::CUDA>)       [0m64      4096    128     0       1       24          8.4752      0.027804    66.212      
[1m(BM_Ortho<double, batchlas::Backend::CUDA>)       [0m64      4096    128     2       1       16          12.746      0.061627    99.579      
[1m(BM_Ortho<double, batchlas::Backend::CUDA>)       [0m64      4096    512     0       1       7           31.710      0.072050    61.934      
[1m(BM_Ortho<double, batchlas::Backend::CUDA>)       [0m64      4096    512     2       1       5           47.569      0.11213     92.907      
[1m(BM_Ortho<double, batchlas::Backend::CUDA>)       [0m128     1024    128     0       1       27          7.6010      0.032284    59.383      
[1m(BM_Ortho<double, batchlas::Backend::CUDA>)       [0m128     1024    128     2       1       18          11.438      0.052800    89.359      
[1m(BM_Ortho<double, batchlas::Backend::CUDA>)       [0m128     1024    512     0       1       7           29.830      0.031117    58.262      
[1m(BM_Ortho<double, batchlas::Backend::CUDA>)       [0m128     1024    512     2       1       5           44.826      0.064157    87.552      
[1m(BM_Ortho<double, batchlas::Backend::CUDA>)       [0m128     4096    128     0       1       7           29.027      0.033877    226.78      
[1m(BM_Ortho<double, batchlas::Backend::CUDA>)       [0m128     4096    128     2       1       5           43.681      0.12167     341.25      
[1m(BM_Ortho<double, batchlas::Backend::CUDA>)       [0m128     4096    512     0       1       5           114.04      0.084735    222.74      
[1m(BM_Ortho<double, batchlas::Backend::CUDA>)       [0m128     4096    512     2       1       5           171.41      0.11476     334.78      
[1m(BM_Ortho<double, batchlas::Backend::CUDA>)       [0m256     1024    128     0       1       5           41.757      0.0038995   326.23      
[1m(BM_Ortho<double, batchlas::Backend::CUDA>)       [0m256     1024    128     2       1       5           63.060      0.076012    492.65      
[1m(BM_Ortho<double, batchlas::Backend::CUDA>)       [0m256     1024    512     0       1       5           164.15      0.28428     320.60      
[1m(BM_Ortho<double, batchlas::Backend::CUDA>)       [0m256     1024    512     2       1       5           247.54      0.55005     483.49      
[1m(BM_Ortho<double, batchlas::Backend::CUDA>)       [0m256     4096    128     0       1       5           160.19      0.29011     1251.4      
[1m(BM_Ortho<double, batchlas::Backend::CUDA>)       [0m256     4096    128     2       1       5           241.71      0.76631     1888.4      
[1m(BM_Ortho<double, batchlas::Backend::CUDA>)       [0m256     4096    512     0       1       5           633.85      1.2457      1238.0      
[1m(BM_Ortho<double, batchlas::Backend::CUDA>)       [0m256     4096    512     2       1       5           956.17      2.2280      1867.5      
gpu_guard: GPU 1 exclusive for the whole run (SM clock was 210 MHz at start)
