[1;36mName                                              Arg0    Arg1    Arg2    Arg3    Arg4    Iter        Avg(ms)     Std(ms)     Time (µs) / matrix[0m
[1m(BM_Ortho<float, batchlas::Backend::CUDA>)        [0m16      1024    128     0       1       50          0.22023     0.00055541  1.7205      
[1m(BM_Ortho<float, batchlas::Backend::CUDA>)        [0m16      1024    128     2       1       50          0.31843     0.011878    2.4877      
[1m(BM_Ortho<float, batchlas::Backend::CUDA>)        [0m16      1024    512     0       1       50          0.40450     0.00066032  0.79004     
[1m(BM_Ortho<float, batchlas::Backend::CUDA>)        [0m16      1024    512     2       1       50          0.60527     0.00061720  1.1822      
[1m(BM_Ortho<float, batchlas::Backend::CUDA>)        [0m16      4096    128     0       1       50          0.64384     0.00068185  5.0300      
[1m(BM_Ortho<float, batchlas::Backend::CUDA>)        [0m16      4096    128     2       1       50          0.96393     0.0017405   7.5307      
[1m(BM_Ortho<float, batchlas::Backend::CUDA>)        [0m16      4096    512     0       1       50          1.5961      0.0026507   3.1173      
[1m(BM_Ortho<float, batchlas::Backend::CUDA>)        [0m16      4096    512     2       1       50          2.3822      0.0020757   4.6527      
[1m(BM_Ortho<float, batchlas::Backend::CUDA>)        [0m32      1024    128     0       1       50          0.32210     0.00032613  2.5164      
[1m(BM_Ortho<float, batchlas::Backend::CUDA>)        [0m32      1024    128     2       1       50          0.48330     0.00033000  3.7758      
[1m(BM_Ortho<float, batchlas::Backend::CUDA>)        [0m32      1024    512     0       1       50          0.84615     0.00033117  1.6526      
[1m(BM_Ortho<float, batchlas::Backend::CUDA>)        [0m32      1024    512     2       1       50          1.2785      0.0017924   2.4971      
[1m(BM_Ortho<float, batchlas::Backend::CUDA>)        [0m32      4096    128     0       1       50          1.1210      0.0013516   8.7577      
[1m(BM_Ortho<float, batchlas::Backend::CUDA>)        [0m32      4096    128     2       1       50          1.6462      0.0012341   12.861      
[1m(BM_Ortho<float, batchlas::Backend::CUDA>)        [0m32      4096    512     0       1       50          3.2744      0.0013769   6.3953      
[1m(BM_Ortho<float, batchlas::Backend::CUDA>)        [0m32      4096    512     2       1       41          4.9010      0.0013899   9.5722      
[1m(BM_Ortho<float, batchlas::Backend::CUDA>)        [0m64      1024    128     0       1       50          0.66794     0.00032714  5.2183      
[1m(BM_Ortho<float, batchlas::Backend::CUDA>)        [0m64      1024    128     2       1       50          1.0012      0.0016321   7.8219      
[1m(BM_Ortho<float, batchlas::Backend::CUDA>)        [0m64      1024    512     0       1       50          2.2468      0.0016737   4.3883      
[1m(BM_Ortho<float, batchlas::Backend::CUDA>)        [0m64      1024    512     2       1       50          3.3651      0.0018702   6.5724      
[1m(BM_Ortho<float, batchlas::Backend::CUDA>)        [0m64      4096    128     0       1       50          2.4713      0.0017711   19.307      
[1m(BM_Ortho<float, batchlas::Backend::CUDA>)        [0m64      4096    128     2       1       50          3.6964      0.0020030   28.878      
[1m(BM_Ortho<float, batchlas::Backend::CUDA>)        [0m64      4096    512     0       1       24          8.4396      0.0054879   16.484      
[1m(BM_Ortho<float, batchlas::Backend::CUDA>)        [0m64      4096    512     2       1       16          12.660      0.012535    24.726      
[1m(BM_Ortho<float, batchlas::Backend::CUDA>)        [0m128     1024    128     0       1       50          1.4374      0.013576    11.230      
[1m(BM_Ortho<float, batchlas::Backend::CUDA>)        [0m128     1024    128     2       1       50          2.1682      0.016794    16.939      
[1m(BM_Ortho<float, batchlas::Backend::CUDA>)        [0m128     1024    512     0       1       36          5.6663      0.0066867   11.067      
[1m(BM_Ortho<float, batchlas::Backend::CUDA>)        [0m128     1024    512     2       1       24          8.5140      0.030176    16.629      
[1m(BM_Ortho<float, batchlas::Backend::CUDA>)        [0m128     4096    128     0       1       37          5.5026      0.037275    42.989      
[1m(BM_Ortho<float, batchlas::Backend::CUDA>)        [0m128     4096    128     2       1       25          8.2664      0.063667    64.581      
[1m(BM_Ortho<float, batchlas::Backend::CUDA>)        [0m128     4096    512     0       1       10          21.180      0.20566     41.367      
[1m(BM_Ortho<float, batchlas::Backend::CUDA>)        [0m128     4096    512     2       1       7           31.962      0.23921     62.426      
[1m(BM_Ortho<float, batchlas::Backend::CUDA>)        [0m256     1024    128     0       1       50          4.0745      0.018393    31.832      
[1m(BM_Ortho<float, batchlas::Backend::CUDA>)        [0m256     1024    128     2       1       33          6.1261      0.021057    47.860      
[1m(BM_Ortho<float, batchlas::Backend::CUDA>)        [0m256     1024    512     0       1       13          16.094      0.24771     31.434      
[1m(BM_Ortho<float, batchlas::Backend::CUDA>)        [0m256     1024    512     2       1       9           23.952      0.21220     46.780      
[1m(BM_Ortho<float, batchlas::Backend::CUDA>)        [0m256     4096    128     0       1       14          15.380      0.13133     120.16      
[1m(BM_Ortho<float, batchlas::Backend::CUDA>)        [0m256     4096    128     2       1       9           23.280      0.31931     181.87      
[1m(BM_Ortho<float, batchlas::Backend::CUDA>)        [0m256     4096    512     0       1       5           60.216      1.1907      117.61      
[1m(BM_Ortho<float, batchlas::Backend::CUDA>)        [0m256     4096    512     2       1       5           89.538      2.3577      174.88      
[1m(BM_Ortho<double, batchlas::Backend::CUDA>)       [0m16      1024    128     0       1       50          1.0087      0.0015660   7.8801      
[1m(BM_Ortho<double, batchlas::Backend::CUDA>)       [0m16      1024    128     2       1       50          1.5121      0.0028823   11.813      
[1m(BM_Ortho<double, batchlas::Backend::CUDA>)       [0m16      1024    512     0       1       50          3.6582      0.051478    7.1449      
[1m(BM_Ortho<double, batchlas::Backend::CUDA>)       [0m16      1024    512     2       1       37          5.4569      0.0013670   10.658      
[1m(BM_Ortho<double, batchlas::Backend::CUDA>)       [0m16      4096    128     0       1       50          3.8893      0.0053996   30.385      
[1m(BM_Ortho<double, batchlas::Backend::CUDA>)       [0m16      4096    128     2       1       35          5.8014      0.0056247   45.324      
[1m(BM_Ortho<double, batchlas::Backend::CUDA>)       [0m16      4096    512     0       1       14          14.322      0.022298    27.973      
[1m(BM_Ortho<double, batchlas::Backend::CUDA>)       [0m16      4096    512     2       1       10          21.469      0.032129    41.932      
[1m(BM_Ortho<double, batchlas::Backend::CUDA>)       [0m32      1024    128     0       1       50          1.6614      0.00097607  12.980      
[1m(BM_Ortho<double, batchlas::Backend::CUDA>)       [0m32      1024    128     2       1       50          2.4915      0.0015672   19.465      
[1m(BM_Ortho<double, batchlas::Backend::CUDA>)       [0m32      1024    512     0       1       33          6.1848      0.046400    12.080      
[1m(BM_Ortho<double, batchlas::Backend::CUDA>)       [0m32      1024    512     2       1       22          9.2610      0.0054358   18.088      
[1m(BM_Ortho<double, batchlas::Backend::CUDA>)       [0m32      4096    128     0       1       31          6.4815      0.0016167   50.637      
[1m(BM_Ortho<double, batchlas::Backend::CUDA>)       [0m32      4096    128     2       1       21          9.7200      0.0022401   75.938      
[1m(BM_Ortho<double, batchlas::Backend::CUDA>)       [0m32      4096    512     0       1       9           24.271      0.0043461   47.405      
[1m(BM_Ortho<double, batchlas::Backend::CUDA>)       [0m32      4096    512     2       1       6           36.304      0.030554    70.906      
[1m(BM_Ortho<double, batchlas::Backend::CUDA>)       [0m64      1024    128     0       1       50          3.9054      0.016960    30.511      
[1m(BM_Ortho<double, batchlas::Backend::CUDA>)       [0m64      1024    128     2       1       35          5.8455      0.0066309   45.668      
[1m(BM_Ortho<double, batchlas::Backend::CUDA>)       [0m64      1024    512     0       1       14          14.980      0.016361    29.258      
[1m(BM_Ortho<double, batchlas::Backend::CUDA>)       [0m64      1024    512     2       1       9           22.460      0.0035913   43.867      
[1m(BM_Ortho<double, batchlas::Backend::CUDA>)       [0m64      4096    128     0       1       14          15.139      0.0052336   118.28      
[1m(BM_Ortho<double, batchlas::Backend::CUDA>)       [0m64      4096    128     2       1       9           22.715      0.0035838   177.46      
[1m(BM_Ortho<double, batchlas::Backend::CUDA>)       [0m64      4096    512     0       1       5           58.835      0.0043830   114.91      
[1m(BM_Ortho<double, batchlas::Backend::CUDA>)       [0m64      4096    512     2       1       5           88.316      0.060418    172.49      
[1m(BM_Ortho<double, batchlas::Backend::CUDA>)       [0m128     1024    128     0       1       19          11.035      0.0073240   86.209      
[1m(BM_Ortho<double, batchlas::Backend::CUDA>)       [0m128     1024    128     2       1       13          16.547      0.0029866   129.27      
[1m(BM_Ortho<double, batchlas::Backend::CUDA>)       [0m128     1024    512     0       1       5           43.272      0.0046825   84.516      
[1m(BM_Ortho<double, batchlas::Backend::CUDA>)       [0m128     1024    512     2       1       5           64.909      0.0041020   126.78      
[1m(BM_Ortho<double, batchlas::Backend::CUDA>)       [0m128     4096    128     0       1       5           42.466      0.016294    331.76      
[1m(BM_Ortho<double, batchlas::Backend::CUDA>)       [0m128     4096    128     2       1       5           63.730      0.038412    497.89      
[1m(BM_Ortho<double, batchlas::Backend::CUDA>)       [0m128     4096    512     0       1       5           168.94      0.060917    329.96      
[1m(BM_Ortho<double, batchlas::Backend::CUDA>)       [0m128     4096    512     2       1       5           253.37      0.016540    494.85      
[1m(BM_Ortho<double, batchlas::Backend::CUDA>)       [0m256     1024    128     0       1       5           48.388      0.0029710   378.03      
[1m(BM_Ortho<double, batchlas::Backend::CUDA>)       [0m256     1024    128     2       1       5           72.577      0.0094460   567.01      
[1m(BM_Ortho<double, batchlas::Backend::CUDA>)       [0m256     1024    512     0       1       5           191.75      0.012555    374.51      
[1m(BM_Ortho<double, batchlas::Backend::CUDA>)       [0m256     1024    512     2       1       5           287.77      0.15291     562.04      
[1m(BM_Ortho<double, batchlas::Backend::CUDA>)       [0m256     4096    128     0       1       5           186.89      0.026732    1460.1      
[1m(BM_Ortho<double, batchlas::Backend::CUDA>)       [0m256     4096    128     2       1       5           280.18      0.015849    2188.9      
[1m(BM_Ortho<double, batchlas::Backend::CUDA>)       [0m256     4096    512     0       1       5           746.84      0.021702    1458.7      
[1m(BM_Ortho<double, batchlas::Backend::CUDA>)       [0m256     4096    512     2       1       5           1119.4      0.010426    2186.4      
gpu_guard: GPU 1 exclusive for the whole run (SM clock was 210 MHz at start)
