trsm ortho grid: 9 of 54 cells dropped, over the 6.0 GB cap:
    n=32 q=4096 batch=2048 (8.6 GB)
    n=64 q=4096 batch=2048 (17.3 GB)
    n=128 q=1024 batch=2048 (9.1 GB)
    n=128 q=4096 batch=512 (8.7 GB)
    n=128 q=4096 batch=2048 (34.9 GB)
    n=256 q=256 batch=2048 (6.4 GB)
    n=256 q=1024 batch=2048 (19.3 GB)
    n=256 q=4096 batch=512 (17.7 GB)
    n=256 q=4096 batch=2048 (70.9 GB)
trsm route forced: native -> native:auto
[1;36mName                                              Arg0    Arg1    Arg2    Iter        Avg(ms)     Std(ms)     GFLOPS      Time (us) / matrix[0m
[1m(BM_TRSM_OrthoLeft<float, batchlas::Backend::CUDA>)[0m256     1024    128     200         0.94808     0.0065000   9060.3      7.4069      
[1m(BM_TRSM_OrthoLeft<float, batchlas::Backend::CUDA>)[0m256     1024    512     44          4.5804      0.0060127   7501.4      8.9462      
[1m(BM_TRSM_OrthoLeft<float, batchlas::Backend::CUDA>)[0m256     4096    128     45          4.5223      0.0056997   7597.8      35.331      
[1m(BM_TRSM_OrthoLeft<float, batchlas::Backend::CUDA>)[0m256     4096    512     11          18.406      0.014012    7467.2      35.949      
[1m(BM_TRSM_OrthoLeft<float, batchlas::Backend::CUDA>)[0m512     1024    128     83          2.4348      0.0066571   14112.      19.022      
[1m(BM_TRSM_OrthoLeft<float, batchlas::Backend::CUDA>)[0m512     1024    512     18          11.194      0.0080995   12278.      21.862      
[1m(BM_TRSM_OrthoLeft<float, batchlas::Backend::CUDA>)[0m512     4096    128     19          11.051      0.012934    12436.      86.338      
[1m(BM_TRSM_OrthoLeft<float, batchlas::Backend::CUDA>)[0m512     4096    512     10          45.116      0.027569    12185.      88.118      
gpu_guard: GPU 1 exclusive for the whole run (SM clock was 210 MHz at start)
