trsm ortho grid: 9 of 54 cells dropped, over the 6.0 GB cap:
    n=32 q=4096 batch=2048 (8.6 GB)
    n=64 q=4096 batch=2048 (17.3 GB)
    n=128 q=1024 batch=2048 (9.1 GB)
    n=128 q=4096 batch=512 (8.7 GB)
    n=128 q=4096 batch=2048 (34.9 GB)
    n=256 q=256 batch=2048 (6.4 GB)
    n=256 q=1024 batch=2048 (19.3 GB)
    n=256 q=4096 batch=512 (17.7 GB)
    n=256 q=4096 batch=2048 (70.9 GB)
trsm route forced: vendor -> vendor:auto
[1;36mName                                              Arg0    Arg1    Arg2    Iter        Avg(ms)     Std(ms)     GFLOPS      Time (us) / matrix[0m
[1m(BM_TRSM_OrthoLeft<float, batchlas::Backend::CUDA>)[0m256     1024    128     128         1.5724      0.017042    5463.0      12.284      
[1m(BM_TRSM_OrthoLeft<float, batchlas::Backend::CUDA>)[0m256     1024    512     34          6.0397      0.020962    5689.0      11.796      
[1m(BM_TRSM_OrthoLeft<float, batchlas::Backend::CUDA>)[0m256     4096    128     34          6.0124      0.0072695   5714.8      46.972      
[1m(BM_TRSM_OrthoLeft<float, batchlas::Backend::CUDA>)[0m256     4096    512     10          23.481      0.011889    5853.1      45.862      
[1m(BM_TRSM_OrthoLeft<float, batchlas::Backend::CUDA>)[0m512     1024    128     55          3.6374      0.0076648   9446.4      28.417      
[1m(BM_TRSM_OrthoLeft<float, batchlas::Backend::CUDA>)[0m512     1024    512     15          14.275      0.025792    9628.2      27.880      
[1m(BM_TRSM_OrthoLeft<float, batchlas::Backend::CUDA>)[0m512     4096    128     14          14.356      0.019091    9573.3      112.16      
[1m(BM_TRSM_OrthoLeft<float, batchlas::Backend::CUDA>)[0m512     4096    512     10          56.940      0.10123     9655.0      111.21      
gpu_guard: GPU 1 exclusive for the whole run (SM clock was 210 MHz at start)
