2775 MHz, 59
[1;36mName                                              Arg0    Arg1    Arg2    Arg3    Arg4    Arg5    Arg6    Arg7    Iter        Avg(ms)     Std(ms)     chk         GFLOPS      GB/s        Time (µs) / matrixnnz/item    nnz/row     [0m
[1m(BM_SPMM_Grid<std::complex<double>, batchlas::Backend::CUDA>)[0m1024    3       1       8       0       0       0       1       100         0.0053942   0.00042305  940.25      36.448      145.80      0.67428     3072        3           
[1m(BM_SPMM_Grid<std::complex<double>, batchlas::Backend::CUDA>)[0m1024    3       1       8       0       0       1       1       100         0.0057974   7.9076e-06  2521.9      33.913      135.66      0.72468     3072        3           
[1m(BM_SPMM_Grid<std::complex<double>, batchlas::Backend::CUDA>)[0m1024    3       1       32      0       0       0       1       100         0.0065951   0.00014961  940.25      119.25      477.00      0.20610     3072        3           
[1m(BM_SPMM_Grid<std::complex<double>, batchlas::Backend::CUDA>)[0m1024    3       1       32      0       0       1       1       100         0.0091935   3.6977e-06  2521.9      85.542      342.18      0.28730     3072        3           
[1m(BM_SPMM_Grid<std::complex<double>, batchlas::Backend::CUDA>)[0m1024    3       1       64      0       0       0       1       100         0.010022    1.0330e-05  940.25      156.94      627.80      0.15659     3072        3           
[1m(BM_SPMM_Grid<std::complex<double>, batchlas::Backend::CUDA>)[0m1024    3       1       64      0       0       1       1       100         0.013257    1.4644e-05  2521.9      118.64      474.59      0.20714     3072        3           
[1m(BM_SPMM_Grid<std::complex<double>, batchlas::Backend::CUDA>)[0m1024    3       1       128     0       0       0       1       100         0.015444    1.7440e-05  940.25      203.69      814.78      0.12066     3072        3           
[1m(BM_SPMM_Grid<std::complex<double>, batchlas::Backend::CUDA>)[0m1024    3       1       128     0       0       1       1       100         0.021678    2.0320e-05  2521.9      145.11      580.46      0.16936     3072        3           
[1m(BM_SPMM_Grid<std::complex<double>, batchlas::Backend::CUDA>)[0m1024    3       1       256     0       0       0       1       100         0.026383    2.4562e-05  940.25      238.46      953.89      0.10306     3072        3           
[1m(BM_SPMM_Grid<std::complex<double>, batchlas::Backend::CUDA>)[0m1024    3       1       256     0       0       1       1       100         0.036981    2.9873e-05  2521.9      170.13      680.53      0.14446     3072        3           
[1m(BM_SPMM_Grid<std::complex<double>, batchlas::Backend::CUDA>)[0m1024    3       1       512     0       0       0       1       100         0.046759    2.5828e-05  940.25      269.10      1076.4      0.091326    3072        3           
[1m(BM_SPMM_Grid<std::complex<double>, batchlas::Backend::CUDA>)[0m1024    3       1       512     0       0       1       1       100         0.066457    0.00022807  2521.9      189.34      757.39      0.12980     3072        3           
[1m(BM_SPMM_Grid<std::complex<double>, batchlas::Backend::CUDA>)[0m1024    3       1       1024    0       0       0       1       100         0.12391     0.00017180  940.25      203.10      812.43      0.12101     3072        3           
[1m(BM_SPMM_Grid<std::complex<double>, batchlas::Backend::CUDA>)[0m1024    3       1       1024    0       0       1       1       100         0.15934     0.00033285  2521.9      157.94      631.79      0.15560     3072        3           
[1m(BM_SPMM_Grid<std::complex<double>, batchlas::Backend::CUDA>)[0m1024    3       2       8       0       0       0       1       100         0.0061739   0.00090919  1874.1      63.690      169.85      0.77174     3072        3           
[1m(BM_SPMM_Grid<std::complex<double>, batchlas::Backend::CUDA>)[0m1024    3       2       8       0       0       1       1       100         0.0071814   0.00024636  4971.2      54.755      146.02      0.89767     3072        3           
[1m(BM_SPMM_Grid<std::complex<double>, batchlas::Backend::CUDA>)[0m1024    3       2       32      0       0       0       1       100         0.0090612   0.00010429  1874.1      173.58      462.90      0.28316     3072        3           
[1m(BM_SPMM_Grid<std::complex<double>, batchlas::Backend::CUDA>)[0m1024    3       2       32      0       0       1       1       100         0.012803    1.2293e-05  4971.2      122.85      327.60      0.40011     3072        3           
[1m(BM_SPMM_Grid<std::complex<double>, batchlas::Backend::CUDA>)[0m1024    3       2       64      0       0       0       1       100         0.015201    2.1412e-05  1874.1      206.94      551.85      0.23752     3072        3           
[1m(BM_SPMM_Grid<std::complex<double>, batchlas::Backend::CUDA>)[0m1024    3       2       64      0       0       1       1       100         0.020743    1.7942e-05  4971.2      151.65      404.42      0.32411     3072        3           
[1m(BM_SPMM_Grid<std::complex<double>, batchlas::Backend::CUDA>)[0m1024    3       2       128     0       0       0       1       100         0.025682    0.00012589  1874.1      244.98      653.30      0.20064     3072        3           
[1m(BM_SPMM_Grid<std::complex<double>, batchlas::Backend::CUDA>)[0m1024    3       2       128     0       0       1       1       100         0.035104    2.7854e-05  4971.2      179.22      477.94      0.27425     3072        3           
[1m(BM_SPMM_Grid<std::complex<double>, batchlas::Backend::CUDA>)[0m1024    3       2       256     0       0       0       1       100         0.048797    7.0906e-05  1874.1      257.86      687.65      0.19061     3072        3           
[1m(BM_SPMM_Grid<std::complex<double>, batchlas::Backend::CUDA>)[0m1024    3       2       256     0       0       1       1       100         0.064184    0.00020779  4971.2      196.05      522.80      0.25072     3072        3           
[1m(BM_SPMM_Grid<std::complex<double>, batchlas::Backend::CUDA>)[0m1024    3       2       512     0       0       0       1       100         0.089034    0.00021715  1874.1      282.65      753.76      0.17390     3072        3           
[1m(BM_SPMM_Grid<std::complex<double>, batchlas::Backend::CUDA>)[0m1024    3       2       512     0       0       1       1       100         0.12131     0.00024433  4971.2      207.45      553.21      0.23694     3072        3           
[1m(BM_SPMM_Grid<std::complex<double>, batchlas::Backend::CUDA>)[0m1024    3       2       1024    0       0       0       1       100         0.22866     0.00034818  1874.1      220.12      586.99      0.22330     3072        3           
[1m(BM_SPMM_Grid<std::complex<double>, batchlas::Backend::CUDA>)[0m1024    3       2       1024    0       0       1       1       100         0.31352     0.0014291   4971.2      160.54      428.11      0.30617     3072        3           
2775 MHz, 59
