2775 MHz, 54
[1;36mName                                              Arg0    Arg1    Arg2    Arg3    Arg4    Arg5    Arg6    Arg7    Iter        Avg(ms)     Std(ms)     chk         GFLOPS      GB/s        Time (µs) / matrixnnz/item    nnz/row     [0m
[1m(BM_SPMM_Grid<std::complex<double>, batchlas::Backend::CUDA>)[0m1024    3       1       8       0       0       0       1       100         0.017456    2.6787e-05  940.25      11.263      45.055      2.1819      3072        3           
[1m(BM_SPMM_Grid<std::complex<double>, batchlas::Backend::CUDA>)[0m1024    3       1       8       0       0       1       1       100         0.017575    3.0813e-05  2521.9      11.187      44.748      2.1969      3072        3           
[1m(BM_SPMM_Grid<std::complex<double>, batchlas::Backend::CUDA>)[0m1024    3       1       32      0       0       0       1       100         0.025119    0.00015155  940.25      31.308      125.24      0.78498     3072        3           
[1m(BM_SPMM_Grid<std::complex<double>, batchlas::Backend::CUDA>)[0m1024    3       1       32      0       0       1       1       100         0.025149    2.8072e-05  2521.9      31.271      125.09      0.78591     3072        3           
[1m(BM_SPMM_Grid<std::complex<double>, batchlas::Backend::CUDA>)[0m1024    3       1       64      0       0       0       1       100         0.032904    3.2492e-05  940.25      47.802      191.21      0.51413     3072        3           
[1m(BM_SPMM_Grid<std::complex<double>, batchlas::Backend::CUDA>)[0m1024    3       1       64      0       0       1       1       100         0.032794    3.2185e-05  2521.9      47.962      191.86      0.51241     3072        3           
[1m(BM_SPMM_Grid<std::complex<double>, batchlas::Backend::CUDA>)[0m1024    3       1       128     0       0       0       1       100         0.051778    3.5230e-05  940.25      60.754      243.03      0.40452     3072        3           
[1m(BM_SPMM_Grid<std::complex<double>, batchlas::Backend::CUDA>)[0m1024    3       1       128     0       0       1       1       100         0.051846    3.2937e-05  2521.9      60.675      242.71      0.40505     3072        3           
[1m(BM_SPMM_Grid<std::complex<double>, batchlas::Backend::CUDA>)[0m1024    3       1       256     0       0       0       1       100         0.091005    4.3805e-05  940.25      69.133      276.54      0.35549     3072        3           
[1m(BM_SPMM_Grid<std::complex<double>, batchlas::Backend::CUDA>)[0m1024    3       1       256     0       0       1       1       100         0.090859    9.7183e-05  2521.9      69.244      276.99      0.35492     3072        3           
[1m(BM_SPMM_Grid<std::complex<double>, batchlas::Backend::CUDA>)[0m1024    3       1       512     0       0       0       1       100         0.17091     0.00018217  940.25      73.625      294.51      0.33380     3072        3           
[1m(BM_SPMM_Grid<std::complex<double>, batchlas::Backend::CUDA>)[0m1024    3       1       512     0       0       1       1       100         0.17046     0.00015088  2521.9      73.816      295.28      0.33294     3072        3           
[1m(BM_SPMM_Grid<std::complex<double>, batchlas::Backend::CUDA>)[0m1024    3       1       1024    0       0       0       1       100         0.33115     0.00021376  940.25      75.995      303.99      0.32339     3072        3           
[1m(BM_SPMM_Grid<std::complex<double>, batchlas::Backend::CUDA>)[0m1024    3       1       1024    0       0       1       1       100         0.33045     0.00018602  2521.9      76.157      304.64      0.32270     3072        3           
[1m(BM_SPMM_Grid<std::complex<double>, batchlas::Backend::CUDA>)[0m1024    3       2       8       0       0       0       1       100         0.021345    3.7419e-05  1874.1      18.422      49.128      2.6681      3072        3           
[1m(BM_SPMM_Grid<std::complex<double>, batchlas::Backend::CUDA>)[0m1024    3       2       8       0       0       1       1       100         0.019169    0.0013124   4971.2      20.514      54.704      2.3961      3072        3           
[1m(BM_SPMM_Grid<std::complex<double>, batchlas::Backend::CUDA>)[0m1024    3       2       32      0       0       0       1       100         0.027579    3.8619e-05  1874.1      57.031      152.09      0.86185     3072        3           
[1m(BM_SPMM_Grid<std::complex<double>, batchlas::Backend::CUDA>)[0m1024    3       2       32      0       0       1       1       100         0.031703    0.0013067   4971.2      49.613      132.30      0.99071     3072        3           
[1m(BM_SPMM_Grid<std::complex<double>, batchlas::Backend::CUDA>)[0m1024    3       2       64      0       0       0       1       100         0.044138    0.00029046  1874.1      71.270      190.06      0.68966     3072        3           
[1m(BM_SPMM_Grid<std::complex<double>, batchlas::Backend::CUDA>)[0m1024    3       2       64      0       0       1       1       100         0.044013    0.00010496  4971.2      71.473      190.60      0.68770     3072        3           
[1m(BM_SPMM_Grid<std::complex<double>, batchlas::Backend::CUDA>)[0m1024    3       2       128     0       0       0       1       100         0.055077    0.00017007  1874.1      114.23      304.62      0.43029     3072        3           
[1m(BM_SPMM_Grid<std::complex<double>, batchlas::Backend::CUDA>)[0m1024    3       2       128     0       0       1       1       100         0.055865    3.8209e-05  4971.2      112.62      300.33      0.43645     3072        3           
[1m(BM_SPMM_Grid<std::complex<double>, batchlas::Backend::CUDA>)[0m1024    3       2       256     0       0       0       1       100         0.094050    0.00015366  1874.1      133.79      356.78      0.36738     3072        3           
[1m(BM_SPMM_Grid<std::complex<double>, batchlas::Backend::CUDA>)[0m1024    3       2       256     0       0       1       1       100         0.095303    5.1358e-05  4971.2      132.03      352.09      0.37228     3072        3           
[1m(BM_SPMM_Grid<std::complex<double>, batchlas::Backend::CUDA>)[0m1024    3       2       512     0       0       0       1       100         0.17422     0.00018925  1874.1      144.45      385.21      0.34027     3072        3           
[1m(BM_SPMM_Grid<std::complex<double>, batchlas::Backend::CUDA>)[0m1024    3       2       512     0       0       1       1       100         0.17652     0.00018499  4971.2      142.57      380.19      0.34476     3072        3           
[1m(BM_SPMM_Grid<std::complex<double>, batchlas::Backend::CUDA>)[0m1024    3       2       1024    0       0       0       1       100         0.33716     0.00023645  1874.1      149.28      398.10      0.32926     3072        3           
[1m(BM_SPMM_Grid<std::complex<double>, batchlas::Backend::CUDA>)[0m1024    3       2       1024    0       0       1       1       100         0.34155     0.00035611  4971.2      147.36      392.97      0.33355     3072        3           
2775 MHz, 58
