2760 MHz, 59
[1;36mName                                              Arg0    Arg1    Arg2    Arg3    Arg4    Arg5    Arg6    Arg7    Iter        Avg(ms)     Std(ms)     chk         GFLOPS      GB/s        Time (µs) / matrixnnz/item    nnz/row     [0m
[1m(BM_SPMM_Grid<std::complex<float>, batchlas::Backend::CUDA>)[0m1024    3       1       8       0       0       0       0       100         0.0030013   0.00011971  949.62      65.509      152.86      0.37516     3072        3           
[1m(BM_SPMM_Grid<std::complex<float>, batchlas::Backend::CUDA>)[0m1024    3       1       8       0       0       1       0       100         0.0029685   3.6617e-05  2501.8      66.231      154.55      0.37107     3072        3           
[1m(BM_SPMM_Grid<std::complex<float>, batchlas::Backend::CUDA>)[0m1024    3       1       32      0       0       0       0       100         0.0029523   4.3362e-05  949.62      266.38      621.60      0.092258    3072        3           
[1m(BM_SPMM_Grid<std::complex<float>, batchlas::Backend::CUDA>)[0m1024    3       1       32      0       0       1       0       100         0.0033858   0.00031302  2501.8      232.27      542.01      0.10581     3072        3           
[1m(BM_SPMM_Grid<std::complex<float>, batchlas::Backend::CUDA>)[0m1024    3       1       64      0       0       0       0       100         0.0029984   9.7712e-05  949.62      524.57      1224.1      0.046850    3072        3           
[1m(BM_SPMM_Grid<std::complex<float>, batchlas::Backend::CUDA>)[0m1024    3       1       64      0       0       1       0       100         0.0037225   1.4821e-06  2501.8      422.53      985.98      0.058163    3072        3           
[1m(BM_SPMM_Grid<std::complex<float>, batchlas::Backend::CUDA>)[0m1024    3       1       128     0       0       0       0       100         0.0034201   1.4482e-06  949.62      919.78      2146.3      0.026719    3072        3           
[1m(BM_SPMM_Grid<std::complex<float>, batchlas::Backend::CUDA>)[0m1024    3       1       128     0       0       1       0       100         0.0049058   2.4061e-06  2501.8      641.23      1496.3      0.038327    3072        3           
[1m(BM_SPMM_Grid<std::complex<float>, batchlas::Backend::CUDA>)[0m1024    3       1       256     0       0       0       0       100         0.0048523   0.00013846  949.62      1296.6      3025.6      0.018954    3072        3           
[1m(BM_SPMM_Grid<std::complex<float>, batchlas::Backend::CUDA>)[0m1024    3       1       256     0       0       1       0       100         0.0076194   9.8064e-05  2501.8      825.71      1926.8      0.029763    3072        3           
[1m(BM_SPMM_Grid<std::complex<float>, batchlas::Backend::CUDA>)[0m1024    3       1       512     0       0       0       0       100         0.0075373   7.4311e-05  949.62      1669.4      3895.6      0.014721    3072        3           
[1m(BM_SPMM_Grid<std::complex<float>, batchlas::Backend::CUDA>)[0m1024    3       1       512     0       0       1       0       100         0.013134    1.1465e-05  2501.8      958.03      2235.6      0.025653    3072        3           
[1m(BM_SPMM_Grid<std::complex<float>, batchlas::Backend::CUDA>)[0m1024    3       1       1024    0       0       0       0       100         0.013260    8.3013e-05  949.62      1897.9      4428.8      0.012949    3072        3           
[1m(BM_SPMM_Grid<std::complex<float>, batchlas::Backend::CUDA>)[0m1024    3       1       1024    0       0       1       0       100         0.024359    0.00017648  2501.8      1033.1      2410.8      0.023788    3072        3           
[1m(BM_SPMM_Grid<std::complex<float>, batchlas::Backend::CUDA>)[0m1024    3       2       8       0       0       0       0       100         0.0030023   5.8292e-05  1907.9      130.97      196.47      0.37528     3072        3           
[1m(BM_SPMM_Grid<std::complex<float>, batchlas::Backend::CUDA>)[0m1024    3       2       8       0       0       1       0       100         0.0029790   1.4731e-05  4985.5      132.00      198.01      0.37237     3072        3           
[1m(BM_SPMM_Grid<std::complex<float>, batchlas::Backend::CUDA>)[0m1024    3       2       32      0       0       0       0       100         0.0029826   5.7702e-05  1907.9      527.35      791.07      0.093205    3072        3           
[1m(BM_SPMM_Grid<std::complex<float>, batchlas::Backend::CUDA>)[0m1024    3       2       32      0       0       1       0       100         0.0037941   2.3241e-06  4985.5      414.56      621.87      0.11857     3072        3           
[1m(BM_SPMM_Grid<std::complex<float>, batchlas::Backend::CUDA>)[0m1024    3       2       64      0       0       0       0       100         0.0029879   2.6251e-05  1907.9      1052.8      1579.3      0.046685    3072        3           
[1m(BM_SPMM_Grid<std::complex<float>, batchlas::Backend::CUDA>)[0m1024    3       2       64      0       0       1       0       100         0.0046832   1.8491e-06  4985.5      671.70      1007.6      0.073175    3072        3           
[1m(BM_SPMM_Grid<std::complex<float>, batchlas::Backend::CUDA>)[0m1024    3       2       128     0       0       0       0       100         0.0037346   1.8592e-06  1907.9      1684.6      2527.1      0.029177    3072        3           
[1m(BM_SPMM_Grid<std::complex<float>, batchlas::Backend::CUDA>)[0m1024    3       2       128     0       0       1       0       100         0.0063736   1.9321e-06  4985.5      987.11      1480.7      0.049794    3072        3           
[1m(BM_SPMM_Grid<std::complex<float>, batchlas::Backend::CUDA>)[0m1024    3       2       256     0       0       0       0       100         0.0055137   1.7592e-05  1907.9      2282.1      3423.4      0.021538    3072        3           
[1m(BM_SPMM_Grid<std::complex<float>, batchlas::Backend::CUDA>)[0m1024    3       2       256     0       0       1       0       100         0.010213    2.0665e-05  4985.5      1232.0      1848.1      0.039896    3072        3           
[1m(BM_SPMM_Grid<std::complex<float>, batchlas::Backend::CUDA>)[0m1024    3       2       512     0       0       0       0       100         0.0089119   0.00010588  1907.9      2823.9      4236.0      0.017406    3072        3           
[1m(BM_SPMM_Grid<std::complex<float>, batchlas::Backend::CUDA>)[0m1024    3       2       512     0       0       1       0       100         0.019497    2.3481e-05  4985.5      1290.8      1936.3      0.038079    3072        3           
[1m(BM_SPMM_Grid<std::complex<float>, batchlas::Backend::CUDA>)[0m1024    3       2       1024    0       0       0       0       100         0.023934    0.00012513  1907.9      2103.0      3154.6      0.023373    3072        3           
[1m(BM_SPMM_Grid<std::complex<float>, batchlas::Backend::CUDA>)[0m1024    3       2       1024    0       0       1       0       100         0.038899    0.00018563  4985.5      1293.9      1941.0      0.037987    3072        3           
2565 MHz, 68
