2775 MHz, 62
[1;36mName                                              Arg0    Arg1    Arg2    Arg3    Arg4    Arg5    Arg6    Arg7    Iter        Avg(ms)     Std(ms)     chk         GFLOPS      GB/s        Time (µs) / matrixnnz/item    nnz/row     [0m
[1m(BM_SPMM_Grid<std::complex<double>, batchlas::Backend::CUDA>)[0m1024    3       1       8       0       0       0       0       100         0.0028974   4.3962e-05  949.62      67.856      271.44      0.36218     3072        3           
[1m(BM_SPMM_Grid<std::complex<double>, batchlas::Backend::CUDA>)[0m1024    3       1       8       0       0       1       0       100         0.0048849   0.00021423  2501.8      40.248      161.00      0.61062     3072        3           
[1m(BM_SPMM_Grid<std::complex<double>, batchlas::Backend::CUDA>)[0m1024    3       1       32      0       0       0       0       100         0.0042025   3.5097e-05  949.62      187.14      748.57      0.13133     3072        3           
[1m(BM_SPMM_Grid<std::complex<double>, batchlas::Backend::CUDA>)[0m1024    3       1       32      0       0       1       0       100         0.0074769   1.0783e-06  2501.8      105.18      420.74      0.23365     3072        3           
[1m(BM_SPMM_Grid<std::complex<double>, batchlas::Backend::CUDA>)[0m1024    3       1       64      0       0       0       0       100         0.0065820   0.00010920  949.62      238.96      955.89      0.10284     3072        3           
[1m(BM_SPMM_Grid<std::complex<double>, batchlas::Backend::CUDA>)[0m1024    3       1       64      0       0       1       0       100         0.011859    9.9647e-06  2501.8      132.63      530.55      0.18529     3072        3           
[1m(BM_SPMM_Grid<std::complex<double>, batchlas::Backend::CUDA>)[0m1024    3       1       128     0       0       0       0       100         0.011168    0.00038097  949.62      281.68      1126.8      0.087248    3072        3           
[1m(BM_SPMM_Grid<std::complex<double>, batchlas::Backend::CUDA>)[0m1024    3       1       128     0       0       1       0       100         0.020724    1.3524e-05  2501.8      151.79      607.18      0.16191     3072        3           
[1m(BM_SPMM_Grid<std::complex<double>, batchlas::Backend::CUDA>)[0m1024    3       1       256     0       0       0       0       100         0.019418    0.00026838  949.62      323.99      1296.0      0.075853    3072        3           
[1m(BM_SPMM_Grid<std::complex<double>, batchlas::Backend::CUDA>)[0m1024    3       1       256     0       0       1       0       100         0.041567    3.8180e-05  2501.8      151.36      605.45      0.16237     3072        3           
[1m(BM_SPMM_Grid<std::complex<double>, batchlas::Backend::CUDA>)[0m1024    3       1       512     0       0       0       0       100         0.035772    0.00010535  949.62      351.75      1407.1      0.069868    3072        3           
[1m(BM_SPMM_Grid<std::complex<double>, batchlas::Backend::CUDA>)[0m1024    3       1       512     0       0       1       0       100         0.075609    0.00017625  2501.8      166.42      665.71      0.14767     3072        3           
[1m(BM_SPMM_Grid<std::complex<double>, batchlas::Backend::CUDA>)[0m1024    3       1       1024    0       0       0       0       100         0.11646     0.00023612  949.62      216.08      864.37      0.11373     3072        3           
[1m(BM_SPMM_Grid<std::complex<double>, batchlas::Backend::CUDA>)[0m1024    3       1       1024    0       0       1       0       100         0.14966     0.0011249   2501.8      168.15      672.63      0.14615     3072        3           
[1m(BM_SPMM_Grid<std::complex<double>, batchlas::Backend::CUDA>)[0m1024    3       2       8       0       0       0       0       100         0.0029334   3.3554e-05  1907.9      134.05      357.47      0.36668     3072        3           
[1m(BM_SPMM_Grid<std::complex<double>, batchlas::Backend::CUDA>)[0m1024    3       2       8       0       0       1       0       100         0.0050636   2.1776e-06  4985.5      77.656      207.09      0.63295     3072        3           
[1m(BM_SPMM_Grid<std::complex<double>, batchlas::Backend::CUDA>)[0m1024    3       2       32      0       0       0       0       100         0.0047524   0.00029529  1907.9      330.96      882.58      0.14851     3072        3           
[1m(BM_SPMM_Grid<std::complex<double>, batchlas::Backend::CUDA>)[0m1024    3       2       32      0       0       1       0       100         0.0080266   7.2158e-05  4985.5      195.96      522.57      0.25083     3072        3           
[1m(BM_SPMM_Grid<std::complex<double>, batchlas::Backend::CUDA>)[0m1024    3       2       64      0       0       0       0       100         0.0074520   7.9786e-05  1907.9      422.13      1125.7      0.11644     3072        3           
[1m(BM_SPMM_Grid<std::complex<double>, batchlas::Backend::CUDA>)[0m1024    3       2       64      0       0       1       0       100         0.012441    8.5152e-06  4985.5      252.85      674.29      0.19439     3072        3           
[1m(BM_SPMM_Grid<std::complex<double>, batchlas::Backend::CUDA>)[0m1024    3       2       128     0       0       0       0       100         0.012833    9.1585e-06  1907.9      490.24      1307.4      0.10026     3072        3           
[1m(BM_SPMM_Grid<std::complex<double>, batchlas::Backend::CUDA>)[0m1024    3       2       128     0       0       1       0       100         0.021878    9.2962e-06  4985.5      287.57      766.89      0.17092     3072        3           
[1m(BM_SPMM_Grid<std::complex<double>, batchlas::Backend::CUDA>)[0m1024    3       2       256     0       0       0       0       100         0.022872    0.00013643  1907.9      550.15      1467.1      0.089343    3072        3           
[1m(BM_SPMM_Grid<std::complex<double>, batchlas::Backend::CUDA>)[0m1024    3       2       256     0       0       1       0       100         0.044058    4.5836e-05  4985.5      285.60      761.63      0.17210     3072        3           
[1m(BM_SPMM_Grid<std::complex<double>, batchlas::Backend::CUDA>)[0m1024    3       2       512     0       0       0       0       100         0.042377    0.00022112  1907.9      593.85      1583.6      0.082769    3072        3           
[1m(BM_SPMM_Grid<std::complex<double>, batchlas::Backend::CUDA>)[0m1024    3       2       512     0       0       1       0       100         0.080810    5.1888e-05  4985.5      311.42      830.47      0.15783     3072        3           
[1m(BM_SPMM_Grid<std::complex<double>, batchlas::Backend::CUDA>)[0m1024    3       2       1024    0       0       0       0       100         0.15264     0.00030426  1907.9      329.74      879.34      0.14906     3072        3           
[1m(BM_SPMM_Grid<std::complex<double>, batchlas::Backend::CUDA>)[0m1024    3       2       1024    0       0       1       0       100         0.17164     0.00022377  4985.5      293.23      781.98      0.16762     3072        3           
2775 MHz, 61
