2775 MHz, 61
[1;36mName                                              Arg0    Arg1    Arg2    Arg3    Arg4    Arg5    Arg6    Arg7    Iter        Avg(ms)     Std(ms)     chk         GFLOPS      GB/s        Time (µs) / matrixnnz/item    nnz/row     [0m
[1m(BM_SPMM_Grid<double, batchlas::Backend::CUDA>)   [0m1024    3       1       8       0       0       0       1       100         0.016627    2.4193e-05  458.72      2.9562      27.593      2.0784      3072        3           
[1m(BM_SPMM_Grid<double, batchlas::Backend::CUDA>)   [0m1024    3       1       8       0       0       1       1       100         0.016726    3.8387e-05  1134.1      2.9387      27.430      2.0907      3072        3           
[1m(BM_SPMM_Grid<double, batchlas::Backend::CUDA>)   [0m1024    3       1       32      0       0       0       1       100         0.022205    2.9906e-05  458.72      8.8544      82.647      0.69389     3072        3           
[1m(BM_SPMM_Grid<double, batchlas::Backend::CUDA>)   [0m1024    3       1       32      0       0       1       1       100         0.022283    2.7338e-05  1134.1      8.8232      82.355      0.69635     3072        3           
[1m(BM_SPMM_Grid<double, batchlas::Backend::CUDA>)   [0m1024    3       1       64      0       0       0       1       100         0.031204    2.9350e-05  458.72      12.601      117.62      0.48757     3072        3           
[1m(BM_SPMM_Grid<double, batchlas::Backend::CUDA>)   [0m1024    3       1       64      0       0       1       1       100         0.031433    3.1492e-05  1134.1      12.510      116.76      0.49115     3072        3           
[1m(BM_SPMM_Grid<double, batchlas::Backend::CUDA>)   [0m1024    3       1       128     0       0       0       1       100         0.049593    3.0893e-05  458.72      15.858      148.01      0.38745     3072        3           
[1m(BM_SPMM_Grid<double, batchlas::Backend::CUDA>)   [0m1024    3       1       128     0       0       1       1       100         0.049625    0.00025667  1134.1      15.847      147.92      0.38770     3072        3           
[1m(BM_SPMM_Grid<double, batchlas::Backend::CUDA>)   [0m1024    3       1       256     0       0       0       1       100         0.087659    4.9492e-05  458.72      17.943      167.48      0.34242     3072        3           
[1m(BM_SPMM_Grid<double, batchlas::Backend::CUDA>)   [0m1024    3       1       256     0       0       1       1       100         0.087884    0.00021055  1134.1      17.897      167.05      0.34330     3072        3           
[1m(BM_SPMM_Grid<double, batchlas::Backend::CUDA>)   [0m1024    3       1       512     0       0       0       1       100         0.16515     0.00018838  458.72      19.047      177.79      0.32256     3072        3           
[1m(BM_SPMM_Grid<double, batchlas::Backend::CUDA>)   [0m1024    3       1       512     0       0       1       1       100         0.16499     0.00093767  1134.1      19.066      177.96      0.32225     3072        3           
[1m(BM_SPMM_Grid<double, batchlas::Backend::CUDA>)   [0m1024    3       1       1024    0       0       0       1       100         0.32061     0.00018391  458.72      19.623      183.17      0.31309     3072        3           
[1m(BM_SPMM_Grid<double, batchlas::Backend::CUDA>)   [0m1024    3       1       1024    0       0       1       1       100         0.32039     0.00096267  1134.1      19.637      183.29      0.31288     3072        3           
[1m(BM_SPMM_Grid<double, batchlas::Backend::CUDA>)   [0m1024    3       2       8       0       0       0       1       100         0.017109    0.00050754  885.78      5.7457      34.476      2.1386      3072        3           
[1m(BM_SPMM_Grid<double, batchlas::Backend::CUDA>)   [0m1024    3       2       8       0       0       1       1       100         0.017153    2.1278e-05  2210.6      5.7310      34.388      2.1441      3072        3           
[1m(BM_SPMM_Grid<double, batchlas::Backend::CUDA>)   [0m1024    3       2       32      0       0       0       1       100         0.025420    0.0017920   885.78      15.469      92.818      0.79437     3072        3           
[1m(BM_SPMM_Grid<double, batchlas::Backend::CUDA>)   [0m1024    3       2       32      0       0       1       1       100         0.026662    0.0015298   2210.6      14.748      88.494      0.83319     3072        3           
[1m(BM_SPMM_Grid<double, batchlas::Backend::CUDA>)   [0m1024    3       2       64      0       0       0       1       100         0.039992    8.9077e-05  885.78      19.665      118.00      0.62487     3072        3           
[1m(BM_SPMM_Grid<double, batchlas::Backend::CUDA>)   [0m1024    3       2       64      0       0       1       1       100         0.040268    0.00052963  2210.6      19.530      117.19      0.62918     3072        3           
[1m(BM_SPMM_Grid<double, batchlas::Backend::CUDA>)   [0m1024    3       2       128     0       0       0       1       100         0.053466    7.6295e-05  885.78      29.418      176.52      0.41771     3072        3           
[1m(BM_SPMM_Grid<double, batchlas::Backend::CUDA>)   [0m1024    3       2       128     0       0       1       1       100         0.050935    0.00013157  2210.6      30.880      185.29      0.39793     3072        3           
[1m(BM_SPMM_Grid<double, batchlas::Backend::CUDA>)   [0m1024    3       2       256     0       0       0       1       100         0.089231    0.00012992  885.78      35.254      211.53      0.34856     3072        3           
[1m(BM_SPMM_Grid<double, batchlas::Backend::CUDA>)   [0m1024    3       2       256     0       0       1       1       100         0.089282    0.00025244  2210.6      35.234      211.41      0.34876     3072        3           
[1m(BM_SPMM_Grid<double, batchlas::Backend::CUDA>)   [0m1024    3       2       512     0       0       0       1       100         0.16684     0.00017448  885.78      37.709      226.27      0.32586     3072        3           
[1m(BM_SPMM_Grid<double, batchlas::Backend::CUDA>)   [0m1024    3       2       512     0       0       1       1       100         0.16652     0.00018265  2210.6      37.782      226.70      0.32524     3072        3           
[1m(BM_SPMM_Grid<double, batchlas::Backend::CUDA>)   [0m1024    3       2       1024    0       0       0       1       100         0.32309     0.0018891   885.78      38.945      233.68      0.31552     3072        3           
[1m(BM_SPMM_Grid<double, batchlas::Backend::CUDA>)   [0m1024    3       2       1024    0       0       1       1       100         0.32243     0.0018095   2210.6      39.025      234.16      0.31488     3072        3           
2775 MHz, 54
