2775 MHz, 57
[1;36mName                                              Arg0    Arg1    Arg2    Arg3    Arg4    Arg5    Arg6    Arg7    Iter        Avg(ms)     Std(ms)     chk         GFLOPS      GB/s        Time (µs) / matrixnnz/item    nnz/row     [0m
[1m(BM_SPMM_Grid<std::complex<float>, batchlas::Backend::CUDA>)[0m1024    3       1       8       0       0       0       0       100         0.015965    0.00053006  949.62      12.315      28.737      1.9956      3072        3           
[1m(BM_SPMM_Grid<std::complex<float>, batchlas::Backend::CUDA>)[0m1024    3       1       8       0       0       1       0       100         0.016460    0.0015644   2501.8      11.944      27.872      2.0575      3072        3           
[1m(BM_SPMM_Grid<std::complex<float>, batchlas::Backend::CUDA>)[0m1024    3       1       32      0       0       0       0       100         0.025659    4.5379e-05  949.62      30.649      71.519      0.80185     3072        3           
[1m(BM_SPMM_Grid<std::complex<float>, batchlas::Backend::CUDA>)[0m1024    3       1       32      0       0       1       0       100         0.025735    4.3099e-05  2501.8      30.558      71.308      0.80423     3072        3           
[1m(BM_SPMM_Grid<std::complex<float>, batchlas::Backend::CUDA>)[0m1024    3       1       64      0       0       0       0       100         0.037121    0.00077238  949.62      42.372      98.874      0.58001     3072        3           
[1m(BM_SPMM_Grid<std::complex<float>, batchlas::Backend::CUDA>)[0m1024    3       1       64      0       0       1       0       100         0.029998    3.0551e-05  2501.8      52.432      122.35      0.46872     3072        3           
[1m(BM_SPMM_Grid<std::complex<float>, batchlas::Backend::CUDA>)[0m1024    3       1       128     0       0       0       0       100         0.048428    0.00013536  949.62      64.956      151.58      0.37835     3072        3           
[1m(BM_SPMM_Grid<std::complex<float>, batchlas::Backend::CUDA>)[0m1024    3       1       128     0       0       1       0       100         0.048924    2.6436e-05  2501.8      64.298      150.04      0.38222     3072        3           
[1m(BM_SPMM_Grid<std::complex<float>, batchlas::Backend::CUDA>)[0m1024    3       1       256     0       0       0       0       100         0.086136    3.3034e-05  949.62      73.041      170.44      0.33647     3072        3           
[1m(BM_SPMM_Grid<std::complex<float>, batchlas::Backend::CUDA>)[0m1024    3       1       256     0       0       1       0       100         0.086285    0.00013160  2501.8      72.915      170.15      0.33705     3072        3           
[1m(BM_SPMM_Grid<std::complex<float>, batchlas::Backend::CUDA>)[0m1024    3       1       512     0       0       0       0       100         0.16354     0.00013007  949.62      76.939      179.54      0.31942     3072        3           
[1m(BM_SPMM_Grid<std::complex<float>, batchlas::Backend::CUDA>)[0m1024    3       1       512     0       0       1       0       100         0.16348     0.00095448  2501.8      76.967      179.60      0.31931     3072        3           
[1m(BM_SPMM_Grid<std::complex<float>, batchlas::Backend::CUDA>)[0m1024    3       1       1024    0       0       0       0       100         0.31885     0.0011979   949.62      78.927      184.18      0.31138     3072        3           
[1m(BM_SPMM_Grid<std::complex<float>, batchlas::Backend::CUDA>)[0m1024    3       1       1024    0       0       1       0       100         0.31820     0.00035963  2501.8      79.088      184.55      0.31074     3072        3           
[1m(BM_SPMM_Grid<std::complex<float>, batchlas::Backend::CUDA>)[0m1024    3       2       8       0       0       0       0       100         0.018361    0.0023722   1907.9      21.416      32.126      2.2951      3072        3           
[1m(BM_SPMM_Grid<std::complex<float>, batchlas::Backend::CUDA>)[0m1024    3       2       8       0       0       1       0       100         0.019364    0.0013789   4985.5      20.307      30.462      2.4205      3072        3           
[1m(BM_SPMM_Grid<std::complex<float>, batchlas::Backend::CUDA>)[0m1024    3       2       32      0       0       0       0       100         0.023930    0.0017810   1907.9      65.727      98.595      0.74782     3072        3           
[1m(BM_SPMM_Grid<std::complex<float>, batchlas::Backend::CUDA>)[0m1024    3       2       32      0       0       1       0       100         0.021548    2.2978e-05  4985.5      72.994      109.50      0.67337     3072        3           
[1m(BM_SPMM_Grid<std::complex<float>, batchlas::Backend::CUDA>)[0m1024    3       2       64      0       0       0       0       100         0.031100    0.0018755   1907.9      101.15      151.73      0.48594     3072        3           
[1m(BM_SPMM_Grid<std::complex<float>, batchlas::Backend::CUDA>)[0m1024    3       2       64      0       0       1       0       100         0.037479    0.00082860  4985.5      83.934      125.91      0.58560     3072        3           
[1m(BM_SPMM_Grid<std::complex<float>, batchlas::Backend::CUDA>)[0m1024    3       2       128     0       0       0       0       100         0.050805    0.00029836  1907.9      123.84      185.76      0.39691     3072        3           
[1m(BM_SPMM_Grid<std::complex<float>, batchlas::Backend::CUDA>)[0m1024    3       2       128     0       0       1       0       100         0.048685    0.00016026  4985.5      129.23      193.85      0.38035     3072        3           
[1m(BM_SPMM_Grid<std::complex<float>, batchlas::Backend::CUDA>)[0m1024    3       2       256     0       0       0       0       100         0.086625    0.00010261  1907.9      145.26      217.90      0.33838     3072        3           
[1m(BM_SPMM_Grid<std::complex<float>, batchlas::Backend::CUDA>)[0m1024    3       2       256     0       0       1       0       100         0.086640    0.00013657  4985.5      145.23      217.86      0.33844     3072        3           
[1m(BM_SPMM_Grid<std::complex<float>, batchlas::Backend::CUDA>)[0m1024    3       2       512     0       0       0       0       100         0.16376     0.00025270  1907.9      153.67      230.52      0.31985     3072        3           
[1m(BM_SPMM_Grid<std::complex<float>, batchlas::Backend::CUDA>)[0m1024    3       2       512     0       0       1       0       100         0.16376     0.00011335  4985.5      153.67      230.52      0.31985     3072        3           
[1m(BM_SPMM_Grid<std::complex<float>, batchlas::Backend::CUDA>)[0m1024    3       2       1024    0       0       0       0       100         0.31922     0.00025851  1907.9      157.67      236.52      0.31174     3072        3           
[1m(BM_SPMM_Grid<std::complex<float>, batchlas::Backend::CUDA>)[0m1024    3       2       1024    0       0       1       0       100         0.31876     0.0011404   4985.5      157.90      236.86      0.31129     3072        3           
2775 MHz, 51
