2775 MHz, 56
[1;36mName                                              Arg0    Arg1    Arg2    Arg3    Arg4    Arg5    Arg6    Arg7    Iter        Avg(ms)     Std(ms)     chk         GFLOPS      GB/s        Time (µs) / matrixnnz/item    nnz/row     [0m
[1m(BM_SPMM_Grid<std::complex<double>, batchlas::Backend::CUDA>)[0m1024    3       1       8       0       0       0       0       100         0.016972    1.9207e-05  949.62      11.584      46.339      2.1215      3072        3           
[1m(BM_SPMM_Grid<std::complex<double>, batchlas::Backend::CUDA>)[0m1024    3       1       8       0       0       1       0       100         0.017064    2.4721e-05  2501.8      11.522      46.089      2.1330      3072        3           
[1m(BM_SPMM_Grid<std::complex<double>, batchlas::Backend::CUDA>)[0m1024    3       1       32      0       0       0       0       100         0.025462    2.5591e-05  949.62      30.887      123.55      0.79568     3072        3           
[1m(BM_SPMM_Grid<std::complex<double>, batchlas::Backend::CUDA>)[0m1024    3       1       32      0       0       1       0       100         0.025483    2.3704e-05  2501.8      30.860      123.45      0.79636     3072        3           
[1m(BM_SPMM_Grid<std::complex<double>, batchlas::Backend::CUDA>)[0m1024    3       1       64      0       0       0       0       100         0.032903    3.7028e-05  949.62      47.803      191.22      0.51411     3072        3           
[1m(BM_SPMM_Grid<std::complex<double>, batchlas::Backend::CUDA>)[0m1024    3       1       64      0       0       1       0       100         0.032873    3.2808e-05  2501.8      47.846      191.39      0.51365     3072        3           
[1m(BM_SPMM_Grid<std::complex<double>, batchlas::Backend::CUDA>)[0m1024    3       1       128     0       0       0       0       100         0.052370    3.1813e-05  949.62      60.068      240.28      0.40914     3072        3           
[1m(BM_SPMM_Grid<std::complex<double>, batchlas::Backend::CUDA>)[0m1024    3       1       128     0       0       1       0       100         0.052291    3.0794e-05  2501.8      60.158      240.64      0.40853     3072        3           
[1m(BM_SPMM_Grid<std::complex<double>, batchlas::Backend::CUDA>)[0m1024    3       1       256     0       0       0       0       100         0.091634    0.00015901  949.62      68.659      274.65      0.35794     3072        3           
[1m(BM_SPMM_Grid<std::complex<double>, batchlas::Backend::CUDA>)[0m1024    3       1       256     0       0       1       0       100         0.091475    2.8578e-05  2501.8      68.778      275.12      0.35732     3072        3           
[1m(BM_SPMM_Grid<std::complex<double>, batchlas::Backend::CUDA>)[0m1024    3       1       512     0       0       0       0       100         0.17154     0.00013815  949.62      73.352      293.42      0.33504     3072        3           
[1m(BM_SPMM_Grid<std::complex<double>, batchlas::Backend::CUDA>)[0m1024    3       1       512     0       0       1       0       100         0.17127     0.00011459  2501.8      73.468      293.88      0.33451     3072        3           
[1m(BM_SPMM_Grid<std::complex<double>, batchlas::Backend::CUDA>)[0m1024    3       1       1024    0       0       0       0       100         0.33167     0.00019636  949.62      75.876      303.52      0.32390     3072        3           
[1m(BM_SPMM_Grid<std::complex<double>, batchlas::Backend::CUDA>)[0m1024    3       1       1024    0       0       1       0       100         0.33149     0.0011068   2501.8      75.917      303.68      0.32372     3072        3           
[1m(BM_SPMM_Grid<std::complex<double>, batchlas::Backend::CUDA>)[0m1024    3       2       8       0       0       0       0       100         0.018382    0.00042473  1907.9      21.391      57.045      2.2978      3072        3           
[1m(BM_SPMM_Grid<std::complex<double>, batchlas::Backend::CUDA>)[0m1024    3       2       8       0       0       1       0       100         0.017977    1.9418e-05  4985.5      21.873      58.330      2.2471      3072        3           
[1m(BM_SPMM_Grid<std::complex<double>, batchlas::Backend::CUDA>)[0m1024    3       2       32      0       0       0       0       100         0.028021    2.9812e-05  1907.9      56.131      149.69      0.87566     3072        3           
[1m(BM_SPMM_Grid<std::complex<double>, batchlas::Backend::CUDA>)[0m1024    3       2       32      0       0       1       0       100         0.027833    2.3839e-05  4985.5      56.510      150.70      0.86979     3072        3           
[1m(BM_SPMM_Grid<std::complex<double>, batchlas::Backend::CUDA>)[0m1024    3       2       64      0       0       0       0       100         0.037365    4.6459e-05  1907.9      84.190      224.51      0.58382     3072        3           
[1m(BM_SPMM_Grid<std::complex<double>, batchlas::Backend::CUDA>)[0m1024    3       2       64      0       0       1       0       100         0.037530    3.4717e-05  4985.5      83.820      223.53      0.58640     3072        3           
[1m(BM_SPMM_Grid<std::complex<double>, batchlas::Backend::CUDA>)[0m1024    3       2       128     0       0       0       0       100         0.057111    3.5314e-05  1907.9      110.16      293.78      0.44618     3072        3           
[1m(BM_SPMM_Grid<std::complex<double>, batchlas::Backend::CUDA>)[0m1024    3       2       128     0       0       1       0       100         0.057447    0.00017771  4985.5      109.52      292.06      0.44880     3072        3           
[1m(BM_SPMM_Grid<std::complex<double>, batchlas::Backend::CUDA>)[0m1024    3       2       256     0       0       0       0       100         0.098742    9.5157e-05  1907.9      127.43      339.83      0.38571     3072        3           
[1m(BM_SPMM_Grid<std::complex<double>, batchlas::Backend::CUDA>)[0m1024    3       2       256     0       0       1       0       100         0.099080    9.6154e-05  4985.5      127.00      338.67      0.38703     3072        3           
[1m(BM_SPMM_Grid<std::complex<double>, batchlas::Backend::CUDA>)[0m1024    3       2       512     0       0       0       0       100         0.18339     0.00019968  1907.9      137.23      365.95      0.35818     3072        3           
[1m(BM_SPMM_Grid<std::complex<double>, batchlas::Backend::CUDA>)[0m1024    3       2       512     0       0       1       0       100         0.18402     0.00022653  4985.5      136.75      364.69      0.35942     3072        3           
[1m(BM_SPMM_Grid<std::complex<double>, batchlas::Backend::CUDA>)[0m1024    3       2       1024    0       0       0       0       100         0.35516     0.00027870  1907.9      141.72      377.92      0.34683     3072        3           
[1m(BM_SPMM_Grid<std::complex<double>, batchlas::Backend::CUDA>)[0m1024    3       2       1024    0       0       1       0       100         0.35678     0.00027079  4985.5      141.07      376.20      0.34842     3072        3           
2775 MHz, 55
