2775 MHz, 58
[1;36mName                                              Arg0    Arg1    Arg2    Arg3    Arg4    Arg5    Arg6    Arg7    Iter        Avg(ms)     Std(ms)     chk         GFLOPS      GB/s        Time (µs) / matrixnnz/item    nnz/row     [0m
[1m(BM_SPMM_Grid<double, batchlas::Backend::CUDA>)   [0m1024    3       1       8       0       0       0       0       100         0.016293    2.3640e-05  440.70      3.0167      28.158      2.0366      3072        3           
[1m(BM_SPMM_Grid<double, batchlas::Backend::CUDA>)   [0m1024    3       1       8       0       0       1       0       100         0.016415    2.4581e-05  1134.1      2.9943      27.949      2.0519      3072        3           
[1m(BM_SPMM_Grid<double, batchlas::Backend::CUDA>)   [0m1024    3       1       32      0       0       0       0       100         0.022004    2.2335e-05  440.70      8.9353      83.402      0.68761     3072        3           
[1m(BM_SPMM_Grid<double, batchlas::Backend::CUDA>)   [0m1024    3       1       32      0       0       1       0       100         0.021845    2.9451e-05  1134.1      9.0002      84.008      0.68265     3072        3           
[1m(BM_SPMM_Grid<double, batchlas::Backend::CUDA>)   [0m1024    3       1       64      0       0       0       0       100         0.031010    3.2740e-05  440.70      12.680      118.36      0.48453     3072        3           
[1m(BM_SPMM_Grid<double, batchlas::Backend::CUDA>)   [0m1024    3       1       64      0       0       1       0       100         0.030949    2.7114e-05  1134.1      12.705      118.59      0.48358     3072        3           
[1m(BM_SPMM_Grid<double, batchlas::Backend::CUDA>)   [0m1024    3       1       128     0       0       0       0       100         0.049402    3.6318e-05  440.70      15.919      148.59      0.38595     3072        3           
[1m(BM_SPMM_Grid<double, batchlas::Backend::CUDA>)   [0m1024    3       1       128     0       0       1       0       100         0.049971    2.9351e-05  1134.1      15.738      146.89      0.39040     3072        3           
[1m(BM_SPMM_Grid<double, batchlas::Backend::CUDA>)   [0m1024    3       1       256     0       0       0       0       100         0.087367    3.7604e-05  440.70      18.003      168.04      0.34128     3072        3           
[1m(BM_SPMM_Grid<double, batchlas::Backend::CUDA>)   [0m1024    3       1       256     0       0       1       0       100         0.087346    3.1196e-05  1134.1      18.007      168.08      0.34120     3072        3           
[1m(BM_SPMM_Grid<double, batchlas::Backend::CUDA>)   [0m1024    3       1       512     0       0       0       0       100         0.16461     0.00016145  440.70      19.110      178.38      0.32150     3072        3           
[1m(BM_SPMM_Grid<double, batchlas::Backend::CUDA>)   [0m1024    3       1       512     0       0       1       0       100         0.16457     0.00014184  1134.1      19.115      178.42      0.32142     3072        3           
[1m(BM_SPMM_Grid<double, batchlas::Backend::CUDA>)   [0m1024    3       1       1024    0       0       0       0       100         0.31990     0.00020330  440.70      19.667      183.57      0.31240     3072        3           
[1m(BM_SPMM_Grid<double, batchlas::Backend::CUDA>)   [0m1024    3       1       1024    0       0       1       0       100         0.31956     0.00017690  1134.1      19.688      183.77      0.31207     3072        3           
[1m(BM_SPMM_Grid<double, batchlas::Backend::CUDA>)   [0m1024    3       2       8       0       0       0       0       100         0.016762    2.3883e-05  874.68      5.8645      35.189      2.0953      3072        3           
[1m(BM_SPMM_Grid<double, batchlas::Backend::CUDA>)   [0m1024    3       2       8       0       0       1       0       100         0.016775    2.1504e-05  2210.6      5.8602      35.163      2.0969      3072        3           
[1m(BM_SPMM_Grid<double, batchlas::Backend::CUDA>)   [0m1024    3       2       32      0       0       0       0       100         0.022794    2.7241e-05  874.68      17.251      103.51      0.71232     3072        3           
[1m(BM_SPMM_Grid<double, batchlas::Backend::CUDA>)   [0m1024    3       2       32      0       0       1       0       100         0.023133    2.2911e-05  2210.6      16.998      101.99      0.72291     3072        3           
[1m(BM_SPMM_Grid<double, batchlas::Backend::CUDA>)   [0m1024    3       2       64      0       0       0       0       100         0.032658    2.9070e-05  874.68      24.081      144.49      0.51029     3072        3           
[1m(BM_SPMM_Grid<double, batchlas::Backend::CUDA>)   [0m1024    3       2       64      0       0       1       0       100         0.032764    3.1741e-05  2210.6      24.003      144.02      0.51194     3072        3           
[1m(BM_SPMM_Grid<double, batchlas::Backend::CUDA>)   [0m1024    3       2       128     0       0       0       0       100         0.050980    3.8358e-05  874.68      30.853      185.13      0.39828     3072        3           
[1m(BM_SPMM_Grid<double, batchlas::Backend::CUDA>)   [0m1024    3       2       128     0       0       1       0       100         0.051097    4.3627e-05  2210.6      30.782      184.70      0.39920     3072        3           
[1m(BM_SPMM_Grid<double, batchlas::Backend::CUDA>)   [0m1024    3       2       256     0       0       0       0       100         0.089184    0.00017436  874.68      35.272      211.65      0.34837     3072        3           
[1m(BM_SPMM_Grid<double, batchlas::Backend::CUDA>)   [0m1024    3       2       256     0       0       1       0       100         0.089265    4.5768e-05  2210.6      35.240      211.45      0.34869     3072        3           
[1m(BM_SPMM_Grid<double, batchlas::Backend::CUDA>)   [0m1024    3       2       512     0       0       0       0       100         0.16660     0.00014658  874.68      37.764      226.60      0.32539     3072        3           
[1m(BM_SPMM_Grid<double, batchlas::Backend::CUDA>)   [0m1024    3       2       512     0       0       1       0       100         0.16646     0.00015658  2210.6      37.795      226.78      0.32512     3072        3           
[1m(BM_SPMM_Grid<double, batchlas::Backend::CUDA>)   [0m1024    3       2       1024    0       0       0       0       100         0.32207     0.00023497  874.68      39.069      234.43      0.31452     3072        3           
[1m(BM_SPMM_Grid<double, batchlas::Backend::CUDA>)   [0m1024    3       2       1024    0       0       1       0       100         0.32172     0.00020241  2210.6      39.112      234.68      0.31418     3072        3           
2775 MHz, 52
