2775 MHz, 59
[1;36mName                                              Arg0    Arg1    Arg2    Arg3    Arg4    Arg5    Arg6    Arg7    Iter        Avg(ms)     Std(ms)     chk         GFLOPS      GB/s        Time (µs) / matrixnnz/item    nnz/row     [0m
[1m(BM_SPMM_Grid<std::complex<float>, batchlas::Backend::CUDA>)[0m1024    16      12      8       0       0       1       1       100         0.073956    0.00016403  1.5324e+05  170.14      42.979      9.2445      16384       16          
[1m(BM_SPMM_Grid<std::complex<float>, batchlas::Backend::CUDA>)[0m1024    16      12      32      0       0       1       1       100         0.26537     0.00019633  1.5324e+05  189.66      47.910      8.2929      16384       16          
[1m(BM_SPMM_Grid<std::complex<float>, batchlas::Backend::CUDA>)[0m1024    16      12      128     0       0       1       1       100         0.96162     0.00049526  1.5324e+05  209.36      52.886      7.5126      16384       16          
[1m(BM_SPMM_Grid<std::complex<float>, batchlas::Backend::CUDA>)[0m1024    16      12      512     0       0       1       1       100         3.9819      0.0091971   1.5324e+05  202.24      51.088      7.7771      16384       16          
[1m(BM_SPMM_Grid<std::complex<float>, batchlas::Backend::CUDA>)[0m1024    16      25      8       0       0       1       1       100         0.13690     0.00016052  3.1786e+05  191.49      35.665      17.112      16384       16          
[1m(BM_SPMM_Grid<std::complex<float>, batchlas::Backend::CUDA>)[0m1024    16      25      32      0       0       1       1       100         0.47890     0.00022581  3.1786e+05  218.96      40.781      14.966      16384       16          
[1m(BM_SPMM_Grid<std::complex<float>, batchlas::Backend::CUDA>)[0m1024    16      25      128     0       0       1       1       100         1.8852      0.0018853   3.1786e+05  222.49      41.439      14.728      16384       16          
[1m(BM_SPMM_Grid<std::complex<float>, batchlas::Backend::CUDA>)[0m1024    16      25      512     0       0       1       1       53          7.6578      0.015438    3.1786e+05  219.09      40.805      14.957      16384       16          
[1m(BM_SPMM_Grid<std::complex<float>, batchlas::Backend::CUDA>)[0m1024    16      50      8       0       0       1       1       100         0.23821     0.00026349  6.3499e+05  220.10      34.253      29.776      16384       16          
[1m(BM_SPMM_Grid<std::complex<float>, batchlas::Backend::CUDA>)[0m1024    16      50      32      0       0       1       1       100         0.87437     0.0012844   6.3499e+05  239.85      37.326      27.324      16384       16          
[1m(BM_SPMM_Grid<std::complex<float>, batchlas::Backend::CUDA>)[0m1024    16      50      128     0       0       1       1       100         3.7222      0.013678    6.3499e+05  225.37      35.073      29.079      16384       16          
[1m(BM_SPMM_Grid<std::complex<float>, batchlas::Backend::CUDA>)[0m1024    16      50      512     0       0       1       1       25          16.070      0.015727    6.3499e+05  208.80      32.494      31.387      16384       16          
[1m(BM_SPMM_Grid<std::complex<float>, batchlas::Backend::CUDA>)[0m2048    16      12      8       0       0       1       1       100         0.13094     0.00012978  3.0628e+05  192.20      48.551      16.367      32768       16          
[1m(BM_SPMM_Grid<std::complex<float>, batchlas::Backend::CUDA>)[0m2048    16      12      32      0       0       1       1       100         0.49923     0.00021287  3.0628e+05  201.64      50.934      15.601      32768       16          
[1m(BM_SPMM_Grid<std::complex<float>, batchlas::Backend::CUDA>)[0m2048    16      12      128     0       0       1       1       100         1.8903      0.012444    3.0628e+05  213.02      53.809      14.768      32768       16          
[1m(BM_SPMM_Grid<std::complex<float>, batchlas::Backend::CUDA>)[0m2048    16      12      512     0       0       1       1       55          7.4018      0.010472    3.0628e+05  217.60      54.967      14.457      32768       16          
[1m(BM_SPMM_Grid<std::complex<float>, batchlas::Backend::CUDA>)[0m2048    16      25      8       0       0       1       1       100         0.23236     0.00027448  6.3728e+05  225.63      42.025      29.045      32768       16          
[1m(BM_SPMM_Grid<std::complex<float>, batchlas::Backend::CUDA>)[0m2048    16      25      32      0       0       1       1       100         0.93064     0.0018146   6.3728e+05  225.34      41.971      29.083      32768       16          
[1m(BM_SPMM_Grid<std::complex<float>, batchlas::Backend::CUDA>)[0m2048    16      25      128     0       0       1       1       100         3.7056      0.013356    6.3728e+05  226.38      42.163      28.950      32768       16          
[1m(BM_SPMM_Grid<std::complex<float>, batchlas::Backend::CUDA>)[0m2048    16      25      512     0       0       1       1       28          14.773      0.027673    6.3728e+05  227.13      42.304      28.854      32768       16          
[1m(BM_SPMM_Grid<std::complex<float>, batchlas::Backend::CUDA>)[0m2048    16      50      8       0       0       1       1       100         0.43574     0.00036899  1.2748e+06  240.64      37.450      54.467      32768       16          
[1m(BM_SPMM_Grid<std::complex<float>, batchlas::Backend::CUDA>)[0m2048    16      50      32      0       0       1       1       100         1.7620      0.0028870   1.2748e+06  238.04      37.045      55.063      32768       16          
[1m(BM_SPMM_Grid<std::complex<float>, batchlas::Backend::CUDA>)[0m2048    16      50      128     0       0       1       1       47          8.5665      0.011262    1.2748e+06  195.85      30.479      66.926      32768       16          
[1m(BM_SPMM_Grid<std::complex<float>, batchlas::Backend::CUDA>)[0m2048    16      50      512     0       0       1       1       20          32.218      0.079783    1.2748e+06  208.30      32.416      62.925      32768       16          
[1m(BM_SPMM_Grid<std::complex<float>, batchlas::Backend::CUDA>)[0m4096    16      12      8       0       0       1       1       100         0.21771     0.00014977  6.0670e+05  231.19      58.400      27.213      65536       16          
[1m(BM_SPMM_Grid<std::complex<float>, batchlas::Backend::CUDA>)[0m4096    16      12      32      0       0       1       1       100         0.83092     0.00046004  6.0670e+05  242.29      61.205      25.966      65536       16          
[1m(BM_SPMM_Grid<std::complex<float>, batchlas::Backend::CUDA>)[0m4096    16      12      128     0       0       1       1       100         3.5454      0.0056715   6.0670e+05  227.14      57.378      27.698      65536       16          
[1m(BM_SPMM_Grid<std::complex<float>, batchlas::Backend::CUDA>)[0m4096    16      12      512     0       0       1       1       29          14.049      0.010492    6.0670e+05  229.28      57.917      27.440      65536       16          
[1m(BM_SPMM_Grid<std::complex<float>, batchlas::Backend::CUDA>)[0m4096    16      25      8       0       0       1       1       100         0.41878     0.00043684  1.2646e+06  250.39      46.635      52.347      65536       16          
[1m(BM_SPMM_Grid<std::complex<float>, batchlas::Backend::CUDA>)[0m4096    16      25      32      0       0       1       1       100         1.6698      0.0012117   1.2646e+06  251.19      46.784      52.181      65536       16          
[1m(BM_SPMM_Grid<std::complex<float>, batchlas::Backend::CUDA>)[0m4096    16      25      128     0       0       1       1       54          7.4237      0.012796    1.2646e+06  226.00      42.092      57.998      65536       16          
[1m(BM_SPMM_Grid<std::complex<float>, batchlas::Backend::CUDA>)[0m4096    16      25      512     0       0       1       1       20          29.735      0.039566    1.2646e+06  225.69      42.035      58.076      65536       16          
[1m(BM_SPMM_Grid<std::complex<float>, batchlas::Backend::CUDA>)[0m4096    16      50      8       0       0       1       1       100         0.80559     0.00064139  2.5320e+06  260.33      40.513      100.70      65536       16          
[1m(BM_SPMM_Grid<std::complex<float>, batchlas::Backend::CUDA>)[0m4096    16      50      32      0       0       1       1       100         3.7747      0.0042989   2.5320e+06  222.24      34.585      117.96      65536       16          
[1m(BM_SPMM_Grid<std::complex<float>, batchlas::Backend::CUDA>)[0m4096    16      50      128     0       0       1       1       23          17.785      0.039437    2.5320e+06  188.66      29.361      138.95      65536       16          
[1m(BM_SPMM_Grid<std::complex<float>, batchlas::Backend::CUDA>)[0m4096    16      50      512     0       0       1       1       20          75.791      0.65943     2.5320e+06  177.09      27.560      148.03      65536       16          
2775 MHz, 53
