2775 MHz, 58
[1;36mName                                              Arg0    Arg1    Arg2    Arg3    Arg4    Arg5    Arg6    Arg7    Iter        Avg(ms)     Std(ms)     chk         GFLOPS      GB/s        Time (µs) / matrixnnz/item    nnz/row     [0m
[1m(BM_SPMM_Grid<float, batchlas::Backend::CUDA>)    [0m1024    16      12      8       0       0       1       1       100         0.040255    3.3575e-05  53883.      78.146      46.400      5.0318      16384       16          
[1m(BM_SPMM_Grid<float, batchlas::Backend::CUDA>)    [0m1024    16      12      32      0       0       1       1       100         0.13188     0.00013565  53883.      95.409      56.650      4.1214      16384       16          
[1m(BM_SPMM_Grid<float, batchlas::Backend::CUDA>)    [0m1024    16      12      128     0       0       1       1       100         0.51389     0.0015834   53883.      97.943      58.154      4.0148      16384       16          
[1m(BM_SPMM_Grid<float, batchlas::Backend::CUDA>)    [0m1024    16      12      512     0       0       1       1       100         1.9539      0.030628    53883.      103.04      61.179      3.8163      16384       16          
[1m(BM_SPMM_Grid<float, batchlas::Backend::CUDA>)    [0m1024    16      25      8       0       0       1       1       100         0.084211    9.6192e-05  1.1127e+05  77.823      32.297      10.526      16384       16          
[1m(BM_SPMM_Grid<float, batchlas::Backend::CUDA>)    [0m1024    16      25      32      0       0       1       1       100         0.26141     0.00011879  1.1127e+05  100.28      41.617      8.1690      16384       16          
[1m(BM_SPMM_Grid<float, batchlas::Backend::CUDA>)    [0m1024    16      25      128     0       0       1       1       100         1.0007      0.00097734  1.1127e+05  104.78      43.484      7.8183      16384       16          
[1m(BM_SPMM_Grid<float, batchlas::Backend::CUDA>)    [0m1024    16      25      512     0       0       1       1       99          4.0432      0.030074    1.1127e+05  103.74      43.052      7.8968      16384       16          
[1m(BM_SPMM_Grid<float, batchlas::Backend::CUDA>)    [0m1024    16      50      8       0       0       1       1       100         0.14190     0.00024986  2.2244e+05  92.366      30.712      17.738      16384       16          
[1m(BM_SPMM_Grid<float, batchlas::Backend::CUDA>)    [0m1024    16      50      32      0       0       1       1       100         0.47517     0.00018162  2.2244e+05  110.34      36.687      14.849      16384       16          
[1m(BM_SPMM_Grid<float, batchlas::Backend::CUDA>)    [0m1024    16      50      128     0       0       1       1       100         1.9502      0.011966    2.2244e+05  107.53      35.755      15.236      16384       16          
[1m(BM_SPMM_Grid<float, batchlas::Backend::CUDA>)    [0m1024    16      50      512     0       0       1       1       51          7.8858      0.023489    2.2244e+05  106.38      35.370      15.402      16384       16          
[1m(BM_SPMM_Grid<float, batchlas::Backend::CUDA>)    [0m2048    16      12      8       0       0       1       1       100         0.072675    0.00018154  1.0758e+05  86.570      51.401      9.0843      32768       16          
[1m(BM_SPMM_Grid<float, batchlas::Backend::CUDA>)    [0m2048    16      12      32      0       0       1       1       100         0.27954     0.0019605   1.0758e+05  90.027      53.454      8.7355      32768       16          
[1m(BM_SPMM_Grid<float, batchlas::Backend::CUDA>)    [0m2048    16      12      128     0       0       1       1       100         1.0978      0.0036318   1.0758e+05  91.693      54.443      8.5768      32768       16          
[1m(BM_SPMM_Grid<float, batchlas::Backend::CUDA>)    [0m2048    16      12      512     0       0       1       1       100         4.0333      0.0099109   1.0758e+05  99.833      59.276      7.8775      32768       16          
[1m(BM_SPMM_Grid<float, batchlas::Backend::CUDA>)    [0m2048    16      25      8       0       0       1       1       100         0.13847     0.00012792  2.2318e+05  94.655      39.282      17.309      32768       16          
[1m(BM_SPMM_Grid<float, batchlas::Backend::CUDA>)    [0m2048    16      25      32      0       0       1       1       100         0.47828     0.00036109  2.2318e+05  109.62      45.492      14.946      32768       16          
[1m(BM_SPMM_Grid<float, batchlas::Backend::CUDA>)    [0m2048    16      25      128     0       0       1       1       100         2.0524      0.030946    2.2318e+05  102.18      42.404      16.035      32768       16          
[1m(BM_SPMM_Grid<float, batchlas::Backend::CUDA>)    [0m2048    16      25      512     0       0       1       1       51          7.8610      0.013299    2.2318e+05  106.71      44.286      15.353      32768       16          
[1m(BM_SPMM_Grid<float, batchlas::Backend::CUDA>)    [0m2048    16      50      8       0       0       1       1       100         0.24157     0.00019471  4.4688e+05  108.52      36.082      30.196      32768       16          
[1m(BM_SPMM_Grid<float, batchlas::Backend::CUDA>)    [0m2048    16      50      32      0       0       1       1       100         0.90596     0.00044582  4.4688e+05  115.74      38.484      28.311      32768       16          
[1m(BM_SPMM_Grid<float, batchlas::Backend::CUDA>)    [0m2048    16      50      128     0       0       1       1       100         3.9138      0.013127    4.4688e+05  107.17      35.633      30.577      32768       16          
[1m(BM_SPMM_Grid<float, batchlas::Backend::CUDA>)    [0m2048    16      50      512     0       0       1       1       27          15.354      0.027989    4.4688e+05  109.27      36.332      29.989      32768       16          
[1m(BM_SPMM_Grid<float, batchlas::Backend::CUDA>)    [0m4096    16      12      8       0       0       1       1       100         0.12741     0.0011879   2.1262e+05  98.763      58.641      15.926      65536       16          
[1m(BM_SPMM_Grid<float, batchlas::Backend::CUDA>)    [0m4096    16      12      32      0       0       1       1       100         0.49012     0.00036569  2.1262e+05  102.69      60.974      15.316      65536       16          
[1m(BM_SPMM_Grid<float, batchlas::Backend::CUDA>)    [0m4096    16      12      128     0       0       1       1       100         1.9498      0.0073755   2.1262e+05  103.26      61.308      15.233      65536       16          
[1m(BM_SPMM_Grid<float, batchlas::Backend::CUDA>)    [0m4096    16      12      512     0       0       1       1       54          7.4539      0.010114    2.1262e+05  108.04      64.148      14.558      65536       16          
[1m(BM_SPMM_Grid<float, batchlas::Backend::CUDA>)    [0m4096    16      25      8       0       0       1       1       100         0.23460     0.00049823  4.4286e+05  111.74      46.372      29.325      65536       16          
[1m(BM_SPMM_Grid<float, batchlas::Backend::CUDA>)    [0m4096    16      25      32      0       0       1       1       100         0.94043     0.0018762   4.4286e+05  111.50      46.272      29.388      65536       16          
[1m(BM_SPMM_Grid<float, batchlas::Backend::CUDA>)    [0m4096    16      25      128     0       0       1       1       100         3.8615      0.017979    4.4286e+05  108.62      45.077      30.168      65536       16          
[1m(BM_SPMM_Grid<float, batchlas::Backend::CUDA>)    [0m4096    16      25      512     0       0       1       1       27          15.153      0.016128    4.4286e+05  110.72      45.948      29.596      65536       16          
[1m(BM_SPMM_Grid<float, batchlas::Backend::CUDA>)    [0m4096    16      50      8       0       0       1       1       100         0.43187     0.00080533  8.8738e+05  121.40      40.365      53.984      65536       16          
[1m(BM_SPMM_Grid<float, batchlas::Backend::CUDA>)    [0m4096    16      50      32      0       0       1       1       100         1.8196      0.0017122   8.8738e+05  115.25      38.322      56.863      65536       16          
[1m(BM_SPMM_Grid<float, batchlas::Backend::CUDA>)    [0m4096    16      50      128     0       0       1       1       51          7.8770      0.029722    8.8738e+05  106.49      35.410      61.539      65536       16          
[1m(BM_SPMM_Grid<float, batchlas::Backend::CUDA>)    [0m4096    16      50      512     0       0       1       1       20          31.243      0.049523    8.8738e+05  107.40      35.710      61.021      65536       16          
2775 MHz, 56
