2775 MHz, 54
[1;36mName                                              Arg0    Arg1    Arg2    Arg3    Arg4    Arg5    Arg6    Arg7    Iter        Avg(ms)     Std(ms)     chk         GFLOPS      GB/s        Time (µs) / matrixnnz/item    nnz/row     [0m
[1m(BM_SPMM_Grid<std::complex<float>, batchlas::Backend::CUDA>)[0m1024    16      12      8       0       0       1       1       100         0.074367    5.9214e-05  1.5324e+05  169.20      42.741      9.2959      16384       16          
[1m(BM_SPMM_Grid<std::complex<float>, batchlas::Backend::CUDA>)[0m1024    16      12      32      0       0       1       1       100         0.23831     0.00032409  1.5324e+05  211.20      53.351      7.4473      16384       16          
[1m(BM_SPMM_Grid<std::complex<float>, batchlas::Backend::CUDA>)[0m1024    16      12      128     0       0       1       1       100         0.88858     0.00048348  1.5324e+05  226.57      57.233      6.9420      16384       16          
[1m(BM_SPMM_Grid<std::complex<float>, batchlas::Backend::CUDA>)[0m1024    16      12      512     0       0       1       1       100         3.5208      0.023366    1.5324e+05  228.73      57.778      6.8767      16384       16          
[1m(BM_SPMM_Grid<std::complex<float>, batchlas::Backend::CUDA>)[0m1024    16      25      8       0       0       1       1       100         0.13258     0.00018732  3.1786e+05  197.72      36.826      16.573      16384       16          
[1m(BM_SPMM_Grid<std::complex<float>, batchlas::Backend::CUDA>)[0m1024    16      25      32      0       0       1       1       100         0.47185     0.00037967  3.1786e+05  222.23      41.390      14.745      16384       16          
[1m(BM_SPMM_Grid<std::complex<float>, batchlas::Backend::CUDA>)[0m1024    16      25      128     0       0       1       1       100         1.8440      0.0012307   3.1786e+05  227.46      42.365      14.406      16384       16          
[1m(BM_SPMM_Grid<std::complex<float>, batchlas::Backend::CUDA>)[0m1024    16      25      512     0       0       1       1       55          7.4040      0.0036555   3.1786e+05  226.60      42.204      14.461      16384       16          
[1m(BM_SPMM_Grid<std::complex<float>, batchlas::Backend::CUDA>)[0m1024    16      50      8       0       0       1       1       100         0.24479     0.00029126  6.3499e+05  214.18      33.331      30.599      16384       16          
[1m(BM_SPMM_Grid<std::complex<float>, batchlas::Backend::CUDA>)[0m1024    16      50      32      0       0       1       1       100         0.91725     0.00030823  6.3499e+05  228.63      35.581      28.664      16384       16          
[1m(BM_SPMM_Grid<std::complex<float>, batchlas::Backend::CUDA>)[0m1024    16      50      128     0       0       1       1       100         3.6512      0.0020246   6.3499e+05  229.75      35.755      28.525      16384       16          
[1m(BM_SPMM_Grid<std::complex<float>, batchlas::Backend::CUDA>)[0m1024    16      50      512     0       0       1       1       28          14.672      0.014612    6.3499e+05  228.70      35.592      28.656      16384       16          
[1m(BM_SPMM_Grid<std::complex<float>, batchlas::Backend::CUDA>)[0m2048    16      12      8       0       0       1       1       100         0.11909     0.00020556  3.0628e+05  211.31      53.379      14.886      32768       16          
[1m(BM_SPMM_Grid<std::complex<float>, batchlas::Backend::CUDA>)[0m2048    16      12      32      0       0       1       1       100         0.42128     0.0017747   3.0628e+05  238.95      60.360      13.165      32768       16          
[1m(BM_SPMM_Grid<std::complex<float>, batchlas::Backend::CUDA>)[0m2048    16      12      128     0       0       1       1       100         1.6358      0.0033139   3.0628e+05  246.15      62.178      12.780      32768       16          
[1m(BM_SPMM_Grid<std::complex<float>, batchlas::Backend::CUDA>)[0m2048    16      12      512     0       0       1       1       62          6.5212      0.012816    3.0628e+05  246.98      62.388      12.737      32768       16          
[1m(BM_SPMM_Grid<std::complex<float>, batchlas::Backend::CUDA>)[0m2048    16      25      8       0       0       1       1       100         0.22579     0.0017985   6.3728e+05  232.20      43.248      28.224      32768       16          
[1m(BM_SPMM_Grid<std::complex<float>, batchlas::Backend::CUDA>)[0m2048    16      25      32      0       0       1       1       100         0.83661     0.00088397  6.3728e+05  250.67      46.688      26.144      32768       16          
[1m(BM_SPMM_Grid<std::complex<float>, batchlas::Backend::CUDA>)[0m2048    16      25      128     0       0       1       1       100         3.3066      0.013249    6.3728e+05  253.69      47.250      25.833      32768       16          
[1m(BM_SPMM_Grid<std::complex<float>, batchlas::Backend::CUDA>)[0m2048    16      25      512     0       0       1       1       31          13.313      0.0056011   6.3728e+05  252.05      46.944      26.001      32768       16          
[1m(BM_SPMM_Grid<std::complex<float>, batchlas::Backend::CUDA>)[0m2048    16      50      8       0       0       1       1       100         0.41826     0.0012661   1.2748e+06  250.70      39.015      52.283      32768       16          
[1m(BM_SPMM_Grid<std::complex<float>, batchlas::Backend::CUDA>)[0m2048    16      50      32      0       0       1       1       100         1.6282      0.00087697  1.2748e+06  257.60      40.089      50.883      32768       16          
[1m(BM_SPMM_Grid<std::complex<float>, batchlas::Backend::CUDA>)[0m2048    16      50      128     0       0       1       1       61          6.6006      0.0028052   1.2748e+06  254.18      39.557      51.567      32768       16          
[1m(BM_SPMM_Grid<std::complex<float>, batchlas::Backend::CUDA>)[0m2048    16      50      512     0       0       1       1       20          26.413      0.022877    1.2748e+06  254.08      39.541      51.588      32768       16          
[1m(BM_SPMM_Grid<std::complex<float>, batchlas::Backend::CUDA>)[0m4096    16      12      8       0       0       1       1       100         0.20537     0.0014755   6.0670e+05  245.08      61.909      25.671      65536       16          
[1m(BM_SPMM_Grid<std::complex<float>, batchlas::Backend::CUDA>)[0m4096    16      12      32      0       0       1       1       100         0.76481     0.0011272   6.0670e+05  263.24      66.495      23.900      65536       16          
[1m(BM_SPMM_Grid<std::complex<float>, batchlas::Backend::CUDA>)[0m4096    16      12      128     0       0       1       1       100         3.0844      0.015914    6.0670e+05  261.09      65.952      24.097      65536       16          
[1m(BM_SPMM_Grid<std::complex<float>, batchlas::Backend::CUDA>)[0m4096    16      12      512     0       0       1       1       32          12.634      0.0086580   6.0670e+05  254.97      64.407      24.675      65536       16          
[1m(BM_SPMM_Grid<std::complex<float>, batchlas::Backend::CUDA>)[0m4096    16      25      8       0       0       1       1       100         0.39896     0.00029262  1.2646e+06  262.82      48.951      49.871      65536       16          
[1m(BM_SPMM_Grid<std::complex<float>, batchlas::Backend::CUDA>)[0m4096    16      25      32      0       0       1       1       100         1.5561      0.014107    1.2646e+06  269.54      50.202      48.628      65536       16          
[1m(BM_SPMM_Grid<std::complex<float>, batchlas::Backend::CUDA>)[0m4096    16      25      128     0       0       1       1       63          6.4440      0.0069017   1.2646e+06  260.35      48.491      50.344      65536       16          
[1m(BM_SPMM_Grid<std::complex<float>, batchlas::Backend::CUDA>)[0m4096    16      25      512     0       0       1       1       20          25.728      0.024868    1.2646e+06  260.84      48.581      50.250      65536       16          
[1m(BM_SPMM_Grid<std::complex<float>, batchlas::Backend::CUDA>)[0m4096    16      50      8       0       0       1       1       100         0.77241     0.00032550  2.5320e+06  271.51      42.253      96.552      65536       16          
[1m(BM_SPMM_Grid<std::complex<float>, batchlas::Backend::CUDA>)[0m4096    16      50      32      0       0       1       1       100         3.1158      0.0051851   2.5320e+06  269.22      41.898      97.370      65536       16          
[1m(BM_SPMM_Grid<std::complex<float>, batchlas::Backend::CUDA>)[0m4096    16      50      128     0       0       1       1       32          12.732      0.0049774   2.5320e+06  263.54      41.014      99.469      65536       16          
[1m(BM_SPMM_Grid<std::complex<float>, batchlas::Backend::CUDA>)[0m4096    16      50      512     0       0       1       1       20          50.865      0.0043793   2.5320e+06  263.87      41.065      99.346      65536       16          
2775 MHz, 57
