2775 MHz, 59
[1;36mName                                              Arg0    Arg1    Arg2    Arg3    Arg4    Arg5    Arg6    Arg7    Iter        Avg(ms)     Std(ms)     chk         GFLOPS      GB/s        Time (µs) / matrixnnz/item    nnz/row     [0m
[1m(BM_SPMM_Grid<double, batchlas::Backend::CUDA>)   [0m1024    16      12      8       0       0       1       1       100         0.042047    0.00013170  53883.      74.815      75.595      5.2559      16384       16          
[1m(BM_SPMM_Grid<double, batchlas::Backend::CUDA>)   [0m1024    16      12      32      0       0       1       1       100         0.14481     0.00016189  53883.      86.892      87.798      4.5253      16384       16          
[1m(BM_SPMM_Grid<double, batchlas::Backend::CUDA>)   [0m1024    16      12      128     0       0       1       1       100         0.51485     0.0020028   53883.      97.759      98.779      4.0223      16384       16          
[1m(BM_SPMM_Grid<double, batchlas::Backend::CUDA>)   [0m1024    16      12      512     0       0       1       1       100         2.2675      0.014900    53883.      88.787      89.713      4.4287      16384       16          
[1m(BM_SPMM_Grid<double, batchlas::Backend::CUDA>)   [0m1024    16      25      8       0       0       1       1       100         0.083571    0.00010293  1.1127e+05  78.419      58.423      10.446      16384       16          
[1m(BM_SPMM_Grid<double, batchlas::Backend::CUDA>)   [0m1024    16      25      32      0       0       1       1       100         0.25202     0.00033278  1.1127e+05  104.02      77.494      7.8756      16384       16          
[1m(BM_SPMM_Grid<double, batchlas::Backend::CUDA>)   [0m1024    16      25      128     0       0       1       1       100         1.0422      0.0011097   1.1127e+05  100.61      74.955      8.1424      16384       16          
[1m(BM_SPMM_Grid<double, batchlas::Backend::CUDA>)   [0m1024    16      25      512     0       0       1       1       92          4.3931      0.030573    1.1127e+05  95.474      71.128      8.5804      16384       16          
[1m(BM_SPMM_Grid<double, batchlas::Backend::CUDA>)   [0m1024    16      50      8       0       0       1       1       100         0.14074     0.00032491  2.2244e+05  93.132      57.975      17.592      16384       16          
[1m(BM_SPMM_Grid<double, batchlas::Backend::CUDA>)   [0m1024    16      50      32      0       0       1       1       100         0.46653     0.00037072  2.2244e+05  112.38      69.958      14.579      16384       16          
[1m(BM_SPMM_Grid<double, batchlas::Backend::CUDA>)   [0m1024    16      50      128     0       0       1       1       100         2.3299      0.0030029   2.2244e+05  90.011      56.032      18.202      16384       16          
[1m(BM_SPMM_Grid<double, batchlas::Backend::CUDA>)   [0m1024    16      50      512     0       0       1       1       36          11.368      0.042142    2.2244e+05  73.795      45.937      22.202      16384       16          
[1m(BM_SPMM_Grid<double, batchlas::Backend::CUDA>)   [0m2048    16      12      8       0       0       1       1       100         0.070507    0.00011800  1.0758e+05  89.231      90.161      8.8134      32768       16          
[1m(BM_SPMM_Grid<double, batchlas::Backend::CUDA>)   [0m2048    16      12      32      0       0       1       1       100         0.26417     0.00014810  1.0758e+05  95.265      96.258      8.2552      32768       16          
[1m(BM_SPMM_Grid<double, batchlas::Backend::CUDA>)   [0m2048    16      12      128     0       0       1       1       100         1.0767      0.0059287   1.0758e+05  93.495      94.470      8.4115      32768       16          
[1m(BM_SPMM_Grid<double, batchlas::Backend::CUDA>)   [0m2048    16      12      512     0       0       1       1       95          4.2364      0.0074369   1.0758e+05  95.046      96.036      8.2743      32768       16          
[1m(BM_SPMM_Grid<double, batchlas::Backend::CUDA>)   [0m2048    16      25      8       0       0       1       1       100         0.12821     0.00021539  2.2318e+05  102.23      76.163      16.026      32768       16          
[1m(BM_SPMM_Grid<double, batchlas::Backend::CUDA>)   [0m2048    16      25      32      0       0       1       1       100         0.48804     0.00032398  2.2318e+05  107.43      80.034      15.251      32768       16          
[1m(BM_SPMM_Grid<double, batchlas::Backend::CUDA>)   [0m2048    16      25      128     0       0       1       1       100         2.2207      0.0079363   2.2318e+05  94.438      70.357      17.349      32768       16          
[1m(BM_SPMM_Grid<double, batchlas::Backend::CUDA>)   [0m2048    16      25      512     0       0       1       1       47          8.6842      0.016692    2.2318e+05  96.596      71.964      16.961      32768       16          
[1m(BM_SPMM_Grid<double, batchlas::Backend::CUDA>)   [0m2048    16      50      8       0       0       1       1       100         0.24181     0.00034725  4.4688e+05  108.41      67.486      30.226      32768       16          
[1m(BM_SPMM_Grid<double, batchlas::Backend::CUDA>)   [0m2048    16      50      32      0       0       1       1       100         0.94944     0.0020073   4.4688e+05  110.44      68.750      29.670      32768       16          
[1m(BM_SPMM_Grid<double, batchlas::Backend::CUDA>)   [0m2048    16      50      128     0       0       1       1       67          5.9972      0.017248    4.4688e+05  69.938      43.536      46.853      32768       16          
[1m(BM_SPMM_Grid<double, batchlas::Backend::CUDA>)   [0m2048    16      50      512     0       0       1       1       20          21.584      0.091636    4.4688e+05  77.730      48.387      42.156      32768       16          
[1m(BM_SPMM_Grid<double, batchlas::Backend::CUDA>)   [0m4096    16      12      8       0       0       1       1       100         0.11188     0.00011957  2.1262e+05  112.47      113.64      13.985      65536       16          
[1m(BM_SPMM_Grid<double, batchlas::Backend::CUDA>)   [0m4096    16      12      32      0       0       1       1       100         0.47049     0.00020462  2.1262e+05  106.98      108.09      14.703      65536       16          
[1m(BM_SPMM_Grid<double, batchlas::Backend::CUDA>)   [0m4096    16      12      128     0       0       1       1       100         2.1238      0.0086164   2.1262e+05  94.795      95.783      16.592      65536       16          
[1m(BM_SPMM_Grid<double, batchlas::Backend::CUDA>)   [0m4096    16      12      512     0       0       1       1       48          8.4229      0.0086049   2.1262e+05  95.609      96.605      16.451      65536       16          
[1m(BM_SPMM_Grid<double, batchlas::Backend::CUDA>)   [0m4096    16      25      8       0       0       1       1       100         0.22362     0.00034862  4.4286e+05  117.23      87.333      27.953      65536       16          
[1m(BM_SPMM_Grid<double, batchlas::Backend::CUDA>)   [0m4096    16      25      32      0       0       1       1       100         0.94997     0.00026277  4.4286e+05  110.38      82.233      29.687      65536       16          
[1m(BM_SPMM_Grid<double, batchlas::Backend::CUDA>)   [0m4096    16      25      128     0       0       1       1       89          4.5268      0.019484    4.4286e+05  92.656      69.029      35.365      65536       16          
[1m(BM_SPMM_Grid<double, batchlas::Backend::CUDA>)   [0m4096    16      25      512     0       0       1       1       23          17.915      0.018280    4.4286e+05  93.648      69.768      34.991      65536       16          
[1m(BM_SPMM_Grid<double, batchlas::Backend::CUDA>)   [0m4096    16      50      8       0       0       1       1       100         0.42770     0.00032979  8.8738e+05  122.58      76.308      53.463      65536       16          
[1m(BM_SPMM_Grid<double, batchlas::Backend::CUDA>)   [0m4096    16      50      32      0       0       1       1       100         2.3121      0.0026798   8.8738e+05  90.703      56.463      72.253      65536       16          
[1m(BM_SPMM_Grid<double, batchlas::Backend::CUDA>)   [0m4096    16      50      128     0       0       1       1       32          12.882      0.085356    8.8738e+05  65.120      40.537      100.64      65536       16          
[1m(BM_SPMM_Grid<double, batchlas::Backend::CUDA>)   [0m4096    16      50      512     0       0       1       1       20          49.139      0.13765     8.8738e+05  68.285      42.508      95.974      65536       16          
2775 MHz, 56
