2775 MHz, 55
[1;36mName                                              Arg0    Arg1    Arg2    Arg3    Arg4    Arg5    Arg6    Arg7    Iter        Avg(ms)     Std(ms)     chk         GFLOPS      GB/s        Time (µs) / matrixnnz/item    nnz/row     [0m
[1m(BM_SPMM_Grid<std::complex<double>, batchlas::Backend::CUDA>)[0m1024    16      12      8       0       0       1       0       100         0.068076    0.0017351   1.5242e+05  184.83      85.198      8.5096      16384       16          
[1m(BM_SPMM_Grid<std::complex<double>, batchlas::Backend::CUDA>)[0m1024    16      12      32      0       0       1       0       100         0.22366     0.00018261  1.5242e+05  225.04      103.73      6.9893      16384       16          
[1m(BM_SPMM_Grid<std::complex<double>, batchlas::Backend::CUDA>)[0m1024    16      12      128     0       0       1       0       100         0.85373     0.00033218  1.5242e+05  235.82      108.70      6.6697      16384       16          
[1m(BM_SPMM_Grid<std::complex<double>, batchlas::Backend::CUDA>)[0m1024    16      12      512     0       0       1       0       100         3.4306      0.00086006  1.5242e+05  234.75      108.20      6.7003      16384       16          
[1m(BM_SPMM_Grid<std::complex<double>, batchlas::Backend::CUDA>)[0m1024    16      25      8       0       0       1       0       100         0.12111     9.1611e-05  3.1682e+05  216.45      76.029      15.139      16384       16          
[1m(BM_SPMM_Grid<std::complex<double>, batchlas::Backend::CUDA>)[0m1024    16      25      32      0       0       1       0       100         0.44010     0.00010847  3.1682e+05  238.26      83.688      13.753      16384       16          
[1m(BM_SPMM_Grid<std::complex<double>, batchlas::Backend::CUDA>)[0m1024    16      25      128     0       0       1       0       100         1.7274      0.0010395   3.1682e+05  242.81      85.287      13.495      16384       16          
[1m(BM_SPMM_Grid<std::complex<double>, batchlas::Backend::CUDA>)[0m1024    16      25      512     0       0       1       0       58          6.9547      0.00091023  3.1682e+05  241.24      84.735      13.583      16384       16          
[1m(BM_SPMM_Grid<std::complex<double>, batchlas::Backend::CUDA>)[0m1024    16      50      8       0       0       1       0       100         0.22563     0.00012243  6.3339e+05  232.36      69.854      28.204      16384       16          
[1m(BM_SPMM_Grid<std::complex<double>, batchlas::Backend::CUDA>)[0m1024    16      50      32      0       0       1       0       100         0.85052     0.00014786  6.3339e+05  246.57      74.126      26.579      16384       16          
[1m(BM_SPMM_Grid<std::complex<double>, batchlas::Backend::CUDA>)[0m1024    16      50      128     0       0       1       0       100         3.4102      0.012518    6.3339e+05  245.99      73.950      26.642      16384       16          
[1m(BM_SPMM_Grid<std::complex<double>, batchlas::Backend::CUDA>)[0m1024    16      50      512     0       0       1       0       30          13.624      0.00080174  6.3339e+05  246.29      74.042      26.609      16384       16          
[1m(BM_SPMM_Grid<std::complex<double>, batchlas::Backend::CUDA>)[0m2048    16      12      8       0       0       1       0       100         0.11953     8.0619e-05  3.0598e+05  210.54      97.047      14.941      32768       16          
[1m(BM_SPMM_Grid<std::complex<double>, batchlas::Backend::CUDA>)[0m2048    16      12      32      0       0       1       0       100         0.43564     0.00011555  3.0598e+05  231.07      106.51      13.614      32768       16          
[1m(BM_SPMM_Grid<std::complex<double>, batchlas::Backend::CUDA>)[0m2048    16      12      128     0       0       1       0       100         1.7086      0.00053851  3.0598e+05  235.66      108.63      13.348      32768       16          
[1m(BM_SPMM_Grid<std::complex<double>, batchlas::Backend::CUDA>)[0m2048    16      12      512     0       0       1       0       59          6.8745      0.00080569  3.0598e+05  234.29      107.99      13.427      32768       16          
[1m(BM_SPMM_Grid<std::complex<double>, batchlas::Backend::CUDA>)[0m2048    16      25      8       0       0       1       0       100         0.22872     0.00011468  6.3677e+05  229.23      80.517      28.590      32768       16          
[1m(BM_SPMM_Grid<std::complex<double>, batchlas::Backend::CUDA>)[0m2048    16      25      32      0       0       1       0       100         0.86929     0.00016314  6.3677e+05  241.25      84.739      27.165      32768       16          
[1m(BM_SPMM_Grid<std::complex<double>, batchlas::Backend::CUDA>)[0m2048    16      25      128     0       0       1       0       100         3.4860      0.00077823  6.3677e+05  240.64      84.524      27.234      32768       16          
[1m(BM_SPMM_Grid<std::complex<double>, batchlas::Backend::CUDA>)[0m2048    16      25      512     0       0       1       0       29          13.932      0.0014062   6.3677e+05  240.85      84.599      27.210      32768       16          
[1m(BM_SPMM_Grid<std::complex<double>, batchlas::Backend::CUDA>)[0m2048    16      50      8       0       0       1       0       100         0.43296     9.4770e-05  1.2757e+06  242.19      72.807      54.120      32768       16          
[1m(BM_SPMM_Grid<std::complex<double>, batchlas::Backend::CUDA>)[0m2048    16      50      32      0       0       1       0       100         1.6940      0.00071695  1.2757e+06  247.60      74.434      52.938      32768       16          
[1m(BM_SPMM_Grid<std::complex<double>, batchlas::Backend::CUDA>)[0m2048    16      50      128     0       0       1       0       59          6.8198      0.0017394   1.2757e+06  246.01      73.956      53.280      32768       16          
[1m(BM_SPMM_Grid<std::complex<double>, batchlas::Backend::CUDA>)[0m2048    16      50      512     0       0       1       0       20          27.268      0.0014654   1.2757e+06  246.11      73.986      53.258      32768       16          
[1m(BM_SPMM_Grid<std::complex<double>, batchlas::Backend::CUDA>)[0m4096    16      12      8       0       0       1       0       100         0.22562     0.00010241  6.0668e+05  223.08      102.83      28.203      65536       16          
[1m(BM_SPMM_Grid<std::complex<double>, batchlas::Backend::CUDA>)[0m4096    16      12      32      0       0       1       0       100         0.85725     0.00015900  6.0668e+05  234.85      108.25      26.789      65536       16          
[1m(BM_SPMM_Grid<std::complex<double>, batchlas::Backend::CUDA>)[0m4096    16      12      128     0       0       1       0       100         3.4390      0.00052187  6.0668e+05  234.17      107.94      26.867      65536       16          
[1m(BM_SPMM_Grid<std::complex<double>, batchlas::Backend::CUDA>)[0m4096    16      12      512     0       0       1       0       30          13.737      0.0021429   6.0668e+05  234.49      108.09      26.830      65536       16          
[1m(BM_SPMM_Grid<std::complex<double>, batchlas::Backend::CUDA>)[0m4096    16      25      8       0       0       1       0       100         0.44245     0.00011981  1.2647e+06  236.99      83.243      55.307      65536       16          
[1m(BM_SPMM_Grid<std::complex<double>, batchlas::Backend::CUDA>)[0m4096    16      25      32      0       0       1       0       100         1.7329      0.00069729  1.2647e+06  242.03      85.014      54.155      65536       16          
[1m(BM_SPMM_Grid<std::complex<double>, batchlas::Backend::CUDA>)[0m4096    16      25      128     0       0       1       0       57          7.0231      0.0019146   1.2647e+06  238.89      83.909      54.868      65536       16          
[1m(BM_SPMM_Grid<std::complex<double>, batchlas::Backend::CUDA>)[0m4096    16      25      512     0       0       1       0       20          27.946      0.10169     1.2647e+06  240.14      84.348      54.582      65536       16          
[1m(BM_SPMM_Grid<std::complex<double>, batchlas::Backend::CUDA>)[0m4096    16      50      8       0       0       1       0       100         0.85222     0.0027641   2.5318e+06  246.08      73.978      106.53      65536       16          
[1m(BM_SPMM_Grid<std::complex<double>, batchlas::Backend::CUDA>)[0m4096    16      50      32      0       0       1       0       100         3.4235      0.0070412   2.5318e+06  245.03      73.662      106.98      65536       16          
[1m(BM_SPMM_Grid<std::complex<double>, batchlas::Backend::CUDA>)[0m4096    16      50      128     0       0       1       0       30          13.701      0.014740    2.5318e+06  244.91      73.625      107.04      65536       16          
[1m(BM_SPMM_Grid<std::complex<double>, batchlas::Backend::CUDA>)[0m4096    16      50      512     0       0       1       0       20          54.639      0.074617    2.5318e+06  245.64      73.847      106.72      65536       16          
2775 MHz, 55
