2760 MHz, 61
[1;36mName                                              Arg0    Arg1    Arg2    Arg3    Arg4    Arg5    Arg6    Arg7    Iter        Avg(ms)     Std(ms)     chk         GFLOPS      GB/s        Time (µs) / matrixnnz/item    nnz/row     [0m
[1m(BM_SPMM_Grid<std::complex<float>, batchlas::Backend::CUDA>)[0m1024    16      12      8       0       0       1       0       100         0.017446    9.6507e-06  1.5242e+05  721.23      182.19      2.1808      16384       16          
[1m(BM_SPMM_Grid<std::complex<float>, batchlas::Backend::CUDA>)[0m1024    16      12      32      0       0       1       0       100         0.050294    1.5898e-05  1.5242e+05  1000.7      252.79      1.5717      16384       16          
[1m(BM_SPMM_Grid<std::complex<float>, batchlas::Backend::CUDA>)[0m1024    16      12      128     0       0       1       0       100         0.13866     0.00064300  1.5242e+05  1451.9      366.77      1.0833      16384       16          
[1m(BM_SPMM_Grid<std::complex<float>, batchlas::Backend::CUDA>)[0m1024    16      12      512     0       0       1       0       100         0.58920     0.0010041   1.5242e+05  1366.8      345.25      1.1508      16384       16          
[1m(BM_SPMM_Grid<std::complex<float>, batchlas::Backend::CUDA>)[0m1024    16      25      8       0       0       1       0       100         0.029227    3.6080e-05  3.1682e+05  896.93      167.05      3.6534      16384       16          
[1m(BM_SPMM_Grid<std::complex<float>, batchlas::Backend::CUDA>)[0m1024    16      25      32      0       0       1       0       100         0.080612    0.00027632  3.1682e+05  1300.8      242.27      2.5191      16384       16          
[1m(BM_SPMM_Grid<std::complex<float>, batchlas::Backend::CUDA>)[0m1024    16      25      128     0       0       1       0       100         0.29816     0.00074743  3.1682e+05  1406.7      262.01      2.3294      16384       16          
[1m(BM_SPMM_Grid<std::complex<float>, batchlas::Backend::CUDA>)[0m1024    16      25      512     0       0       1       0       100         1.2256      0.0037504   3.1682e+05  1368.9      254.96      2.3938      16384       16          
[1m(BM_SPMM_Grid<std::complex<float>, batchlas::Backend::CUDA>)[0m1024    16      50      8       0       0       1       0       100         0.056320    1.9400e-05  6.3339e+05  930.91      144.87      7.0400      16384       16          
[1m(BM_SPMM_Grid<std::complex<float>, batchlas::Backend::CUDA>)[0m1024    16      50      32      0       0       1       0       100         0.14171     0.00059348  6.3339e+05  1479.9      230.31      4.4283      16384       16          
[1m(BM_SPMM_Grid<std::complex<float>, batchlas::Backend::CUDA>)[0m1024    16      50      128     0       0       1       0       100         0.59383     0.00079825  6.3339e+05  1412.6      219.84      4.6393      16384       16          
[1m(BM_SPMM_Grid<std::complex<float>, batchlas::Backend::CUDA>)[0m1024    16      50      512     0       0       1       0       100         2.3832      0.0038965   6.3339e+05  1408.0      219.12      4.6546      16384       16          
[1m(BM_SPMM_Grid<std::complex<float>, batchlas::Backend::CUDA>)[0m2048    16      12      8       0       0       1       0       100         0.038966    1.4671e-05  3.0598e+05  645.83      163.14      4.8708      32768       16          
[1m(BM_SPMM_Grid<std::complex<float>, batchlas::Backend::CUDA>)[0m2048    16      12      32      0       0       1       0       100         0.11725     0.00085741  3.0598e+05  858.50      216.86      3.6642      32768       16          
[1m(BM_SPMM_Grid<std::complex<float>, batchlas::Backend::CUDA>)[0m2048    16      12      128     0       0       1       0       100         0.44273     0.00099000  3.0598e+05  909.47      229.74      3.4589      32768       16          
[1m(BM_SPMM_Grid<std::complex<float>, batchlas::Backend::CUDA>)[0m2048    16      12      512     0       0       1       0       100         1.8290      0.0041029   3.0598e+05  880.59      222.44      3.5723      32768       16          
[1m(BM_SPMM_Grid<std::complex<float>, batchlas::Backend::CUDA>)[0m2048    16      25      8       0       0       1       0       100         0.075894    3.8031e-05  6.3677e+05  690.82      128.67      9.4867      32768       16          
[1m(BM_SPMM_Grid<std::complex<float>, batchlas::Backend::CUDA>)[0m2048    16      25      32      0       0       1       0       100         0.21880     0.00087435  6.3677e+05  958.49      178.52      6.8374      32768       16          
[1m(BM_SPMM_Grid<std::complex<float>, batchlas::Backend::CUDA>)[0m2048    16      25      128     0       0       1       0       100         0.94341     0.0018270   6.3677e+05  889.18      165.61      7.3704      32768       16          
[1m(BM_SPMM_Grid<std::complex<float>, batchlas::Backend::CUDA>)[0m2048    16      25      512     0       0       1       0       100         3.8462      0.0050034   6.3677e+05  872.40      162.49      7.5121      32768       16          
[1m(BM_SPMM_Grid<std::complex<float>, batchlas::Backend::CUDA>)[0m2048    16      50      8       0       0       1       0       100         0.14904     0.00066815  1.2757e+06  703.57      109.49      18.630      32768       16          
[1m(BM_SPMM_Grid<std::complex<float>, batchlas::Backend::CUDA>)[0m2048    16      50      32      0       0       1       0       100         0.44197     0.00090431  1.2757e+06  949.00      147.69      13.812      32768       16          
[1m(BM_SPMM_Grid<std::complex<float>, batchlas::Backend::CUDA>)[0m2048    16      50      128     0       0       1       0       100         1.8748      0.0040299   1.2757e+06  894.90      139.27      14.646      32768       16          
[1m(BM_SPMM_Grid<std::complex<float>, batchlas::Backend::CUDA>)[0m2048    16      50      512     0       0       1       0       53          7.5930      0.0065569   1.2757e+06  883.83      137.55      14.830      32768       16          
[1m(BM_SPMM_Grid<std::complex<float>, batchlas::Backend::CUDA>)[0m4096    16      12      8       0       0       1       0       100         0.090931    5.2317e-05  6.0668e+05  553.51      139.82      11.366      65536       16          
[1m(BM_SPMM_Grid<std::complex<float>, batchlas::Backend::CUDA>)[0m4096    16      12      32      0       0       1       0       100         0.30300     0.0010628   6.0668e+05  664.43      167.84      9.4689      65536       16          
[1m(BM_SPMM_Grid<std::complex<float>, batchlas::Backend::CUDA>)[0m4096    16      12      128     0       0       1       0       100         1.2366      0.014715    6.0668e+05  651.24      164.51      9.6608      65536       16          
[1m(BM_SPMM_Grid<std::complex<float>, batchlas::Backend::CUDA>)[0m4096    16      12      512     0       0       1       0       82          4.9322      0.022715    6.0668e+05  653.10      164.98      9.6332      65536       16          
[1m(BM_SPMM_Grid<std::complex<float>, batchlas::Backend::CUDA>)[0m4096    16      25      8       0       0       1       0       100         0.17735     0.0017287   1.2647e+06  591.24      110.12      22.169      65536       16          
[1m(BM_SPMM_Grid<std::complex<float>, batchlas::Backend::CUDA>)[0m4096    16      25      32      0       0       1       0       100         0.64141     0.0020564   1.2647e+06  653.92      121.79      20.044      65536       16          
[1m(BM_SPMM_Grid<std::complex<float>, batchlas::Backend::CUDA>)[0m4096    16      25      128     0       0       1       0       100         2.5775      0.015772    1.2647e+06  650.92      121.23      20.136      65536       16          
[1m(BM_SPMM_Grid<std::complex<float>, batchlas::Backend::CUDA>)[0m4096    16      25      512     0       0       1       0       39          10.278      0.0053831   1.2647e+06  652.95      121.61      20.074      65536       16          
[1m(BM_SPMM_Grid<std::complex<float>, batchlas::Backend::CUDA>)[0m4096    16      50      8       0       0       1       0       100         0.31672     0.0015244   2.5318e+06  662.16      103.05      39.589      65536       16          
[1m(BM_SPMM_Grid<std::complex<float>, batchlas::Backend::CUDA>)[0m4096    16      50      32      0       0       1       0       100         1.2762      0.0034592   2.5318e+06  657.30      102.29      39.882      65536       16          
[1m(BM_SPMM_Grid<std::complex<float>, batchlas::Backend::CUDA>)[0m4096    16      50      128     0       0       1       0       79          5.0843      0.0079720   2.5318e+06  659.96      102.71      39.721      65536       16          
[1m(BM_SPMM_Grid<std::complex<float>, batchlas::Backend::CUDA>)[0m4096    16      50      512     0       0       1       0       20          20.325      0.022754    2.5318e+06  660.34      102.77      39.698      65536       16          
2760 MHz, 64
