2775 MHz, 50
[1;36mName                                              Arg0    Arg1    Arg2    Arg3    Arg4    Arg5    Arg6    Arg7    Iter        Avg(ms)     Std(ms)     chk         GFLOPS      GB/s        Time (µs) / matrixnnz/item    nnz/row     [0m
[1m(BM_SPMM_Grid<float, batchlas::Backend::CUDA>)    [0m1024    16      12      8       0       0       1       1       100         0.045887    0.00028671  53883.      68.553      40.704      5.7359      16384       16          
[1m(BM_SPMM_Grid<float, batchlas::Backend::CUDA>)    [0m1024    16      12      32      0       0       1       1       100         0.13632     0.00018844  53883.      92.307      54.808      4.2599      16384       16          
[1m(BM_SPMM_Grid<float, batchlas::Backend::CUDA>)    [0m1024    16      12      128     0       0       1       1       100         0.50955     0.0069508   53883.      98.777      58.650      3.9808      16384       16          
[1m(BM_SPMM_Grid<float, batchlas::Backend::CUDA>)    [0m1024    16      12      512     0       0       1       1       100         2.0129      0.012630    53883.      100.02      59.388      3.9314      16384       16          
[1m(BM_SPMM_Grid<float, batchlas::Backend::CUDA>)    [0m1024    16      25      8       0       0       1       1       100         0.082939    0.00016627  1.1127e+05  79.017      32.792      10.367      16384       16          
[1m(BM_SPMM_Grid<float, batchlas::Backend::CUDA>)    [0m1024    16      25      32      0       0       1       1       100         0.26983     0.0018832   1.1127e+05  97.153      40.319      8.4320      16384       16          
[1m(BM_SPMM_Grid<float, batchlas::Backend::CUDA>)    [0m1024    16      25      128     0       0       1       1       100         1.0305      0.0019961   1.1127e+05  101.75      42.227      8.0511      16384       16          
[1m(BM_SPMM_Grid<float, batchlas::Backend::CUDA>)    [0m1024    16      25      512     0       0       1       1       98          4.0820      0.020466    1.1127e+05  102.75      42.642      7.9726      16384       16          
[1m(BM_SPMM_Grid<float, batchlas::Backend::CUDA>)    [0m1024    16      50      8       0       0       1       1       100         0.14233     0.00023833  2.2244e+05  92.089      30.620      17.791      16384       16          
[1m(BM_SPMM_Grid<float, batchlas::Backend::CUDA>)    [0m1024    16      50      32      0       0       1       1       100         0.50786     0.00039822  2.2244e+05  103.23      34.326      15.871      16384       16          
[1m(BM_SPMM_Grid<float, batchlas::Backend::CUDA>)    [0m1024    16      50      128     0       0       1       1       100         1.9932      0.0018791   2.2244e+05  105.22      34.985      15.572      16384       16          
[1m(BM_SPMM_Grid<float, batchlas::Backend::CUDA>)    [0m1024    16      50      512     0       0       1       1       50          8.0626      0.021462    2.2244e+05  104.04      34.595      15.747      16384       16          
[1m(BM_SPMM_Grid<float, batchlas::Backend::CUDA>)    [0m2048    16      12      8       0       0       1       1       100         0.070679    0.00012250  1.0758e+05  89.014      52.853      8.8349      32768       16          
[1m(BM_SPMM_Grid<float, batchlas::Backend::CUDA>)    [0m2048    16      12      32      0       0       1       1       100         0.24253     0.0027238   1.0758e+05  103.76      61.610      7.5791      32768       16          
[1m(BM_SPMM_Grid<float, batchlas::Backend::CUDA>)    [0m2048    16      12      128     0       0       1       1       100         0.91730     0.0099502   1.0758e+05  109.74      65.158      7.1664      32768       16          
[1m(BM_SPMM_Grid<float, batchlas::Backend::CUDA>)    [0m2048    16      12      512     0       0       1       1       100         3.6951      0.047605    1.0758e+05  108.97      64.700      7.2171      32768       16          
[1m(BM_SPMM_Grid<float, batchlas::Backend::CUDA>)    [0m2048    16      25      8       0       0       1       1       100         0.13477     0.0032466   2.2318e+05  97.253      40.360      16.847      32768       16          
[1m(BM_SPMM_Grid<float, batchlas::Backend::CUDA>)    [0m2048    16      25      32      0       0       1       1       100         0.47985     0.0014850   2.2318e+05  109.26      45.343      14.995      32768       16          
[1m(BM_SPMM_Grid<float, batchlas::Backend::CUDA>)    [0m2048    16      25      128     0       0       1       1       100         1.8711      0.0034970   2.2318e+05  112.08      46.513      14.618      32768       16          
[1m(BM_SPMM_Grid<float, batchlas::Backend::CUDA>)    [0m2048    16      25      512     0       0       1       1       54          7.4615      0.048451    2.2318e+05  112.43      46.657      14.573      32768       16          
[1m(BM_SPMM_Grid<float, batchlas::Backend::CUDA>)    [0m2048    16      50      8       0       0       1       1       100         0.24333     0.0012346   4.4688e+05  107.73      35.821      30.416      32768       16          
[1m(BM_SPMM_Grid<float, batchlas::Backend::CUDA>)    [0m2048    16      50      32      0       0       1       1       100         0.91342     0.0028711   4.4688e+05  114.80      38.170      28.545      32768       16          
[1m(BM_SPMM_Grid<float, batchlas::Backend::CUDA>)    [0m2048    16      50      128     0       0       1       1       100         3.6320      0.0062161   4.4688e+05  115.48      38.397      28.375      32768       16          
[1m(BM_SPMM_Grid<float, batchlas::Backend::CUDA>)    [0m2048    16      50      512     0       0       1       1       28          14.601      0.0029935   4.4688e+05  114.91      38.207      28.517      32768       16          
[1m(BM_SPMM_Grid<float, batchlas::Backend::CUDA>)    [0m4096    16      12      8       0       0       1       1       100         0.11925     0.00016178  2.1262e+05  105.51      62.648      14.907      65536       16          
[1m(BM_SPMM_Grid<float, batchlas::Backend::CUDA>)    [0m4096    16      12      32      0       0       1       1       100         0.43363     0.0012630   2.1262e+05  116.07      68.917      13.551      65536       16          
[1m(BM_SPMM_Grid<float, batchlas::Backend::CUDA>)    [0m4096    16      12      128     0       0       1       1       100         1.7010      0.00086918  2.1262e+05  118.36      70.276      13.289      65536       16          
[1m(BM_SPMM_Grid<float, batchlas::Backend::CUDA>)    [0m4096    16      12      512     0       0       1       1       59          6.8754      0.0013768   2.1262e+05  117.13      69.545      13.429      65536       16          
[1m(BM_SPMM_Grid<float, batchlas::Backend::CUDA>)    [0m4096    16      25      8       0       0       1       1       100         0.22743     0.00012940  4.4286e+05  115.26      47.834      28.429      65536       16          
[1m(BM_SPMM_Grid<float, batchlas::Backend::CUDA>)    [0m4096    16      25      32      0       0       1       1       100         0.85945     0.0022983   4.4286e+05  122.01      50.633      26.858      65536       16          
[1m(BM_SPMM_Grid<float, batchlas::Backend::CUDA>)    [0m4096    16      25      128     0       0       1       1       100         3.4723      0.016649    4.4286e+05  120.79      50.130      27.127      65536       16          
[1m(BM_SPMM_Grid<float, batchlas::Backend::CUDA>)    [0m4096    16      25      512     0       0       1       1       29          13.980      0.0047183   4.4286e+05  120.01      49.805      27.304      65536       16          
[1m(BM_SPMM_Grid<float, batchlas::Backend::CUDA>)    [0m4096    16      50      8       0       0       1       1       100         0.43443     0.00022339  8.8738e+05  120.69      40.128      54.303      65536       16          
[1m(BM_SPMM_Grid<float, batchlas::Backend::CUDA>)    [0m4096    16      50      32      0       0       1       1       100         1.6925      0.0028308   8.8738e+05  123.91      41.199      52.892      65536       16          
[1m(BM_SPMM_Grid<float, batchlas::Backend::CUDA>)    [0m4096    16      50      128     0       0       1       1       60          6.7687      0.0013235   8.8738e+05  123.93      41.208      52.880      65536       16          
[1m(BM_SPMM_Grid<float, batchlas::Backend::CUDA>)    [0m4096    16      50      512     0       0       1       1       20          27.043      0.0018936   8.8738e+05  124.08      41.256      52.818      65536       16          
2775 MHz, 56
