2775 MHz, 54
[1;36mName                                              Arg0    Arg1    Arg2    Arg3    Arg4    Arg5    Arg6    Arg7    Iter        Avg(ms)     Std(ms)     chk         GFLOPS      GB/s        Time (µs) / matrixnnz/item    nnz/row     [0m
[1m(BM_SPMM_Grid<double, batchlas::Backend::CUDA>)   [0m1024    16      12      8       0       0       1       1       100         0.047063    3.4107e-05  53883.      66.841      67.538      5.8829      16384       16          
[1m(BM_SPMM_Grid<double, batchlas::Backend::CUDA>)   [0m1024    16      12      32      0       0       1       1       100         0.13585     0.00021759  53883.      92.623      93.588      4.2454      16384       16          
[1m(BM_SPMM_Grid<double, batchlas::Backend::CUDA>)   [0m1024    16      12      128     0       0       1       1       100         0.47279     0.00024825  53883.      106.46      107.57      3.6937      16384       16          
[1m(BM_SPMM_Grid<double, batchlas::Backend::CUDA>)   [0m1024    16      12      512     0       0       1       1       100         1.8512      0.0010029   53883.      108.75      109.89      3.6157      16384       16          
[1m(BM_SPMM_Grid<double, batchlas::Backend::CUDA>)   [0m1024    16      25      8       0       0       1       1       100         0.077720    0.00015650  1.1127e+05  84.323      62.821      9.7150      16384       16          
[1m(BM_SPMM_Grid<double, batchlas::Backend::CUDA>)   [0m1024    16      25      32      0       0       1       1       100         0.25707     0.00022971  1.1127e+05  101.97      75.971      8.0335      16384       16          
[1m(BM_SPMM_Grid<double, batchlas::Backend::CUDA>)   [0m1024    16      25      128     0       0       1       1       100         0.98404     0.0074033   1.1127e+05  106.56      79.386      7.6878      16384       16          
[1m(BM_SPMM_Grid<double, batchlas::Backend::CUDA>)   [0m1024    16      25      512     0       0       1       1       100         3.9537      0.0017070   1.1127e+05  106.08      79.034      7.7221      16384       16          
[1m(BM_SPMM_Grid<double, batchlas::Backend::CUDA>)   [0m1024    16      50      8       0       0       1       1       100         0.13655     0.00021544  2.2244e+05  95.987      59.752      17.069      16384       16          
[1m(BM_SPMM_Grid<double, batchlas::Backend::CUDA>)   [0m1024    16      50      32      0       0       1       1       100         0.48777     0.00023091  2.2244e+05  107.49      66.910      15.243      16384       16          
[1m(BM_SPMM_Grid<double, batchlas::Backend::CUDA>)   [0m1024    16      50      128     0       0       1       1       100         1.9206      0.0010935   2.2244e+05  109.19      67.972      15.005      16384       16          
[1m(BM_SPMM_Grid<double, batchlas::Backend::CUDA>)   [0m1024    16      50      512     0       0       1       1       52          7.7590      0.0018189   2.2244e+05  108.11      67.302      15.154      16384       16          
[1m(BM_SPMM_Grid<double, batchlas::Backend::CUDA>)   [0m2048    16      12      8       0       0       1       1       100         0.068736    0.00022141  1.0758e+05  91.530      92.484      8.5920      32768       16          
[1m(BM_SPMM_Grid<double, batchlas::Backend::CUDA>)   [0m2048    16      12      32      0       0       1       1       100         0.22554     0.00022933  1.0758e+05  111.58      112.74      7.0483      32768       16          
[1m(BM_SPMM_Grid<double, batchlas::Backend::CUDA>)   [0m2048    16      12      128     0       0       1       1       100         0.85429     0.0014578   1.0758e+05  117.83      119.06      6.6742      32768       16          
[1m(BM_SPMM_Grid<double, batchlas::Backend::CUDA>)   [0m2048    16      12      512     0       0       1       1       100         3.5691      0.011074    1.0758e+05  112.82      113.99      6.9709      32768       16          
[1m(BM_SPMM_Grid<double, batchlas::Backend::CUDA>)   [0m2048    16      25      8       0       0       1       1       100         0.12411     0.00016841  2.2318e+05  105.61      78.682      15.513      32768       16          
[1m(BM_SPMM_Grid<double, batchlas::Backend::CUDA>)   [0m2048    16      25      32      0       0       1       1       100         0.44147     0.00018104  2.2318e+05  118.76      88.475      13.796      32768       16          
[1m(BM_SPMM_Grid<double, batchlas::Backend::CUDA>)   [0m2048    16      25      128     0       0       1       1       100         1.7567      0.0010967   2.2318e+05  119.38      88.940      13.724      32768       16          
[1m(BM_SPMM_Grid<double, batchlas::Backend::CUDA>)   [0m2048    16      25      512     0       0       1       1       56          7.1715      0.0023231   2.2318e+05  116.97      87.144      14.007      32768       16          
[1m(BM_SPMM_Grid<double, batchlas::Backend::CUDA>)   [0m2048    16      50      8       0       0       1       1       100         0.23024     0.00024810  4.4688e+05  113.86      70.876      28.780      32768       16          
[1m(BM_SPMM_Grid<double, batchlas::Backend::CUDA>)   [0m2048    16      50      32      0       0       1       1       100         0.85601     0.0042617   4.4688e+05  122.50      76.254      26.750      32768       16          
[1m(BM_SPMM_Grid<double, batchlas::Backend::CUDA>)   [0m2048    16      50      128     0       0       1       1       100         3.5531      0.0035136   4.4688e+05  118.04      73.483      27.759      32768       16          
[1m(BM_SPMM_Grid<double, batchlas::Backend::CUDA>)   [0m2048    16      50      512     0       0       1       1       29          14.160      0.012922    4.4688e+05  118.48      73.754      27.657      32768       16          
[1m(BM_SPMM_Grid<double, batchlas::Backend::CUDA>)   [0m4096    16      12      8       0       0       1       1       100         0.11815     0.00018810  2.1262e+05  106.50      107.61      14.768      65536       16          
[1m(BM_SPMM_Grid<double, batchlas::Backend::CUDA>)   [0m4096    16      12      32      0       0       1       1       100         0.41215     0.00020507  2.1262e+05  122.12      123.39      12.880      65536       16          
[1m(BM_SPMM_Grid<double, batchlas::Backend::CUDA>)   [0m4096    16      12      128     0       0       1       1       100         1.6850      0.0012314   2.1262e+05  119.48      120.72      13.164      65536       16          
[1m(BM_SPMM_Grid<double, batchlas::Backend::CUDA>)   [0m4096    16      12      512     0       0       1       1       57          7.0959      0.0025545   2.1262e+05  113.49      114.67      13.859      65536       16          
[1m(BM_SPMM_Grid<double, batchlas::Backend::CUDA>)   [0m4096    16      25      8       0       0       1       1       100         0.21585     0.00018628  4.4286e+05  121.45      90.480      26.981      65536       16          
[1m(BM_SPMM_Grid<double, batchlas::Backend::CUDA>)   [0m4096    16      25      32      0       0       1       1       100         0.80741     0.00022696  4.4286e+05  129.87      96.753      25.231      65536       16          
[1m(BM_SPMM_Grid<double, batchlas::Backend::CUDA>)   [0m4096    16      25      128     0       0       1       1       100         3.5523      0.0018583   4.4286e+05  118.07      87.963      27.753      65536       16          
[1m(BM_SPMM_Grid<double, batchlas::Backend::CUDA>)   [0m4096    16      25      512     0       0       1       1       29          14.150      0.0041559   4.4286e+05  118.56      88.330      27.638      65536       16          
[1m(BM_SPMM_Grid<double, batchlas::Backend::CUDA>)   [0m4096    16      50      8       0       0       1       1       100         0.40512     0.00020104  8.8738e+05  129.42      80.561      50.640      65536       16          
[1m(BM_SPMM_Grid<double, batchlas::Backend::CUDA>)   [0m4096    16      50      32      0       0       1       1       100         1.6558      0.0010742   8.8738e+05  126.66      78.845      51.743      65536       16          
[1m(BM_SPMM_Grid<double, batchlas::Backend::CUDA>)   [0m4096    16      50      128     0       0       1       1       58          6.9587      0.0024546   8.8738e+05  120.55      75.041      54.365      65536       16          
[1m(BM_SPMM_Grid<double, batchlas::Backend::CUDA>)   [0m4096    16      50      512     0       0       1       1       20          27.781      0.052901    8.8738e+05  120.78      75.188      54.259      65536       16          
2775 MHz, 58
