2775 MHz, 54
[1;36mName                                              Arg0    Arg1    Arg2    Arg3    Arg4    Arg5    Arg6    Arg7    Iter        Avg(ms)     Std(ms)     chk         GFLOPS      GB/s        Time (µs) / matrixnnz/item    nnz/row     [0m
[1m(BM_SPMM_Grid<std::complex<double>, batchlas::Backend::CUDA>)[0m1024    16      12      8       0       0       1       1       100         0.076525    0.00020964  1.5324e+05  164.43      75.791      9.5657      16384       16          
[1m(BM_SPMM_Grid<std::complex<double>, batchlas::Backend::CUDA>)[0m1024    16      12      32      0       0       1       1       100         0.25985     0.0011901   1.5324e+05  193.70      89.282      8.1203      16384       16          
[1m(BM_SPMM_Grid<std::complex<double>, batchlas::Backend::CUDA>)[0m1024    16      12      128     0       0       1       1       100         0.97580     0.0017912   1.5324e+05  206.32      95.100      7.6235      16384       16          
[1m(BM_SPMM_Grid<std::complex<double>, batchlas::Backend::CUDA>)[0m1024    16      12      512     0       0       1       1       96          4.1740      0.0097986   1.5324e+05  192.93      88.931      8.1523      16384       16          
[1m(BM_SPMM_Grid<std::complex<double>, batchlas::Backend::CUDA>)[0m1024    16      25      8       0       0       1       1       100         0.14255     0.00033031  3.1786e+05  183.89      64.592      17.819      16384       16          
[1m(BM_SPMM_Grid<std::complex<double>, batchlas::Backend::CUDA>)[0m1024    16      25      32      0       0       1       1       100         0.47969     0.00043744  3.1786e+05  218.59      76.781      14.990      16384       16          
[1m(BM_SPMM_Grid<std::complex<double>, batchlas::Backend::CUDA>)[0m1024    16      25      128     0       0       1       1       100         2.2570      0.0060782   3.1786e+05  185.84      65.276      17.633      16384       16          
[1m(BM_SPMM_Grid<std::complex<double>, batchlas::Backend::CUDA>)[0m1024    16      25      512     0       0       1       1       43          9.4052      0.018127    3.1786e+05  178.38      62.657      18.369      16384       16          
[1m(BM_SPMM_Grid<std::complex<double>, batchlas::Backend::CUDA>)[0m1024    16      50      8       0       0       1       1       100         0.26400     0.00043088  6.3499e+05  198.60      59.703      33.000      16384       16          
[1m(BM_SPMM_Grid<std::complex<double>, batchlas::Backend::CUDA>)[0m1024    16      50      32      0       0       1       1       100         0.91710     0.00087699  6.3499e+05  228.67      68.744      28.660      16384       16          
[1m(BM_SPMM_Grid<std::complex<double>, batchlas::Backend::CUDA>)[0m1024    16      50      128     0       0       1       1       49          8.3185      0.012568    6.3499e+05  100.84      30.316      64.988      16384       16          
[1m(BM_SPMM_Grid<std::complex<double>, batchlas::Backend::CUDA>)[0m1024    16      50      512     0       0       1       1       20          32.642      0.10320     6.3499e+05  102.80      30.903      63.754      16384       16          
[1m(BM_SPMM_Grid<std::complex<double>, batchlas::Backend::CUDA>)[0m2048    16      12      8       0       0       1       1       100         0.12613     0.00023197  3.0628e+05  199.52      91.966      15.766      32768       16          
[1m(BM_SPMM_Grid<std::complex<double>, batchlas::Backend::CUDA>)[0m2048    16      12      32      0       0       1       1       100         0.46244     0.00032355  3.0628e+05  217.68      100.34      14.451      32768       16          
[1m(BM_SPMM_Grid<std::complex<double>, batchlas::Backend::CUDA>)[0m2048    16      12      128     0       0       1       1       100         2.0733      0.0069408   3.0628e+05  194.21      89.520      16.197      32768       16          
[1m(BM_SPMM_Grid<std::complex<double>, batchlas::Backend::CUDA>)[0m2048    16      12      512     0       0       1       1       49          8.2767      0.039766    3.0628e+05  194.59      89.696      16.166      32768       16          
[1m(BM_SPMM_Grid<std::complex<double>, batchlas::Backend::CUDA>)[0m2048    16      25      8       0       0       1       1       100         0.24492     0.00032615  6.3728e+05  214.06      75.189      30.615      32768       16          
[1m(BM_SPMM_Grid<std::complex<double>, batchlas::Backend::CUDA>)[0m2048    16      25      32      0       0       1       1       100         0.91040     0.0020432   6.3728e+05  230.35      80.912      28.450      32768       16          
[1m(BM_SPMM_Grid<std::complex<double>, batchlas::Backend::CUDA>)[0m2048    16      25      128     0       0       1       1       81          4.9424      0.048217    6.3728e+05  169.73      59.616      38.613      32768       16          
[1m(BM_SPMM_Grid<std::complex<double>, batchlas::Backend::CUDA>)[0m2048    16      25      512     0       0       1       1       22          18.606      0.038500    6.3728e+05  180.34      63.346      36.340      32768       16          
[1m(BM_SPMM_Grid<std::complex<double>, batchlas::Backend::CUDA>)[0m2048    16      50      8       0       0       1       1       100         0.48150     0.0016844   1.2748e+06  217.77      65.468      60.187      32768       16          
[1m(BM_SPMM_Grid<std::complex<double>, batchlas::Backend::CUDA>)[0m2048    16      50      32      0       0       1       1       100         2.1586      0.012402    1.2748e+06  194.31      58.414      67.456      32768       16          
[1m(BM_SPMM_Grid<std::complex<double>, batchlas::Backend::CUDA>)[0m2048    16      50      128     0       0       1       1       22          18.822      0.38579     1.2748e+06  89.138      26.797      147.04      32768       16          
[1m(BM_SPMM_Grid<std::complex<double>, batchlas::Backend::CUDA>)[0m2048    16      50      512     0       0       1       1       20          69.176      0.33349     1.2748e+06  97.012      29.164      135.11      32768       16          
[1m(BM_SPMM_Grid<std::complex<double>, batchlas::Backend::CUDA>)[0m4096    16      12      8       0       0       1       1       100         0.21885     0.00078413  6.0670e+05  229.98      106.01      27.357      65536       16          
[1m(BM_SPMM_Grid<std::complex<double>, batchlas::Backend::CUDA>)[0m4096    16      12      32      0       0       1       1       100         0.92826     0.0013595   6.0670e+05  216.89      99.971      29.008      65536       16          
[1m(BM_SPMM_Grid<std::complex<double>, batchlas::Backend::CUDA>)[0m4096    16      12      128     0       0       1       1       94          4.2725      0.017071    6.0670e+05  188.49      86.880      33.379      65536       16          
[1m(BM_SPMM_Grid<std::complex<double>, batchlas::Backend::CUDA>)[0m4096    16      12      512     0       0       1       1       24          16.994      0.028965    6.0670e+05  189.55      87.373      33.191      65536       16          
[1m(BM_SPMM_Grid<std::complex<double>, batchlas::Backend::CUDA>)[0m4096    16      25      8       0       0       1       1       100         0.45034     0.0017230   1.2646e+06  232.84      81.785      56.293      65536       16          
[1m(BM_SPMM_Grid<std::complex<double>, batchlas::Backend::CUDA>)[0m4096    16      25      32      0       0       1       1       100         2.3397      0.013141    1.2646e+06  179.27      62.969      73.114      65536       16          
[1m(BM_SPMM_Grid<std::complex<double>, batchlas::Backend::CUDA>)[0m4096    16      25      128     0       0       1       1       40          10.017      0.042752    1.2646e+06  167.49      58.829      78.259      65536       16          
[1m(BM_SPMM_Grid<std::complex<double>, batchlas::Backend::CUDA>)[0m4096    16      25      512     0       0       1       1       20          38.697      0.076548    1.2646e+06  173.42      60.915      75.579      65536       16          
[1m(BM_SPMM_Grid<std::complex<double>, batchlas::Backend::CUDA>)[0m4096    16      50      8       0       0       1       1       100         0.88984     0.00092371  2.5320e+06  235.68      70.850      111.23      65536       16          
[1m(BM_SPMM_Grid<std::complex<double>, batchlas::Backend::CUDA>)[0m4096    16      50      32      0       0       1       1       42          9.7023      0.017339    2.5320e+06  86.460      25.992      303.20      65536       16          
[1m(BM_SPMM_Grid<std::complex<double>, batchlas::Backend::CUDA>)[0m4096    16      50      128     0       0       1       1       20          39.086      0.24424     2.5320e+06  85.847      25.808      305.36      65536       16          
[1m(BM_SPMM_Grid<std::complex<double>, batchlas::Backend::CUDA>)[0m4096    16      50      512     0       0       1       1       20          166.26      0.95507     2.5320e+06  80.727      24.269      324.73      65536       16          
2775 MHz, 54
