2775 MHz, 55
[1;36mName                                              Arg0    Arg1    Arg2    Arg3    Arg4    Arg5    Arg6    Arg7    Iter        Avg(ms)     Std(ms)     chk         GFLOPS      GB/s        Time (µs) / matrixnnz/item    nnz/row     [0m
[1m(BM_SPMM_Grid<std::complex<double>, batchlas::Backend::CUDA>)[0m1024    3       2       1       0       0       0       0       100         0.0029724   8.1981e-05  1907.9      16.536      44.098      2.9724      3072        3           
[1m(BM_SPMM_Grid<std::complex<double>, batchlas::Backend::CUDA>)[0m1024    3       2       1       0       0       1       0       100         0.0048456   4.9961e-06  4985.5      10.144      27.050      4.8456      3072        3           
[1m(BM_SPMM_Grid<std::complex<double>, batchlas::Backend::CUDA>)[0m1024    3       2       1       0       1       0       0       100         0.0029273   2.7581e-05  4.1259e+08  16.791      55.971      2.9273      3072        3           
[1m(BM_SPMM_Grid<std::complex<double>, batchlas::Backend::CUDA>)[0m1024    3       2       1       0       1       1       0       100         0.0050829   3.3855e-06  8.6039e+08  9.6700      32.234      5.0829      3072        3           
[1m(BM_SPMM_Grid<std::complex<double>, batchlas::Backend::CUDA>)[0m1024    3       2       2       0       0       0       0       100         0.0029208   4.9744e-05  1907.9      33.657      89.754      1.4604      3072        3           
[1m(BM_SPMM_Grid<std::complex<double>, batchlas::Backend::CUDA>)[0m1024    3       2       2       0       0       1       0       100         0.0048672   1.3456e-06  4985.5      20.197      53.861      2.4336      3072        3           
[1m(BM_SPMM_Grid<std::complex<double>, batchlas::Backend::CUDA>)[0m1024    3       2       2       0       1       0       0       100         0.0029645   3.3071e-05  4.1145e+08  33.160      110.54      1.4823      3072        3           
[1m(BM_SPMM_Grid<std::complex<double>, batchlas::Backend::CUDA>)[0m1024    3       2       2       0       1       1       0       100         0.0049944   2.1119e-06  8.6374e+08  19.683      65.612      2.4972      3072        3           
[1m(BM_SPMM_Grid<std::complex<double>, batchlas::Backend::CUDA>)[0m1024    3       2       4       0       0       0       0       100         0.0029205   5.3332e-05  1907.9      67.319      179.52      0.73013     3072        3           
[1m(BM_SPMM_Grid<std::complex<double>, batchlas::Backend::CUDA>)[0m1024    3       2       4       0       0       1       0       100         0.0048872   1.3486e-06  4985.5      40.229      107.28      1.2218      3072        3           
[1m(BM_SPMM_Grid<std::complex<double>, batchlas::Backend::CUDA>)[0m1024    3       2       4       0       1       0       0       100         0.0029346   3.2756e-05  4.1308e+08  66.996      223.32      0.73366     3072        3           
[1m(BM_SPMM_Grid<std::complex<double>, batchlas::Backend::CUDA>)[0m1024    3       2       4       0       1       1       0       100         0.0050112   3.6924e-06  8.5648e+08  39.233      130.78      1.2528      3072        3           
[1m(BM_SPMM_Grid<std::complex<double>, batchlas::Backend::CUDA>)[0m1024    3       2       8       0       0       0       0       100         0.0036935   0.00040257  1907.9      106.46      283.91      0.46168     3072        3           
[1m(BM_SPMM_Grid<std::complex<double>, batchlas::Backend::CUDA>)[0m1024    3       2       8       0       0       1       0       100         0.0050564   8.2556e-05  4985.5      77.766      207.38      0.63205     3072        3           
[1m(BM_SPMM_Grid<std::complex<double>, batchlas::Backend::CUDA>)[0m1024    3       2       8       0       1       0       0       100         0.0030663   0.00027376  3.6296e+08  128.24      427.48      0.38328     3072        3           
[1m(BM_SPMM_Grid<std::complex<double>, batchlas::Backend::CUDA>)[0m1024    3       2       8       0       1       1       0       100         0.0052730   0.00042111  8.4360e+08  74.572      248.58      0.65912     3072        3           
[1m(BM_SPMM_Grid<std::complex<double>, batchlas::Backend::CUDA>)[0m1024    3       2       16      0       0       0       0       100         0.0032991   1.1372e-05  1907.9      238.38      635.70      0.20619     3072        3           
[1m(BM_SPMM_Grid<std::complex<double>, batchlas::Backend::CUDA>)[0m1024    3       2       16      0       0       1       0       100         0.0056086   0.00012236  4985.5      140.22      373.93      0.35053     3072        3           
[1m(BM_SPMM_Grid<std::complex<double>, batchlas::Backend::CUDA>)[0m1024    3       2       16      0       1       0       0       100         0.0040068   0.00040662  3.6325e+08  196.27      654.26      0.25043     3072        3           
[1m(BM_SPMM_Grid<std::complex<double>, batchlas::Backend::CUDA>)[0m1024    3       2       16      0       1       1       0       100         0.0057235   9.8971e-05  8.1528e+08  137.41      458.03      0.35772     3072        3           
[1m(BM_SPMM_Grid<std::complex<double>, batchlas::Backend::CUDA>)[0m1024    3       2       32      0       0       0       0       100         0.0047416   0.00021242  1907.9      331.72      884.60      0.14818     3072        3           
[1m(BM_SPMM_Grid<std::complex<double>, batchlas::Backend::CUDA>)[0m1024    3       2       32      0       0       1       0       100         0.0079878   2.5343e-06  4985.5      196.91      525.11      0.24962     3072        3           
[1m(BM_SPMM_Grid<std::complex<double>, batchlas::Backend::CUDA>)[0m1024    3       2       32      0       1       0       0       100         0.0049206   1.1686e-05  3.3086e+08  319.65      1065.5      0.15377     3072        3           
[1m(BM_SPMM_Grid<std::complex<double>, batchlas::Backend::CUDA>)[0m1024    3       2       32      0       1       1       0       100         0.0080238   1.9651e-06  7.3719e+08  196.02      653.43      0.25074     3072        3           
[1m(BM_SPMM_Grid<std::complex<double>, batchlas::Backend::CUDA>)[0m1024    3       2       64      0       0       0       0       100         0.0074039   1.3526e-05  1907.9      424.88      1133.0      0.11569     3072        3           
[1m(BM_SPMM_Grid<std::complex<double>, batchlas::Backend::CUDA>)[0m1024    3       2       64      0       0       1       0       100         0.012461    7.9452e-06  4985.5      252.45      673.22      0.19470     3072        3           
[1m(BM_SPMM_Grid<std::complex<double>, batchlas::Backend::CUDA>)[0m1024    3       2       64      0       1       0       0       100         0.0074928   1.7029e-06  2.8795e+08  419.83      1399.5      0.11707     3072        3           
[1m(BM_SPMM_Grid<std::complex<double>, batchlas::Backend::CUDA>)[0m1024    3       2       64      0       1       1       0       100         0.012543    8.1318e-06  2.0343e+08  250.80      836.03      0.19598     3072        3           
[1m(BM_SPMM_Grid<std::complex<double>, batchlas::Backend::CUDA>)[0m1024    3       2       128     0       0       0       0       100         0.012816    5.6640e-06  1907.9      490.92      1309.2      0.10012     3072        3           
[1m(BM_SPMM_Grid<std::complex<double>, batchlas::Backend::CUDA>)[0m1024    3       2       128     0       0       1       0       100         0.021862    7.0350e-06  4985.5      287.79      767.45      0.17079     3072        3           
[1m(BM_SPMM_Grid<std::complex<double>, batchlas::Backend::CUDA>)[0m1024    3       2       128     0       1       0       0       100         0.012914    7.2725e-06  7.6218e+07  487.18      1624.0      0.10089     3072        3           
[1m(BM_SPMM_Grid<std::complex<double>, batchlas::Backend::CUDA>)[0m1024    3       2       128     0       1       1       0       100         0.021930    7.6627e-06  1.3937e+08  286.88      956.30      0.17133     3072        3           
2775 MHz, 56
