2760 MHz, 64
[1;36mName                                              Arg0    Arg1    Arg2    Arg3    Arg4    Arg5    Arg6    Arg7    Iter        Avg(ms)     Std(ms)     chk         GFLOPS      GB/s        Time (µs) / matrixnnz/item    nnz/row     [0m
[1m(BM_SPMM_Grid<std::complex<float>, batchlas::Backend::CUDA>)[0m1024    3       2       1       0       0       0       0       100         0.0039075   6.9214e-05  1907.9      12.579      18.869      3.9075      3072        3           
[1m(BM_SPMM_Grid<std::complex<float>, batchlas::Backend::CUDA>)[0m1024    3       2       1       0       0       1       0       100         0.0038985   8.0423e-05  4985.5      12.608      18.913      3.8985      3072        3           
[1m(BM_SPMM_Grid<std::complex<float>, batchlas::Backend::CUDA>)[0m1024    3       2       1       0       1       0       0       100         0.0029606   0.00014118  3.9712e+08  16.602      30.439      2.9606      3072        3           
[1m(BM_SPMM_Grid<std::complex<float>, batchlas::Backend::CUDA>)[0m1024    3       2       1       0       1       1       0       100         0.0030008   4.0615e-05  1.0671e+09  16.380      30.031      3.0008      3072        3           
[1m(BM_SPMM_Grid<std::complex<float>, batchlas::Backend::CUDA>)[0m1024    3       2       2       0       0       0       0       100         0.0029476   4.9518e-05  1907.9      33.351      50.029      1.4738      3072        3           
[1m(BM_SPMM_Grid<std::complex<float>, batchlas::Backend::CUDA>)[0m1024    3       2       2       0       0       1       0       100         0.0029664   0.00012998  4985.5      33.139      49.711      1.4832      3072        3           
[1m(BM_SPMM_Grid<std::complex<float>, batchlas::Backend::CUDA>)[0m1024    3       2       2       0       1       0       0       100         0.0029583   5.8455e-05  4.1550e+08  33.230      60.924      1.4792      3072        3           
[1m(BM_SPMM_Grid<std::complex<float>, batchlas::Backend::CUDA>)[0m1024    3       2       2       0       1       1       0       100         0.0029873   1.1379e-05  1.0680e+09  32.907      60.332      1.4937      3072        3           
[1m(BM_SPMM_Grid<std::complex<float>, batchlas::Backend::CUDA>)[0m1024    3       2       4       0       0       0       0       100         0.0029442   4.5719e-05  1907.9      66.778      100.17      0.73605     3072        3           
[1m(BM_SPMM_Grid<std::complex<float>, batchlas::Backend::CUDA>)[0m1024    3       2       4       0       0       1       0       100         0.0035914   0.00050042  4985.5      54.744      82.121      0.89785     3072        3           
[1m(BM_SPMM_Grid<std::complex<float>, batchlas::Backend::CUDA>)[0m1024    3       2       4       0       1       0       0       100         0.0038664   8.9594e-05  3.9606e+08  50.850      93.229      0.96661     3072        3           
[1m(BM_SPMM_Grid<std::complex<float>, batchlas::Backend::CUDA>)[0m1024    3       2       4       0       1       1       0       100         0.0038221   9.6156e-05  9.5657e+08  51.440      94.311      0.95552     3072        3           
[1m(BM_SPMM_Grid<std::complex<float>, batchlas::Backend::CUDA>)[0m1024    3       2       8       0       0       0       0       100         0.0038855   0.00020396  1907.9      101.20      151.81      0.48569     3072        3           
[1m(BM_SPMM_Grid<std::complex<float>, batchlas::Backend::CUDA>)[0m1024    3       2       8       0       0       1       0       100         0.0038585   0.00016744  4985.5      101.91      152.87      0.48231     3072        3           
[1m(BM_SPMM_Grid<std::complex<float>, batchlas::Backend::CUDA>)[0m1024    3       2       8       0       1       0       0       100         0.0029950   0.00026905  4.1059e+08  131.29      240.71      0.37438     3072        3           
[1m(BM_SPMM_Grid<std::complex<float>, batchlas::Backend::CUDA>)[0m1024    3       2       8       0       1       1       0       100         0.0039390   0.00014009  9.7874e+08  99.826      183.02      0.49238     3072        3           
[1m(BM_SPMM_Grid<std::complex<float>, batchlas::Backend::CUDA>)[0m1024    3       2       16      0       0       0       0       100         0.0030156   0.00029837  1907.9      260.78      391.20      0.18848     3072        3           
[1m(BM_SPMM_Grid<std::complex<float>, batchlas::Backend::CUDA>)[0m1024    3       2       16      0       0       1       0       100         0.0038975   0.00010338  4985.5      201.78      302.68      0.24360     3072        3           
[1m(BM_SPMM_Grid<std::complex<float>, batchlas::Backend::CUDA>)[0m1024    3       2       16      0       1       0       0       100         0.0039383   9.9442e-05  3.6400e+08  199.69      366.11      0.24615     3072        3           
[1m(BM_SPMM_Grid<std::complex<float>, batchlas::Backend::CUDA>)[0m1024    3       2       16      0       1       1       0       100         0.0039294   0.00013275  9.4512e+08  200.14      366.94      0.24559     3072        3           
[1m(BM_SPMM_Grid<std::complex<float>, batchlas::Backend::CUDA>)[0m1024    3       2       32      0       0       0       0       100         0.0029671   0.00017574  1907.9      530.11      795.20      0.092721    3072        3           
[1m(BM_SPMM_Grid<std::complex<float>, batchlas::Backend::CUDA>)[0m1024    3       2       32      0       0       1       0       100         0.0037569   6.9841e-05  4985.5      418.66      628.03      0.11740     3072        3           
[1m(BM_SPMM_Grid<std::complex<float>, batchlas::Backend::CUDA>)[0m1024    3       2       32      0       1       0       0       100         0.0029899   6.9282e-05  4.1080e+08  526.06      964.49      0.093434    3072        3           
[1m(BM_SPMM_Grid<std::complex<float>, batchlas::Backend::CUDA>)[0m1024    3       2       32      0       1       1       0       100         0.0039999   9.8792e-06  9.4392e+08  393.22      720.94      0.12500     3072        3           
[1m(BM_SPMM_Grid<std::complex<float>, batchlas::Backend::CUDA>)[0m1024    3       2       64      0       0       0       0       100         0.0029732   9.9994e-05  1907.9      1058.0      1587.1      0.046456    3072        3           
[1m(BM_SPMM_Grid<std::complex<float>, batchlas::Backend::CUDA>)[0m1024    3       2       64      0       0       1       0       100         0.0047887   4.0254e-06  4985.5      656.90      985.41      0.074824    3072        3           
[1m(BM_SPMM_Grid<std::complex<float>, batchlas::Backend::CUDA>)[0m1024    3       2       64      0       1       0       0       100         0.0032215   0.00029167  3.9760e+08  976.47      1790.3      0.050336    3072        3           
[1m(BM_SPMM_Grid<std::complex<float>, batchlas::Backend::CUDA>)[0m1024    3       2       64      0       1       1       0       100         0.0049084   3.0757e-06  8.6962e+08  640.89      1175.0      0.076694    3072        3           
[1m(BM_SPMM_Grid<std::complex<float>, batchlas::Backend::CUDA>)[0m1024    3       2       128     0       0       0       0       100         0.0037436   1.8616e-06  1907.9      1680.6      2521.0      0.029247    3072        3           
[1m(BM_SPMM_Grid<std::complex<float>, batchlas::Backend::CUDA>)[0m1024    3       2       128     0       0       1       0       100         0.0063369   1.0039e-05  4985.5      992.82      1489.3      0.049507    3072        3           
[1m(BM_SPMM_Grid<std::complex<float>, batchlas::Backend::CUDA>)[0m1024    3       2       128     0       1       0       0       100         0.0042578   8.9233e-06  3.4962e+08  1477.6      2709.1      0.033264    3072        3           
[1m(BM_SPMM_Grid<std::complex<float>, batchlas::Backend::CUDA>)[0m1024    3       2       128     0       1       1       0       100         0.0064451   6.4803e-05  7.8914e+08  976.16      1789.7      0.050352    3072        3           
2760 MHz, 63
