2775 MHz, 62
[1;36mName                                              Arg0    Arg1    Arg2    Arg3    Arg4    Arg5    Arg6    Arg7    Iter        Avg(ms)     Std(ms)     chk         GFLOPS      GB/s        Time (µs) / matrixnnz/item    nnz/row     [0m
[1m(BM_SPMM_Grid<float, batchlas::Backend::CUDA>)    [0m1024    3       2       1       0       0       0       0       100         0.0029021   6.8671e-05  874.68      4.2342      15.527      2.9021      3072        3           
[1m(BM_SPMM_Grid<float, batchlas::Backend::CUDA>)    [0m1024    3       2       1       0       0       1       0       100         0.0028951   4.0203e-05  2210.6      4.2443      15.564      2.8951      3072        3           
[1m(BM_SPMM_Grid<float, batchlas::Backend::CUDA>)    [0m1024    3       2       1       0       1       0       0       100         0.0028821   4.8322e-05  1.9169e+08  4.2636      18.477      2.8821      3072        3           
[1m(BM_SPMM_Grid<float, batchlas::Backend::CUDA>)    [0m1024    3       2       1       0       1       1       0       100         0.0029098   4.3012e-05  4.7725e+08  4.2230      18.301      2.9098      3072        3           
[1m(BM_SPMM_Grid<float, batchlas::Backend::CUDA>)    [0m1024    3       2       2       0       0       0       0       100         0.0028740   3.9494e-05  874.68      8.5510      31.357      1.4370      3072        3           
[1m(BM_SPMM_Grid<float, batchlas::Backend::CUDA>)    [0m1024    3       2       2       0       0       1       0       100         0.0029002   3.1098e-05  2210.6      8.4740      31.074      1.4501      3072        3           
[1m(BM_SPMM_Grid<float, batchlas::Backend::CUDA>)    [0m1024    3       2       2       0       1       0       0       100         0.0028987   2.8485e-05  1.9162e+08  8.4783      36.742      1.4494      3072        3           
[1m(BM_SPMM_Grid<float, batchlas::Backend::CUDA>)    [0m1024    3       2       2       0       1       1       0       100         0.0029169   0.00017224  4.8111e+08  8.4253      36.512      1.4585      3072        3           
[1m(BM_SPMM_Grid<float, batchlas::Backend::CUDA>)    [0m1024    3       2       4       0       0       0       0       100         0.0028775   2.8666e-05  874.68      17.081      62.637      0.71938     3072        3           
[1m(BM_SPMM_Grid<float, batchlas::Backend::CUDA>)    [0m1024    3       2       4       0       0       1       0       100         0.0037794   0.00013640  2210.6      13.005      47.690      0.94485     3072        3           
[1m(BM_SPMM_Grid<float, batchlas::Backend::CUDA>)    [0m1024    3       2       4       0       1       0       0       100         0.0030119   0.00051472  1.8284e+08  16.319      70.721      0.75299     3072        3           
[1m(BM_SPMM_Grid<float, batchlas::Backend::CUDA>)    [0m1024    3       2       4       0       1       1       0       100         0.0028960   1.3988e-05  4.8037e+08  16.972      73.552      0.72400     3072        3           
[1m(BM_SPMM_Grid<float, batchlas::Backend::CUDA>)    [0m1024    3       2       8       0       0       0       0       100         0.0028859   3.3501e-05  874.68      34.064      124.91      0.36073     3072        3           
[1m(BM_SPMM_Grid<float, batchlas::Backend::CUDA>)    [0m1024    3       2       8       0       0       1       0       100         0.0029127   1.9019e-05  2210.6      33.750      123.76      0.36409     3072        3           
[1m(BM_SPMM_Grid<float, batchlas::Backend::CUDA>)    [0m1024    3       2       8       0       1       0       0       100         0.0029080   3.6480e-05  1.9172e+08  33.805      146.50      0.36350     3072        3           
[1m(BM_SPMM_Grid<float, batchlas::Backend::CUDA>)    [0m1024    3       2       8       0       1       1       0       100         0.0030103   2.2755e-06  4.7278e+08  32.656      141.52      0.37629     3072        3           
[1m(BM_SPMM_Grid<float, batchlas::Backend::CUDA>)    [0m1024    3       2       16      0       0       0       0       100         0.0028660   3.9317e-05  874.68      68.600      251.55      0.17913     3072        3           
[1m(BM_SPMM_Grid<float, batchlas::Backend::CUDA>)    [0m1024    3       2       16      0       0       1       0       100         0.0030288   2.0509e-05  2210.6      64.913      238.04      0.18930     3072        3           
[1m(BM_SPMM_Grid<float, batchlas::Backend::CUDA>)    [0m1024    3       2       16      0       1       0       0       100         0.0028752   3.3232e-05  1.9112e+08  68.382      296.34      0.17970     3072        3           
[1m(BM_SPMM_Grid<float, batchlas::Backend::CUDA>)    [0m1024    3       2       16      0       1       1       0       100         0.0031893   2.7654e-06  4.6095e+08  61.645      267.15      0.19933     3072        3           
[1m(BM_SPMM_Grid<float, batchlas::Backend::CUDA>)    [0m1024    3       2       32      0       0       0       0       100         0.0028932   3.5231e-05  874.68      135.91      498.39      0.090412    3072        3           
[1m(BM_SPMM_Grid<float, batchlas::Backend::CUDA>)    [0m1024    3       2       32      0       0       1       0       100         0.0032518   1.6841e-05  2210.6      120.92      443.43      0.10162     3072        3           
[1m(BM_SPMM_Grid<float, batchlas::Backend::CUDA>)    [0m1024    3       2       32      0       1       0       0       100         0.0029069   0.00013189  1.9129e+08  135.27      586.21      0.090842    3072        3           
[1m(BM_SPMM_Grid<float, batchlas::Backend::CUDA>)    [0m1024    3       2       32      0       1       1       0       100         0.0034975   2.2480e-06  4.4068e+08  112.43      487.22      0.10930     3072        3           
[1m(BM_SPMM_Grid<float, batchlas::Backend::CUDA>)    [0m1024    3       2       64      0       0       0       0       100         0.0035809   0.00035518  874.68      219.62      805.34      0.055951    3072        3           
[1m(BM_SPMM_Grid<float, batchlas::Backend::CUDA>)    [0m1024    3       2       64      0       0       1       0       100         0.0036142   1.4241e-05  2210.6      217.59      797.91      0.056472    3072        3           
[1m(BM_SPMM_Grid<float, batchlas::Backend::CUDA>)    [0m1024    3       2       64      0       1       0       0       100         0.0029160   0.00036738  1.9105e+08  269.70      1168.8      0.045562    3072        3           
[1m(BM_SPMM_Grid<float, batchlas::Backend::CUDA>)    [0m1024    3       2       64      0       1       1       0       100         0.0037992   1.6550e-06  4.2767e+08  207.00      897.06      0.059362    3072        3           
[1m(BM_SPMM_Grid<float, batchlas::Backend::CUDA>)    [0m1024    3       2       128     0       0       0       0       100         0.0031846   0.00030919  874.68      493.90      1811.1      0.024880    3072        3           
[1m(BM_SPMM_Grid<float, batchlas::Backend::CUDA>)    [0m1024    3       2       128     0       0       1       0       100         0.0042102   3.3461e-06  2210.6      373.58      1369.9      0.032892    3072        3           
[1m(BM_SPMM_Grid<float, batchlas::Backend::CUDA>)    [0m1024    3       2       128     0       1       0       0       100         0.0033440   6.7759e-05  1.7856e+08  470.35      2038.3      0.026125    3072        3           
[1m(BM_SPMM_Grid<float, batchlas::Backend::CUDA>)    [0m1024    3       2       128     0       1       1       0       100         0.0043949   2.3293e-06  4.0300e+08  357.88      1550.9      0.034335    3072        3           
2775 MHz, 57
