2775 MHz, 63
[1;36mName                                              Arg0    Arg1    Arg2    Arg3    Arg4    Arg5    Arg6    Arg7    Iter        Avg(ms)     Std(ms)     chk         GFLOPS      GB/s        Time (µs) / matrixnnz/item    nnz/row     [0m
[1m(BM_SPMM_Grid<std::complex<double>, batchlas::Backend::CUDA>)[0m1024    3       2       1       0       0       0       0       100         0.015805    0.0013336   1907.9      3.1099      8.2933      15.805      3072        3           
[1m(BM_SPMM_Grid<std::complex<double>, batchlas::Backend::CUDA>)[0m1024    3       2       1       0       0       1       0       100         0.017672    2.9163e-05  4985.5      2.7813      7.4171      17.672      3072        3           
[1m(BM_SPMM_Grid<std::complex<double>, batchlas::Backend::CUDA>)[0m1024    3       2       1       0       1       0       0       100         0.014681    0.00038892  6.4725e+07  3.3480      11.160      14.681      3072        3           
[1m(BM_SPMM_Grid<std::complex<double>, batchlas::Backend::CUDA>)[0m1024    3       2       1       0       1       1       0       100         0.016630    2.8358e-05  1.7523e+08  2.9557      9.8524      16.630      3072        3           
[1m(BM_SPMM_Grid<std::complex<double>, batchlas::Backend::CUDA>)[0m1024    3       2       2       0       0       0       0       100         0.017890    0.00068121  1907.9      5.4951      14.654      8.9448      3072        3           
[1m(BM_SPMM_Grid<std::complex<double>, batchlas::Backend::CUDA>)[0m1024    3       2       2       0       0       1       0       100         0.016623    0.00084586  4985.5      5.9136      15.770      8.3117      3072        3           
[1m(BM_SPMM_Grid<std::complex<double>, batchlas::Backend::CUDA>)[0m1024    3       2       2       0       1       0       0       100         0.017354    0.0010154   6.3504e+07  5.6648      18.883      8.6768      3072        3           
[1m(BM_SPMM_Grid<std::complex<double>, batchlas::Backend::CUDA>)[0m1024    3       2       2       0       1       1       0       100         0.016061    0.00053276  1.7156e+08  6.1207      20.403      8.0304      3072        3           
[1m(BM_SPMM_Grid<std::complex<double>, batchlas::Backend::CUDA>)[0m1024    3       2       4       0       0       0       0       100         0.016864    2.5352e-05  1907.9      11.658      31.090      4.2160      3072        3           
[1m(BM_SPMM_Grid<std::complex<double>, batchlas::Backend::CUDA>)[0m1024    3       2       4       0       0       1       0       100         0.017168    2.1504e-05  4985.5      11.452      30.540      4.2919      3072        3           
[1m(BM_SPMM_Grid<std::complex<double>, batchlas::Backend::CUDA>)[0m1024    3       2       4       0       1       0       0       100         0.018380    0.00099083  6.2847e+07  10.697      35.657      4.5950      3072        3           
[1m(BM_SPMM_Grid<std::complex<double>, batchlas::Backend::CUDA>)[0m1024    3       2       4       0       1       1       0       100         0.018428    0.00079957  1.5748e+08  10.669      35.565      4.6069      3072        3           
[1m(BM_SPMM_Grid<std::complex<double>, batchlas::Backend::CUDA>)[0m1024    3       2       8       0       0       0       0       100         0.020929    4.5238e-05  1907.9      18.788      50.104      2.6161      3072        3           
[1m(BM_SPMM_Grid<std::complex<double>, batchlas::Backend::CUDA>)[0m1024    3       2       8       0       0       1       0       100         0.020527    0.0016319   4985.5      19.156      51.084      2.5659      3072        3           
[1m(BM_SPMM_Grid<std::complex<double>, batchlas::Backend::CUDA>)[0m1024    3       2       8       0       1       0       0       100         0.019890    0.00094909  6.3000e+07  19.769      65.900      2.4863      3072        3           
[1m(BM_SPMM_Grid<std::complex<double>, batchlas::Backend::CUDA>)[0m1024    3       2       8       0       1       1       0       100         0.016758    4.9453e-05  1.6642e+08  23.465      78.217      2.0947      3072        3           
[1m(BM_SPMM_Grid<std::complex<double>, batchlas::Backend::CUDA>)[0m1024    3       2       16      0       0       0       0       100         0.021981    0.00083317  1907.9      35.779      95.412      1.3738      3072        3           
[1m(BM_SPMM_Grid<std::complex<double>, batchlas::Backend::CUDA>)[0m1024    3       2       16      0       0       1       0       100         0.025719    0.00042129  4985.5      30.578      81.543      1.6074      3072        3           
[1m(BM_SPMM_Grid<std::complex<double>, batchlas::Backend::CUDA>)[0m1024    3       2       16      0       1       0       0       100         0.022262    0.0016389   4.9980e+07  35.326      117.76      1.3914      3072        3           
[1m(BM_SPMM_Grid<std::complex<double>, batchlas::Backend::CUDA>)[0m1024    3       2       16      0       1       1       0       100         0.020757    2.4880e-05  1.4572e+08  37.887      126.29      1.2973      3072        3           
[1m(BM_SPMM_Grid<std::complex<double>, batchlas::Backend::CUDA>)[0m1024    3       2       32      0       0       0       0       100         0.028186    3.3001e-05  1907.9      55.803      148.81      0.88082     3072        3           
[1m(BM_SPMM_Grid<std::complex<double>, batchlas::Backend::CUDA>)[0m1024    3       2       32      0       0       1       0       100         0.028145    2.6202e-05  4985.5      55.885      149.03      0.87952     3072        3           
[1m(BM_SPMM_Grid<std::complex<double>, batchlas::Backend::CUDA>)[0m1024    3       2       32      0       1       0       0       100         0.026760    2.1997e-05  4.7553e+07  58.776      195.92      0.83626     3072        3           
[1m(BM_SPMM_Grid<std::complex<double>, batchlas::Backend::CUDA>)[0m1024    3       2       32      0       1       1       0       100         0.026730    2.8349e-05  1.2426e+08  58.842      196.14      0.83532     3072        3           
[1m(BM_SPMM_Grid<std::complex<double>, batchlas::Backend::CUDA>)[0m1024    3       2       64      0       0       0       0       100         0.037308    4.0267e-05  1907.9      84.318      224.85      0.58294     3072        3           
[1m(BM_SPMM_Grid<std::complex<double>, batchlas::Backend::CUDA>)[0m1024    3       2       64      0       0       1       0       100         0.037438    3.6257e-05  4985.5      84.025      224.07      0.58497     3072        3           
[1m(BM_SPMM_Grid<std::complex<double>, batchlas::Backend::CUDA>)[0m1024    3       2       64      0       1       0       0       100         0.036020    2.8530e-05  4.0349e+07  87.333      291.12      0.56281     3072        3           
[1m(BM_SPMM_Grid<std::complex<double>, batchlas::Backend::CUDA>)[0m1024    3       2       64      0       1       1       0       100         0.036106    3.4966e-05  1.0495e+08  87.126      290.43      0.56415     3072        3           
[1m(BM_SPMM_Grid<std::complex<double>, batchlas::Backend::CUDA>)[0m1024    3       2       128     0       0       0       0       100         0.057189    3.3174e-05  1907.9      110.01      293.37      0.44679     3072        3           
[1m(BM_SPMM_Grid<std::complex<double>, batchlas::Backend::CUDA>)[0m1024    3       2       128     0       0       1       0       100         0.057516    4.1189e-05  4985.5      109.39      291.70      0.44934     3072        3           
[1m(BM_SPMM_Grid<std::complex<double>, batchlas::Backend::CUDA>)[0m1024    3       2       128     0       1       0       0       100         0.056248    3.3254e-05  3.2778e+07  111.85      372.85      0.43944     3072        3           
[1m(BM_SPMM_Grid<std::complex<double>, batchlas::Backend::CUDA>)[0m1024    3       2       128     0       1       1       0       100         0.056528    6.7249e-05  8.5451e+07  111.30      371.00      0.44162     3072        3           
2775 MHz, 53
