2775 MHz, 54
[1;36mName                                              Arg0    Arg1    Arg2    Arg3    Arg4    Arg5    Arg6    Arg7    Iter        Avg(ms)     Std(ms)     chk         GFLOPS      GB/s        Time (µs) / matrixnnz/item    nnz/row     [0m
[1m(BM_SPMM_Grid<double, batchlas::Backend::CUDA>)   [0m1024    3       2       1       0       0       0       0       100         0.0038713   0.00021552  874.68      3.1742      19.046      3.8713      3072        3           
[1m(BM_SPMM_Grid<double, batchlas::Backend::CUDA>)   [0m1024    3       2       1       0       0       1       0       100         0.0038288   7.9949e-05  2210.6      3.2094      19.257      3.8288      3072        3           
[1m(BM_SPMM_Grid<double, batchlas::Backend::CUDA>)   [0m1024    3       2       1       0       1       0       0       100         0.0028913   8.3856e-05  1.7026e+08  4.2500      31.168      2.8913      3072        3           
[1m(BM_SPMM_Grid<double, batchlas::Backend::CUDA>)   [0m1024    3       2       1       0       1       1       0       100         0.0035791   8.9468e-06  4.3920e+08  3.4333      25.179      3.5791      3072        3           
[1m(BM_SPMM_Grid<double, batchlas::Backend::CUDA>)   [0m1024    3       2       2       0       0       0       0       100         0.0028534   3.9223e-05  874.68      8.6129      51.680      1.4267      3072        3           
[1m(BM_SPMM_Grid<double, batchlas::Backend::CUDA>)   [0m1024    3       2       2       0       0       1       0       100         0.0033532   4.2420e-05  2210.6      7.3291      43.977      1.6766      3072        3           
[1m(BM_SPMM_Grid<double, batchlas::Backend::CUDA>)   [0m1024    3       2       2       0       1       0       0       100         0.0028416   4.4978e-05  1.9306e+08  8.6487      63.427      1.4208      3072        3           
[1m(BM_SPMM_Grid<double, batchlas::Backend::CUDA>)   [0m1024    3       2       2       0       1       1       0       100         0.0035683   9.0456e-06  4.3969e+08  6.8874      50.510      1.7841      3072        3           
[1m(BM_SPMM_Grid<double, batchlas::Backend::CUDA>)   [0m1024    3       2       4       0       0       0       0       100         0.0028327   3.8655e-05  874.68      17.351      104.11      0.70819     3072        3           
[1m(BM_SPMM_Grid<double, batchlas::Backend::CUDA>)   [0m1024    3       2       4       0       0       1       0       100         0.0033510   3.3910e-06  2210.6      14.668      88.013      0.83774     3072        3           
[1m(BM_SPMM_Grid<double, batchlas::Backend::CUDA>)   [0m1024    3       2       4       0       1       0       0       100         0.0028491   3.8489e-05  1.9306e+08  17.252      126.52      0.71227     3072        3           
[1m(BM_SPMM_Grid<double, batchlas::Backend::CUDA>)   [0m1024    3       2       4       0       1       1       0       100         0.0035387   2.1004e-06  4.4077e+08  13.890      101.86      0.88467     3072        3           
[1m(BM_SPMM_Grid<double, batchlas::Backend::CUDA>)   [0m1024    3       2       8       0       0       0       0       100         0.0028529   4.6318e-05  874.68      34.457      206.75      0.35662     3072        3           
[1m(BM_SPMM_Grid<double, batchlas::Backend::CUDA>)   [0m1024    3       2       8       0       0       1       0       100         0.0034770   1.4137e-06  2210.6      28.273      169.64      0.43463     3072        3           
[1m(BM_SPMM_Grid<double, batchlas::Backend::CUDA>)   [0m1024    3       2       8       0       1       0       0       100         0.0028403   4.1470e-05  1.9283e+08  34.611      253.82      0.35503     3072        3           
[1m(BM_SPMM_Grid<double, batchlas::Backend::CUDA>)   [0m1024    3       2       8       0       1       1       0       100         0.0037174   7.9573e-06  4.3276e+08  26.444      193.93      0.46467     3072        3           
[1m(BM_SPMM_Grid<double, batchlas::Backend::CUDA>)   [0m1024    3       2       16      0       0       0       0       100         0.0028518   3.4431e-05  874.68      68.943      413.68      0.17824     3072        3           
[1m(BM_SPMM_Grid<double, batchlas::Backend::CUDA>)   [0m1024    3       2       16      0       0       1       0       100         0.0038099   9.2318e-05  2210.6      51.605      309.65      0.23812     3072        3           
[1m(BM_SPMM_Grid<double, batchlas::Backend::CUDA>)   [0m1024    3       2       16      0       1       0       0       100         0.0038503   0.00011210  1.6777e+08  51.062      374.47      0.24065     3072        3           
[1m(BM_SPMM_Grid<double, batchlas::Backend::CUDA>)   [0m1024    3       2       16      0       1       1       0       100         0.0039279   0.00021994  4.1608e+08  50.055      367.08      0.24549     3072        3           
[1m(BM_SPMM_Grid<double, batchlas::Backend::CUDA>)   [0m1024    3       2       32      0       0       0       0       100         0.0038586   9.3997e-05  874.68      101.91      611.47      0.12058     3072        3           
[1m(BM_SPMM_Grid<double, batchlas::Backend::CUDA>)   [0m1024    3       2       32      0       0       1       0       100         0.0040980   6.3133e-05  2210.6      95.953      575.75      0.12806     3072        3           
[1m(BM_SPMM_Grid<double, batchlas::Backend::CUDA>)   [0m1024    3       2       32      0       1       0       0       100         0.0029249   4.2978e-05  1.8872e+08  134.44      985.90      0.091404    3072        3           
[1m(BM_SPMM_Grid<double, batchlas::Backend::CUDA>)   [0m1024    3       2       32      0       1       1       0       100         0.0044409   0.00049458  4.0255e+08  88.543      649.35      0.13878     3072        3           
[1m(BM_SPMM_Grid<double, batchlas::Backend::CUDA>)   [0m1024    3       2       64      0       0       0       0       100         0.0037108   0.00034906  874.68      211.93      1271.7      0.057981    3072        3           
[1m(BM_SPMM_Grid<double, batchlas::Backend::CUDA>)   [0m1024    3       2       64      0       0       1       0       100         0.0049116   7.0140e-06  2210.6      160.12      960.76      0.076744    3072        3           
[1m(BM_SPMM_Grid<double, batchlas::Backend::CUDA>)   [0m1024    3       2       64      0       1       0       0       100         0.0037677   0.00015447  1.6619e+08  208.73      1530.8      0.058870    3072        3           
[1m(BM_SPMM_Grid<double, batchlas::Backend::CUDA>)   [0m1024    3       2       64      0       1       1       0       100         0.0051742   2.3492e-06  3.7339e+08  151.99      1114.7      0.080847    3072        3           
[1m(BM_SPMM_Grid<double, batchlas::Backend::CUDA>)   [0m1024    3       2       128     0       0       0       0       100         0.0045204   5.0683e-05  874.68      347.95      2087.8      0.035316    3072        3           
[1m(BM_SPMM_Grid<double, batchlas::Backend::CUDA>)   [0m1024    3       2       128     0       0       1       0       100         0.0068599   5.0384e-05  2210.6      229.28      1375.8      0.053593    3072        3           
[1m(BM_SPMM_Grid<double, batchlas::Backend::CUDA>)   [0m1024    3       2       128     0       1       0       0       100         0.0050712   2.0602e-05  1.4881e+08  310.16      2274.6      0.039619    3072        3           
[1m(BM_SPMM_Grid<double, batchlas::Backend::CUDA>)   [0m1024    3       2       128     0       1       1       0       100         0.0074001   0.00016266  3.3427e+08  212.55      1558.8      0.057813    3072        3           
2775 MHz, 59
