2775 MHz, 60
[1;36mName                                              Arg0    Arg1    Arg2    Arg3    Arg4    Arg5    Arg6    Arg7    Iter        Avg(ms)     Std(ms)     chk         GFLOPS      GB/s        Time (µs) / matrixnnz/item    nnz/row     [0m
[1m(BM_SPMM_Grid<std::complex<float>, batchlas::Backend::CUDA>)[0m1024    3       2       1       0       0       0       0       100         0.014130    8.7681e-05  1907.9      3.4786      5.2182      14.130      3072        3           
[1m(BM_SPMM_Grid<std::complex<float>, batchlas::Backend::CUDA>)[0m1024    3       2       1       0       0       1       0       100         0.013961    2.2793e-05  4985.5      3.5207      5.2813      13.961      3072        3           
[1m(BM_SPMM_Grid<std::complex<float>, batchlas::Backend::CUDA>)[0m1024    3       2       1       0       1       0       0       100         0.012951    3.4546e-05  7.6967e+07  3.7952      6.9581      12.951      3072        3           
[1m(BM_SPMM_Grid<std::complex<float>, batchlas::Backend::CUDA>)[0m1024    3       2       1       0       1       1       0       100         0.013036    1.9013e-05  1.9984e+08  3.7705      6.9129      13.036      3072        3           
[1m(BM_SPMM_Grid<std::complex<float>, batchlas::Backend::CUDA>)[0m1024    3       2       2       0       0       0       0       100         0.017024    0.0010765   1907.9      5.7744      8.6620      8.5121      3072        3           
[1m(BM_SPMM_Grid<std::complex<float>, batchlas::Backend::CUDA>)[0m1024    3       2       2       0       0       1       0       100         0.015006    3.6926e-05  4985.5      6.5510      9.8270      7.5030      3072        3           
[1m(BM_SPMM_Grid<std::complex<float>, batchlas::Backend::CUDA>)[0m1024    3       2       2       0       1       0       0       100         0.015134    0.00088685  7.3044e+07  6.4954      11.909      7.5672      3072        3           
[1m(BM_SPMM_Grid<std::complex<float>, batchlas::Backend::CUDA>)[0m1024    3       2       2       0       1       1       0       100         0.016224    0.0010186   1.7080e+08  6.0592      11.109      8.1119      3072        3           
[1m(BM_SPMM_Grid<std::complex<float>, batchlas::Backend::CUDA>)[0m1024    3       2       4       0       0       0       0       100         0.017740    0.00064498  1907.9      11.083      16.625      4.4351      3072        3           
[1m(BM_SPMM_Grid<std::complex<float>, batchlas::Backend::CUDA>)[0m1024    3       2       4       0       0       1       0       100         0.015714    0.00027327  4985.5      12.511      18.768      3.9286      3072        3           
[1m(BM_SPMM_Grid<std::complex<float>, batchlas::Backend::CUDA>)[0m1024    3       2       4       0       1       0       0       100         0.016668    2.5695e-05  6.9961e+07  11.795      21.626      4.1670      3072        3           
[1m(BM_SPMM_Grid<std::complex<float>, batchlas::Backend::CUDA>)[0m1024    3       2       4       0       1       1       0       100         0.016972    0.00047307  1.6630e+08  11.584      21.239      4.2429      3072        3           
[1m(BM_SPMM_Grid<std::complex<float>, batchlas::Backend::CUDA>)[0m1024    3       2       8       0       0       0       0       100         0.019385    0.00011047  1907.9      20.284      30.428      2.4232      3072        3           
[1m(BM_SPMM_Grid<std::complex<float>, batchlas::Backend::CUDA>)[0m1024    3       2       8       0       0       1       0       100         0.016488    0.00010236  4985.5      23.848      35.774      2.0611      3072        3           
[1m(BM_SPMM_Grid<std::complex<float>, batchlas::Backend::CUDA>)[0m1024    3       2       8       0       1       0       0       100         0.014998    3.7554e-05  6.9060e+07  26.218      48.069      1.8747      3072        3           
[1m(BM_SPMM_Grid<std::complex<float>, batchlas::Backend::CUDA>)[0m1024    3       2       8       0       1       1       0       100         0.015248    2.9989e-05  1.7739e+08  25.789      47.281      1.9060      3072        3           
[1m(BM_SPMM_Grid<std::complex<float>, batchlas::Backend::CUDA>)[0m1024    3       2       16      0       0       0       0       100         0.017684    2.9797e-05  1907.9      44.472      66.712      1.1052      3072        3           
[1m(BM_SPMM_Grid<std::complex<float>, batchlas::Backend::CUDA>)[0m1024    3       2       16      0       0       1       0       100         0.017702    3.0143e-05  4985.5      44.425      66.642      1.1064      3072        3           
[1m(BM_SPMM_Grid<std::complex<float>, batchlas::Backend::CUDA>)[0m1024    3       2       16      0       1       0       0       100         0.016785    0.00078456  6.3993e+07  46.854      85.903      1.0490      3072        3           
[1m(BM_SPMM_Grid<std::complex<float>, batchlas::Backend::CUDA>)[0m1024    3       2       16      0       1       1       0       100         0.016749    3.8384e-05  1.6733e+08  46.954      86.086      1.0468      3072        3           
[1m(BM_SPMM_Grid<std::complex<float>, batchlas::Backend::CUDA>)[0m1024    3       2       32      0       0       0       0       100         0.021482    2.2936e-05  1907.9      73.217      109.83      0.67132     3072        3           
[1m(BM_SPMM_Grid<std::complex<float>, batchlas::Backend::CUDA>)[0m1024    3       2       32      0       0       1       0       100         0.021598    2.3885e-05  4985.5      72.824      109.24      0.67494     3072        3           
[1m(BM_SPMM_Grid<std::complex<float>, batchlas::Backend::CUDA>)[0m1024    3       2       32      0       1       0       0       100         0.020061    2.4397e-05  5.6758e+07  78.406      143.75      0.62689     3072        3           
[1m(BM_SPMM_Grid<std::complex<float>, batchlas::Backend::CUDA>)[0m1024    3       2       32      0       1       1       0       100         0.020152    2.2006e-05  1.4783e+08  78.051      143.10      0.62974     3072        3           
[1m(BM_SPMM_Grid<std::complex<float>, batchlas::Backend::CUDA>)[0m1024    3       2       64      0       0       0       0       100         0.030103    3.2482e-05  1907.9      104.50      156.76      0.47036     3072        3           
[1m(BM_SPMM_Grid<std::complex<float>, batchlas::Backend::CUDA>)[0m1024    3       2       64      0       0       1       0       100         0.030317    2.1420e-05  4985.5      103.76      155.65      0.47370     3072        3           
[1m(BM_SPMM_Grid<std::complex<float>, batchlas::Backend::CUDA>)[0m1024    3       2       64      0       1       0       0       100         0.028472    0.00011751  4.5722e+07  110.49      202.57      0.44487     3072        3           
[1m(BM_SPMM_Grid<std::complex<float>, batchlas::Backend::CUDA>)[0m1024    3       2       64      0       1       1       0       100         0.029043    0.00086749  1.1568e+08  108.31      198.58      0.45380     3072        3           
[1m(BM_SPMM_Grid<std::complex<float>, batchlas::Backend::CUDA>)[0m1024    3       2       128     0       0       0       0       100         0.048541    2.5278e-05  1907.9      129.61      194.43      0.37923     3072        3           
[1m(BM_SPMM_Grid<std::complex<float>, batchlas::Backend::CUDA>)[0m1024    3       2       128     0       0       1       0       100         0.048666    2.7163e-05  4985.5      129.28      193.93      0.38021     3072        3           
[1m(BM_SPMM_Grid<std::complex<float>, batchlas::Backend::CUDA>)[0m1024    3       2       128     0       1       0       0       100         0.046323    2.4264e-05  3.5663e+07  135.82      249.01      0.36190     3072        3           
[1m(BM_SPMM_Grid<std::complex<float>, batchlas::Backend::CUDA>)[0m1024    3       2       128     0       1       1       0       100         0.046472    2.3769e-05  9.3029e+07  135.38      248.21      0.36306     3072        3           
2775 MHz, 50
