210 MHz, 34
[1;36mName                                              Arg0    Arg1    Arg2    Arg3    Arg4    Arg5    Arg6    Arg7    Iter        Avg(ms)     Std(ms)     chk         GFLOPS      GB/s        Time (µs) / matrixnnz/item    nnz/row     [0m
[1m(BM_SPMM_Grid<float, batchlas::Backend::CUDA>)    [0m1024    3       2       1       0       0       0       0       100         0.015684    2.6383e-05  874.68      0.78349     2.8731      15.684      3072        3           
[1m(BM_SPMM_Grid<float, batchlas::Backend::CUDA>)    [0m1024    3       2       1       0       0       1       0       100         0.015598    3.6588e-05  2210.6      0.78780     2.8888      15.598      3072        3           
[1m(BM_SPMM_Grid<float, batchlas::Backend::CUDA>)    [0m1024    3       2       1       0       1       0       0       100         0.014631    2.4700e-05  3.2017e+07  0.83983     3.6395      14.631      3072        3           
[1m(BM_SPMM_Grid<float, batchlas::Backend::CUDA>)    [0m1024    3       2       1       0       1       1       0       100         0.014733    0.00011838  8.1360e+07  0.83406     3.6145      14.733      3072        3           
[1m(BM_SPMM_Grid<float, batchlas::Backend::CUDA>)    [0m1024    3       2       2       0       0       0       0       100         0.017051    3.7204e-05  874.68      1.4414      5.2855      8.5253      3072        3           
[1m(BM_SPMM_Grid<float, batchlas::Backend::CUDA>)    [0m1024    3       2       2       0       0       1       0       100         0.014803    2.2931e-05  2210.6      1.6602      6.0880      7.4014      3072        3           
[1m(BM_SPMM_Grid<float, batchlas::Backend::CUDA>)    [0m1024    3       2       2       0       1       0       0       100         0.013730    1.3223e-05  3.4193e+07  1.7899      7.7568      6.8652      3072        3           
[1m(BM_SPMM_Grid<float, batchlas::Backend::CUDA>)    [0m1024    3       2       2       0       1       1       0       100         0.013729    1.4408e-05  8.5745e+07  1.7900      7.7574      6.8646      3072        3           
[1m(BM_SPMM_Grid<float, batchlas::Backend::CUDA>)    [0m1024    3       2       4       0       0       0       0       100         0.015150    2.9289e-05  874.68      3.2443      11.897      3.7876      3072        3           
[1m(BM_SPMM_Grid<float, batchlas::Backend::CUDA>)    [0m1024    3       2       4       0       0       1       0       100         0.015399    2.3536e-05  2210.6      3.1918      11.704      3.8498      3072        3           
[1m(BM_SPMM_Grid<float, batchlas::Backend::CUDA>)    [0m1024    3       2       4       0       1       0       0       100         0.014289    0.00054577  3.2961e+07  3.4400      14.908      3.5721      3072        3           
[1m(BM_SPMM_Grid<float, batchlas::Backend::CUDA>)    [0m1024    3       2       4       0       1       1       0       100         0.014271    2.0116e-05  8.3128e+07  3.4443      14.926      3.5677      3072        3           
[1m(BM_SPMM_Grid<float, batchlas::Backend::CUDA>)    [0m1024    3       2       8       0       0       0       0       100         0.016135    2.7666e-05  874.68      6.0927      22.342      2.0168      3072        3           
[1m(BM_SPMM_Grid<float, batchlas::Backend::CUDA>)    [0m1024    3       2       8       0       0       1       0       100         0.016250    2.5894e-05  2210.6      6.0494      22.183      2.0313      3072        3           
[1m(BM_SPMM_Grid<float, batchlas::Backend::CUDA>)    [0m1024    3       2       8       0       1       0       0       100         0.014995    2.2900e-05  3.1751e+07  6.5556      28.410      1.8744      3072        3           
[1m(BM_SPMM_Grid<float, batchlas::Backend::CUDA>)    [0m1024    3       2       8       0       1       1       0       100         0.014851    2.3237e-05  8.0758e+07  6.6193      28.686      1.8564      3072        3           
[1m(BM_SPMM_Grid<float, batchlas::Backend::CUDA>)    [0m1024    3       2       16      0       0       0       0       100         0.018029    2.6638e-05  874.68      10.905      39.988      1.1268      3072        3           
[1m(BM_SPMM_Grid<float, batchlas::Backend::CUDA>)    [0m1024    3       2       16      0       0       1       0       100         0.017728    3.1475e-05  2210.6      11.090      40.668      1.1080      3072        3           
[1m(BM_SPMM_Grid<float, batchlas::Backend::CUDA>)    [0m1024    3       2       16      0       1       0       0       100         0.016728    2.7014e-05  2.9288e+07  11.753      50.935      1.0455      3072        3           
[1m(BM_SPMM_Grid<float, batchlas::Backend::CUDA>)    [0m1024    3       2       16      0       1       1       0       100         0.016677    2.8371e-05  7.4586e+07  11.789      51.089      1.0423      3072        3           
[1m(BM_SPMM_Grid<float, batchlas::Backend::CUDA>)    [0m1024    3       2       32      0       0       0       0       100         0.021274    2.5265e-05  874.68      18.483      67.778      0.66482     3072        3           
[1m(BM_SPMM_Grid<float, batchlas::Backend::CUDA>)    [0m1024    3       2       32      0       0       1       0       100         0.021307    2.0676e-05  2210.6      18.455      67.674      0.66584     3072        3           
[1m(BM_SPMM_Grid<float, batchlas::Backend::CUDA>)    [0m1024    3       2       32      0       1       0       0       100         0.019935    2.5503e-05  2.6265e+07  19.725      85.481      0.62297     3072        3           
[1m(BM_SPMM_Grid<float, batchlas::Backend::CUDA>)    [0m1024    3       2       32      0       1       1       0       100         0.020017    2.0190e-05  6.5868e+07  19.644      85.132      0.62552     3072        3           
[1m(BM_SPMM_Grid<float, batchlas::Backend::CUDA>)    [0m1024    3       2       64      0       0       0       0       100         0.029540    2.4677e-05  874.68      26.622      97.624      0.46157     3072        3           
[1m(BM_SPMM_Grid<float, batchlas::Backend::CUDA>)    [0m1024    3       2       64      0       0       1       0       100         0.029740    2.4282e-05  2210.6      26.443      96.968      0.46469     3072        3           
[1m(BM_SPMM_Grid<float, batchlas::Backend::CUDA>)    [0m1024    3       2       64      0       1       0       0       100         0.028247    2.4007e-05  2.1073e+07  27.842      120.66      0.44135     3072        3           
[1m(BM_SPMM_Grid<float, batchlas::Backend::CUDA>)    [0m1024    3       2       64      0       1       1       0       100         0.028406    2.0495e-05  5.3081e+07  27.686      119.98      0.44384     3072        3           
[1m(BM_SPMM_Grid<float, batchlas::Backend::CUDA>)    [0m1024    3       2       128     0       0       0       0       100         0.048060    2.8029e-05  874.68      32.727      120.01      0.37547     3072        3           
[1m(BM_SPMM_Grid<float, batchlas::Backend::CUDA>)    [0m1024    3       2       128     0       0       1       0       100         0.048733    3.1514e-05  2210.6      32.275      118.35      0.38073     3072        3           
[1m(BM_SPMM_Grid<float, batchlas::Backend::CUDA>)    [0m1024    3       2       128     0       1       0       0       100         0.046405    2.3129e-05  1.6322e+07  33.894      146.89      0.36254     3072        3           
[1m(BM_SPMM_Grid<float, batchlas::Backend::CUDA>)    [0m1024    3       2       128     0       1       1       0       100         0.047056    2.7134e-05  4.0967e+07  33.425      144.85      0.36763     3072        3           
2805 MHz, 42
