2775 MHz, 59
[1;36mName                                              Arg0    Arg1    Arg2    Arg3    Arg4    Arg5    Arg6    Arg7    Iter        Avg(ms)     Std(ms)     chk         GFLOPS      GB/s        Time (µs) / matrixnnz/item    nnz/row     [0m
[1m(BM_SPMM_Grid<std::complex<float>, batchlas::Backend::CUDA>)[0m1024    3       1       128     0       0       1       1       100         0.017073    1.4988e-05  2521.9      184.25      429.94      0.13339     3072        3           
[1m(BM_SPMM_Grid<std::complex<float>, batchlas::Backend::CUDA>)[0m1024    3       1       256     0       0       1       1       100         0.030797    3.6810e-05  2521.9      204.29      476.71      0.12030     3072        3           
[1m(BM_SPMM_Grid<std::complex<float>, batchlas::Backend::CUDA>)[0m1024    3       1       512     0       0       1       1       100         0.056502    0.00014363  2521.9      222.70      519.66      0.11036     3072        3           
[1m(BM_SPMM_Grid<std::complex<float>, batchlas::Backend::CUDA>)[0m1024    3       1       1024    0       0       1       1       100         0.10773     0.00014401  2521.9      233.60      545.10      0.10521     3072        3           
[1m(BM_SPMM_Grid<std::complex<float>, batchlas::Backend::CUDA>)[0m1024    3       2       128     0       0       1       1       100         0.029587    2.6571e-05  4971.2      212.64      318.98      0.23115     3072        3           
[1m(BM_SPMM_Grid<std::complex<float>, batchlas::Backend::CUDA>)[0m1024    3       2       256     0       0       1       1       100         0.055511    4.7848e-05  4971.2      226.68      340.03      0.21684     3072        3           
[1m(BM_SPMM_Grid<std::complex<float>, batchlas::Backend::CUDA>)[0m1024    3       2       512     0       0       1       1       100         0.10477     0.00024584  4971.2      240.21      360.33      0.20462     3072        3           
[1m(BM_SPMM_Grid<std::complex<float>, batchlas::Backend::CUDA>)[0m1024    3       2       1024    0       0       1       1       100         0.20587     0.00017333  4971.2      244.49      366.75      0.20104     3072        3           
[1m(BM_SPMM_Grid<std::complex<float>, batchlas::Backend::CUDA>)[0m1024    3       4       128     0       0       1       1       100         0.056793    6.0095e-05  9997.3      221.56      240.03      0.44369     3072        3           
[1m(BM_SPMM_Grid<std::complex<float>, batchlas::Backend::CUDA>)[0m1024    3       4       256     0       0       1       1       100         0.10779     0.00073194  9997.3      233.46      252.93      0.42107     3072        3           
[1m(BM_SPMM_Grid<std::complex<float>, batchlas::Backend::CUDA>)[0m1024    3       4       512     0       0       1       1       100         0.20475     0.00029487  9997.3      245.82      266.31      0.39990     3072        3           
[1m(BM_SPMM_Grid<std::complex<float>, batchlas::Backend::CUDA>)[0m1024    3       4       1024    0       0       1       1       100         0.42663     0.00041662  9997.3      235.95      255.62      0.41663     3072        3           
[1m(BM_SPMM_Grid<std::complex<float>, batchlas::Backend::CUDA>)[0m1024    3       8       128     0       0       1       1       100         0.10770     0.00022233  19846.      233.66      204.46      0.84143     3072        3           
[1m(BM_SPMM_Grid<std::complex<float>, batchlas::Backend::CUDA>)[0m1024    3       8       256     0       0       1       1       100         0.21079     0.00055921  19846.      238.78      208.94      0.82339     3072        3           
[1m(BM_SPMM_Grid<std::complex<float>, batchlas::Backend::CUDA>)[0m1024    3       8       512     0       0       1       1       100         0.42230     0.0024494   19846.      238.37      208.58      0.82480     3072        3           
[1m(BM_SPMM_Grid<std::complex<float>, batchlas::Backend::CUDA>)[0m1024    3       8       1024    0       0       1       1       100         0.94909     0.0010382   19846.      212.12      185.61      0.92685     3072        3           
[1m(BM_SPMM_Grid<std::complex<float>, batchlas::Backend::CUDA>)[0m1024    3       12      128     0       0       1       1       100         0.16467     0.00013694  29807.      229.24      184.67      1.2865      3072        3           
[1m(BM_SPMM_Grid<std::complex<float>, batchlas::Backend::CUDA>)[0m1024    3       12      256     0       0       1       1       100         0.33175     0.00032019  29807.      227.57      183.33      1.2959      3072        3           
[1m(BM_SPMM_Grid<std::complex<float>, batchlas::Backend::CUDA>)[0m1024    3       12      512     0       0       1       1       100         0.70546     0.00055621  29807.      214.04      172.42      1.3779      3072        3           
[1m(BM_SPMM_Grid<std::complex<float>, batchlas::Backend::CUDA>)[0m1024    3       12      1024    0       0       1       1       100         1.4957      0.0027643   29807.      201.90      162.64      1.4607      3072        3           
[1m(BM_SPMM_Grid<std::complex<float>, batchlas::Backend::CUDA>)[0m1024    16      1       128     0       0       1       1       100         0.11683     0.00017080  12782.      143.60      237.84      0.91276     16384       16          
[1m(BM_SPMM_Grid<std::complex<float>, batchlas::Backend::CUDA>)[0m1024    16      1       256     0       0       1       1       100         0.21381     0.00054944  12782.      156.93      259.93      0.83520     16384       16          
[1m(BM_SPMM_Grid<std::complex<float>, batchlas::Backend::CUDA>)[0m1024    16      1       512     0       0       1       1       100         0.42163     0.0014218   12782.      159.16      263.62      0.82350     16384       16          
[1m(BM_SPMM_Grid<std::complex<float>, batchlas::Backend::CUDA>)[0m1024    16      1       1024    0       0       1       1       100         0.82953     0.0012270   12782.      161.80      267.99      0.81008     16384       16          
[1m(BM_SPMM_Grid<std::complex<float>, batchlas::Backend::CUDA>)[0m1024    16      2       128     0       0       1       1       100         0.18708     0.0020727   25400.      179.36      159.74      1.4616      16384       16          
[1m(BM_SPMM_Grid<std::complex<float>, batchlas::Backend::CUDA>)[0m1024    16      2       256     0       0       1       1       100         0.35158     0.00075129  25400.      190.88      170.00      1.3733      16384       16          
[1m(BM_SPMM_Grid<std::complex<float>, batchlas::Backend::CUDA>)[0m1024    16      2       512     0       0       1       1       100         0.70772     0.0010456   25400.      189.65      168.91      1.3823      16384       16          
[1m(BM_SPMM_Grid<std::complex<float>, batchlas::Backend::CUDA>)[0m1024    16      2       1024    0       0       1       1       100         1.3826      0.0042574   25400.      194.15      172.92      1.3502      16384       16          
[1m(BM_SPMM_Grid<std::complex<float>, batchlas::Backend::CUDA>)[0m1024    16      4       128     0       0       1       1       100         0.32167     0.00042361  51229.      208.62      105.94      2.5131      16384       16          
[1m(BM_SPMM_Grid<std::complex<float>, batchlas::Backend::CUDA>)[0m1024    16      4       256     0       0       1       1       100         0.64110     0.0021355   51229.      209.36      106.32      2.5043      16384       16          
[1m(BM_SPMM_Grid<std::complex<float>, batchlas::Backend::CUDA>)[0m1024    16      4       512     0       0       1       1       100         1.3007      0.0067235   51229.      206.38      104.81      2.5404      16384       16          
[1m(BM_SPMM_Grid<std::complex<float>, batchlas::Backend::CUDA>)[0m1024    16      4       1024    0       0       1       1       100         2.5442      0.0081402   51229.      211.02      107.16      2.4846      16384       16          
[1m(BM_SPMM_Grid<std::complex<float>, batchlas::Backend::CUDA>)[0m1024    16      8       128     0       0       1       1       100         0.64338     0.00036559  1.0191e+05  208.61      66.007      5.0264      16384       16          
[1m(BM_SPMM_Grid<std::complex<float>, batchlas::Backend::CUDA>)[0m1024    16      8       256     0       0       1       1       100         1.2889      0.011915    1.0191e+05  208.26      65.896      5.0349      16384       16          
[1m(BM_SPMM_Grid<std::complex<float>, batchlas::Backend::CUDA>)[0m1024    16      8       512     0       0       1       1       100         2.5740      0.010098    1.0191e+05  208.57      65.995      5.0273      16384       16          
[1m(BM_SPMM_Grid<std::complex<float>, batchlas::Backend::CUDA>)[0m1024    16      8       1024    0       0       1       1       77          5.1956      0.015748    1.0191e+05  206.66      65.390      5.0738      16384       16          
[1m(BM_SPMM_Grid<std::complex<float>, batchlas::Backend::CUDA>)[0m1024    16      12      128     0       0       1       1       100         0.97451     0.00042829  1.5324e+05  206.59      52.186      7.6134      16384       16          
[1m(BM_SPMM_Grid<std::complex<float>, batchlas::Backend::CUDA>)[0m1024    16      12      256     0       0       1       1       100         2.0616      0.0076741   1.5324e+05  195.31      49.337      8.0531      16384       16          
[1m(BM_SPMM_Grid<std::complex<float>, batchlas::Backend::CUDA>)[0m1024    16      12      512     0       0       1       1       100         4.0384      0.0095453   1.5324e+05  199.41      50.373      7.8875      16384       16          
[1m(BM_SPMM_Grid<std::complex<float>, batchlas::Backend::CUDA>)[0m1024    16      12      1024    0       0       1       1       52          7.7902      0.015821    1.5324e+05  206.75      52.226      7.6076      16384       16          
[1m(BM_SPMM_Grid<std::complex<float>, batchlas::Backend::CUDA>)[0m2048    3       1       128     0       0       1       1       100         0.029639    3.4536e-05  4963.1      212.27      495.31      0.23155     6144        3           
[1m(BM_SPMM_Grid<std::complex<float>, batchlas::Backend::CUDA>)[0m2048    3       1       256     0       0       1       1       100         0.053967    3.4427e-05  4963.1      233.16      544.06      0.21081     6144        3           
[1m(BM_SPMM_Grid<std::complex<float>, batchlas::Backend::CUDA>)[0m2048    3       1       512     0       0       1       1       100         0.10328     0.00012254  4963.1      243.66      568.57      0.20172     6144        3           
[1m(BM_SPMM_Grid<std::complex<float>, batchlas::Backend::CUDA>)[0m2048    3       1       1024    0       0       1       1       100         0.23112     0.0018356   4963.1      217.77      508.16      0.22570     6144        3           
[1m(BM_SPMM_Grid<std::complex<float>, batchlas::Backend::CUDA>)[0m2048    3       2       128     0       0       1       1       100         0.054092    6.2813e-05  10111.      232.62      348.94      0.42259     6144        3           
[1m(BM_SPMM_Grid<std::complex<float>, batchlas::Backend::CUDA>)[0m2048    3       2       256     0       0       1       1       100         0.10127     0.00018003  10111.      248.50      372.76      0.39559     6144        3           
[1m(BM_SPMM_Grid<std::complex<float>, batchlas::Backend::CUDA>)[0m2048    3       2       512     0       0       1       1       100         0.19655     0.00019713  10111.      256.08      384.13      0.38388     6144        3           
[1m(BM_SPMM_Grid<std::complex<float>, batchlas::Backend::CUDA>)[0m2048    3       2       1024    0       0       1       1       100         0.44737     0.00030281  10111.      225.01      337.53      0.43688     6144        3           
[1m(BM_SPMM_Grid<std::complex<float>, batchlas::Backend::CUDA>)[0m2048    3       4       128     0       0       1       1       100         0.10149     0.00018317  19918.      247.97      268.64      0.79287     6144        3           
[1m(BM_SPMM_Grid<std::complex<float>, batchlas::Backend::CUDA>)[0m2048    3       4       256     0       0       1       1       100         0.19449     0.00025798  19918.      258.78      280.35      0.75974     6144        3           
[1m(BM_SPMM_Grid<std::complex<float>, batchlas::Backend::CUDA>)[0m2048    3       4       512     0       0       1       1       100         0.41900     0.00033146  19918.      240.25      260.27      0.81836     6144        3           
[1m(BM_SPMM_Grid<std::complex<float>, batchlas::Backend::CUDA>)[0m2048    3       4       1024    0       0       1       1       100         0.93181     0.00050642  19918.      216.06      234.07      0.90998     6144        3           
[1m(BM_SPMM_Grid<std::complex<float>, batchlas::Backend::CUDA>)[0m2048    3       8       128     0       0       1       1       100         0.20219     0.00028498  39482.      248.94      217.82      1.5796      6144        3           
[1m(BM_SPMM_Grid<std::complex<float>, batchlas::Backend::CUDA>)[0m2048    3       8       256     0       0       1       1       100         0.41139     0.00047300  39482.      244.69      214.11      1.6070      6144        3           
[1m(BM_SPMM_Grid<std::complex<float>, batchlas::Backend::CUDA>)[0m2048    3       8       512     0       0       1       1       100         0.95599     0.00062734  39482.      210.59      184.27      1.8672      6144        3           
[1m(BM_SPMM_Grid<std::complex<float>, batchlas::Backend::CUDA>)[0m2048    3       8       1024    0       0       1       1       100         1.9246      0.0024045   39482.      209.22      183.07      1.8795      6144        3           
[1m(BM_SPMM_Grid<std::complex<float>, batchlas::Backend::CUDA>)[0m2048    3       12      128     0       0       1       1       100         0.30751     0.00069796  59431.      245.51      197.77      2.4024      6144        3           
[1m(BM_SPMM_Grid<std::complex<float>, batchlas::Backend::CUDA>)[0m2048    3       12      256     0       0       1       1       100         0.67506     0.00060663  59431.      223.68      180.18      2.6370      6144        3           
[1m(BM_SPMM_Grid<std::complex<float>, batchlas::Backend::CUDA>)[0m2048    3       12      512     0       0       1       1       100         1.4792      0.0029661   59431.      204.15      164.46      2.8891      6144        3           
[1m(BM_SPMM_Grid<std::complex<float>, batchlas::Backend::CUDA>)[0m2048    3       12      1024    0       0       1       1       100         2.9295      0.0035993   59431.      206.17      166.08      2.8609      6144        3           
[1m(BM_SPMM_Grid<std::complex<float>, batchlas::Backend::CUDA>)[0m2048    16      1       128     0       0       1       1       100         0.21726     0.00066556  25507.      154.44      255.80      1.6973      32768       16          
[1m(BM_SPMM_Grid<std::complex<float>, batchlas::Backend::CUDA>)[0m2048    16      1       256     0       0       1       1       100         0.44319     0.00066182  25507.      151.42      250.80      1.7312      32768       16          
[1m(BM_SPMM_Grid<std::complex<float>, batchlas::Backend::CUDA>)[0m2048    16      1       512     0       0       1       1       100         0.86027     0.00078438  25507.      156.02      258.41      1.6802      32768       16          
[1m(BM_SPMM_Grid<std::complex<float>, batchlas::Backend::CUDA>)[0m2048    16      1       1024    0       0       1       1       100         1.7124      0.0036991   25507.      156.76      259.64      1.6723      32768       16          
[1m(BM_SPMM_Grid<std::complex<float>, batchlas::Backend::CUDA>)[0m2048    16      2       128     0       0       1       1       100         0.35965     0.00099108  51459.      186.60      166.19      2.8098      32768       16          
[1m(BM_SPMM_Grid<std::complex<float>, batchlas::Backend::CUDA>)[0m2048    16      2       256     0       0       1       1       100         0.71537     0.0010733   51459.      187.62      167.10      2.7944      32768       16          
[1m(BM_SPMM_Grid<std::complex<float>, batchlas::Backend::CUDA>)[0m2048    16      2       512     0       0       1       1       100         1.4116      0.0044540   51459.      190.16      169.36      2.7571      32768       16          
[1m(BM_SPMM_Grid<std::complex<float>, batchlas::Backend::CUDA>)[0m2048    16      2       1024    0       0       1       1       100         2.7862      0.0062053   51459.      192.69      171.62      2.7209      32768       16          
[1m(BM_SPMM_Grid<std::complex<float>, batchlas::Backend::CUDA>)[0m2048    16      4       128     0       0       1       1       100         0.64752     0.0016891   1.0208e+05  207.28      105.26      5.0587      32768       16          
[1m(BM_SPMM_Grid<std::complex<float>, batchlas::Backend::CUDA>)[0m2048    16      4       256     0       0       1       1       100         1.2847      0.0048284   1.0208e+05  208.94      106.10      5.0185      32768       16          
[1m(BM_SPMM_Grid<std::complex<float>, batchlas::Backend::CUDA>)[0m2048    16      4       512     0       0       1       1       100         2.5613      0.0069531   1.0208e+05  209.61      106.44      5.0025      32768       16          
[1m(BM_SPMM_Grid<std::complex<float>, batchlas::Backend::CUDA>)[0m2048    16      4       1024    0       0       1       1       79          5.1126      0.0076775   1.0208e+05  210.02      106.65      4.9928      32768       16          
[1m(BM_SPMM_Grid<std::complex<float>, batchlas::Backend::CUDA>)[0m2048    16      8       128     0       0       1       1       100         1.2694      0.010968    2.0361e+05  211.46      66.907      9.9175      32768       16          
[1m(BM_SPMM_Grid<std::complex<float>, batchlas::Backend::CUDA>)[0m2048    16      8       256     0       0       1       1       100         2.4602      0.023053    2.0361e+05  218.23      69.048      9.6100      32768       16          
[1m(BM_SPMM_Grid<std::complex<float>, batchlas::Backend::CUDA>)[0m2048    16      8       512     0       0       1       1       81          4.9524      0.0095288   2.0361e+05  216.81      68.602      9.6726      32768       16          
[1m(BM_SPMM_Grid<std::complex<float>, batchlas::Backend::CUDA>)[0m2048    16      8       1024    0       0       1       1       41          9.7880      0.016622    2.0361e+05  219.40      69.420      9.5586      32768       16          
[1m(BM_SPMM_Grid<std::complex<float>, batchlas::Backend::CUDA>)[0m2048    16      12      128     0       0       1       1       100         1.8899      0.027633    3.0628e+05  213.05      53.818      14.765      32768       16          
[1m(BM_SPMM_Grid<std::complex<float>, batchlas::Backend::CUDA>)[0m2048    16      12      256     0       0       1       1       100         3.7724      0.0099041   3.0628e+05  213.47      53.924      14.736      32768       16          
[1m(BM_SPMM_Grid<std::complex<float>, batchlas::Backend::CUDA>)[0m2048    16      12      512     0       0       1       1       55          7.3895      0.011683    3.0628e+05  217.96      55.058      14.433      32768       16          
[1m(BM_SPMM_Grid<std::complex<float>, batchlas::Backend::CUDA>)[0m2048    16      12      1024    0       0       1       1       28          14.546      0.016023    3.0628e+05  221.45      55.940      14.205      32768       16          
2775 MHz, 58
