2775 MHz, 58
[1;36mName                                              Arg0    Arg1    Arg2    Arg3    Arg4    Arg5    Arg6    Arg7    Iter        Avg(ms)     Std(ms)     chk         GFLOPS      GB/s        Time (µs) / matrixnnz/item    nnz/row     [0m
[1m(BM_SPMM_Grid<std::complex<double>, batchlas::Backend::CUDA>)[0m1024    3       1       128     0       0       1       1       100         0.051931    0.00012239  2521.9      60.575      242.31      0.40571     3072        3           
[1m(BM_SPMM_Grid<std::complex<double>, batchlas::Backend::CUDA>)[0m1024    3       1       256     0       0       1       1       100         0.091317    3.8517e-05  2521.9      68.897      275.60      0.35671     3072        3           
[1m(BM_SPMM_Grid<std::complex<double>, batchlas::Backend::CUDA>)[0m1024    3       1       512     0       0       1       1       100         0.17072     0.00015788  2521.9      73.706      294.84      0.33343     3072        3           
[1m(BM_SPMM_Grid<std::complex<double>, batchlas::Backend::CUDA>)[0m1024    3       1       1024    0       0       1       1       100         0.33080     0.00016988  2521.9      76.076      304.32      0.32304     3072        3           
[1m(BM_SPMM_Grid<std::complex<double>, batchlas::Backend::CUDA>)[0m1024    3       2       128     0       0       1       1       100         0.057186    0.0021470   4971.2      110.02      293.39      0.44676     3072        3           
[1m(BM_SPMM_Grid<std::complex<double>, batchlas::Backend::CUDA>)[0m1024    3       2       256     0       0       1       1       100         0.095475    7.8028e-05  4971.2      131.79      351.46      0.37295     3072        3           
[1m(BM_SPMM_Grid<std::complex<double>, batchlas::Backend::CUDA>)[0m1024    3       2       512     0       0       1       1       100         0.17664     0.0010011   4971.2      142.47      379.92      0.34501     3072        3           
[1m(BM_SPMM_Grid<std::complex<double>, batchlas::Backend::CUDA>)[0m1024    3       2       1024    0       0       1       1       100         0.34282     0.00027771  4971.2      146.82      391.52      0.33478     3072        3           
[1m(BM_SPMM_Grid<std::complex<double>, batchlas::Backend::CUDA>)[0m1024    3       4       128     0       0       1       1       100         0.082827    0.00020349  9997.3      151.92      303.84      0.64709     3072        3           
[1m(BM_SPMM_Grid<std::complex<double>, batchlas::Backend::CUDA>)[0m1024    3       4       256     0       0       1       1       100         0.14616     0.00028879  9997.3      172.18      344.37      0.57094     3072        3           
[1m(BM_SPMM_Grid<std::complex<double>, batchlas::Backend::CUDA>)[0m1024    3       4       512     0       0       1       1       100         0.27635     0.00053530  9997.3      182.13      364.26      0.53975     3072        3           
[1m(BM_SPMM_Grid<std::complex<double>, batchlas::Backend::CUDA>)[0m1024    3       4       1024    0       0       1       1       100         0.68870     0.00047634  9997.3      146.16      292.34      0.67256     3072        3           
[1m(BM_SPMM_Grid<std::complex<double>, batchlas::Backend::CUDA>)[0m1024    3       8       128     0       0       1       1       100         0.12685     0.00018489  19846.      198.39      330.65      0.99102     3072        3           
[1m(BM_SPMM_Grid<std::complex<double>, batchlas::Backend::CUDA>)[0m1024    3       8       256     0       0       1       1       100         0.23177     0.00022134  19846.      217.16      361.94      0.90534     3072        3           
[1m(BM_SPMM_Grid<std::complex<double>, batchlas::Backend::CUDA>)[0m1024    3       8       512     0       0       1       1       100         0.65195     0.00044168  19846.      154.40      257.34      1.2733      3072        3           
[1m(BM_SPMM_Grid<std::complex<double>, batchlas::Backend::CUDA>)[0m1024    3       8       1024    0       0       1       1       100         1.3378      0.0021802   19846.      150.49      250.82      1.3065      3072        3           
[1m(BM_SPMM_Grid<std::complex<double>, batchlas::Backend::CUDA>)[0m1024    3       12      128     0       0       1       1       100         0.17753     0.00021967  29807.      212.63      330.77      1.3869      3072        3           
[1m(BM_SPMM_Grid<std::complex<double>, batchlas::Backend::CUDA>)[0m1024    3       12      256     0       0       1       1       100         0.41050     0.0013047   29807.      183.92      286.09      1.6035      3072        3           
[1m(BM_SPMM_Grid<std::complex<double>, batchlas::Backend::CUDA>)[0m1024    3       12      512     0       0       1       1       100         1.0036      0.0017036   29807.      150.45      234.04      1.9601      3072        3           
[1m(BM_SPMM_Grid<std::complex<double>, batchlas::Backend::CUDA>)[0m1024    3       12      1024    0       0       1       1       100         1.9880      0.0022306   29807.      151.91      236.30      1.9414      3072        3           
[1m(BM_SPMM_Grid<std::complex<double>, batchlas::Backend::CUDA>)[0m1024    16      1       128     0       0       1       1       100         0.13611     0.00017892  12782.      123.26      342.81      1.0634      16384       16          
[1m(BM_SPMM_Grid<std::complex<double>, batchlas::Backend::CUDA>)[0m1024    16      1       256     0       0       1       1       100         0.26485     0.00030440  12782.      126.69      352.37      1.0346      16384       16          
[1m(BM_SPMM_Grid<std::complex<double>, batchlas::Backend::CUDA>)[0m1024    16      1       512     0       0       1       1       100         0.51590     0.00038697  12782.      130.08      361.79      1.0076      16384       16          
[1m(BM_SPMM_Grid<std::complex<double>, batchlas::Backend::CUDA>)[0m1024    16      1       1024    0       0       1       1       100         1.0247      0.0017362   12782.      130.98      364.30      1.0007      16384       16          
[1m(BM_SPMM_Grid<std::complex<double>, batchlas::Backend::CUDA>)[0m1024    16      2       128     0       0       1       1       100         0.19704     0.00023018  25400.      170.29      258.10      1.5394      16384       16          
[1m(BM_SPMM_Grid<std::complex<double>, batchlas::Backend::CUDA>)[0m1024    16      2       256     0       0       1       1       100         0.38059     0.00026214  25400.      176.33      267.25      1.4867      16384       16          
[1m(BM_SPMM_Grid<std::complex<double>, batchlas::Backend::CUDA>)[0m1024    16      2       512     0       0       1       1       100         0.74645     0.00035055  25400.      179.81      272.52      1.4579      16384       16          
[1m(BM_SPMM_Grid<std::complex<double>, batchlas::Backend::CUDA>)[0m1024    16      2       1024    0       0       1       1       100         1.5009      0.025795    25400.      178.85      271.07      1.4657      16384       16          
[1m(BM_SPMM_Grid<std::complex<double>, batchlas::Backend::CUDA>)[0m1024    16      4       128     0       0       1       1       100         0.32871     0.00056605  51229.      204.16      180.23      2.5681      16384       16          
[1m(BM_SPMM_Grid<std::complex<double>, batchlas::Backend::CUDA>)[0m1024    16      4       256     0       0       1       1       100         0.63797     0.0014208   51229.      210.38      185.73      2.4921      16384       16          
[1m(BM_SPMM_Grid<std::complex<double>, batchlas::Backend::CUDA>)[0m1024    16      4       512     0       0       1       1       100         1.2954      0.022352    51229.      207.22      182.93      2.5301      16384       16          
[1m(BM_SPMM_Grid<std::complex<double>, batchlas::Backend::CUDA>)[0m1024    16      4       1024    0       0       1       1       100         2.6335      0.0087523   51229.      203.87      179.98      2.5717      16384       16          
[1m(BM_SPMM_Grid<std::complex<double>, batchlas::Backend::CUDA>)[0m1024    16      8       128     0       0       1       1       100         0.58477     0.0061866   1.0191e+05  229.52      130.00      4.5685      16384       16          
[1m(BM_SPMM_Grid<std::complex<double>, batchlas::Backend::CUDA>)[0m1024    16      8       256     0       0       1       1       100         1.1327      0.0015542   1.0191e+05  236.99      134.23      4.4245      16384       16          
[1m(BM_SPMM_Grid<std::complex<double>, batchlas::Backend::CUDA>)[0m1024    16      8       512     0       0       1       1       100         2.3343      0.0012508   1.0191e+05  230.00      130.27      4.5591      16384       16          
[1m(BM_SPMM_Grid<std::complex<double>, batchlas::Backend::CUDA>)[0m1024    16      8       1024    0       0       1       1       85          4.7077      0.0017975   1.0191e+05  228.08      129.19      4.5973      16384       16          
[1m(BM_SPMM_Grid<std::complex<double>, batchlas::Backend::CUDA>)[0m1024    16      12      128     0       0       1       1       100         0.82703     0.00031581  1.5324e+05  243.43      112.21      6.4612      16384       16          
[1m(BM_SPMM_Grid<std::complex<double>, batchlas::Backend::CUDA>)[0m1024    16      12      256     0       0       1       1       100         1.6708      0.0010123   1.5324e+05  240.99      111.08      6.5267      16384       16          
[1m(BM_SPMM_Grid<std::complex<double>, batchlas::Backend::CUDA>)[0m1024    16      12      512     0       0       1       1       100         3.4456      0.0014688   1.5324e+05  233.72      107.73      6.7297      16384       16          
[1m(BM_SPMM_Grid<std::complex<double>, batchlas::Backend::CUDA>)[0m1024    16      12      1024    0       0       1       1       59          6.8532      0.0025265   1.5324e+05  235.02      108.33      6.6925      16384       16          
[1m(BM_SPMM_Grid<std::complex<double>, batchlas::Backend::CUDA>)[0m2048    3       1       128     0       0       1       1       100         0.091276    4.0072e-05  4963.1      68.928      275.72      0.71309     6144        3           
[1m(BM_SPMM_Grid<std::complex<double>, batchlas::Backend::CUDA>)[0m2048    3       1       256     0       0       1       1       100         0.17000     0.00016146  4963.1      74.016      296.07      0.66407     6144        3           
[1m(BM_SPMM_Grid<std::complex<double>, batchlas::Backend::CUDA>)[0m2048    3       1       512     0       0       1       1       100         0.32789     0.00016528  4963.1      76.750      307.01      0.64042     6144        3           
[1m(BM_SPMM_Grid<std::complex<double>, batchlas::Backend::CUDA>)[0m2048    3       1       1024    0       0       1       1       100         0.64603     0.0033100   4963.1      77.909      311.64      0.63089     6144        3           
[1m(BM_SPMM_Grid<std::complex<double>, batchlas::Backend::CUDA>)[0m2048    3       2       128     0       0       1       1       100         0.095887    0.00013917  10111.      131.23      349.94      0.74912     6144        3           
[1m(BM_SPMM_Grid<std::complex<double>, batchlas::Backend::CUDA>)[0m2048    3       2       256     0       0       1       1       100         0.17627     0.00020238  10111.      142.77      380.73      0.68855     6144        3           
[1m(BM_SPMM_Grid<std::complex<double>, batchlas::Backend::CUDA>)[0m2048    3       2       512     0       0       1       1       100         0.33907     0.00026561  10111.      148.44      395.85      0.66224     6144        3           
[1m(BM_SPMM_Grid<std::complex<double>, batchlas::Backend::CUDA>)[0m2048    3       2       1024    0       0       1       1       100         0.81265     0.00040641  10111.      123.87      330.32      0.79361     6144        3           
[1m(BM_SPMM_Grid<std::complex<double>, batchlas::Backend::CUDA>)[0m2048    3       4       128     0       0       1       1       100         0.14548     0.00028771  19918.      172.99      345.98      1.1365      6144        3           
[1m(BM_SPMM_Grid<std::complex<double>, batchlas::Backend::CUDA>)[0m2048    3       4       256     0       0       1       1       100         0.27368     0.00058665  19918.      183.91      367.82      1.0690      6144        3           
[1m(BM_SPMM_Grid<std::complex<double>, batchlas::Backend::CUDA>)[0m2048    3       4       512     0       0       1       1       100         0.68182     0.00040317  19918.      147.64      295.28      1.3317      6144        3           
[1m(BM_SPMM_Grid<std::complex<double>, batchlas::Backend::CUDA>)[0m2048    3       4       1024    0       0       1       1       100         1.4065      0.012439    19918.      143.14      286.28      1.3736      6144        3           
[1m(BM_SPMM_Grid<std::complex<double>, batchlas::Backend::CUDA>)[0m2048    3       8       128     0       0       1       1       100         0.22781     0.00018812  39482.      220.94      368.23      1.7798      6144        3           
[1m(BM_SPMM_Grid<std::complex<double>, batchlas::Backend::CUDA>)[0m2048    3       8       256     0       0       1       1       100         0.66152     0.00049010  39482.      152.17      253.62      2.5841      6144        3           
[1m(BM_SPMM_Grid<std::complex<double>, batchlas::Backend::CUDA>)[0m2048    3       8       512     0       0       1       1       100         1.3800      0.019666    39482.      145.89      243.15      2.6953      6144        3           
[1m(BM_SPMM_Grid<std::complex<double>, batchlas::Backend::CUDA>)[0m2048    3       8       1024    0       0       1       1       100         2.8137      0.0035151   39482.      143.10      238.51      2.7478      6144        3           
[1m(BM_SPMM_Grid<std::complex<double>, batchlas::Backend::CUDA>)[0m2048    3       12      128     0       0       1       1       100         0.40811     0.00097665  59431.      184.99      287.77      3.1883      6144        3           
[1m(BM_SPMM_Grid<std::complex<double>, batchlas::Backend::CUDA>)[0m2048    3       12      256     0       0       1       1       100         1.0195      0.016111    59431.      148.11      230.40      3.9823      6144        3           
[1m(BM_SPMM_Grid<std::complex<double>, batchlas::Backend::CUDA>)[0m2048    3       12      512     0       0       1       1       100         2.0701      0.021735    59431.      145.88      226.92      4.0433      6144        3           
[1m(BM_SPMM_Grid<std::complex<double>, batchlas::Backend::CUDA>)[0m2048    3       12      1024    0       0       1       1       98          4.1056      0.010243    59431.      147.11      228.84      4.0093      6144        3           
[1m(BM_SPMM_Grid<std::complex<double>, batchlas::Backend::CUDA>)[0m2048    16      1       128     0       0       1       1       100         0.26205     0.00093805  25507.      128.04      356.12      2.0473      32768       16          
[1m(BM_SPMM_Grid<std::complex<double>, batchlas::Backend::CUDA>)[0m2048    16      1       256     0       0       1       1       100         0.50954     0.00041753  25507.      131.70      366.31      1.9904      32768       16          
[1m(BM_SPMM_Grid<std::complex<double>, batchlas::Backend::CUDA>)[0m2048    16      1       512     0       0       1       1       100         1.0111      0.0020067   25507.      132.74      369.19      1.9748      32768       16          
[1m(BM_SPMM_Grid<std::complex<double>, batchlas::Backend::CUDA>)[0m2048    16      1       1024    0       0       1       1       100         2.0073      0.0034491   25507.      133.73      371.95      1.9602      32768       16          
[1m(BM_SPMM_Grid<std::complex<double>, batchlas::Backend::CUDA>)[0m2048    16      2       128     0       0       1       1       100         0.35415     0.00028979  51459.      189.49      287.20      2.7668      32768       16          
[1m(BM_SPMM_Grid<std::complex<double>, batchlas::Backend::CUDA>)[0m2048    16      2       256     0       0       1       1       100         0.69264     0.00047519  51459.      193.78      293.69      2.7056      32768       16          
[1m(BM_SPMM_Grid<std::complex<double>, batchlas::Backend::CUDA>)[0m2048    16      2       512     0       0       1       1       100         1.3779      0.0019678   51459.      194.82      295.27      2.6912      32768       16          
[1m(BM_SPMM_Grid<std::complex<double>, batchlas::Backend::CUDA>)[0m2048    16      2       1024    0       0       1       1       100         2.8665      0.0030021   51459.      187.29      283.86      2.7993      32768       16          
[1m(BM_SPMM_Grid<std::complex<double>, batchlas::Backend::CUDA>)[0m2048    16      4       128     0       0       1       1       100         0.62525     0.00093163  1.0208e+05  214.66      189.51      4.8848      32768       16          
[1m(BM_SPMM_Grid<std::complex<double>, batchlas::Backend::CUDA>)[0m2048    16      4       256     0       0       1       1       100         1.2304      0.0042379   1.0208e+05  218.18      192.61      4.8061      32768       16          
[1m(BM_SPMM_Grid<std::complex<double>, batchlas::Backend::CUDA>)[0m2048    16      4       512     0       0       1       1       100         2.5530      0.0073870   1.0208e+05  210.29      185.65      4.9864      32768       16          
[1m(BM_SPMM_Grid<std::complex<double>, batchlas::Backend::CUDA>)[0m2048    16      4       1024    0       0       1       1       79          5.1232      0.011380    1.0208e+05  209.58      185.02      5.0031      32768       16          
[1m(BM_SPMM_Grid<std::complex<double>, batchlas::Backend::CUDA>)[0m2048    16      8       128     0       0       1       1       100         1.0616      0.00076487  2.0361e+05  252.86      143.22      8.2938      32768       16          
[1m(BM_SPMM_Grid<std::complex<double>, batchlas::Backend::CUDA>)[0m2048    16      8       256     0       0       1       1       100         2.3072      0.0013489   2.0361e+05  232.69      131.80      9.0125      32768       16          
[1m(BM_SPMM_Grid<std::complex<double>, batchlas::Backend::CUDA>)[0m2048    16      8       512     0       0       1       1       86          4.6712      0.0018577   2.0361e+05  229.86      130.20      9.1235      32768       16          
[1m(BM_SPMM_Grid<std::complex<double>, batchlas::Backend::CUDA>)[0m2048    16      8       1024    0       0       1       1       43          9.3189      0.0030124   2.0361e+05  230.44      130.53      9.1005      32768       16          
[1m(BM_SPMM_Grid<std::complex<double>, batchlas::Backend::CUDA>)[0m2048    16      12      128     0       0       1       1       100         1.6285      0.0010935   3.0628e+05  247.25      113.97      12.723      32768       16          
[1m(BM_SPMM_Grid<std::complex<double>, batchlas::Backend::CUDA>)[0m2048    16      12      256     0       0       1       1       100         3.4388      0.0020417   3.0628e+05  234.18      107.94      13.433      32768       16          
[1m(BM_SPMM_Grid<std::complex<double>, batchlas::Backend::CUDA>)[0m2048    16      12      512     0       0       1       1       59          6.8721      0.0025008   3.0628e+05  234.37      108.03      13.422      32768       16          
[1m(BM_SPMM_Grid<std::complex<double>, batchlas::Backend::CUDA>)[0m2048    16      12      1024    0       0       1       1       30          13.731      0.0028893   3.0628e+05  234.59      108.13      13.410      32768       16          
2775 MHz, 63
