2775 MHz, 59
[1;36mName                                              Arg0    Arg1    Arg2    Arg3    Arg4    Arg5    Arg6    Arg7    Iter        Avg(ms)     Std(ms)     chk         GFLOPS      GB/s        Time (µs) / matrixnnz/item    nnz/row     [0m
[1m(BM_SPMM_Grid<float, batchlas::Backend::CUDA>)    [0m1024    3       1       128     0       0       1       1       100         0.010504    1.5804e-05  1134.1      74.871      449.28      0.082061    3072        3           
[1m(BM_SPMM_Grid<float, batchlas::Backend::CUDA>)    [0m1024    3       1       256     0       0       1       1       100         0.017508    3.0543e-05  1134.1      89.837      539.08      0.068390    3072        3           
[1m(BM_SPMM_Grid<float, batchlas::Backend::CUDA>)    [0m1024    3       1       512     0       0       1       1       100         0.029231    0.00011154  1134.1      107.62      645.76      0.057092    3072        3           
[1m(BM_SPMM_Grid<float, batchlas::Backend::CUDA>)    [0m1024    3       1       1024    0       0       1       1       100         0.053872    3.5577e-05  1134.1      116.78      700.78      0.052610    3072        3           
[1m(BM_SPMM_Grid<float, batchlas::Backend::CUDA>)    [0m1024    3       2       128     0       0       1       1       100         0.016054    1.4218e-05  2210.6      97.975      359.27      0.12542     3072        3           
[1m(BM_SPMM_Grid<float, batchlas::Backend::CUDA>)    [0m1024    3       2       256     0       0       1       1       100         0.029122    6.5934e-05  2210.6      108.02      396.10      0.11376     3072        3           
[1m(BM_SPMM_Grid<float, batchlas::Backend::CUDA>)    [0m1024    3       2       512     0       0       1       1       100         0.052349    0.00016325  2210.6      120.18      440.71      0.10224     3072        3           
[1m(BM_SPMM_Grid<float, batchlas::Backend::CUDA>)    [0m1024    3       2       1024    0       0       1       1       100         0.10058     0.0011336   2210.6      125.10      458.73      0.098227    3072        3           
[1m(BM_SPMM_Grid<float, batchlas::Backend::CUDA>)    [0m1024    3       4       128     0       0       1       1       100         0.027988    1.9185e-05  4394.9      112.40      281.01      0.21865     3072        3           
[1m(BM_SPMM_Grid<float, batchlas::Backend::CUDA>)    [0m1024    3       4       256     0       0       1       1       100         0.051867    4.5809e-05  4394.9      121.30      303.27      0.20260     3072        3           
[1m(BM_SPMM_Grid<float, batchlas::Backend::CUDA>)    [0m1024    3       4       512     0       0       1       1       100         0.097537    0.00026190  4394.9      129.01      322.54      0.19050     3072        3           
[1m(BM_SPMM_Grid<float, batchlas::Backend::CUDA>)    [0m1024    3       4       1024    0       0       1       1       100         0.19149     0.00016647  4394.9      131.42      328.58      0.18700     3072        3           
[1m(BM_SPMM_Grid<float, batchlas::Backend::CUDA>)    [0m1024    3       8       128     0       0       1       1       100         0.052396    0.00014375  8677.2      120.07      230.15      0.40935     3072        3           
[1m(BM_SPMM_Grid<float, batchlas::Backend::CUDA>)    [0m1024    3       8       256     0       0       1       1       100         0.10220     0.00025028  8677.2      123.12      236.00      0.39921     3072        3           
[1m(BM_SPMM_Grid<float, batchlas::Backend::CUDA>)    [0m1024    3       8       512     0       0       1       1       100         0.19622     0.0012405   8677.2      128.26      245.83      0.38324     3072        3           
[1m(BM_SPMM_Grid<float, batchlas::Backend::CUDA>)    [0m1024    3       8       1024    0       0       1       1       100         0.40721     0.00035366  8677.2      123.60      236.91      0.39767     3072        3           
[1m(BM_SPMM_Grid<float, batchlas::Backend::CUDA>)    [0m1024    3       12      128     0       0       1       1       100         0.084441    3.3061e-05  13024.      111.76      192.48      0.65969     3072        3           
[1m(BM_SPMM_Grid<float, batchlas::Backend::CUDA>)    [0m1024    3       12      256     0       0       1       1       100         0.16024     0.00029113  13024.      117.79      202.86      0.62594     3072        3           
[1m(BM_SPMM_Grid<float, batchlas::Backend::CUDA>)    [0m1024    3       12      512     0       0       1       1       100         0.31268     0.00039647  13024.      120.73      207.92      0.61071     3072        3           
[1m(BM_SPMM_Grid<float, batchlas::Backend::CUDA>)    [0m1024    3       12      1024    0       0       1       1       100         0.68548     0.0024694   13024.      110.14      189.69      0.66941     3072        3           
[1m(BM_SPMM_Grid<float, batchlas::Backend::CUDA>)    [0m1024    16      1       128     0       0       1       1       100         0.051106    2.4718e-05  4553.1      82.070      359.07      0.39927     16384       16          
[1m(BM_SPMM_Grid<float, batchlas::Backend::CUDA>)    [0m1024    16      1       256     0       0       1       1       100         0.11296     0.00051032  4553.1      74.263      324.91      0.44124     16384       16          
[1m(BM_SPMM_Grid<float, batchlas::Backend::CUDA>)    [0m1024    16      1       512     0       0       1       1       100         0.20987     0.00042527  4553.1      79.943      349.76      0.40989     16384       16          
[1m(BM_SPMM_Grid<float, batchlas::Backend::CUDA>)    [0m1024    16      1       1024    0       0       1       1       100         0.43085     0.00058749  4553.1      77.880      340.74      0.42075     16384       16          
[1m(BM_SPMM_Grid<float, batchlas::Backend::CUDA>)    [0m1024    16      2       128     0       0       1       1       100         0.087996    0.00016408  8975.8      95.329      220.45      0.68747     16384       16          
[1m(BM_SPMM_Grid<float, batchlas::Backend::CUDA>)    [0m1024    16      2       256     0       0       1       1       100         0.17622     0.00058676  8975.8      95.204      220.16      0.68838     16384       16          
[1m(BM_SPMM_Grid<float, batchlas::Backend::CUDA>)    [0m1024    16      2       512     0       0       1       1       100         0.33114     0.00053611  8975.8      101.33      234.33      0.64676     16384       16          
[1m(BM_SPMM_Grid<float, batchlas::Backend::CUDA>)    [0m1024    16      2       1024    0       0       1       1       100         0.66887     0.0024206   8975.8      100.33      232.02      0.65320     16384       16          
[1m(BM_SPMM_Grid<float, batchlas::Backend::CUDA>)    [0m1024    16      4       128     0       0       1       1       100         0.14978     0.0015651   18039.      112.01      143.52      1.1701      16384       16          
[1m(BM_SPMM_Grid<float, batchlas::Backend::CUDA>)    [0m1024    16      4       256     0       0       1       1       100         0.29728     0.0011801   18039.      112.87      144.62      1.1613      16384       16          
[1m(BM_SPMM_Grid<float, batchlas::Backend::CUDA>)    [0m1024    16      4       512     0       0       1       1       100         0.58413     0.0013141   18039.      114.89      147.20      1.1409      16384       16          
[1m(BM_SPMM_Grid<float, batchlas::Backend::CUDA>)    [0m1024    16      4       1024    0       0       1       1       100         1.1693      0.011029    18039.      114.78      147.07      1.1419      16384       16          
[1m(BM_SPMM_Grid<float, batchlas::Backend::CUDA>)    [0m1024    16      8       128     0       0       1       1       100         0.30992     0.0016576   35801.      108.27      82.895      2.4212      16384       16          
[1m(BM_SPMM_Grid<float, batchlas::Backend::CUDA>)    [0m1024    16      8       256     0       0       1       1       100         0.61482     0.0015588   35801.      109.15      83.571      2.4017      16384       16          
[1m(BM_SPMM_Grid<float, batchlas::Backend::CUDA>)    [0m1024    16      8       512     0       0       1       1       100         1.2169      0.014665    35801.      110.30      84.449      2.3767      16384       16          
[1m(BM_SPMM_Grid<float, batchlas::Backend::CUDA>)    [0m1024    16      8       1024    0       0       1       1       100         2.3922      0.0054214   35801.      112.21      85.916      2.3361      16384       16          
[1m(BM_SPMM_Grid<float, batchlas::Backend::CUDA>)    [0m1024    16      12      128     0       0       1       1       100         0.51802     0.00073476  53883.      97.161      57.690      4.0470      16384       16          
[1m(BM_SPMM_Grid<float, batchlas::Backend::CUDA>)    [0m1024    16      12      256     0       0       1       1       100         0.97234     0.0016450   53883.      103.53      61.470      3.7982      16384       16          
[1m(BM_SPMM_Grid<float, batchlas::Backend::CUDA>)    [0m1024    16      12      512     0       0       1       1       100         1.9699      0.016890    53883.      102.20      60.684      3.8474      16384       16          
[1m(BM_SPMM_Grid<float, batchlas::Backend::CUDA>)    [0m1024    16      12      1024    0       0       1       1       100         3.8663      0.015961    53883.      104.14      61.836      3.7757      16384       16          
[1m(BM_SPMM_Grid<float, batchlas::Backend::CUDA>)    [0m2048    3       1       128     0       0       1       1       100         0.016770    2.4624e-05  2184.2      93.793      562.79      0.13101     6144        3           
[1m(BM_SPMM_Grid<float, batchlas::Backend::CUDA>)    [0m2048    3       1       256     0       0       1       1       100         0.028388    2.6176e-05  2184.2      110.81      664.91      0.11089     6144        3           
[1m(BM_SPMM_Grid<float, batchlas::Backend::CUDA>)    [0m2048    3       1       512     0       0       1       1       100         0.052308    2.4585e-05  2184.2      120.28      721.71      0.10216     6144        3           
[1m(BM_SPMM_Grid<float, batchlas::Backend::CUDA>)    [0m2048    3       1       1024    0       0       1       1       100         0.10027     0.00010588  2184.2      125.49      752.96      0.097923    6144        3           
[1m(BM_SPMM_Grid<float, batchlas::Backend::CUDA>)    [0m2048    3       2       128     0       0       1       1       100         0.028857    3.6519e-05  4415.0      109.01      399.72      0.22545     6144        3           
[1m(BM_SPMM_Grid<float, batchlas::Backend::CUDA>)    [0m2048    3       2       256     0       0       1       1       100         0.050713    0.00013936  4415.0      124.06      454.91      0.19810     6144        3           
[1m(BM_SPMM_Grid<float, batchlas::Backend::CUDA>)    [0m2048    3       2       512     0       0       1       1       100         0.096832    3.8343e-05  4415.0      129.95      476.49      0.18912     6144        3           
[1m(BM_SPMM_Grid<float, batchlas::Backend::CUDA>)    [0m2048    3       2       1024    0       0       1       1       100         0.20053     0.00019102  4415.0      125.50      460.17      0.19583     6144        3           
[1m(BM_SPMM_Grid<float, batchlas::Backend::CUDA>)    [0m2048    3       4       128     0       0       1       1       100         0.050666    7.4960e-05  8708.1      124.17      310.45      0.39583     6144        3           
[1m(BM_SPMM_Grid<float, batchlas::Backend::CUDA>)    [0m2048    3       4       256     0       0       1       1       100         0.095296    0.00014493  8708.1      132.04      330.11      0.37225     6144        3           
[1m(BM_SPMM_Grid<float, batchlas::Backend::CUDA>)    [0m2048    3       4       512     0       0       1       1       100         0.18634     0.00017556  8708.1      135.05      337.65      0.36394     6144        3           
[1m(BM_SPMM_Grid<float, batchlas::Backend::CUDA>)    [0m2048    3       4       1024    0       0       1       1       100         0.41124     0.0016763   8708.1      122.39      305.98      0.40160     6144        3           
[1m(BM_SPMM_Grid<float, batchlas::Backend::CUDA>)    [0m2048    3       8       128     0       0       1       1       100         0.10062     0.00027870  17237.      125.05      239.68      0.78612     6144        3           
[1m(BM_SPMM_Grid<float, batchlas::Backend::CUDA>)    [0m2048    3       8       256     0       0       1       1       100         0.19400     0.0017290   17237.      129.72      248.64      0.75782     6144        3           
[1m(BM_SPMM_Grid<float, batchlas::Backend::CUDA>)    [0m2048    3       8       512     0       0       1       1       100         0.40894     0.0014296   17237.      123.08      235.91      0.79870     6144        3           
[1m(BM_SPMM_Grid<float, batchlas::Backend::CUDA>)    [0m2048    3       8       1024    0       0       1       1       100         0.93448     0.00088493  17237.      107.72      206.47      0.91258     6144        3           
[1m(BM_SPMM_Grid<float, batchlas::Backend::CUDA>)    [0m2048    3       12      128     0       0       1       1       100         0.16250     0.00030715  25776.      116.15      200.04      1.2695      6144        3           
[1m(BM_SPMM_Grid<float, batchlas::Backend::CUDA>)    [0m2048    3       12      256     0       0       1       1       100         0.31233     0.00037502  25776.      120.86      208.15      1.2200      6144        3           
[1m(BM_SPMM_Grid<float, batchlas::Backend::CUDA>)    [0m2048    3       12      512     0       0       1       1       100         0.71036     0.00053156  25776.      106.28      183.04      1.3874      6144        3           
[1m(BM_SPMM_Grid<float, batchlas::Backend::CUDA>)    [0m2048    3       12      1024    0       0       1       1       100         1.4866      0.0024164   25776.      101.57      174.93      1.4517      6144        3           
[1m(BM_SPMM_Grid<float, batchlas::Backend::CUDA>)    [0m2048    16      1       128     0       0       1       1       100         0.12292     0.00044417  9037.6      68.246      298.58      0.96030     32768       16          
[1m(BM_SPMM_Grid<float, batchlas::Backend::CUDA>)    [0m2048    16      1       256     0       0       1       1       100         0.22848     0.00044511  9037.6      73.430      321.26      0.89250     32768       16          
[1m(BM_SPMM_Grid<float, batchlas::Backend::CUDA>)    [0m2048    16      1       512     0       0       1       1       100         0.46953     0.0024420   9037.6      71.464      312.66      0.91705     32768       16          
[1m(BM_SPMM_Grid<float, batchlas::Backend::CUDA>)    [0m2048    16      1       1024    0       0       1       1       100         0.91814     0.00064941  9037.6      73.092      319.78      0.89662     32768       16          
[1m(BM_SPMM_Grid<float, batchlas::Backend::CUDA>)    [0m2048    16      2       128     0       0       1       1       100         0.19356     0.00064107  18192.      86.675      200.44      1.5122      32768       16          
[1m(BM_SPMM_Grid<float, batchlas::Backend::CUDA>)    [0m2048    16      2       256     0       0       1       1       100         0.37649     0.00064692  18192.      89.125      206.10      1.4707      32768       16          
[1m(BM_SPMM_Grid<float, batchlas::Backend::CUDA>)    [0m2048    16      2       512     0       0       1       1       100         0.73778     0.00087473  18192.      90.961      210.35      1.4410      32768       16          
[1m(BM_SPMM_Grid<float, batchlas::Backend::CUDA>)    [0m2048    16      2       1024    0       0       1       1       100         1.4504      0.0027865   18192.      92.537      214.00      1.4164      32768       16          
[1m(BM_SPMM_Grid<float, batchlas::Backend::CUDA>)    [0m2048    16      4       128     0       0       1       1       100         0.34766     0.0013504   36075.      96.514      123.66      2.7161      32768       16          
[1m(BM_SPMM_Grid<float, batchlas::Backend::CUDA>)    [0m2048    16      4       256     0       0       1       1       100         0.65814     0.0012096   36075.      101.97      130.65      2.5709      32768       16          
[1m(BM_SPMM_Grid<float, batchlas::Backend::CUDA>)    [0m2048    16      4       512     0       0       1       1       100         1.3067      0.0052042   36075.      102.71      131.60      2.5522      32768       16          
[1m(BM_SPMM_Grid<float, batchlas::Backend::CUDA>)    [0m2048    16      4       1024    0       0       1       1       100         2.5446      0.0064759   36075.      105.49      135.17      2.4849      32768       16          
[1m(BM_SPMM_Grid<float, batchlas::Backend::CUDA>)    [0m2048    16      8       128     0       0       1       1       100         0.67497     0.0016645   71726.      99.425      76.123      5.2732      32768       16          
[1m(BM_SPMM_Grid<float, batchlas::Backend::CUDA>)    [0m2048    16      8       256     0       0       1       1       100         1.3694      0.0070888   71726.      98.011      75.040      5.3493      32768       16          
[1m(BM_SPMM_Grid<float, batchlas::Backend::CUDA>)    [0m2048    16      8       512     0       0       1       1       100         2.6268      0.0080084   71726.      102.19      78.240      5.1305      32768       16          
[1m(BM_SPMM_Grid<float, batchlas::Backend::CUDA>)    [0m2048    16      8       1024    0       0       1       1       77          5.2057      0.0099692   71726.      103.13      78.961      5.0837      32768       16          
[1m(BM_SPMM_Grid<float, batchlas::Backend::CUDA>)    [0m2048    16      12      128     0       0       1       1       100         1.0621      0.012809    1.0758e+05  94.774      56.272      8.2980      32768       16          
[1m(BM_SPMM_Grid<float, batchlas::Backend::CUDA>)    [0m2048    16      12      256     0       0       1       1       100         2.1199      0.0079469   1.0758e+05  94.969      56.388      8.2809      32768       16          
[1m(BM_SPMM_Grid<float, batchlas::Backend::CUDA>)    [0m2048    16      12      512     0       0       1       1       98          4.0887      0.0095497   1.0758e+05  98.480      58.473      7.9857      32768       16          
[1m(BM_SPMM_Grid<float, batchlas::Backend::CUDA>)    [0m2048    16      12      1024    0       0       1       1       53          7.6923      0.010206    1.0758e+05  104.69      62.160      7.5120      32768       16          
2775 MHz, 59
