2760 MHz, 60
[1;36mName                                              Arg0    Arg1    Arg2    Arg3    Arg4    Arg5    Arg6    Arg7    Iter        Avg(ms)     Std(ms)     chk         GFLOPS      GB/s        Time (µs) / matrixnnz/item    nnz/row     [0m
[1m(BM_SPMM_Grid<std::complex<float>, batchlas::Backend::CUDA>)[0m1024    3       1       128     0       0       1       1       100         0.049427    2.8399e-05  2521.9      63.644      148.51      0.38615     3072        3           
[1m(BM_SPMM_Grid<std::complex<float>, batchlas::Backend::CUDA>)[0m1024    3       1       256     0       0       1       1       100         0.087402    3.2980e-05  2521.9      71.983      167.97      0.34141     3072        3           
[1m(BM_SPMM_Grid<std::complex<float>, batchlas::Backend::CUDA>)[0m1024    3       1       512     0       0       1       1       100         0.16482     0.00013405  2521.9      76.345      178.15      0.32191     3072        3           
[1m(BM_SPMM_Grid<std::complex<float>, batchlas::Backend::CUDA>)[0m1024    3       1       1024    0       0       1       1       100         0.31996     0.00017936  2521.9      78.653      183.54      0.31246     3072        3           
[1m(BM_SPMM_Grid<std::complex<float>, batchlas::Backend::CUDA>)[0m1024    3       2       128     0       0       1       1       100         0.051041    3.6352e-05  4971.2      123.26      184.90      0.39876     3072        3           
[1m(BM_SPMM_Grid<std::complex<float>, batchlas::Backend::CUDA>)[0m1024    3       2       256     0       0       1       1       100         0.089616    0.00012885  4971.2      140.41      210.63      0.35006     3072        3           
[1m(BM_SPMM_Grid<std::complex<float>, batchlas::Backend::CUDA>)[0m1024    3       2       512     0       0       1       1       100         0.16682     0.00016980  4971.2      150.85      226.29      0.32582     3072        3           
[1m(BM_SPMM_Grid<std::complex<float>, batchlas::Backend::CUDA>)[0m1024    3       2       1024    0       0       1       1       100         0.32192     0.0011767   4971.2      156.35      234.54      0.31437     3072        3           
[1m(BM_SPMM_Grid<std::complex<float>, batchlas::Backend::CUDA>)[0m1024    3       4       128     0       0       1       1       100         0.067720    3.4475e-05  9997.3      185.81      201.30      0.52906     3072        3           
[1m(BM_SPMM_Grid<std::complex<float>, batchlas::Backend::CUDA>)[0m1024    3       4       256     0       0       1       1       100         0.12253     0.00012952  9997.3      205.39      222.52      0.47862     3072        3           
[1m(BM_SPMM_Grid<std::complex<float>, batchlas::Backend::CUDA>)[0m1024    3       4       512     0       0       1       1       100         0.23219     0.00016860  9997.3      216.77      234.85      0.45349     3072        3           
[1m(BM_SPMM_Grid<std::complex<float>, batchlas::Backend::CUDA>)[0m1024    3       4       1024    0       0       1       1       100         0.45342     0.00018189  9997.3      222.01      240.52      0.44279     3072        3           
[1m(BM_SPMM_Grid<std::complex<float>, batchlas::Backend::CUDA>)[0m1024    3       8       128     0       0       1       1       100         0.10997     0.00013469  19846.      228.84      200.24      0.85917     3072        3           
[1m(BM_SPMM_Grid<std::complex<float>, batchlas::Backend::CUDA>)[0m1024    3       8       256     0       0       1       1       100         0.20589     0.00015632  19846.      244.45      213.90      0.80428     3072        3           
[1m(BM_SPMM_Grid<std::complex<float>, batchlas::Backend::CUDA>)[0m1024    3       8       512     0       0       1       1       100         0.39896     0.00018575  19846.      252.31      220.78      0.77923     3072        3           
[1m(BM_SPMM_Grid<std::complex<float>, batchlas::Backend::CUDA>)[0m1024    3       8       1024    0       0       1       1       100         0.92386     0.00040012  19846.      217.92      190.68      0.90220     3072        3           
[1m(BM_SPMM_Grid<std::complex<float>, batchlas::Backend::CUDA>)[0m1024    3       12      128     0       0       1       1       100         0.15528     0.0011902   29807.      243.10      195.83      1.2131      3072        3           
[1m(BM_SPMM_Grid<std::complex<float>, batchlas::Backend::CUDA>)[0m1024    3       12      256     0       0       1       1       100         0.29271     0.00017291  29807.      257.93      207.78      1.1434      3072        3           
[1m(BM_SPMM_Grid<std::complex<float>, batchlas::Backend::CUDA>)[0m1024    3       12      512     0       0       1       1       100         0.62226     0.00036765  29807.      242.65      195.48      1.2154      3072        3           
[1m(BM_SPMM_Grid<std::complex<float>, batchlas::Backend::CUDA>)[0m1024    3       12      1024    0       0       1       1       100         1.3994      0.0027524   29807.      215.80      173.84      1.3666      3072        3           
[1m(BM_SPMM_Grid<std::complex<float>, batchlas::Backend::CUDA>)[0m1024    16      1       128     0       0       1       1       100         0.12654     0.00019067  12782.      132.58      219.59      0.98861     16384       16          
[1m(BM_SPMM_Grid<std::complex<float>, batchlas::Backend::CUDA>)[0m1024    16      1       256     0       0       1       1       100         0.23986     0.00025641  12782.      139.89      231.70      0.93697     16384       16          
[1m(BM_SPMM_Grid<std::complex<float>, batchlas::Backend::CUDA>)[0m1024    16      1       512     0       0       1       1       100         0.46861     0.00041999  12782.      143.21      237.19      0.91526     16384       16          
[1m(BM_SPMM_Grid<std::complex<float>, batchlas::Backend::CUDA>)[0m1024    16      1       1024    0       0       1       1       100         0.92468     0.00058777  12782.      145.15      240.41      0.90301     16384       16          
[1m(BM_SPMM_Grid<std::complex<float>, batchlas::Backend::CUDA>)[0m1024    16      2       128     0       0       1       1       100         0.20020     0.00021588  25400.      167.60      149.27      1.5641      16384       16          
[1m(BM_SPMM_Grid<std::complex<float>, batchlas::Backend::CUDA>)[0m1024    16      2       256     0       0       1       1       100         0.38889     0.0011763   25400.      172.57      153.69      1.5191      16384       16          
[1m(BM_SPMM_Grid<std::complex<float>, batchlas::Backend::CUDA>)[0m1024    16      2       512     0       0       1       1       100         0.76264     0.00045998  25400.      175.99      156.75      1.4895      16384       16          
[1m(BM_SPMM_Grid<std::complex<float>, batchlas::Backend::CUDA>)[0m1024    16      2       1024    0       0       1       1       100         1.5210      0.0021687   25400.      176.49      157.19      1.4853      16384       16          
[1m(BM_SPMM_Grid<std::complex<float>, batchlas::Backend::CUDA>)[0m1024    16      4       128     0       0       1       1       100         0.32740     0.00015390  51229.      204.98      104.09      2.5578      16384       16          
[1m(BM_SPMM_Grid<std::complex<float>, batchlas::Backend::CUDA>)[0m1024    16      4       256     0       0       1       1       100         0.64328     0.00020611  51229.      208.65      105.95      2.5128      16384       16          
[1m(BM_SPMM_Grid<std::complex<float>, batchlas::Backend::CUDA>)[0m1024    16      4       512     0       0       1       1       100         1.2788      0.00074717  51229.      209.92      106.60      2.4976      16384       16          
[1m(BM_SPMM_Grid<std::complex<float>, batchlas::Backend::CUDA>)[0m1024    16      4       1024    0       0       1       1       100         2.5399      0.0013638   51229.      211.37      107.34      2.4804      16384       16          
[1m(BM_SPMM_Grid<std::complex<float>, batchlas::Backend::CUDA>)[0m1024    16      8       128     0       0       1       1       100         0.61845     0.00028620  1.0191e+05  217.02      68.668      4.8317      16384       16          
[1m(BM_SPMM_Grid<std::complex<float>, batchlas::Backend::CUDA>)[0m1024    16      8       256     0       0       1       1       100         1.2269      0.0010136   1.0191e+05  218.79      69.226      4.7927      16384       16          
[1m(BM_SPMM_Grid<std::complex<float>, batchlas::Backend::CUDA>)[0m1024    16      8       512     0       0       1       1       100         2.4419      0.0012015   1.0191e+05  219.86      69.565      4.7694      16384       16          
[1m(BM_SPMM_Grid<std::complex<float>, batchlas::Backend::CUDA>)[0m1024    16      8       1024    0       0       1       1       82          4.9175      0.0020278   1.0191e+05  218.35      69.089      4.8022      16384       16          
[1m(BM_SPMM_Grid<std::complex<float>, batchlas::Backend::CUDA>)[0m1024    16      12      128     0       0       1       1       100         0.89101     0.00038137  1.5324e+05  225.95      57.077      6.9610      16384       16          
[1m(BM_SPMM_Grid<std::complex<float>, batchlas::Backend::CUDA>)[0m1024    16      12      256     0       0       1       1       100         1.7677      0.0012944   1.5324e+05  227.78      57.539      6.9052      16384       16          
[1m(BM_SPMM_Grid<std::complex<float>, batchlas::Backend::CUDA>)[0m1024    16      12      512     0       0       1       1       100         3.5250      0.0019983   1.5324e+05  228.46      57.710      6.8847      16384       16          
[1m(BM_SPMM_Grid<std::complex<float>, batchlas::Backend::CUDA>)[0m1024    16      12      1024    0       0       1       1       57          7.0896      0.0029328   1.5324e+05  227.18      57.387      6.9235      16384       16          
[1m(BM_SPMM_Grid<std::complex<float>, batchlas::Backend::CUDA>)[0m2048    3       1       128     0       0       1       1       100         0.087245    3.7997e-05  4963.1      72.112      168.27      0.68160     6144        3           
[1m(BM_SPMM_Grid<std::complex<float>, batchlas::Backend::CUDA>)[0m2048    3       1       256     0       0       1       1       100         0.16395     0.0011613   4963.1      76.748      179.08      0.64044     6144        3           
[1m(BM_SPMM_Grid<std::complex<float>, batchlas::Backend::CUDA>)[0m2048    3       1       512     0       0       1       1       100         0.31690     0.00018688  4963.1      79.413      185.30      0.61894     6144        3           
[1m(BM_SPMM_Grid<std::complex<float>, batchlas::Backend::CUDA>)[0m2048    3       1       1024    0       0       1       1       100         0.62453     0.00028297  4963.1      80.592      188.05      0.60989     6144        3           
[1m(BM_SPMM_Grid<std::complex<float>, batchlas::Backend::CUDA>)[0m2048    3       2       128     0       0       1       1       100         0.088926    3.8712e-05  10111.      141.50      212.25      0.69473     6144        3           
[1m(BM_SPMM_Grid<std::complex<float>, batchlas::Backend::CUDA>)[0m2048    3       2       256     0       0       1       1       100         0.16578     0.00015461  10111.      151.80      227.70      0.64760     6144        3           
[1m(BM_SPMM_Grid<std::complex<float>, batchlas::Backend::CUDA>)[0m2048    3       2       512     0       0       1       1       100         0.31896     0.00021933  10111.      157.80      236.70      0.62298     6144        3           
[1m(BM_SPMM_Grid<std::complex<float>, batchlas::Backend::CUDA>)[0m2048    3       2       1024    0       0       1       1       100         0.62687     0.00025833  10111.      160.58      240.88      0.61218     6144        3           
[1m(BM_SPMM_Grid<std::complex<float>, batchlas::Backend::CUDA>)[0m2048    3       4       128     0       0       1       1       100         0.11944     0.00012098  19918.      210.69      228.25      0.93316     6144        3           
[1m(BM_SPMM_Grid<std::complex<float>, batchlas::Backend::CUDA>)[0m2048    3       4       256     0       0       1       1       100         0.22560     0.00011671  19918.      223.10      241.70      0.88124     6144        3           
[1m(BM_SPMM_Grid<std::complex<float>, batchlas::Backend::CUDA>)[0m2048    3       4       512     0       0       1       1       100         0.43982     0.00017377  19918.      228.87      247.95      0.85902     6144        3           
[1m(BM_SPMM_Grid<std::complex<float>, batchlas::Backend::CUDA>)[0m2048    3       4       1024    0       0       1       1       100         1.0281      0.0014043   19918.      195.82      212.14      1.0040      6144        3           
[1m(BM_SPMM_Grid<std::complex<float>, batchlas::Backend::CUDA>)[0m2048    3       8       128     0       0       1       1       100         0.19978     0.00013588  39482.      251.94      220.45      1.5608      6144        3           
[1m(BM_SPMM_Grid<std::complex<float>, batchlas::Backend::CUDA>)[0m2048    3       8       256     0       0       1       1       100         0.38681     0.00017808  39482.      260.24      227.71      1.5110      6144        3           
[1m(BM_SPMM_Grid<std::complex<float>, batchlas::Backend::CUDA>)[0m2048    3       8       512     0       0       1       1       100         0.93178     0.00051010  39482.      216.07      189.06      1.8199      6144        3           
[1m(BM_SPMM_Grid<std::complex<float>, batchlas::Backend::CUDA>)[0m2048    3       8       1024    0       0       1       1       100         1.9292      0.0022820   39482.      208.71      182.63      1.8840      6144        3           
[1m(BM_SPMM_Grid<std::complex<float>, batchlas::Backend::CUDA>)[0m2048    3       12      128     0       0       1       1       100         0.28335     0.00013312  59431.      266.45      214.64      2.2137      6144        3           
[1m(BM_SPMM_Grid<std::complex<float>, batchlas::Backend::CUDA>)[0m2048    3       12      256     0       0       1       1       100         0.61404     0.00026577  59431.      245.90      198.09      2.3986      6144        3           
[1m(BM_SPMM_Grid<std::complex<float>, batchlas::Backend::CUDA>)[0m2048    3       12      512     0       0       1       1       100         1.4163      0.0020374   59431.      213.23      171.77      2.7662      6144        3           
[1m(BM_SPMM_Grid<std::complex<float>, batchlas::Backend::CUDA>)[0m2048    3       12      1024    0       0       1       1       100         2.8159      0.0023833   59431.      214.49      172.78      2.7499      6144        3           
[1m(BM_SPMM_Grid<std::complex<float>, batchlas::Backend::CUDA>)[0m2048    16      1       128     0       0       1       1       100         0.22472     0.00025661  25507.      149.32      247.31      1.7556      32768       16          
[1m(BM_SPMM_Grid<std::complex<float>, batchlas::Backend::CUDA>)[0m2048    16      1       256     0       0       1       1       100         0.43675     0.00028834  25507.      153.65      254.49      1.7061      32768       16          
[1m(BM_SPMM_Grid<std::complex<float>, batchlas::Backend::CUDA>)[0m2048    16      1       512     0       0       1       1       100         0.86320     0.00045530  25507.      155.49      257.53      1.6859      32768       16          
[1m(BM_SPMM_Grid<std::complex<float>, batchlas::Backend::CUDA>)[0m2048    16      1       1024    0       0       1       1       100         1.7204      0.0017563   25507.      156.03      258.43      1.6801      32768       16          
[1m(BM_SPMM_Grid<std::complex<float>, batchlas::Backend::CUDA>)[0m2048    16      2       128     0       0       1       1       100         0.35872     0.00019488  51459.      187.08      166.62      2.8025      32768       16          
[1m(BM_SPMM_Grid<std::complex<float>, batchlas::Backend::CUDA>)[0m2048    16      2       256     0       0       1       1       100         0.70444     0.00029981  51459.      190.53      169.69      2.7517      32768       16          
[1m(BM_SPMM_Grid<std::complex<float>, batchlas::Backend::CUDA>)[0m2048    16      2       512     0       0       1       1       100         1.4016      0.0011337   51459.      191.52      170.57      2.7375      32768       16          
[1m(BM_SPMM_Grid<std::complex<float>, batchlas::Backend::CUDA>)[0m2048    16      2       1024    0       0       1       1       100         2.7871      0.0020966   51459.      192.63      171.56      2.7218      32768       16          
[1m(BM_SPMM_Grid<std::complex<float>, batchlas::Backend::CUDA>)[0m2048    16      4       128     0       0       1       1       100         0.59439     0.00016050  1.0208e+05  225.81      114.67      4.6436      32768       16          
[1m(BM_SPMM_Grid<std::complex<float>, batchlas::Backend::CUDA>)[0m2048    16      4       256     0       0       1       1       100         1.1823      0.00093783  1.0208e+05  227.04      115.29      4.6185      32768       16          
[1m(BM_SPMM_Grid<std::complex<float>, batchlas::Backend::CUDA>)[0m2048    16      4       512     0       0       1       1       100         2.3463      0.00075406  1.0208e+05  228.82      116.20      4.5826      32768       16          
[1m(BM_SPMM_Grid<std::complex<float>, batchlas::Backend::CUDA>)[0m2048    16      4       1024    0       0       1       1       84          4.7662      0.0015537   1.0208e+05  225.28      114.40      4.6545      32768       16          
[1m(BM_SPMM_Grid<std::complex<float>, batchlas::Backend::CUDA>)[0m2048    16      8       128     0       0       1       1       100         1.1050      0.00049894  2.0361e+05  242.92      76.862      8.6331      32768       16          
[1m(BM_SPMM_Grid<std::complex<float>, batchlas::Backend::CUDA>)[0m2048    16      8       256     0       0       1       1       100         2.1923      0.00065878  2.0361e+05  244.89      77.484      8.5638      32768       16          
[1m(BM_SPMM_Grid<std::complex<float>, batchlas::Backend::CUDA>)[0m2048    16      8       512     0       0       1       1       90          4.4512      0.0014188   2.0361e+05  241.23      76.326      8.6937      32768       16          
[1m(BM_SPMM_Grid<std::complex<float>, batchlas::Backend::CUDA>)[0m2048    16      8       1024    0       0       1       1       45          8.9322      0.034771    2.0361e+05  240.42      76.071      8.7229      32768       16          
[1m(BM_SPMM_Grid<std::complex<float>, batchlas::Backend::CUDA>)[0m2048    16      12      128     0       0       1       1       100         1.6100      0.00092771  3.0628e+05  250.09      63.174      12.578      32768       16          
[1m(BM_SPMM_Grid<std::complex<float>, batchlas::Backend::CUDA>)[0m2048    16      12      256     0       0       1       1       100         3.2299      0.0010821   3.0628e+05  249.33      62.983      12.617      32768       16          
[1m(BM_SPMM_Grid<std::complex<float>, batchlas::Backend::CUDA>)[0m2048    16      12      512     0       0       1       1       62          6.5323      0.0015181   3.0628e+05  246.56      62.282      12.758      32768       16          
[1m(BM_SPMM_Grid<std::complex<float>, batchlas::Backend::CUDA>)[0m2048    16      12      1024    0       0       1       1       31          13.051      0.0028870   3.0628e+05  246.82      62.349      12.745      32768       16          
2775 MHz, 59
