2760 MHz, 64
[1;36mName                                              Arg0    Arg1    Arg2    Arg3    Arg4    Arg5    Arg6    Arg7    Iter        Avg(ms)     Std(ms)     chk         GFLOPS      GB/s        Time (µs) / matrixnnz/item    nnz/row     [0m
[1m(BM_SPMM_Grid<double, batchlas::Backend::CUDA>)   [0m1024    3       1       128     0       0       1       1       100         0.011169    0.0015336   1134.1      70.411      657.21      0.087259    3072        3           
[1m(BM_SPMM_Grid<double, batchlas::Backend::CUDA>)   [0m1024    3       1       256     0       0       1       1       100         0.018244    2.0050e-05  1134.1      86.211      804.69      0.071267    3072        3           
[1m(BM_SPMM_Grid<double, batchlas::Backend::CUDA>)   [0m1024    3       1       512     0       0       1       1       100         0.032316    5.7777e-05  1134.1      97.343      908.60      0.063117    3072        3           
[1m(BM_SPMM_Grid<double, batchlas::Backend::CUDA>)   [0m1024    3       1       1024    0       0       1       1       100         0.059103    2.2354e-05  1134.1      106.45      993.60      0.057717    3072        3           
[1m(BM_SPMM_Grid<double, batchlas::Backend::CUDA>)   [0m1024    3       2       128     0       0       1       1       100         0.018044    0.00036402  2210.6      87.170      523.05      0.14097     3072        3           
[1m(BM_SPMM_Grid<double, batchlas::Backend::CUDA>)   [0m1024    3       2       256     0       0       1       1       100         0.032075    4.2077e-05  2210.6      98.075      588.48      0.12529     3072        3           
[1m(BM_SPMM_Grid<double, batchlas::Backend::CUDA>)   [0m1024    3       2       512     0       0       1       1       100         0.058545    6.2500e-05  2210.6      107.46      644.82      0.11434     3072        3           
[1m(BM_SPMM_Grid<double, batchlas::Backend::CUDA>)   [0m1024    3       2       1024    0       0       1       1       100         0.11110     0.00014777  2210.6      113.26      679.61      0.10849     3072        3           
[1m(BM_SPMM_Grid<double, batchlas::Backend::CUDA>)   [0m1024    3       4       128     0       0       1       1       100         0.031151    2.1716e-05  4394.9      100.98      437.61      0.24337     3072        3           
[1m(BM_SPMM_Grid<double, batchlas::Backend::CUDA>)   [0m1024    3       4       256     0       0       1       1       100         0.059073    0.00021130  4394.9      106.50      461.53      0.23075     3072        3           
[1m(BM_SPMM_Grid<double, batchlas::Backend::CUDA>)   [0m1024    3       4       512     0       0       1       1       100         0.11049     0.00025672  4394.9      113.88      493.51      0.21580     3072        3           
[1m(BM_SPMM_Grid<double, batchlas::Backend::CUDA>)   [0m1024    3       4       1024    0       0       1       1       100         0.27507     0.00042152  4394.9      91.490      396.47      0.26862     3072        3           
[1m(BM_SPMM_Grid<double, batchlas::Backend::CUDA>)   [0m1024    3       8       128     0       0       1       1       100         0.058319    2.6553e-05  8677.2      107.88      377.59      0.45562     3072        3           
[1m(BM_SPMM_Grid<double, batchlas::Backend::CUDA>)   [0m1024    3       8       256     0       0       1       1       100         0.11422     0.00026871  8677.2      110.17      385.59      0.44616     3072        3           
[1m(BM_SPMM_Grid<double, batchlas::Backend::CUDA>)   [0m1024    3       8       512     0       0       1       1       100         0.24524     0.00042262  8677.2      102.62      359.17      0.47898     3072        3           
[1m(BM_SPMM_Grid<double, batchlas::Backend::CUDA>)   [0m1024    3       8       1024    0       0       1       1       100         0.67779     0.00056970  8677.2      74.259      259.91      0.66190     3072        3           
[1m(BM_SPMM_Grid<double, batchlas::Backend::CUDA>)   [0m1024    3       12      128     0       0       1       1       100         0.093155    3.7403e-05  13024.      101.31      326.44      0.72777     3072        3           
[1m(BM_SPMM_Grid<double, batchlas::Backend::CUDA>)   [0m1024    3       12      256     0       0       1       1       100         0.18302     0.00040475  13024.      103.13      332.30      0.71493     3072        3           
[1m(BM_SPMM_Grid<double, batchlas::Backend::CUDA>)   [0m1024    3       12      512     0       0       1       1       100         0.49620     0.0024623   13024.      76.076      245.14      0.96914     3072        3           
[1m(BM_SPMM_Grid<double, batchlas::Backend::CUDA>)   [0m1024    3       12      1024    0       0       1       1       100         1.1152      0.0026162   13024.      67.697      218.14      1.0891      3072        3           
[1m(BM_SPMM_Grid<double, batchlas::Backend::CUDA>)   [0m1024    16      1       128     0       0       1       1       100         0.072330    2.4585e-05  4553.1      57.988      384.18      0.56508     16384       16          
[1m(BM_SPMM_Grid<double, batchlas::Backend::CUDA>)   [0m1024    16      1       256     0       0       1       1       100         0.13945     0.00041349  4553.1      60.157      398.55      0.54471     16384       16          
[1m(BM_SPMM_Grid<double, batchlas::Backend::CUDA>)   [0m1024    16      1       512     0       0       1       1       100         0.29076     0.00057779  4553.1      57.701      382.27      0.56790     16384       16          
[1m(BM_SPMM_Grid<double, batchlas::Backend::CUDA>)   [0m1024    16      1       1024    0       0       1       1       100         0.57729     0.00057428  4553.1      58.124      385.08      0.56376     16384       16          
[1m(BM_SPMM_Grid<double, batchlas::Backend::CUDA>)   [0m1024    16      2       128     0       0       1       1       100         0.11135     0.00010910  8975.8      75.338      268.40      0.86989     16384       16          
[1m(BM_SPMM_Grid<double, batchlas::Backend::CUDA>)   [0m1024    16      2       256     0       0       1       1       100         0.21626     0.00052035  8975.8      77.580      276.38      0.84475     16384       16          
[1m(BM_SPMM_Grid<double, batchlas::Backend::CUDA>)   [0m1024    16      2       512     0       0       1       1       100         0.43516     0.00090307  8975.8      77.108      274.70      0.84993     16384       16          
[1m(BM_SPMM_Grid<double, batchlas::Backend::CUDA>)   [0m1024    16      2       1024    0       0       1       1       100         0.86609     0.0026352   8975.8      77.485      276.04      0.84579     16384       16          
[1m(BM_SPMM_Grid<double, batchlas::Backend::CUDA>)   [0m1024    16      4       128     0       0       1       1       100         0.18559     0.00014116  18039.      90.398      183.62      1.4499      16384       16          
[1m(BM_SPMM_Grid<double, batchlas::Backend::CUDA>)   [0m1024    16      4       256     0       0       1       1       100         0.35975     0.00086576  18039.      93.271      189.46      1.4053      16384       16          
[1m(BM_SPMM_Grid<double, batchlas::Backend::CUDA>)   [0m1024    16      4       512     0       0       1       1       100         0.73628     0.0012081   18039.      91.146      185.14      1.4380      16384       16          
[1m(BM_SPMM_Grid<double, batchlas::Backend::CUDA>)   [0m1024    16      4       1024    0       0       1       1       100         1.4352      0.0044982   18039.      93.519      189.96      1.4016      16384       16          
[1m(BM_SPMM_Grid<double, batchlas::Backend::CUDA>)   [0m1024    16      8       128     0       0       1       1       100         0.35905     0.00020735  35801.      93.454      118.28      2.8051      16384       16          
[1m(BM_SPMM_Grid<double, batchlas::Backend::CUDA>)   [0m1024    16      8       256     0       0       1       1       100         0.71103     0.0019434   35801.      94.383      119.45      2.7775      16384       16          
[1m(BM_SPMM_Grid<double, batchlas::Backend::CUDA>)   [0m1024    16      8       512     0       0       1       1       100         1.4363      0.0060359   35801.      93.446      118.27      2.8053      16384       16          
[1m(BM_SPMM_Grid<double, batchlas::Backend::CUDA>)   [0m1024    16      8       1024    0       0       1       1       100         2.8886      0.024223    35801.      92.929      117.61      2.8209      16384       16          
[1m(BM_SPMM_Grid<double, batchlas::Backend::CUDA>)   [0m1024    16      12      128     0       0       1       1       100         0.55370     0.00021375  53883.      90.901      91.849      4.3258      16384       16          
[1m(BM_SPMM_Grid<double, batchlas::Backend::CUDA>)   [0m1024    16      12      256     0       0       1       1       100         1.1596      0.0052910   53883.      86.808      87.713      4.5297      16384       16          
[1m(BM_SPMM_Grid<double, batchlas::Backend::CUDA>)   [0m1024    16      12      512     0       0       1       1       100         2.2125      0.0097300   53883.      90.997      91.946      4.3212      16384       16          
[1m(BM_SPMM_Grid<double, batchlas::Backend::CUDA>)   [0m1024    16      12      1024    0       0       1       1       92          4.3633      0.0085683   53883.      92.281      93.243      4.2611      16384       16          
[1m(BM_SPMM_Grid<double, batchlas::Backend::CUDA>)   [0m2048    3       1       128     0       0       1       1       100         0.017768    1.7394e-05  2184.2      88.523      826.24      0.13881     6144        3           
[1m(BM_SPMM_Grid<double, batchlas::Backend::CUDA>)   [0m2048    3       1       256     0       0       1       1       100         0.031269    2.9039e-05  2184.2      100.60      939.00      0.12214     6144        3           
[1m(BM_SPMM_Grid<double, batchlas::Backend::CUDA>)   [0m2048    3       1       512     0       0       1       1       100         0.057127    2.7624e-05  2184.2      110.13      1027.9      0.11158     6144        3           
[1m(BM_SPMM_Grid<double, batchlas::Backend::CUDA>)   [0m2048    3       1       1024    0       0       1       1       100         0.16065     0.00022292  2184.2      78.327      731.08      0.15688     6144        3           
[1m(BM_SPMM_Grid<double, batchlas::Backend::CUDA>)   [0m2048    3       2       128     0       0       1       1       100         0.030830    3.0213e-05  4415.0      102.03      612.22      0.24086     6144        3           
[1m(BM_SPMM_Grid<double, batchlas::Backend::CUDA>)   [0m2048    3       2       256     0       0       1       1       100         0.056703    3.7961e-05  4415.0      110.96      665.75      0.22150     6144        3           
[1m(BM_SPMM_Grid<double, batchlas::Backend::CUDA>)   [0m2048    3       2       512     0       0       1       1       100         0.10863     0.00014231  4415.0      115.83      695.03      0.21216     6144        3           
[1m(BM_SPMM_Grid<double, batchlas::Backend::CUDA>)   [0m2048    3       2       1024    0       0       1       1       100         0.30241     0.00031347  4415.0      83.217      499.31      0.29532     6144        3           
[1m(BM_SPMM_Grid<double, batchlas::Backend::CUDA>)   [0m2048    3       4       128     0       0       1       1       100         0.056602    6.0072e-05  8708.1      111.15      481.67      0.44220     6144        3           
[1m(BM_SPMM_Grid<double, batchlas::Backend::CUDA>)   [0m2048    3       4       256     0       0       1       1       100         0.10587     0.00025900  8708.1      118.86      515.06      0.41354     6144        3           
[1m(BM_SPMM_Grid<double, batchlas::Backend::CUDA>)   [0m2048    3       4       512     0       0       1       1       100         0.27132     0.00035599  8708.1      92.753      401.94      0.52993     6144        3           
[1m(BM_SPMM_Grid<double, batchlas::Backend::CUDA>)   [0m2048    3       4       1024    0       0       1       1       100         0.66621     0.00049792  8708.1      75.549      327.38      0.65060     6144        3           
[1m(BM_SPMM_Grid<double, batchlas::Backend::CUDA>)   [0m2048    3       8       128     0       0       1       1       100         0.10883     0.00033933  17237.      115.62      404.68      0.85022     6144        3           
[1m(BM_SPMM_Grid<double, batchlas::Backend::CUDA>)   [0m2048    3       8       256     0       0       1       1       100         0.24543     0.00039870  17237.      102.54      358.89      0.95871     6144        3           
[1m(BM_SPMM_Grid<double, batchlas::Backend::CUDA>)   [0m2048    3       8       512     0       0       1       1       100         0.69705     0.0018017   17237.      72.207      252.73      1.3614      6144        3           
[1m(BM_SPMM_Grid<double, batchlas::Backend::CUDA>)   [0m2048    3       8       1024    0       0       1       1       100         1.4008      0.0021440   17237.      71.859      251.51      1.3680      6144        3           
[1m(BM_SPMM_Grid<double, batchlas::Backend::CUDA>)   [0m2048    3       12      128     0       0       1       1       100         0.16458     0.00038951  25776.      114.68      369.53      1.2858      6144        3           
[1m(BM_SPMM_Grid<double, batchlas::Backend::CUDA>)   [0m2048    3       12      256     0       0       1       1       100         0.47219     0.00064109  25776.      79.943      257.60      1.8445      6144        3           
[1m(BM_SPMM_Grid<double, batchlas::Backend::CUDA>)   [0m2048    3       12      512     0       0       1       1       100         1.0948      0.0022932   25776.      68.960      222.21      2.1383      6144        3           
[1m(BM_SPMM_Grid<double, batchlas::Backend::CUDA>)   [0m2048    3       12      1024    0       0       1       1       100         2.1722      0.0025203   25776.      69.513      223.99      2.1213      6144        3           
[1m(BM_SPMM_Grid<double, batchlas::Backend::CUDA>)   [0m2048    16      1       128     0       0       1       1       100         0.14112     0.00044279  9037.6      59.443      393.82      1.1025      32768       16          
[1m(BM_SPMM_Grid<double, batchlas::Backend::CUDA>)   [0m2048    16      1       256     0       0       1       1       100         0.30542     0.00056941  9037.6      54.931      363.92      1.1931      32768       16          
[1m(BM_SPMM_Grid<double, batchlas::Backend::CUDA>)   [0m2048    16      1       512     0       0       1       1       100         0.59103     0.00059560  9037.6      56.773      376.12      1.1544      32768       16          
[1m(BM_SPMM_Grid<double, batchlas::Backend::CUDA>)   [0m2048    16      1       1024    0       0       1       1       100         1.1709      0.0017359   9037.6      57.312      379.69      1.1435      32768       16          
[1m(BM_SPMM_Grid<double, batchlas::Backend::CUDA>)   [0m2048    16      2       128     0       0       1       1       100         0.21818     0.00077386  18192.      76.895      273.94      1.7046      32768       16          
[1m(BM_SPMM_Grid<double, batchlas::Backend::CUDA>)   [0m2048    16      2       256     0       0       1       1       100         0.44427     0.00088723  18192.      75.527      269.07      1.7354      32768       16          
[1m(BM_SPMM_Grid<double, batchlas::Backend::CUDA>)   [0m2048    16      2       512     0       0       1       1       100         0.86669     0.00080535  18192.      77.431      275.85      1.6928      32768       16          
[1m(BM_SPMM_Grid<double, batchlas::Backend::CUDA>)   [0m2048    16      2       1024    0       0       1       1       100         1.7330      0.0025937   18192.      77.448      275.91      1.6924      32768       16          
[1m(BM_SPMM_Grid<double, batchlas::Backend::CUDA>)   [0m2048    16      4       128     0       0       1       1       100         0.36599     0.00060053  36075.      91.681      186.23      2.8593      32768       16          
[1m(BM_SPMM_Grid<double, batchlas::Backend::CUDA>)   [0m2048    16      4       256     0       0       1       1       100         0.73573     0.00099493  36075.      91.214      185.28      2.8739      32768       16          
[1m(BM_SPMM_Grid<double, batchlas::Backend::CUDA>)   [0m2048    16      4       512     0       0       1       1       100         1.4663      0.0033567   36075.      91.536      185.93      2.8639      32768       16          
[1m(BM_SPMM_Grid<double, batchlas::Backend::CUDA>)   [0m2048    16      4       1024    0       0       1       1       100         2.9169      0.023130    36075.      92.029      186.94      2.8485      32768       16          
[1m(BM_SPMM_Grid<double, batchlas::Backend::CUDA>)   [0m2048    16      8       128     0       0       1       1       100         0.70547     0.00097842  71726.      95.126      120.39      5.5115      32768       16          
[1m(BM_SPMM_Grid<double, batchlas::Backend::CUDA>)   [0m2048    16      8       256     0       0       1       1       100         1.3958      0.0058443   71726.      96.157      121.70      5.4524      32768       16          
[1m(BM_SPMM_Grid<double, batchlas::Backend::CUDA>)   [0m2048    16      8       512     0       0       1       1       100         2.8018      0.0052228   71726.      95.810      121.26      5.4722      32768       16          
[1m(BM_SPMM_Grid<double, batchlas::Backend::CUDA>)   [0m2048    16      8       1024    0       0       1       1       73          5.5484      0.0067826   71726.      96.761      122.46      5.4184      32768       16          
[1m(BM_SPMM_Grid<double, batchlas::Backend::CUDA>)   [0m2048    16      12      128     0       0       1       1       100         1.0698      0.0044475   1.0758e+05  94.097      95.077      8.3577      32768       16          
[1m(BM_SPMM_Grid<double, batchlas::Backend::CUDA>)   [0m2048    16      12      256     0       0       1       1       100         2.1645      0.010221    1.0758e+05  93.013      93.983      8.4550      32768       16          
[1m(BM_SPMM_Grid<double, batchlas::Backend::CUDA>)   [0m2048    16      12      512     0       0       1       1       95          4.2329      0.0072304   1.0758e+05  95.125      96.116      8.2674      32768       16          
[1m(BM_SPMM_Grid<double, batchlas::Backend::CUDA>)   [0m2048    16      12      1024    0       0       1       1       49          8.3141      0.0085932   1.0758e+05  96.861      97.870      8.1192      32768       16          
2760 MHz, 60
