2775 MHz, 63
[1;36mName                                              Arg0    Arg1    Arg2    Arg3    Arg4    Arg5    Arg6    Arg7    Iter        Avg(ms)     Std(ms)     chk         GFLOPS      GB/s        Time (µs) / matrixnnz/item    nnz/row     [0m
[1m(BM_SPMM_Grid<std::complex<double>, batchlas::Backend::CUDA>)[0m1024    3       1       128     0       0       1       1       100         0.022055    2.1879e-05  2521.9      142.63      570.55      0.17230     3072        3           
[1m(BM_SPMM_Grid<std::complex<double>, batchlas::Backend::CUDA>)[0m1024    3       1       256     0       0       1       1       100         0.037052    0.00025421  2521.9      169.80      679.23      0.14473     3072        3           
[1m(BM_SPMM_Grid<std::complex<double>, batchlas::Backend::CUDA>)[0m1024    3       1       512     0       0       1       1       100         0.066640    8.6683e-05  2521.9      188.82      755.30      0.13016     3072        3           
[1m(BM_SPMM_Grid<std::complex<double>, batchlas::Backend::CUDA>)[0m1024    3       1       1024    0       0       1       1       100         0.15846     0.00033417  2521.9      158.82      635.29      0.15475     3072        3           
[1m(BM_SPMM_Grid<std::complex<double>, batchlas::Backend::CUDA>)[0m1024    3       2       128     0       0       1       1       100         0.035853    3.8897e-05  4971.2      175.48      467.96      0.28010     3072        3           
[1m(BM_SPMM_Grid<std::complex<double>, batchlas::Backend::CUDA>)[0m1024    3       2       256     0       0       1       1       100         0.064846    0.00022469  4971.2      194.04      517.47      0.25330     3072        3           
[1m(BM_SPMM_Grid<std::complex<double>, batchlas::Backend::CUDA>)[0m1024    3       2       512     0       0       1       1       100         0.12204     0.00036832  4971.2      206.20      549.89      0.23837     3072        3           
[1m(BM_SPMM_Grid<std::complex<double>, batchlas::Backend::CUDA>)[0m1024    3       2       1024    0       0       1       1       100         0.30812     0.00042834  4971.2      163.35      435.62      0.30089     3072        3           
[1m(BM_SPMM_Grid<std::complex<double>, batchlas::Backend::CUDA>)[0m1024    3       4       128     0       0       1       1       100         0.063784    3.7902e-05  9997.3      197.27      394.56      0.49831     3072        3           
[1m(BM_SPMM_Grid<std::complex<double>, batchlas::Backend::CUDA>)[0m1024    3       4       256     0       0       1       1       100         0.11898     0.00021737  9997.3      211.52      423.04      0.46476     3072        3           
[1m(BM_SPMM_Grid<std::complex<double>, batchlas::Backend::CUDA>)[0m1024    3       4       512     0       0       1       1       100         0.28178     0.00038610  9997.3      178.62      357.24      0.55036     3072        3           
[1m(BM_SPMM_Grid<std::complex<double>, batchlas::Backend::CUDA>)[0m1024    3       4       1024    0       0       1       1       100         0.69729     0.0012782   9997.3      144.36      288.73      0.68094     3072        3           
[1m(BM_SPMM_Grid<std::complex<double>, batchlas::Backend::CUDA>)[0m1024    3       8       128     0       0       1       1       100         0.12619     0.00022077  19846.      199.43      332.39      0.98585     3072        3           
[1m(BM_SPMM_Grid<std::complex<double>, batchlas::Backend::CUDA>)[0m1024    3       8       256     0       0       1       1       100         0.26644     0.0015656   19846.      188.90      314.84      1.0408      3072        3           
[1m(BM_SPMM_Grid<std::complex<double>, batchlas::Backend::CUDA>)[0m1024    3       8       512     0       0       1       1       100         0.72582     0.0026324   19846.      138.69      231.15      1.4176      3072        3           
[1m(BM_SPMM_Grid<std::complex<double>, batchlas::Backend::CUDA>)[0m1024    3       8       1024    0       0       1       1       100         1.4565      0.013296    19846.      138.23      230.38      1.4223      3072        3           
[1m(BM_SPMM_Grid<std::complex<double>, batchlas::Backend::CUDA>)[0m1024    3       12      128     0       0       1       1       100         0.18808     0.00027151  29807.      200.70      312.21      1.4694      3072        3           
[1m(BM_SPMM_Grid<std::complex<double>, batchlas::Backend::CUDA>)[0m1024    3       12      256     0       0       1       1       100         0.49653     0.0023595   29807.      152.05      236.52      1.9396      3072        3           
[1m(BM_SPMM_Grid<std::complex<double>, batchlas::Backend::CUDA>)[0m1024    3       12      512     0       0       1       1       100         1.1514      0.0046372   29807.      131.14      203.99      2.2489      3072        3           
[1m(BM_SPMM_Grid<std::complex<double>, batchlas::Backend::CUDA>)[0m1024    3       12      1024    0       0       1       1       100         2.2316      0.0050925   29807.      135.32      210.50      2.1793      3072        3           
[1m(BM_SPMM_Grid<std::complex<double>, batchlas::Backend::CUDA>)[0m1024    16      1       128     0       0       1       1       100         0.12113     0.00015341  12782.      138.51      385.23      0.94632     16384       16          
[1m(BM_SPMM_Grid<std::complex<double>, batchlas::Backend::CUDA>)[0m1024    16      1       256     0       0       1       1       100         0.24461     0.00052110  12782.      137.17      381.52      0.95552     16384       16          
[1m(BM_SPMM_Grid<std::complex<double>, batchlas::Backend::CUDA>)[0m1024    16      1       512     0       0       1       1       100         0.54342     0.00068527  12782.      123.49      343.47      1.0614      16384       16          
[1m(BM_SPMM_Grid<std::complex<double>, batchlas::Backend::CUDA>)[0m1024    16      1       1024    0       0       1       1       100         1.1126      0.0025471   12782.      120.63      335.50      1.0866      16384       16          
[1m(BM_SPMM_Grid<std::complex<double>, batchlas::Backend::CUDA>)[0m1024    16      2       128     0       0       1       1       100         0.19127     0.0012103   25400.      175.43      265.89      1.4943      16384       16          
[1m(BM_SPMM_Grid<std::complex<double>, batchlas::Backend::CUDA>)[0m1024    16      2       256     0       0       1       1       100         0.39058     0.0010033   25400.      171.82      260.42      1.5257      16384       16          
[1m(BM_SPMM_Grid<std::complex<double>, batchlas::Backend::CUDA>)[0m1024    16      2       512     0       0       1       1       100         0.80132     0.00089504  25400.      167.50      253.86      1.5651      16384       16          
[1m(BM_SPMM_Grid<std::complex<double>, batchlas::Backend::CUDA>)[0m1024    16      2       1024    0       0       1       1       100         1.6319      0.0037156   25400.      164.49      249.31      1.5937      16384       16          
[1m(BM_SPMM_Grid<std::complex<double>, batchlas::Backend::CUDA>)[0m1024    16      4       128     0       0       1       1       100         0.34079     0.0012992   51229.      196.92      173.85      2.6624      16384       16          
[1m(BM_SPMM_Grid<std::complex<double>, batchlas::Backend::CUDA>)[0m1024    16      4       256     0       0       1       1       100         0.69089     0.0013420   51229.      194.27      171.50      2.6988      16384       16          
[1m(BM_SPMM_Grid<std::complex<double>, batchlas::Backend::CUDA>)[0m1024    16      4       512     0       0       1       1       100         1.4011      0.016787    51229.      191.59      169.14      2.7365      16384       16          
[1m(BM_SPMM_Grid<std::complex<double>, batchlas::Backend::CUDA>)[0m1024    16      4       1024    0       0       1       1       100         2.8294      0.0071204   51229.      189.75      167.51      2.7631      16384       16          
[1m(BM_SPMM_Grid<std::complex<double>, batchlas::Backend::CUDA>)[0m1024    16      8       128     0       0       1       1       100         0.64326     0.0033354   1.0191e+05  208.65      118.18      5.0255      16384       16          
[1m(BM_SPMM_Grid<std::complex<double>, batchlas::Backend::CUDA>)[0m1024    16      8       256     0       0       1       1       100         1.3503      0.0054289   1.0191e+05  198.80      112.60      5.2746      16384       16          
[1m(BM_SPMM_Grid<std::complex<double>, batchlas::Backend::CUDA>)[0m1024    16      8       512     0       0       1       1       100         2.7306      0.0084486   1.0191e+05  196.62      111.36      5.3331      16384       16          
[1m(BM_SPMM_Grid<std::complex<double>, batchlas::Backend::CUDA>)[0m1024    16      8       1024    0       0       1       1       74          5.4133      0.010947    1.0191e+05  198.35      112.35      5.2864      16384       16          
[1m(BM_SPMM_Grid<std::complex<double>, batchlas::Backend::CUDA>)[0m1024    16      12      128     0       0       1       1       100         0.97776     0.00089385  1.5324e+05  205.91      94.910      7.6388      16384       16          
[1m(BM_SPMM_Grid<std::complex<double>, batchlas::Backend::CUDA>)[0m1024    16      12      256     0       0       1       1       100         2.1004      0.0066006   1.5324e+05  191.70      88.364      8.2047      16384       16          
[1m(BM_SPMM_Grid<std::complex<double>, batchlas::Backend::CUDA>)[0m1024    16      12      512     0       0       1       1       96          4.1754      0.010404    1.5324e+05  192.87      88.901      8.1550      16384       16          
[1m(BM_SPMM_Grid<std::complex<double>, batchlas::Backend::CUDA>)[0m1024    16      12      1024    0       0       1       1       49          8.2207      0.014339    1.5324e+05  195.92      90.308      8.0280      16384       16          
[1m(BM_SPMM_Grid<std::complex<double>, batchlas::Backend::CUDA>)[0m2048    3       1       128     0       0       1       1       100         0.035505    0.00023619  4963.1      177.20      708.82      0.27738     6144        3           
[1m(BM_SPMM_Grid<std::complex<double>, batchlas::Backend::CUDA>)[0m2048    3       1       256     0       0       1       1       100         0.063789    6.4031e-05  4963.1      197.26      789.05      0.24918     6144        3           
[1m(BM_SPMM_Grid<std::complex<double>, batchlas::Backend::CUDA>)[0m2048    3       1       512     0       0       1       1       100         0.15927     0.00023485  4963.1      158.01      632.05      0.31107     6144        3           
[1m(BM_SPMM_Grid<std::complex<double>, batchlas::Backend::CUDA>)[0m2048    3       1       1024    0       0       1       1       100         0.37612     0.00041141  4963.1      133.82      535.28      0.36731     6144        3           
[1m(BM_SPMM_Grid<std::complex<double>, batchlas::Backend::CUDA>)[0m2048    3       2       128     0       0       1       1       100         0.060957    6.8825e-05  10111.      206.42      550.47      0.47623     6144        3           
[1m(BM_SPMM_Grid<std::complex<double>, batchlas::Backend::CUDA>)[0m2048    3       2       256     0       0       1       1       100         0.11606     0.00019877  10111.      216.84      578.24      0.45336     6144        3           
[1m(BM_SPMM_Grid<std::complex<double>, batchlas::Backend::CUDA>)[0m2048    3       2       512     0       0       1       1       100         0.30763     0.00036333  10111.      163.61      436.30      0.60085     6144        3           
[1m(BM_SPMM_Grid<std::complex<double>, batchlas::Backend::CUDA>)[0m2048    3       2       1024    0       0       1       1       100         0.72558     0.00088929  10111.      138.73      369.96      0.70858     6144        3           
[1m(BM_SPMM_Grid<std::complex<double>, batchlas::Backend::CUDA>)[0m2048    3       4       128     0       0       1       1       100         0.11400     0.00042785  19918.      220.75      441.50      0.89064     6144        3           
[1m(BM_SPMM_Grid<std::complex<double>, batchlas::Backend::CUDA>)[0m2048    3       4       256     0       0       1       1       100         0.27750     0.0024934   19918.      181.38      362.76      1.0840      6144        3           
[1m(BM_SPMM_Grid<std::complex<double>, batchlas::Backend::CUDA>)[0m2048    3       4       512     0       0       1       1       100         0.70927     0.00094502  19918.      141.92      283.85      1.3853      6144        3           
[1m(BM_SPMM_Grid<std::complex<double>, batchlas::Backend::CUDA>)[0m2048    3       4       1024    0       0       1       1       100         1.4119      0.0023434   19918.      142.59      285.18      1.3788      6144        3           
[1m(BM_SPMM_Grid<std::complex<double>, batchlas::Backend::CUDA>)[0m2048    3       8       128     0       0       1       1       100         0.25963     0.0011050   39482.      193.86      323.10      2.0284      6144        3           
[1m(BM_SPMM_Grid<std::complex<double>, batchlas::Backend::CUDA>)[0m2048    3       8       256     0       0       1       1       100         0.74974     0.00098170  39482.      134.26      223.77      2.9287      6144        3           
[1m(BM_SPMM_Grid<std::complex<double>, batchlas::Backend::CUDA>)[0m2048    3       8       512     0       0       1       1       100         1.4982      0.0031925   39482.      134.38      223.96      2.9262      6144        3           
[1m(BM_SPMM_Grid<std::complex<double>, batchlas::Backend::CUDA>)[0m2048    3       8       1024    0       0       1       1       100         2.9543      0.0041693   39482.      136.29      227.15      2.8851      6144        3           
[1m(BM_SPMM_Grid<std::complex<double>, batchlas::Backend::CUDA>)[0m2048    3       12      128     0       0       1       1       100         0.49977     0.0018518   59431.      151.07      234.99      3.9044      6144        3           
[1m(BM_SPMM_Grid<std::complex<double>, batchlas::Backend::CUDA>)[0m2048    3       12      256     0       0       1       1       100         1.1517      0.0048553   59431.      131.11      203.95      4.4988      6144        3           
[1m(BM_SPMM_Grid<std::complex<double>, batchlas::Backend::CUDA>)[0m2048    3       12      512     0       0       1       1       100         2.2613      0.0048786   59431.      133.55      207.74      4.4166      6144        3           
[1m(BM_SPMM_Grid<std::complex<double>, batchlas::Backend::CUDA>)[0m2048    3       12      1024    0       0       1       1       90          4.4871      0.0056023   59431.      134.60      209.38      4.3819      6144        3           
[1m(BM_SPMM_Grid<std::complex<double>, batchlas::Backend::CUDA>)[0m2048    16      1       128     0       0       1       1       100         0.23289     0.0019807   25507.      144.08      400.72      1.8194      32768       16          
[1m(BM_SPMM_Grid<std::complex<double>, batchlas::Backend::CUDA>)[0m2048    16      1       256     0       0       1       1       100         0.53930     0.00080725  25507.      124.44      346.09      2.1066      32768       16          
[1m(BM_SPMM_Grid<std::complex<double>, batchlas::Backend::CUDA>)[0m2048    16      1       512     0       0       1       1       100         1.1103      0.0023387   25507.      120.88      336.20      2.1686      32768       16          
[1m(BM_SPMM_Grid<std::complex<double>, batchlas::Backend::CUDA>)[0m2048    16      1       1024    0       0       1       1       100         2.2681      0.0032899   25507.      118.35      329.17      2.2149      32768       16          
[1m(BM_SPMM_Grid<std::complex<double>, batchlas::Backend::CUDA>)[0m2048    16      2       128     0       0       1       1       100         0.37210     0.0023021   51459.      180.35      273.35      2.9070      32768       16          
[1m(BM_SPMM_Grid<std::complex<double>, batchlas::Backend::CUDA>)[0m2048    16      2       256     0       0       1       1       100         0.79650     0.0010032   51459.      168.51      255.40      3.1113      32768       16          
[1m(BM_SPMM_Grid<std::complex<double>, batchlas::Backend::CUDA>)[0m2048    16      2       512     0       0       1       1       100         1.6641      0.015683    51459.      161.31      244.48      3.2502      32768       16          
[1m(BM_SPMM_Grid<std::complex<double>, batchlas::Backend::CUDA>)[0m2048    16      2       1024    0       0       1       1       100         3.3366      0.015526    51459.      160.90      243.87      3.2584      32768       16          
[1m(BM_SPMM_Grid<std::complex<double>, batchlas::Backend::CUDA>)[0m2048    16      4       128     0       0       1       1       100         0.68195     0.00087316  1.0208e+05  196.82      173.75      5.3277      32768       16          
[1m(BM_SPMM_Grid<std::complex<double>, batchlas::Backend::CUDA>)[0m2048    16      4       256     0       0       1       1       100         1.4335      0.0041667   1.0208e+05  187.26      165.31      5.5996      32768       16          
[1m(BM_SPMM_Grid<std::complex<double>, batchlas::Backend::CUDA>)[0m2048    16      4       512     0       0       1       1       100         2.9066      0.010447    1.0208e+05  184.71      163.07      5.6769      32768       16          
[1m(BM_SPMM_Grid<std::complex<double>, batchlas::Backend::CUDA>)[0m2048    16      4       1024    0       0       1       1       70          5.7768      0.0067845   1.0208e+05  185.87      164.09      5.6414      32768       16          
[1m(BM_SPMM_Grid<std::complex<double>, batchlas::Backend::CUDA>)[0m2048    16      8       128     0       0       1       1       100         1.3574      0.010251    2.0361e+05  197.76      112.01      10.605      32768       16          
[1m(BM_SPMM_Grid<std::complex<double>, batchlas::Backend::CUDA>)[0m2048    16      8       256     0       0       1       1       100         2.7968      0.024488    2.0361e+05  191.96      108.73      10.925      32768       16          
[1m(BM_SPMM_Grid<std::complex<double>, batchlas::Backend::CUDA>)[0m2048    16      8       512     0       0       1       1       72          5.5633      0.0086628   2.0361e+05  193.00      109.32      10.866      32768       16          
[1m(BM_SPMM_Grid<std::complex<double>, batchlas::Backend::CUDA>)[0m2048    16      8       1024    0       0       1       1       37          11.041      0.013080    2.0361e+05  194.50      110.17      10.782      32768       16          
[1m(BM_SPMM_Grid<std::complex<double>, batchlas::Backend::CUDA>)[0m2048    16      12      128     0       0       1       1       100         2.0848      0.0090778   3.0628e+05  193.14      89.024      16.288      32768       16          
[1m(BM_SPMM_Grid<std::complex<double>, batchlas::Backend::CUDA>)[0m2048    16      12      256     0       0       1       1       97          4.1485      0.0088298   3.0628e+05  194.12      89.478      16.205      32768       16          
[1m(BM_SPMM_Grid<std::complex<double>, batchlas::Backend::CUDA>)[0m2048    16      12      512     0       0       1       1       49          8.2877      0.020410    3.0628e+05  194.34      89.578      16.187      32768       16          
[1m(BM_SPMM_Grid<std::complex<double>, batchlas::Backend::CUDA>)[0m2048    16      12      1024    0       0       1       1       25          16.408      0.015499    3.0628e+05  196.32      90.492      16.023      32768       16          
2775 MHz, 60
